01-21 04:19:14.557  1620  1620 W ViewRootImpl[Settings]: Cancelling event due to no window focus: MotionEvent { action=ACTION_CANCEL, actionButton=0, id[0]=0, x[0]=415.12753, y[0]=249.45895, toolType[0]=TOOL_TYPE_MOUSE, buttonState=0, metaState=0, flags=0x0, edgeFlags=0x0, pointerCount=1, historySize=0, eventTime=117233, downTime=115458, deviceId=5, source=0x2002 }
01-21 04:19:14.557  1620  1620 W ViewRootImpl[Settings]: Cancelling event due to no window focus: MotionEvent { action=ACTION_CANCEL, actionButton=0, id[0]=0, x[0]=415.12753, y[0]=249.45895, toolType[0]=TOOL_TYPE_MOUSE, buttonState=0, metaState=0, flags=0x0, edgeFlags=0x0, pointerCount=1, historySize=0, eventTime=117233, downTime=115458, deviceId=5, source=0x2002 }
01-21 04:19:14.557  1620  1620 W ViewRootImpl[Settings]: Cancelling event due to no window focus: MotionEvent { action=ACTION_CANCEL, actionButton=0, id[0]=0, x[0]=415.12753, y[0]=249.45895, toolType[0]=TOOL_TYPE_MOUSE, buttonState=0, metaState=0, flags=0x0, edgeFlags=0x0, pointerCount=1, historySize=0, eventTime=117233, downTime=115458, deviceId=5, source=0x2002 }
01-21 04:19:14.557  1620  1620 W ViewRootImpl[Settings]: Cancelling event due to no window focus: MotionEvent { action=ACTION_CANCEL, actionButton=0, id[0]=0, x[0]=415.12753, y[0]=249.45895, toolType[0]=TOOL_TYPE_MOUSE, buttonState=0, metaState=0, flags=0x0, edgeFlags=0x0, pointerCount=1, historySize=0, eventTime=117233, downTime=115458, deviceId=5, source=0x2002 }
01-21 04:19:14.601  1167  1171 W audio_hw_primary: out_write underrun: -32
01-21 04:19:14.688  1167  1171 W audio_hw_primary: out_write underrun: -32
01-21 04:19:14.755  1167  1171 W audio_hw_primary: out_write underrun: -32
01-21 04:19:14.802  1167  1171 W audio_hw_primary: out_write underrun: -32
01-21 04:19:14.988  1167  1171 W audio_hw_primary: out_write underrun: -32
01-21 04:19:15.030  1167  1171 W audio_hw_primary: out_write underrun: -32
01-21 04:19:15.272  1167  1171 W audio_hw_primary: out_write underrun: -32
01-21 04:19:15.320  1167  1171 W audio_hw_primary: out_write underrun: -32
01-21 04:19:15.372  1167  1171 W audio_hw_primary: out_write underrun: -32
01-21 04:19:15.437  1167  1171 W audio_hw_primary: out_write underrun: -32
01-21 04:19:15.680  1167  1171 W audio_hw_primary: out_write underrun: -32
01-21 04:19:15.743  1167  1171 W audio_hw_primary: out_write underrun: -32
01-21 04:19:15.875  1167  1171 W audio_hw_primary: out_write underrun: -32
01-21 04:19:15.965  1167  1171 W audio_hw_primary: out_write underrun: -32
01-21 04:19:16.075  1167  1171 W audio_hw_primary: out_write underrun: -32
01-21 04:19:16.443  1236  1490 E TaskPersister: File error accessing recents directory (directory doesn't exist?).
01-21 04:19:21.239  1236  1808 I ActivityManager: START u0 {act=android.intent.action.SET_WALLPAPER cmp=com.android.launcher/com.android.launcher2.WallpaperChooser} from uid 1000 on display 0
01-21 04:19:21.243  1167  1172 I audio_hw_primary: choose pcmC0D0p for 0
01-21 04:19:21.278  1236  1777 I ActivityManager: Start proc 2161:com.android.launcher:wallpaper_chooser/u0a14 for activity com.android.launcher/com.android.launcher2.WallpaperChooser
01-21 04:19:21.427  2161  2161 W art     : Unexpected CPU variant for X86 using defaults: x86
01-21 04:19:21.465  1167  1172 D AudioFlinger: mixer(0xaa298740) throttle end: throttle time(10)
01-21 04:19:21.507  2161  2161 W System  : ClassLoader referenced unknown path: /system/priv-app/Launcher2/lib/x86
01-21 04:19:21.519  1167  1171 W audio_hw_primary: out_write underrun: -32
01-21 04:19:21.603  2161  2177 I EGL-DRI2: found extension DRI_Core version 1
01-21 04:19:21.603  2161  2177 I EGL-DRI2: found extension DRI_SWRast version 5
01-21 04:19:21.604  2161  2177 I EGL-DRI2: found extension DRI_TexBuffer version 2
01-21 04:19:21.604  2161  2177 I EGL-DRI2: found extension DRI_IMAGE version 11
01-21 04:19:21.604  2161  2177 I EGL-DRI2: found extension DRI_RENDERER_QUERY version 1
01-21 04:19:21.604  2161  2177 I EGL-DRI2: found extension DRI_CONFIG_QUERY version 1
01-21 04:19:21.604  2161  2177 I EGL-DRI2: found extension DRI2_Fence version 1
01-21 04:19:21.604  2161  2177 I OpenGLRenderer: Initialized EGL, version 1.4
01-21 04:19:21.604  2161  2177 D OpenGLRenderer: Swap behavior 1
01-21 04:19:21.622  2161  2177 W OpenGLRenderer: Failed to choose config with EGL_SWAP_BEHAVIOR_PRESERVED, retrying without...
01-21 04:19:21.622  2161  2177 D OpenGLRenderer: Swap behavior 0
01-21 04:19:21.785  1167  1171 W audio_hw_primary: out_write underrun: -32
01-21 04:19:22.166  1620  1656 D OpenGLRenderer: endAllActiveAnimators on 0xa591de00 (RippleDrawable) with handle 0xa58a3b40
01-21 04:19:22.340  1167  1171 W audio_hw_primary: out_write underrun: -32
01-21 04:19:22.472  1167  1171 W audio_hw_primary: out_write underrun: -32
01-21 04:19:22.569  1236  1272 I ActivityManager: Displayed com.android.launcher/com.android.launcher2.WallpaperChooser: +1s320ms
01-21 04:19:22.872  1167  1171 W audio_hw_primary: out_write underrun: -32
01-21 04:19:21.355  2161  2161 I main    : type=1400 audit(0.0:413): avc: denied { check_context } for scontext=u:r:init:s0 tcontext=u:object_r:kernel:s0 tclass=security permissive=1
01-21 04:19:23.203  1167  1171 W audio_hw_primary: out_write underrun: -32
01-21 04:19:21.427  2161  2161 I llpaper_choose: type=1400 audit(0.0:414): avc: denied { sendto } for path="/dev/socket/logdw" scontext=u:r:priv_app:s0:c512,c768 tcontext=u:r:init:s0 tclass=unix_dgram_socket permissive=1
01-21 04:19:21.447  2161  2161 I re-initialized>: type=1400 audit(0.0:415): avc: denied { call } for scontext=u:r:priv_app:s0:c512,c768 tcontext=u:r:init:s0 tclass=binder permissive=1
01-21 04:19:21.561  2161  2161 I RenderThread: type=1400 audit(0.0:416): avc: denied { transfer } for scontext=u:r:priv_app:s0:c512,c768 tcontext=u:r:init:s0 tclass=binder permissive=1
01-21 04:19:23.548  1236  1473 D ConnectivityService: NetworkAgentInfo [Ethernet () - 100] validation failed
01-21 04:19:23.572  1167  1171 W audio_hw_primary: out_write underrun: -32
01-21 04:19:23.828  1167  1171 W audio_hw_primary: out_write underrun: -32
01-21 04:19:23.931  1167  1171 W audio_hw_primary: out_write underrun: -32
01-21 04:19:23.995  1167  1171 W audio_hw_primary: out_write underrun: -32
01-21 04:19:24.046  1167  1171 W audio_hw_primary: out_write underrun: -32
01-21 04:19:24.078  1167  1171 W audio_hw_primary: out_write underrun: -32
01-21 04:19:24.140  1167  1171 W audio_hw_primary: out_write underrun: -32
01-21 04:19:24.245  1236  1490 E TaskPersister: File error accessing recents directory (directory doesn't exist?).
01-21 04:19:24.378  1167  1171 W audio_hw_primary: out_write underrun: -32
01-21 04:19:29.958  1167  1172 I audio_hw_primary: choose pcmC0D0p for 0
01-21 04:19:30.055  1167  1172 D AudioFlinger: mixer(0xaa298740) throttle end: throttle time(5)
01-21 04:19:30.112  1236  1404 I ActivityManager: START u0 {act=android.intent.action.MAIN cat=[android.intent.category.HOME] flg=0x10200000 cmp=com.android.launcher/com.android.launcher2.Launcher (has extras)} from uid 1000 on display 0
01-21 04:19:30.186  1620  2152 D Index   : Indexing locale 'en_US' took 29 millis
01-21 04:19:30.455  1167  1171 W audio_hw_primary: out_write underrun: -32
01-21 04:19:30.586  1167  1171 W audio_hw_primary: out_write underrun: -32
01-21 04:19:31.015  1167  1171 W audio_hw_primary: out_write underrun: -32
01-21 04:19:31.424  1167  1171 W audio_hw_primary: out_write underrun: -32
01-21 04:19:31.475  1167  1171 W audio_hw_primary: out_write underrun: -32
01-21 04:19:31.575  1167  1171 W audio_hw_primary: out_write underrun: -32
01-21 04:19:31.825  1167  1171 W audio_hw_primary: out_write underrun: -32
01-21 04:19:31.894  1167  1171 W audio_hw_primary: out_write underrun: -32
01-21 04:19:31.980  1167  1171 W audio_hw_primary: out_write underrun: -32
01-21 04:19:32.084  1167  1171 W audio_hw_primary: out_write underrun: -32
01-21 04:19:32.474  1167  1171 W audio_hw_primary: out_write underrun: -32
01-21 04:19:32.485  1167  1172 D AudioFlinger: mixer(0xaa298740) throttle end: throttle time(10)
01-21 04:19:32.522  1167  1172 D AudioFlinger: mixer(0xaa298740) throttle end: throttle time(5)
01-21 04:19:32.705  1167  1171 W audio_hw_primary: out_write underrun: -32
01-21 04:19:32.890  1167  1171 W audio_hw_primary: out_write underrun: -32
01-21 04:19:33.045  1167  1171 W audio_hw_primary: out_write underrun: -32
01-21 04:19:33.137  1167  1171 W audio_hw_primary: out_write underrun: -32
01-21 04:19:33.348  1167  1171 W audio_hw_primary: out_write underrun: -32
01-21 04:19:33.407  1167  1171 W audio_hw_primary: out_write underrun: -32
01-21 04:19:33.528  1167  1171 W audio_hw_primary: out_write underrun: -32
01-21 04:19:33.654  1167  1171 W audio_hw_primary: out_write underrun: -32
01-21 04:19:33.670  1236  1490 E TaskPersister: File error accessing recents directory (directory doesn't exist?).
01-21 04:19:33.755  1167  1171 W audio_hw_primary: out_write underrun: -32
01-21 04:19:33.908  1167  1171 W audio_hw_primary: out_write underrun: -32
01-21 04:19:33.950  1167  1171 W audio_hw_primary: out_write underrun: -32
01-21 04:19:34.088  1167  1171 W audio_hw_primary: out_write underrun: -32
01-21 04:19:34.162  1167  1171 W audio_hw_primary: out_write underrun: -32
01-21 04:19:34.214  1167  1171 W audio_hw_primary: out_write underrun: -32
01-21 04:19:34.265  1167  1171 W audio_hw_primary: out_write underrun: -32
01-21 04:19:34.363  1167  1171 W audio_hw_primary: out_write underrun: -32
01-21 04:19:34.401  1167  1171 W audio_hw_primary: out_write underrun: -32
01-21 04:19:34.464  1167  1171 W audio_hw_primary: out_write underrun: -32
01-21 04:19:34.550  1167  1171 W audio_hw_primary: out_write underrun: -32
01-21 04:19:34.589  1167  1171 W audio_hw_primary: out_write underrun: -32
01-21 04:19:34.681  1167  1171 W audio_hw_primary: out_write underrun: -32
01-21 04:19:34.900  1167  1171 W audio_hw_primary: out_write underrun: -32
01-21 04:19:34.942  1236  1808 I ActivityManager: START u0 {act=android.intent.action.MAIN cat=[android.intent.category.LAUNCHER] flg=0x10200000 cmp=com.android.settings/.Settings (has extras)} from uid 10014 on display 0
01-21 04:19:34.985  1167  1171 W audio_hw_primary: out_write underrun: -32
01-21 04:19:35.000  1620  2153 D Index   : Indexing locale 'en_US' took 8 millis
01-21 04:19:35.017  1167  1172 D AudioFlinger: mixer(0xaa298740) throttle end: throttle time(5)
01-21 04:19:35.024  1620  2129 W ProcStatsManager: No process com.android.providers.calendar/10002 for service com.android.providers.calendar.EmptyService
01-21 04:19:35.024  1620  2129 W ProcStatsManager: No process com.android.providers.calendar/10002 for service com.android.providers.calendar.CalendarProviderIntentService
01-21 04:19:35.024  1620  2129 W ProcStatsManager: No process com.android.messaging/10055 for service com.android.messaging.datamodel.action.BackgroundWorkerService
01-21 04:19:35.024  1620  2129 W ProcStatsManager: No process com.android.messaging/10055 for service com.android.messaging.datamodel.action.ActionServiceImpl
01-21 04:19:35.024  1620  2129 W ProcStatsManager: No process com.android.carrierconfig/10003 for service com.android.carrierconfig.DefaultCarrierConfigService
01-21 04:19:35.024  1620  2129 W ProcStatsManager: No process com.android.printspooler/10052 for service com.android.printspooler.model.PrintSpoolerService
01-21 04:19:35.024  1620  2129 W ProcStatsManager: No process com.android.onetimeinitializer/10017 for service com.android.onetimeinitializer.OneTimeInitializerService
01-21 04:19:35.024  1620  2129 W ProcStatsManager: No process system/1000 for service com.android.server.telecom.components.BluetoothPhoneService
01-21 04:19:35.024  1620  2129 W ProcStatsManager: No process system/1000 for service com.android.server.telecom.components.TelecomService
01-21 04:19:35.024  1620  2129 W ProcStatsManager: No process com.android.keychain/1000 for service com.android.keychain.KeyChainService
01-21 04:19:35.024  1620  2129 W ProcStatsManager: No process com.android.dialer/10008 for service com.android.dialer.calllog.CallLogNotificationsService
01-21 04:19:35.024  1620  2129 W ProcStatsManager: No process com.android.email/10039 for service com.android.email.service.EmailBroadcastProcessorService
01-21 04:19:35.024  1620  2129 W ProcStatsManager: No process system/1000 for service com.android.location.fused.FusedLocationService
01-21 04:19:35.024  1620  2129 W ProcStatsManager: No process com.android.bluetooth/1002 for service com.android.bluetooth.btservice.AdapterService
01-21 04:19:35.024  1620  2129 W ProcStatsManager: No process com.android.bluetooth/1002 for service com.android.bluetooth.gatt.GattService
01-21 04:19:35.085  1167  1171 W audio_hw_primary: out_write underrun: -32
01-21 04:19:35.152  1620  1620 D DashboardSummary: onConditionsChanged
01-21 04:19:35.325  1167  1171 W audio_hw_primary: out_write underrun: -32
01-21 04:19:35.515  1167  1171 W audio_hw_primary: out_write underrun: -32
01-21 04:19:35.551  1236  1467 D WifiNative-HAL: Failing getSupportedFeatureset because HAL isn't started
01-21 04:19:35.552  1236  1249 E BatteryStatsService: no controller energy info supplied
01-21 04:19:35.552  1236  1249 E BatteryStatsService: no controller energy info supplied
01-21 04:19:35.552  1610  1610 E PhoneInterfaceManager: [PhoneIntfMgr] queryModemActivityInfo: Empty response
01-21 04:19:35.552  1236  1249 E KernelCpuSpeedReader: Failed to read cpu-freq: /sys/devices/system/cpu/cpu0/cpufreq/stats/time_in_state (No such file or directory)
01-21 04:19:35.553  1236  1249 E BatteryStatsService: modem info is invalid: ModemActivityInfo{ mTimestamp=0 mSleepTimeMs=0 mIdleTimeMs=0 mTxTimeMs[]=[0, 0, 0, 0, 0] mRxTimeMs=0 mEnergyUsed=0}
01-21 04:19:35.615  1167  1171 W audio_hw_primary: out_write underrun: -32
01-21 04:19:35.957  1167  1171 W audio_hw_primary: out_write underrun: -32
01-21 04:19:35.963  1810  1810 W ViewRootImpl[Launcher]: Cancelling event due to no window focus: MotionEvent { action=ACTION_CANCEL, actionButton=0, id[0]=0, x[0]=451.5494, y[0]=296.534, toolType[0]=TOOL_TYPE_MOUSE, buttonState=0, metaState=0, flags=0x0, edgeFlags=0x0, pointerCount=1, historySize=0, eventTime=138641, downTime=137417, deviceId=5, source=0x2002 }
01-21 04:19:35.964  1810  1810 W ViewRootImpl[Launcher]: Cancelling event due to no window focus: MotionEvent { action=ACTION_CANCEL, actionButton=0, id[0]=0, x[0]=451.5494, y[0]=296.534, toolType[0]=TOOL_TYPE_MOUSE, buttonState=0, metaState=0, flags=0x0, edgeFlags=0x0, pointerCount=1, historySize=0, eventTime=138641, downTime=137417, deviceId=5, source=0x2002 }
01-21 04:19:35.964  1810  1810 W ViewRootImpl[Launcher]: Cancelling event due to no window focus: MotionEvent { action=ACTION_CANCEL, actionButton=0, id[0]=0, x[0]=451.5494, y[0]=296.534, toolType[0]=TOOL_TYPE_MOUSE, buttonState=0, metaState=0, flags=0x0, edgeFlags=0x0, pointerCount=1, historySize=0, eventTime=138641, downTime=137417, deviceId=5, source=0x2002 }
01-21 04:19:35.964  1810  1810 W ViewRootImpl[Launcher]: Cancelling event due to no window focus: MotionEvent { action=ACTION_CANCEL, actionButton=0, id[0]=0, x[0]=451.5494, y[0]=296.534, toolType[0]=TOOL_TYPE_MOUSE, buttonState=0, metaState=0, flags=0x0, edgeFlags=0x0, pointerCount=1, historySize=0, eventTime=138641, downTime=137417, deviceId=5, source=0x2002 }
01-21 04:19:36.204  1167  1171 W audio_hw_primary: out_write underrun: -32
01-21 04:19:36.412  1167  1171 W audio_hw_primary: out_write underrun: -32
01-21 04:19:36.632  1167  1171 W audio_hw_primary: out_write underrun: -32
01-21 04:19:36.812  1167  1171 W audio_hw_primary: out_write underrun: -32
01-21 04:19:37.060  1167  1171 W audio_hw_primary: out_write underrun: -32
01-21 04:19:37.135  1167  1171 W audio_hw_primary: out_write underrun: -32
01-21 04:19:37.305  1167  1171 W audio_hw_primary: out_write underrun: -32
01-21 04:19:37.452  1167  1171 W audio_hw_primary: out_write underrun: -32
01-21 04:19:37.569  1167  1172 D AudioFlinger: mixer(0xaa298740) throttle end: throttle time(9)
01-21 04:19:37.605  1167  1171 W audio_hw_primary: out_write underrun: -32
01-21 04:19:37.633  1236  1404 I ActivityManager: START u0 {act=android.intent.action.MAIN cat=[android.intent.category.HOME] flg=0x10200000 cmp=com.android.launcher/com.android.launcher2.Launcher (has extras)} from uid 1000 on display 0
01-21 04:19:37.655  1167  1171 W audio_hw_primary: out_write underrun: -32
01-21 04:19:37.671  1149  1149 D gralloc : Avoid registering a buffer in the process that created it. This may cause memory ordering problems.
01-21 04:19:37.671  1149  1149 E Gralloc1On0Adapter: gralloc0 register failed: 1
01-21 04:19:37.671  1149  1149 W GraphicBufferMapper: registerBuffer(0xae9b2a20) failed: 5
01-21 04:19:37.671  1149  1149 E GraphicBuffer: unflatten: registerBuffer failed: Unknown error -5 (5)
01-21 04:19:37.671  1149  1149 E Surface : dequeueBuffer: IGraphicBufferProducer::requestBuffer failed: 5
01-21 04:19:37.671  1236  1404 W WindowManager: Screenshot failure taking screenshot for (1024x768) to layer 21010
01-21 04:19:37.735  1167  1171 W audio_hw_primary: out_write underrun: -32
01-21 04:19:37.916  1167  1171 W audio_hw_primary: out_write underrun: -32
01-21 04:19:38.103  1167  1171 W audio_hw_primary: out_write underrun: -32
01-21 04:19:38.250  1167  1171 W audio_hw_primary: out_write underrun: -32
01-21 04:19:38.420  1167  1171 W audio_hw_primary: out_write underrun: -32
01-21 04:19:38.455  1236  1490 E TaskPersister: File error accessing recents directory (directory doesn't exist?).
01-21 04:19:38.498  1167  1171 W audio_hw_primary: out_write underrun: -32
01-21 04:19:38.595  1167  1171 W audio_hw_primary: out_write underrun: -32
01-21 04:19:38.692  1167  1171 W audio_hw_primary: out_write underrun: -32
01-21 04:19:38.753  1167  1171 W audio_hw_primary: out_write underrun: -32
01-21 04:19:38.879  1167  1171 W audio_hw_primary: out_write underrun: -32
01-21 04:19:38.925  1167  1171 W audio_hw_primary: out_write underrun: -32
01-21 04:19:39.052  1167  1171 W audio_hw_primary: out_write underrun: -32
01-21 04:19:39.103  1167  1171 W audio_hw_primary: out_write underrun: -32
01-21 04:19:39.235  1167  1171 W audio_hw_primary: out_write underrun: -32
01-21 04:19:39.275  1167  1171 W audio_hw_primary: out_write underrun: -32
01-21 04:19:39.335  1167  1171 W audio_hw_primary: out_write underrun: -32
01-21 04:19:39.376  1167  1171 W audio_hw_primary: out_write underrun: -32
01-21 04:19:39.588  1167  1171 W audio_hw_primary: out_write underrun: -32
01-21 04:19:39.645  1167  1171 W audio_hw_primary: out_write underrun: -32
01-21 04:19:39.749  1167  1171 W audio_hw_primary: out_write underrun: -32
01-21 04:19:39.795  1167  1171 W audio_hw_primary: out_write underrun: -32
01-21 04:19:39.892  1167  1171 W audio_hw_primary: out_write underrun: -32
01-21 04:19:39.945  1167  1171 W audio_hw_primary: out_write underrun: -32
01-21 04:19:39.995  1167  1171 W audio_hw_primary: out_write underrun: -32
01-21 04:19:40.109  1167  1171 W audio_hw_primary: out_write underrun: -32
01-21 04:19:40.155  1167  1171 W audio_hw_primary: out_write underrun: -32
01-21 04:19:40.204  1167  1171 W audio_hw_primary: out_write underrun: -32
01-21 04:19:40.255  1167  1171 W audio_hw_primary: out_write underrun: -32
01-21 04:19:40.362  1167  1171 W audio_hw_primary: out_write underrun: -32
01-21 04:19:40.591  1167  1172 D AudioFlinger: mixer(0xaa298740) throttle end: throttle time(2)
01-21 04:19:40.642  1167  1172 D AudioFlinger: mixer(0xaa298740) throttle end: throttle time(13)
01-21 04:19:40.725  1167  1171 W audio_hw_primary: out_write underrun: -32
01-21 04:19:40.894  1167  1171 W audio_hw_primary: out_write underrun: -32
01-21 04:19:41.368  1167  1171 W audio_hw_primary: out_write underrun: -32
01-21 04:19:41.451  1167  1171 W audio_hw_primary: out_write underrun: -32
01-21 04:19:41.652  1167  1171 W audio_hw_primary: out_write underrun: -32
01-21 04:19:41.700  1167  1171 W audio_hw_primary: out_write underrun: -32
01-21 04:19:41.748  1167  1171 W audio_hw_primary: out_write underrun: -32
01-21 04:19:41.805  1167  1171 W audio_hw_primary: out_write underrun: -32
01-21 04:19:41.915  1167  1171 W audio_hw_primary: out_write underrun: -32
01-21 04:19:42.040  1167  1171 W audio_hw_primary: out_write underrun: -32
01-21 04:19:42.259  1167  1171 W audio_hw_primary: out_write underrun: -32
01-21 04:19:42.314  1167  1171 W audio_hw_primary: out_write underrun: -32
01-21 04:19:42.633  1167  1171 W audio_hw_primary: out_write underrun: -32
01-21 04:19:42.781  1236  1766 I ActivityManager: START u0 {act=android.intent.action.MAIN cat=[android.intent.category.LAUNCHER] flg=0x10200000 cmp=org.chromium.webview_shell/.WebViewBrowserActivity (has extras)} from uid 10014 on display 0
01-21 04:19:42.835  1236  1807 I ActivityManager: Start proc 2186:org.chromium.webview_shell/u0a31 for activity org.chromium.webview_shell/.WebViewBrowserActivity
01-21 04:19:42.861  1167  1172 D AudioFlinger: mixer(0xaa298740) throttle end: throttle time(10)
01-21 04:19:42.861  1167  1171 W audio_hw_primary: out_write underrun: -32
01-21 04:19:42.862  2186  2186 W art     : Unexpected CPU variant for X86 using defaults: x86
01-21 04:19:42.915  2186  2186 W System  : ClassLoader referenced unknown path: /system/app/Browser2/lib/x86
01-21 04:19:42.938  1236  1404 I InputDispatcher: Dropping event because there is no touchable window at (703, 249).
01-21 04:19:42.961  1167  1171 W audio_hw_primary: out_write underrun: -32
01-21 04:19:43.020  2186  2186 W System  : ClassLoader referenced unknown path: /system/app/webview/lib/x86
01-21 04:19:43.020  2186  2186 D ApplicationLoaders: ignored Vulkan layer search path /system/app/webview/lib/x86:/system/app/webview/webview.apk!/lib/x86:/system/lib:/vendor/lib for namespace 0xb1a33090
01-21 04:19:43.020  2186  2186 I WebViewFactory: Loading com.android.webview version 52.0.2743.100 (code 275610010)
01-21 04:19:43.065  2186  2186 I cr_LibraryLoader: Time to load native libraries: 3 ms (timestamps 5739-5742)
01-21 04:19:43.065  2186  2186 I cr_LibraryLoader: Expected native library version number "52.0.2743.100", actual native library version number "52.0.2743.100"
01-21 04:19:43.066  2186  2186 V WebViewChromiumFactoryProvider: Binding Chromium to main looper Looper (main, tid 1) {7398a53}
01-21 04:19:43.066  2186  2186 I cr_LibraryLoader: Expected native library version number "52.0.2743.100", actual native library version number "52.0.2743.100"
01-21 04:19:43.066  2186  2186 I chromium: [INFO:library_loader_hooks.cc(143)] Chromium logging enabled: level = 0, default verbosity = 0
01-21 04:19:43.103  2186  2186 I cr_BrowserStartup: Initializing chromium process, singleProcess=true
01-21 04:19:43.114  2186  2186 I EGL-DRI2: found extension DRI_Core version 1
01-21 04:19:43.114  2186  2186 I EGL-DRI2: found extension DRI_SWRast version 5
01-21 04:19:43.115  2186  2186 I EGL-DRI2: found extension DRI_TexBuffer version 2
01-21 04:19:43.115  2186  2186 I EGL-DRI2: found extension DRI_IMAGE version 11
01-21 04:19:43.115  2186  2186 I EGL-DRI2: found extension DRI_RENDERER_QUERY version 1
01-21 04:19:43.115  2186  2186 I EGL-DRI2: found extension DRI_CONFIG_QUERY version 1
01-21 04:19:43.115  2186  2186 I EGL-DRI2: found extension DRI2_Fence version 1
01-21 04:19:43.171  2186  2186 I cr_DRP  : No DRP key due to exception:java.lang.ClassNotFoundException: com.android.webview.chromium.Drp
01-21 04:19:43.243  2186  2212 W cr_media: Requires BLUETOOTH permission
01-21 04:19:43.295  2186  2186 W cr_AwContents: onDetachedFromWindow called when already detached. Ignoring
01-21 04:19:43.015  2186  2186 I m.webview_shell: type=1400 audit(0.0:417): avc: denied { execute } for path="/system/app/webview/webview.apk" dev="sda1" ino=8254 scontext=u:r:untrusted_app:s0:c512,c768 tcontext=u:object_r:unlabeled:s0 tclass=file permissive=1
01-21 04:19:43.455  1167  1171 W audio_hw_primary: out_write underrun: -32
01-21 04:19:43.242  2186  2186 I Thread-2: type=1400 audit(0.0:418): avc: denied { transfer } for scontext=u:r:untrusted_app:s0:c512,c768 tcontext=u:r:init:s0 tclass=binder permissive=1
01-21 04:19:43.716  1236  1404 I InputDispatcher: Dropping event because there is no touchable window at (704, 249).
01-21 04:19:43.716  1236  1404 I InputDispatcher: Dropping event because there is no touchable window at (713, 255).
01-21 04:19:43.716  1236  1404 I InputDispatcher: Dropping event because there is no touchable window at (715, 257).
01-21 04:19:43.716  1236  1404 I InputDispatcher: Dropping event because there is no touchable window at (716, 260).
01-21 04:19:43.716  1236  1404 I InputDispatcher: Dropping event because there is no touchable window at (719, 262).
01-21 04:19:43.716  1236  1404 I InputDispatcher: Dropping event because there is no touchable window at (722, 266).
01-21 04:19:43.717  1236  1272 W art     : Long monitor contention with owner Binder:1236_4 (1686) at int com.android.server.wm.WindowManagerService.relayoutWindow(com.android.server.wm.Session, android.view.IWindow, int, android.view.WindowManager$LayoutParams, int, int, int, int, android.graphics.Rect, android.graphics.Rect, android.graphics.Rect, android.graphics.Rect, android.graphics.Rect, android.graphics.Rect, android.graphics.Rect, android.content.res.Configuration, android.view.Surface)(WindowManagerService.java:2850) waiters=0 in void com.android.server.wm.WindowManagerService$H.handleMessage(android.os.Message) for 231ms
01-21 04:19:43.717  2186  2220 I OpenGLRenderer: Initialized EGL, version 1.4
01-21 04:19:43.717  2186  2220 D OpenGLRenderer: Swap behavior 1
01-21 04:19:43.717  2186  2220 W OpenGLRenderer: Failed to choose config with EGL_SWAP_BEHAVIOR_PRESERVED, retrying without...
01-21 04:19:43.717  2186  2220 D OpenGLRenderer: Swap behavior 0
01-21 04:19:43.745  1167  1171 W audio_hw_primary: out_write underrun: -32
01-21 04:19:43.285  1149  1149 I Binder:1149_4: type=1400 audit(0.0:419): avc: denied { read write } for path="socket:[13739]" dev="sockfs" ino=13739 scontext=u:r:untrusted_app:s0:c512,c768 tcontext=u:r:init:s0 tclass=unix_stream_socket permissive=1
01-21 04:19:44.044  1167  1171 W audio_hw_primary: out_write underrun: -32
01-21 04:19:44.110  1167  1171 W audio_hw_primary: out_write underrun: -32
01-21 04:19:44.212  1167  1171 W audio_hw_primary: out_write underrun: -32
01-21 04:19:44.254  1167  1171 W audio_hw_primary: out_write underrun: -32
01-21 04:19:44.306  1236  1272 I ActivityManager: Displayed org.chromium.webview_shell/.WebViewBrowserActivity: +1s504ms
01-21 04:19:44.594  1501  1501 W RichInputMethodSubtype: Can't find emoji subtype
01-21 04:19:44.594  1501  1501 W RichInputMethodSubtype: No input method subtype found; returning dummy subtype: Multi-lingual subtype: android.view.inputmethod.InputMethodSubtype@d78b2ed0, zz
01-21 04:19:44.682  1501  1501 I EmojiCategory: Last Emoji category id is 8
01-21 04:19:44.309  1147  1147 I lmkd    : type=1400 audit(0.0:420): avc: denied { write } for name="oom_score_adj" dev="proc" ino=9772 scontext=u:r:init:s0 tcontext=u:r:untrusted_app:s0:c512,c768 tclass=file permissive=1
01-21 04:19:44.804  1501  1501 W ViewPager: Requested offscreen page limit 0 too small; defaulting to 1
01-21 04:19:44.921  1501  1501 I LatinIME: Starting input. Cursor position = -1,-1
01-21 04:19:44.921  1501  1501 E RichInputConnection: Unable to connect to the editor to retrieve text.
01-21 04:19:44.921  1501  1501 D RichInputConnection: Will try to retrieve text later.
01-21 04:19:44.921  1501  1501 I InputAttributes: InputType.TYPE_NULL is specified
01-21 04:19:44.948  1167  1172 D AudioFlinger: mixer(0xaa298740) throttle end: throttle time(7)
01-21 04:19:44.546  1149  1149 I surfaceflinger: type=1400 audit(0.0:421): avc: denied { call } for scontext=u:r:init:s0 tcontext=u:r:untrusted_app:s0:c512,c768 tclass=binder permissive=1
01-21 04:19:44.980  1501  1501 I LatinIME: Starting input. Cursor position = 0,0
01-21 04:19:45.073  1501  2227 I EGL-DRI2: found extension DRI_Core version 1
01-21 04:19:45.073  1501  2227 I EGL-DRI2: found extension DRI_SWRast version 5
01-21 04:19:45.074  1501  2227 I EGL-DRI2: found extension DRI_TexBuffer version 2
01-21 04:19:45.074  1501  2227 I EGL-DRI2: found extension DRI_IMAGE version 11
01-21 04:19:45.074  1501  2227 I EGL-DRI2: found extension DRI_RENDERER_QUERY version 1
01-21 04:19:45.074  1501  2227 I EGL-DRI2: found extension DRI_CONFIG_QUERY version 1
01-21 04:19:45.074  1501  2227 I EGL-DRI2: found extension DRI2_Fence version 1
01-21 04:19:45.074  1501  2227 I OpenGLRenderer: Initialized EGL, version 1.4
01-21 04:19:45.074  1501  2227 D OpenGLRenderer: Swap behavior 1
01-21 04:19:45.074  1501  2227 W OpenGLRenderer: Failed to choose config with EGL_SWAP_BEHAVIOR_PRESERVED, retrying without...
01-21 04:19:45.074  1501  2227 D OpenGLRenderer: Swap behavior 0
01-21 04:19:45.084  1167  1171 W audio_hw_primary: out_write underrun: -32
01-21 04:19:45.485  1167  1171 W audio_hw_primary: out_write underrun: -32
01-21 04:19:45.607  1236  2223 E AudioTrack: did not receive expected priority boost on time
01-21 04:19:45.682  1167  1171 W audio_hw_primary: out_write underrun: -32
01-21 04:19:45.789  1236  1490 E TaskPersister: File error accessing recents directory (directory doesn't exist?).
01-21 04:19:45.807  1167  1171 W audio_hw_primary: out_write underrun: -32
01-21 04:19:45.905  1167  1171 W audio_hw_primary: out_write underrun: -32
01-21 04:19:46.006  1167  1171 W audio_hw_primary: out_write underrun: -32
01-21 04:19:46.363  1167  1171 W audio_hw_primary: out_write underrun: -32
01-21 04:19:46.435  1167  1171 W audio_hw_primary: out_write underrun: -32
01-21 04:19:46.525  1167  1171 W audio_hw_primary: out_write underrun: -32
01-21 04:19:46.583  1149  1149 E Layer   : [Sprite] rejecting buffer: bufWidth=25, bufHeight=25, front.active.{w=22, h=28}
01-21 04:19:46.777  1167  1171 W audio_hw_primary: out_write underrun: -32
01-21 04:19:47.445  1167  1171 W audio_hw_primary: out_write underrun: -32
01-21 04:19:47.605  1167  1171 W audio_hw_primary: out_write underrun: -32
01-21 04:19:47.707  1167  1171 W audio_hw_primary: out_write underrun: -32
01-21 04:19:47.820  1167  1171 W audio_hw_primary: out_write underrun: -32
01-21 04:19:47.855  1149  1149 E Layer   : [Sprite] rejecting buffer: bufWidth=22, bufHeight=28, front.active.{w=25, h=25}
01-21 04:19:47.870  1167  1171 W audio_hw_primary: out_write underrun: -32
01-21 04:19:52.247  1501  1501 I LatinIME: Starting input. Cursor position = 13,13
01-21 04:19:52.249  2186  2186 I cr_Ime  : ImeThread is not enabled.
01-21 04:19:52.263  2186  2236 E libEGL  : validate_display:99 error 3008 (EGL_BAD_DISPLAY)
01-21 04:19:52.275  2186  2186 W IInputConnectionWrapper: getSelectedText on inactive InputConnection
01-21 04:19:52.287  2186  2186 W IInputConnectionWrapper: requestCursorAnchorInfo on inactive InputConnection
01-21 04:19:52.312  2186  2186 W IInputConnectionWrapper: getTextBeforeCursor on inactive InputConnection
01-21 04:19:52.313  1501  1501 E RichInputConnection: Unable to connect to the editor to retrieve text.
01-21 04:19:52.313  1501  1501 D RichInputConnection: Will try to retrieve text later.
01-21 04:19:52.313  2186  2186 W IInputConnectionWrapper: getTextBeforeCursor on inactive InputConnection
01-21 04:19:52.313  1501  1501 E RichInputConnection: Unable to connect to the editor to retrieve text.
01-21 04:19:52.313  1501  1501 W RichInputConnection: Unable to connect to the editor. Setting caps mode without knowing text.
01-21 04:19:52.313  2186  2186 W IInputConnectionWrapper: getTextBeforeCursor on inactive InputConnection
01-21 04:19:52.313  1501  1501 E RichInputConnection: Unable to connect to the editor to retrieve text.
01-21 04:19:52.313  1501  1501 W RichInputConnection: Unable to connect to the editor. Setting caps mode without knowing text.
01-21 04:19:52.314  2186  2186 W IInputConnectionWrapper: finishComposingText on inactive InputConnection
01-21 04:19:52.321  1501  1501 I LatinIME: Starting input. Cursor position = -1,-1
01-21 04:19:52.322  1501  1501 I InputAttributes: InputType.TYPE_NULL is specified
01-21 04:19:52.324  1501  1501 W InputMethodService: Window size has been changed. This may cause jankiness of resizing window: -1 -> -2
01-21 04:19:52.329  2186  2236 I VideoCapabilities: Unsupported profile 4 for video/mp4v-es
01-21 04:19:52.601  1236  1473 D ConnectivityService: NetworkAgentInfo [Ethernet () - 100] validation failed
01-21 04:19:52.584  2186  2186 I WorkerPool/2240: type=1400 audit(0.0:422): avc: denied { connectto } for path="/dev/socket/dnsproxyd" scontext=u:r:untrusted_app:s0:c512,c768 tcontext=u:r:init:s0 tclass=unix_stream_socket permissive=1
01-21 04:19:52.599  1197  1197 I netd    : type=1400 audit(0.0:423): avc: denied { bind } for scontext=u:r:init:s0 tcontext=u:r:init:s0 tclass=udp_socket permissive=1
01-21 04:19:52.599  1197  1197 I netd    : type=1400 audit(0.0:424): avc: denied { node_bind } for src=48613 scontext=u:r:init:s0 tcontext=u:object_r:node:s0 tclass=udp_socket permissive=1
01-21 04:19:53.099  2186  2240 D NetworkSecurityConfig: No Network Security Config specified, using platform default
01-21 04:19:52.599  1197  1197 I netd    : type=1400 audit(0.0:425): avc: denied { write } for laddr=10.0.2.15 lport=48613 faddr=10.0.2.3 fport=53 scontext=u:r:init:s0 tcontext=u:r:init:s0 tclass=udp_socket permissive=1
01-21 04:19:52.605  1197  1197 I netd    : type=1400 audit(0.0:426): avc: denied { getopt } for laddr=10.0.2.15 lport=48613 faddr=10.0.2.3 fport=53 scontext=u:r:init:s0 tcontext=u:r:init:s0 tclass=udp_socket permissive=1
01-21 04:19:52.605  1197  1197 I netd    : type=1400 audit(0.0:427): avc: denied { read } for laddr=10.0.2.15 lport=48613 faddr=10.0.2.3 fport=53 scontext=u:r:init:s0 tcontext=u:r:init:s0 tclass=udp_socket permissive=1
01-21 04:19:52.605  1197  1197 I netd    : type=1400 audit(0.0:428): avc: denied { use } for path="socket:[13874]" dev="sockfs" ino=13874 scontext=u:r:init:s0 tcontext=u:r:untrusted_app:s0:c512,c768 tclass=fd permissive=1
01-21 04:19:52.605  1197  1197 I netd    : type=1400 audit(0.0:429): avc: denied { read write } for path="socket:[13874]" dev="sockfs" ino=13874 scontext=u:r:init:s0 tcontext=u:r:untrusted_app:s0:c512,c768 tclass=tcp_socket permissive=1
01-21 04:19:52.605  1197  1197 I netd    : type=1400 audit(0.0:430): avc: denied { getopt } for scontext=u:r:init:s0 tcontext=u:r:untrusted_app:s0:c512,c768 tclass=tcp_socket permissive=1
01-21 04:19:52.605  1197  1197 I netd    : type=1400 audit(0.0:431): avc: denied { setopt } for scontext=u:r:init:s0 tcontext=u:r:untrusted_app:s0:c512,c768 tclass=tcp_socket permissive=1
01-21 04:19:52.618  1149  1149 I /system/bin/surfaceflinger: type=1400 audit(0.0:432): avc: denied { call } for comm=504F5349582074696D65722031 scontext=u:r:init:s0 tcontext=u:r:system_server:s0 tclass=binder permissive=1
01-21 04:19:53.586  2186  2186 W cr_BindingManager: Cannot call determinedVisibility() - never saw a connection for the pid: 2186
01-21 04:19:55.168  1236  1686 I ActivityManager: START u0 {act=android.content.pm.action.REQUEST_PERMISSIONS pkg=com.android.packageinstaller cmp=com.android.packageinstaller/.permission.ui.GrantPermissionsActivity (has extras)} from uid 10031 on display 0
01-21 04:19:55.178  2256  2256 W art     : Unexpected CPU variant for X86 using defaults: x86
01-21 04:19:55.194  1236  1249 I ActivityManager: Start proc 2256:com.android.packageinstaller/u0a18 for activity com.android.packageinstaller/.permission.ui.GrantPermissionsActivity
01-21 04:19:55.358  2256  2256 W System  : ClassLoader referenced unknown path: /system/priv-app/PackageInstaller/lib/x86
01-21 04:19:55.573  2256  2271 I EGL-DRI2: found extension DRI_Core version 1
01-21 04:19:55.573  2256  2271 I EGL-DRI2: found extension DRI_SWRast version 5
01-21 04:19:55.574  2256  2271 I EGL-DRI2: found extension DRI_TexBuffer version 2
01-21 04:19:55.574  2256  2271 I EGL-DRI2: found extension DRI_IMAGE version 11
01-21 04:19:55.574  2256  2271 I EGL-DRI2: found extension DRI_RENDERER_QUERY version 1
01-21 04:19:55.574  2256  2271 I EGL-DRI2: found extension DRI_CONFIG_QUERY version 1
01-21 04:19:55.574  2256  2271 I EGL-DRI2: found extension DRI2_Fence version 1
01-21 04:19:55.574  2256  2271 I OpenGLRenderer: Initialized EGL, version 1.4
01-21 04:19:55.574  2256  2271 D OpenGLRenderer: Swap behavior 1
01-21 04:19:55.574  2256  2271 W OpenGLRenderer: Failed to choose config with EGL_SWAP_BEHAVIOR_PRESERVED, retrying without...
01-21 04:19:55.574  2256  2271 D OpenGLRenderer: Swap behavior 0
01-21 04:19:56.627  1236  1260 W art     : Long monitor contention with owner android.bg (1259) at void com.android.server.am.ActivityManagerService$3.handleMessage(android.os.Message)(ActivityManagerService.java:2442) waiters=0 in void com.android.server.am.ActivityStack$ActivityStackHandler.handleMessage(android.os.Message) for 764ms
01-21 04:19:56.920  2256  2256 I Choreographer: Skipped 88 frames!  The application may be doing too much work on its main thread.
01-21 04:19:57.037  1236  1272 I ActivityManager: Displayed com.android.packageinstaller/.permission.ui.GrantPermissionsActivity: +1s865ms
01-21 04:19:58.501  2186  2186 I Choreographer: Skipped 51 frames!  The application may be doing too much work on its main thread.
01-21 04:19:54.089  1197  1197 I netd    : type=1400 audit(0.0:433): avc: denied { name_bind } for src=63708 scontext=u:r:init:s0 tcontext=u:object_r:port:s0 tclass=udp_socket permissive=1
01-21 04:19:55.347  1147  1147 I lmkd    : type=1400 audit(0.0:434): avc: denied { write } for name="oom_score_adj" dev="proc" ino=14031 scontext=u:r:init:s0 tcontext=u:r:platform_app:s0:c512,c768 tclass=file permissive=1
01-21 04:19:55.526  1149  1149 I Binder:1149_2: type=1400 audit(0.0:435): avc: denied { write } for path="socket:[14090]" dev="sockfs" ino=14090 scontext=u:r:platform_app:s0:c512,c768 tcontext=u:r:init:s0 tclass=unix_stream_socket permissive=1
01-21 04:19:55.526  2256  2256 I RenderThread: type=1400 audit(0.0:436): avc: denied { transfer } for scontext=u:r:platform_app:s0:c512,c768 tcontext=u:r:init:s0 tclass=binder permissive=1
01-21 04:19:55.526  1149  1149 I Binder:1149_3: type=1400 audit(0.0:437): avc: denied { transfer } for scontext=u:r:init:s0 tcontext=u:r:system_server:s0 tclass=binder permissive=1
01-21 04:19:57.066  1149  1149 I surfaceflinger: type=1400 audit(0.0:438): avc: denied { execmem } for scontext=u:r:init:s0 tcontext=u:r:init:s0 tclass=process permissive=1
01-21 04:19:59.999  1810  1810 I ndroid.launcher: type=1400 audit(0.0:439): avc: denied { read } for scontext=u:r:priv_app:s0:c512,c768 tcontext=u:r:init:s0 tclass=unix_stream_socket permissive=1
01-21 04:20:01.126  2256  2256 D ViewRootImpl[GrantPermissionsActivity]: updatePointerIcon called with position out of bounds
01-21 04:20:01.199  2256  2256 D ViewRootImpl[GrantPermissionsActivity]: updatePointerIcon called with position out of bounds
01-21 04:20:01.230  2256  2256 D ViewRootImpl[GrantPermissionsActivity]: updatePointerIcon called with position out of bounds
01-21 04:20:01.260  2256  2256 D ViewRootImpl[GrantPermissionsActivity]: updatePointerIcon called with position out of bounds
01-21 04:20:01.295  2256  2256 D ViewRootImpl[GrantPermissionsActivity]: updatePointerIcon called with position out of bounds
01-21 04:20:01.329  2256  2256 D ViewRootImpl[GrantPermissionsActivity]: updatePointerIcon called with position out of bounds
01-21 04:20:01.415  2256  2256 D ViewRootImpl[GrantPermissionsActivity]: updatePointerIcon called with position out of bounds
01-21 04:20:01.446  2256  2256 D ViewRootImpl[GrantPermissionsActivity]: updatePointerIcon called with position out of bounds
01-21 04:20:02.350  1236  1236 I GnssLocationProvider: WakeLock acquired by sendMessage(3, 0, com.android.server.location.GnssLocationProvider$GpsRequest@6efbd78)
01-21 04:20:02.350  1236  1259 I GnssLocationProvider: WakeLock released by handleMessage(3, 0, com.android.server.location.GnssLocationProvider$GpsRequest@6efbd78)
01-21 04:20:02.351  1167  1172 I audio_hw_primary: choose pcmC0D0p for 0
01-21 04:20:02.378  1167  1172 D AudioFlinger: mixer(0xaa298740) throttle end: throttle time(10)
01-21 04:20:02.408  1167  1172 D AudioFlinger: mixer(0xaa298740) throttle end: throttle time(5)
01-21 04:20:02.471  1167  1172 D AudioFlinger: mixer(0xaa298740) throttle end: throttle time(10)
01-21 04:20:02.671  1236  1236 I GnssLocationProvider: WakeLock acquired by sendMessage(3, 0, com.android.server.location.GnssLocationProvider$GpsRequest@a8c390)
01-21 04:20:02.673  1236  1236 I GnssLocationProvider: WakeLock acquired by sendMessage(3, 0, com.android.server.location.GnssLocationProvider$GpsRequest@fd8ec8e)
01-21 04:20:02.673  1236  1236 I GnssLocationProvider: WakeLock acquired by sendMessage(3, 0, com.android.server.location.GnssLocationProvider$GpsRequest@ffe88bc)
01-21 04:20:02.675  1167  1171 W audio_hw_primary: out_write underrun: -32
01-21 04:20:02.675  2256  2271 D OpenGLRenderer: endAllActiveAnimators on 0xa1a54f00 (RippleDrawable) with handle 0xa577f250
01-21 04:20:02.675  2256  2271 D OpenGLRenderer: endAllActiveAnimators on 0xa1a54480 (RippleDrawable) with handle 0x92fe8740
01-21 04:20:02.725  1149  1149 W SurfaceFlinger: couldn't log to binary event log: overflow.
01-21 04:20:02.755  1167  1171 W audio_hw_primary: out_write underrun: -32
01-21 04:20:02.861  1236  1259 I GnssLocationProvider: WakeLock released by handleMessage(3, 0, com.android.server.location.GnssLocationProvider$GpsRequest@a8c390)
01-21 04:20:02.861  1236  1259 I GnssLocationProvider: WakeLock released by handleMessage(3, 0, com.android.server.location.GnssLocationProvider$GpsRequest@fd8ec8e)
01-21 04:20:02.861  1236  1259 I GnssLocationProvider: WakeLock released by handleMessage(3, 0, com.android.server.location.GnssLocationProvider$GpsRequest@ffe88bc)
01-21 04:20:02.478  1147  1147 I lmkd    : type=1400 audit(0.0:440): avc: denied { write } for name="oom_score_adj" dev="proc" ino=10558 scontext=u:r:init:s0 tcontext=u:r:system_app:s0 tclass=file permissive=1
01-21 04:20:02.646  1148  1148 I servicemanager: type=1400 audit(0.0:441): avc: denied { getattr } for scontext=u:r:init:s0 tcontext=u:r:untrusted_app:s0:c512,c768 tclass=process permissive=1
01-21 04:20:03.082  1167  1171 W audio_hw_primary: out_write underrun: -32
01-21 04:20:03.083  1236  2273 E AudioTrack: did not receive expected priority boost on time
01-21 04:20:03.191  1167  1171 W audio_hw_primary: out_write underrun: -32
01-21 04:20:03.287  1167  1171 W audio_hw_primary: out_write underrun: -32
01-21 04:20:03.338  1167  1171 W audio_hw_primary: out_write underrun: -32
01-21 04:20:03.418  1167  1171 W audio_hw_primary: out_write underrun: -32
01-21 04:20:03.552  1167  1171 W audio_hw_primary: out_write underrun: -32
01-21 04:20:03.586  1167  1171 W audio_hw_primary: out_write underrun: -32
01-21 04:20:03.675  1167  1171 W audio_hw_primary: out_write underrun: -32
01-21 04:20:03.772  1167  1171 W audio_hw_primary: out_write underrun: -32
01-21 04:20:04.026  1167  1171 W audio_hw_primary: out_write underrun: -32
01-21 04:20:04.215  1167  1171 W audio_hw_primary: out_write underrun: -32
01-21 04:20:04.405  1167  1171 W audio_hw_primary: out_write underrun: -32
01-21 04:20:04.465  1167  1171 W audio_hw_primary: out_write underrun: -32
01-21 04:20:04.615  1167  1171 W audio_hw_primary: out_write underrun: -32
01-21 04:20:04.723  1167  1171 W audio_hw_primary: out_write underrun: -32
01-21 04:20:04.815  1167  1171 W audio_hw_primary: out_write underrun: -32
01-21 04:20:04.957  1167  1171 W audio_hw_primary: out_write underrun: -32
01-21 04:20:05.085  1167  1171 W audio_hw_primary: out_write underrun: -32
01-21 04:20:05.143  1167  1171 W audio_hw_primary: out_write underrun: -32
01-21 04:20:05.215  1167  1171 W audio_hw_primary: out_write underrun: -32
01-21 04:20:05.277  1167  1171 W audio_hw_primary: out_write underrun: -32
01-21 04:20:05.444  1167  1171 W audio_hw_primary: out_write underrun: -32
01-21 04:20:05.498  1167  1171 W audio_hw_primary: out_write underrun: -32
01-21 04:20:10.541  1236  1236 I GnssLocationProvider: WakeLock acquired by sendMessage(3, 0, com.android.server.location.GnssLocationProvider$GpsRequest@a71b045)
01-21 04:20:10.541  1236  1259 I GnssLocationProvider: WakeLock released by handleMessage(3, 0, com.android.server.location.GnssLocationProvider$GpsRequest@a71b045)
01-21 04:20:12.075  1149  1149 E Layer   : [Sprite] rejecting buffer: bufWidth=22, bufHeight=28, front.active.{w=25, h=25}
01-21 04:20:12.218  1501  1501 W InputMethodService: Window size has been changed. This may cause jankiness of resizing window: -1 -> -2
01-21 04:20:12.222  1501  1501 I LatinIME: Starting input. Cursor position = 38,38
01-21 04:20:28.393  1501  1501 I LatinIME: Starting input. Cursor position = 12,12
01-21 04:20:28.430  2186  2186 W IInputConnectionWrapper: getSelectedText on inactive InputConnection
01-21 04:20:28.495  2186  2186 W IInputConnectionWrapper: requestCursorAnchorInfo on inactive InputConnection
01-21 04:20:28.519  2186  2186 W IInputConnectionWrapper: getTextBeforeCursor on inactive InputConnection
01-21 04:20:28.519  1501  1501 E RichInputConnection: Unable to connect to the editor to retrieve text.
01-21 04:20:28.519  1501  1501 D RichInputConnection: Will try to retrieve text later.
01-21 04:20:28.573  2186  2186 W IInputConnectionWrapper: getTextBeforeCursor on inactive InputConnection
01-21 04:20:28.574  1501  1501 E RichInputConnection: Unable to connect to the editor to retrieve text.
01-21 04:20:28.574  1501  1501 W RichInputConnection: Unable to connect to the editor. Setting caps mode without knowing text.
01-21 04:20:28.597  2186  2186 W IInputConnectionWrapper: getTextBeforeCursor on inactive InputConnection
01-21 04:20:28.597  1501  1501 E RichInputConnection: Unable to connect to the editor to retrieve text.
01-21 04:20:28.597  1501  1501 W RichInputConnection: Unable to connect to the editor. Setting caps mode without knowing text.
01-21 04:20:28.600  1501  1501 I LatinIME: Starting input. Cursor position = -1,-1
01-21 04:20:28.639  2186  2186 W IInputConnectionWrapper: finishComposingText on inactive InputConnection
01-21 04:20:28.795  1501  1501 I InputAttributes: InputType.TYPE_NULL is specified
01-21 04:20:28.797  1501  1501 W InputMethodService: Window size has been changed. This may cause jankiness of resizing window: -1 -> -2
01-21 04:20:29.131  2186  2186 W cr_BindingManager: Cannot call determinedVisibility() - never saw a connection for the pid: 2186
01-21 04:20:34.615  1167  1172 I audio_hw_primary: choose pcmC0D0p for 0
01-21 04:20:34.655  1167  1171 W audio_hw_primary: out_write underrun: -32
01-21 04:20:34.709  1167  1172 D AudioFlinger: mixer(0xaa298740) throttle end: throttle time(1)
01-21 04:20:34.767  1236  1404 I ActivityManager: START u0 {act=android.intent.action.MAIN cat=[android.intent.category.HOME] flg=0x10200000 cmp=com.android.launcher/com.android.launcher2.Launcher (has extras)} from uid 1000 on display 0
01-21 04:20:34.784  1149  1149 D gralloc : Avoid registering a buffer in the process that created it. This may cause memory ordering problems.
01-21 04:20:34.784  1149  1149 E Gralloc1On0Adapter: gralloc0 register failed: 1
01-21 04:20:34.784  1149  1149 W GraphicBufferMapper: registerBuffer(0xae9b3260) failed: 5
01-21 04:20:34.784  1149  1149 E GraphicBuffer: unflatten: registerBuffer failed: Unknown error -5 (5)
01-21 04:20:34.784  1149  1149 E Surface : dequeueBuffer: IGraphicBufferProducer::requestBuffer failed: 5
01-21 04:20:34.784  1236  1404 W WindowManager: Screenshot failure taking screenshot for (1024x768) to layer 21015
01-21 04:20:34.812  1167  1171 W audio_hw_primary: out_write underrun: -32
01-21 04:20:34.890  2186  2186 W IInputConnectionWrapper: reportFullscreenMode on inexistent InputConnection
01-21 04:20:34.890  2186  2186 W IInputConnectionWrapper: finishComposingText on inactive InputConnection
01-21 04:20:34.922  1167  1171 W audio_hw_primary: out_write underrun: -32
01-21 04:20:34.985  1167  1171 W audio_hw_primary: out_write underrun: -32
01-21 04:20:35.300  1167  1171 W audio_hw_primary: out_write underrun: -32
01-21 04:20:35.285  1149  1149 I surfaceflinger: type=1400 audit(0.0:442): avc: denied { call } for scontext=u:r:init:s0 tcontext=u:r:priv_app:s0:c512,c768 tclass=binder permissive=1
01-21 04:20:35.673  1167  1171 W audio_hw_primary: out_write underrun: -32
01-21 04:20:35.760  1167  1171 W audio_hw_primary: out_write underrun: -32
01-21 04:20:36.082  1167  1171 W audio_hw_primary: out_write underrun: -32
01-21 04:20:36.128  1167  1171 W audio_hw_primary: out_write underrun: -32
01-21 04:20:36.194  1167  1171 W audio_hw_primary: out_write underrun: -32
01-21 04:20:36.295  1167  1171 W audio_hw_primary: out_write underrun: -32
01-21 04:20:36.351  1167  1171 W audio_hw_primary: out_write underrun: -32
01-21 04:20:36.449  1167  1171 W audio_hw_primary: out_write underrun: -32
01-21 04:20:36.642  1167  1171 W audio_hw_primary: out_write underrun: -32
01-21 04:20:36.715  1167  1171 W audio_hw_primary: out_write underrun: -32
01-21 04:20:36.925  1167  1171 W audio_hw_primary: out_write underrun: -32
01-21 04:20:36.959  1167  1171 W audio_hw_primary: out_write underrun: -32
01-21 04:20:37.046  1167  1171 W audio_hw_primary: out_write underrun: -32
01-21 04:20:37.088  1167  1171 W audio_hw_primary: out_write underrun: -32
01-21 04:20:37.188  1167  1171 W audio_hw_primary: out_write underrun: -32
01-21 04:20:37.469  1167  1171 W audio_hw_primary: out_write underrun: -32
01-21 04:20:37.726  1236  1473 D ConnectivityService: NetworkAgentInfo [Ethernet () - 100] validation failed
01-21 04:20:40.167  1167  1172 I audio_hw_primary: choose pcmC0D0p for 0
01-21 04:20:40.185  1167  1171 W audio_hw_primary: out_write underrun: -32
