01-21 04:17:59.497  1236  1236 I SystemServiceManager: Starting com.android.server.media.projection.MediaProjectionManagerService
01-21 04:17:59.498  1236  1236 V MediaRouter: Adding route: RouteInfo{ name=Phone, description=null, status=null, category=RouteCategory{ name=null types=ROUTE_TYPE_LIVE_AUDIO ROUTE_TYPE_LIVE_VIDEO  groupable=false }, supportedTypes=ROUTE_TYPE_LIVE_AUDIO ROUTE_TYPE_LIVE_VIDEO , presentationDisplay=null }
01-21 04:17:59.498  1236  1236 V MediaRouter: Updating audio routes: AudioRoutesInfo{ type=SPEAKER }
01-21 04:17:59.499  1236  1236 V MediaRouter: Selecting route: RouteInfo{ name=Phone, description=null, status=null, category=RouteCategory{ name=null types=ROUTE_TYPE_LIVE_AUDIO ROUTE_TYPE_LIVE_VIDEO  groupable=false }, supportedTypes=ROUTE_TYPE_LIVE_AUDIO ROUTE_TYPE_LIVE_VIDEO , presentationDisplay=null }
01-21 04:17:59.499  1236  1236 I WindowManager: SAFE MODE not enabled
01-21 04:17:59.499  1236  1236 I SystemServiceManager: Starting com.android.server.MmsServiceBroker
01-21 04:17:59.500  1236  1236 W VibratorService: Tried to stop vibrating but there is no vibrator device.
01-21 04:17:59.507  1183  1183 E SELinux : avc:  denied  { exist } for pid=1236 uid=1000 scontext=u:r:system_server:s0 tcontext=u:r:init:s0 tclass=keystore_key permissive=1
01-21 04:17:59.508  1236  1236 E LockSettingsStorage: Cannot read file java.io.FileNotFoundException: /data/system/gatekeeper.password.key: open failed: ENOENT (No such file or directory)
01-21 04:17:59.508  1236  1236 E LockSettingsStorage: Cannot read file java.io.FileNotFoundException: /data/system/password.key: open failed: ENOENT (No such file or directory)
01-21 04:17:59.508  1236  1236 E LockSettingsStorage: Cannot read file java.io.FileNotFoundException: /data/system/gatekeeper.pattern.key: open failed: ENOENT (No such file or directory)
01-21 04:17:59.508  1236  1236 E LockSettingsStorage: Cannot read file java.io.FileNotFoundException: /data/system/gatekeeper.gesture.key: open failed: ENOENT (No such file or directory)
01-21 04:17:59.508  1236  1236 E LockSettingsStorage: Cannot read file java.io.FileNotFoundException: /data/system/gesture.key: open failed: ENOENT (No such file or directory)
01-21 04:17:59.508  1236  1236 I SystemServiceManager: Starting phase 480
01-21 04:17:54.462  1448  1448 I kworker/u2:1: type=1400 audit(0.0:131): avc: denied { execute_no_trans } for path="/bin/busybox" dev="tmpfs" ino=4957 scontext=u:r:kernel:s0 tcontext=u:object_r:tmpfs:s0 tclass=file permissive=1
01-21 04:17:59.554  1236  1483 D AssetAtlas: Loaded configuration: SliceMinArea (576x576) flags=0x2 count=98
01-21 04:17:59.559  1236  1483 I EGL-DRI2: found extension DRI_Core version 1
01-21 04:17:59.559  1236  1483 I EGL-DRI2: found extension DRI_SWRast version 5
01-21 04:17:59.560  1236  1483 I EGL-DRI2: found extension DRI_TexBuffer version 2
01-21 04:17:59.560  1236  1483 I EGL-DRI2: found extension DRI_IMAGE version 11
01-21 04:17:59.560  1236  1483 I EGL-DRI2: found extension DRI_RENDERER_QUERY version 1
01-21 04:17:59.560  1236  1483 I EGL-DRI2: found extension DRI_CONFIG_QUERY version 1
01-21 04:17:59.560  1236  1483 I EGL-DRI2: found extension DRI2_Fence version 1
01-21 04:17:59.564  1236  1236 I DevicePolicyManagerService: Set ro.device_owner property to false
01-21 04:17:59.564  1236  1236 I SystemServiceManager: Starting phase 500
01-21 04:17:59.565  1236  1236 D ConnectivityMetricsLoggerService: onBootPhase: PHASE_SYSTEM_SERVICES_READY
01-21 04:17:59.570  1236  1236 I WifiService: WifiService starting up with Wi-Fi disabled
01-21 04:17:59.570  1236  1236 I WifiScanningService: Starting wifiscanner
01-21 04:17:59.576  1236  1236 I RttService: Registering rttmanager
01-21 04:17:59.576  1236  1236 I EthernetServiceImpl: Starting Ethernet service
01-21 04:17:59.585  1236  1236 D Ethernet: Registering NetworkFactory
01-21 04:17:59.585  1236  1473 D ConnectivityService: Got NetworkFactory Messenger for Ethernet
01-21 04:17:59.586  1236  1236 D EthernetNetworkFactory: Started tracking interface eth0
01-21 04:17:59.586  1197  1459 D CommandListener: Setting iface cfg
01-21 04:17:59.586  1197  1459 D CommandListener: Trying to bring up eth0
01-21 04:17:59.587  1236  1236 D EthernetNetworkFactory: updateInterface: eth0 link up
01-21 04:17:59.588  1236  1236 D ZenLog  : config: cleanUpZenRules,ZenModeConfig[user=0,allowCalls=true,allowRepeatCallers=false,allowMessages=false,allowCallsFrom=contacts,allowMessagesFrom=contacts,allowReminders=true,allowEvents=true,allowWhenScreenOff=true,allowWhenScreenOn=true,automaticRules={85d83ed252714231b5cc3decf565b696=ZenRule[enabled=false,snoozing=false,name=Weekend,zenMode=ZEN_MODE_ALARMS,conditionId=condition://android/schedule?days=6.7&start=23.30&end=10.0&exitAtAlarm=false,condition=Condition[id=condition://android/schedule?days=6.7&start=23.30&end=10.0&exitAtAlarm=false,summary=...,line1=...,line2=...,icon=0,state=STATE_TRUE,flags=2],component=ComponentInfo{android/com.android.server.notification.ScheduleConditionProvider},id=85d83ed252714231b5cc3decf565b696,creationTime=1484965233166,enabler=null], c56058ab4cba4c82bce88fa420f76ffa=ZenRule[enabled=false,snoozing=false,name=Event,zenMode=ZEN_MODE_ALARMS,conditionId=condition://android/event?userId=-10000&calendar=&reply=1,condition=Condition[id=condition://android/event?userId=-10000&calendar=&reply=1,summary=...,line1=...,line2=...,icon=0,state=STATE_FALSE,flags=2],component=ComponentInfo{android/com.android.server.notification.EventConditionProvider},id=c56058ab4cba4c82bce88fa420f76ffa,creationTime=1484965233166,enabler=null], 38d5d4f5c6594974be553884308dc861=ZenRule[enabled=false,snoozing=false,name=Weeknight,zenMode=ZEN_MODE_ALARMS,conditionId=condition://android/schedule?days=1.2.3.4.5&start=22.0&end=7.0&exitAtAlarm=false,condition=Condition[id=condition://android/schedule?days=1.2.3.4.5&start=22.0&end=7.0&exitAtAlarm=false,summary=...,line1=...,line2=...,icon=0,state=STATE_FALSE,flags=2],component=ComponentInfo{android/com.android.server.notification.ScheduleConditionProvider},id=38d5d4f5c6594974be553884308dc861,creationTime=1484965233166,enabler=null]},manualRule=null],Diff[]
01-21 04:17:59.588  1236  1236 D ZenLog  : set_zen_mode: off,onSystemReady
01-21 04:17:59.588  1167  1167 D PermissionCache: checking android.permission.CAPTURE_AUDIO_HOTWORD for uid=1000 => granted (43 us)
01-21 04:17:59.588  1236  1236 W SoundTriggerHelper: listModules status=0, # of modules=0
01-21 04:17:59.588  1236  1236 D ContextHubSystemService: onBootPhase: PHASE_SYSTEM_SERVICES_READY
01-21 04:17:59.592  1236  1485 D Ethernet: got request NetworkRequest [ REQUEST id=1, [ Capabilities: INTERNET&NOT_RESTRICTED&TRUSTED&NOT_VPN] ] with score 0
01-21 04:17:59.592  1236  1247 I art     : Background partial concurrent mark sweep GC freed 9612(799KB) AllocSpace objects, 6(120KB) LOS objects, 33% free, 6MB/9MB, paused 384us total 103.550ms
01-21 04:17:59.597  1236  1483 W AssetAtlasService: Could not create sync fence 0x3003
01-21 04:17:59.607  1236  1483 D AssetAtlas: Rendered atlas in 51.63ms (2.30+49.33ms)
01-21 04:17:59.607  1236  1487 D EthernetNetworkFactory: starting ipProvisioningThread(eth0): mNetworkInfo=[type: Ethernet[], state: UNKNOWN/IDLE, reason: (unspecified), extra: 08:00:27:f6:f6:fb, failover: false, available: true, roaming: false, metered: false]
01-21 04:17:59.615  1236  1236 V UserManagerService: Found /data/user_de/0 with serial number 0
01-21 04:17:59.616  1236  1236 V UserManagerService: Found /data/user/0 with serial number 0
01-21 04:17:59.616  1236  1236 V UserManagerService: Found /data/system_de/0 with serial number 0
01-21 04:17:59.616  1236  1236 V UserManagerService: Found /data/system_ce/0 with serial number 0
01-21 04:17:59.616  1236  1236 I ActivityManager: System now ready
01-21 04:17:54.479  1197  1197 I netd    : type=1400 audit(0.0:132): avc: denied { create } for scontext=u:r:init:s0 tcontext=u:r:init:s0 tclass=netlink_kobject_uevent_socket permissive=1
01-21 04:17:59.746  1236  1274 W KeyguardServiceDelegate: onScreenTurningOn(): no keyguard service!
01-21 04:17:59.750  1236  1236 W art     : Long monitor contention with owner android.ui (1262) at int com.android.server.wm.WindowManagerService.relayoutWindow(com.android.server.wm.Session, android.view.IWindow, int, android.view.WindowManager$LayoutParams, int, int, int, int, android.graphics.Rect, android.graphics.Rect, android.graphics.Rect, android.graphics.Rect, android.graphics.Rect, android.graphics.Rect, android.graphics.Rect, android.content.res.Configuration, android.view.Surface)(WindowManagerService.java:2850) waiters=1 in void com.android.server.wm.WindowManagerService.setForceResizableTasks(boolean) for 134ms
01-21 04:17:59.751  1236  1236 I SystemServer: Making services ready
01-21 04:17:59.751  1236  1236 I SystemServiceManager: Starting phase 550
01-21 04:17:59.753  1197  1459 D CommandListener: Clearing all IP addresses on eth0
01-21 04:17:59.779  1236  1236 D BluetoothManagerService: Bluetooth boot completed
01-21 04:17:59.779  1236  1236 D BluetoothManagerService: Auto-enabling Bluetooth.
01-21 04:17:59.779  1236  1270 D BluetoothManagerService: Message: 1
01-21 04:17:59.779  1236  1270 D BluetoothManagerService: MESSAGE_ENABLE: mBluetooth = null
01-21 04:17:59.805  1236  1270 I Zygote  : Process: zygote socket opened, supported ABIS: x86,armeabi-v7a,armeabi
01-21 04:17:59.809  1236  1491 D DhcpClient: Broadcasting DHCPDISCOVER
01-21 04:17:59.890  1236  1270 W ActivityManager: Slow operation: 110ms so far, now at startProcess: returned from zygote!
01-21 04:17:59.890  1236  1270 W ActivityManager: Slow operation: 110ms so far, now at startProcess: done updating battery stats
01-21 04:17:59.890  1236  1270 W ActivityManager: Slow operation: 110ms so far, now at startProcess: building log message
01-21 04:17:59.890  1236  1270 I ActivityManager: Start proc 1494:com.android.bluetooth/1002 for service com.android.bluetooth/.btservice.AdapterService
01-21 04:17:59.890  1236  1270 W ActivityManager: Slow operation: 110ms so far, now at startProcess: starting to update pids map
01-21 04:17:59.890  1236  1270 W ActivityManager: Slow operation: 110ms so far, now at startProcess: done updating pids map
01-21 04:17:59.890  1236  1270 W ActivityManager: Slow operation: 110ms so far, now at startProcess: done starting proc!
01-21 04:17:59.890  1236  1236 E InputMethodManagerService: Ignoring updateSystemUiLocked due to an invalid token. uid:1000 token:null
01-21 04:17:59.926  1236  1499 D DhcpClient: Receive thread started
01-21 04:17:59.926  1236  1499 D DhcpClient: Received packet: 08:00:27:f6:f6:fb OFFER, ip /10.0.2.15, mask /255.255.255.0, DNS servers: /10.0.2.3 , gateways [/10.0.2.2] lease time 86400, domain null
01-21 04:17:59.926  1236  1491 D DhcpClient: Got pending lease: IP address 10.0.2.15/24 Gateway 10.0.2.2  DNS servers: [ 10.0.2.3 ] Domains  DHCP server /10.0.2.2 Vendor info null lease 86400 seconds
01-21 04:17:59.928  1494  1494 W art     : Unexpected CPU variant for X86 using defaults: x86
01-21 04:17:59.931  1236  1236 I ActivityManager: Start proc 1501:com.android.inputmethod.latin/u0a44 for service com.android.inputmethod.latin/.LatinIME
01-21 04:17:59.931  1236  1491 D DhcpClient: Broadcasting DHCPREQUEST ciaddr=0.0.0.0 request=10.0.2.15 serverid=10.0.2.2
01-21 04:17:59.931  1236  1236 V InputMethodManagerService: Adding window token: android.os.Binder@d7a6a1a
01-21 04:17:59.931  1236  1408 D MountService: Thinking about init, mSystemReady=true, mDaemonConnected=true
01-21 04:17:59.931  1236  1408 D MountService: Setting up emulation state, initlocked=false
01-21 04:17:59.932  1236  1408 D CryptdConnector: SND -> {2 cryptfs unlock_user_key 0 0 ! !}
01-21 04:17:59.932  1138  1143 D vold    : e4crypt_unlock_user_key 0 serial=0 token_present=0
01-21 04:17:59.932  1236  1411 D CryptdConnector: RCV <- {200 2 Command succeeded}
01-21 04:17:59.932  1236  1499 D DhcpClient: Received packet: 08:00:27:f6:f6:fb ACK: your new IP /10.0.2.15, netmask /255.255.255.0, gateways [/10.0.2.2] DNS servers: /10.0.2.3 , lease time 86400
01-21 04:17:59.932  1236  1408 D MountService: Thinking about reset, mSystemReady=true, mDaemonConnected=true
01-21 04:17:59.932  1236  1408 D VoldConnector: SND -> {3 volume reset}
01-21 04:17:59.932  1236  1260 I ActivityManager: Force stopping com.android.providers.media appid=10010 user=-1: vold reset
01-21 04:17:59.932  1236  1410 D VoldConnector: RCV <- {651 emulated 7}
01-21 04:17:59.932  1236  1410 D VoldConnector: RCV <- {659 emulated}
01-21 04:17:59.933  1236  1410 D VoldConnector: RCV <- {650 emulated 2 "" ""}
01-21 04:17:59.933  1236  1410 D VoldConnector: RCV <- {651 emulated 0}
01-21 04:17:59.933  1236  1410 D VoldConnector: RCV <- {200 3 Command succeeded}
01-21 04:17:59.933  1236  1269 V MountService: Found primary storage at VolumeInfo{emulated}:
01-21 04:17:59.933  1236  1269 V MountService:     type=EMULATED diskId=null partGuid=null mountFlags=0 mountUserId=-1 
01-21 04:17:59.933  1236  1269 V MountService:     state=UNMOUNTED 
01-21 04:17:59.933  1236  1269 V MountService:     fsType=null fsUuid=null fsLabel=null 
01-21 04:17:59.933  1236  1269 V MountService:     path=null internalPath=null 
01-21 04:17:59.934  1236  1491 D DhcpClient: Confirmed lease: IP address 10.0.2.15/24 Gateway 10.0.2.2  DNS servers: [ 10.0.2.3 ] Domains  DHCP server /10.0.2.2 Vendor info null lease 86400 seconds
01-21 04:17:59.934  1197  1459 D CommandListener: Setting iface cfg
01-21 04:17:59.935  1236  1408 D VoldConnector: SND -> {4 volume user_added 0 0}
01-21 04:17:59.935  1236  1410 D VoldConnector: RCV <- {200 4 Command succeeded}
01-21 04:17:59.935  1236  1408 D VoldConnector: SND -> {5 volume mount emulated 3 -1}
01-21 04:17:59.936  1138  1142 V vold    : Waiting for FUSE to spin up...
01-21 04:17:59.936  1236  1410 D VoldConnector: RCV <- {651 emulated 1}
01-21 04:17:59.936  1236  1410 D VoldConnector: RCV <- {656 emulated /data/media}
01-21 04:17:59.936  1236  1410 D VoldConnector: RCV <- {655 emulated /storage/emulated}
01-21 04:17:59.936  1236  1491 D DhcpClient: Scheduling renewal in 43199s
01-21 04:17:59.936  1236  1491 D DhcpClient: Scheduling rebind in 75599s
01-21 04:17:59.936  1236  1491 D DhcpClient: Scheduling expiry in 86399s
01-21 04:17:59.936  1236  1236 E BitmapFactory: Unable to decode stream: java.io.FileNotFoundException: /data/system/users/0/wallpaper_orig (No such file or directory)
01-21 04:17:59.936  1236  1236 E WallpaperManagerService: Invalid wallpaper data
01-21 04:17:59.936  1236  1236 E WallpaperManagerService: Unable to apply new wallpaper
01-21 04:17:59.938  1501  1501 W art     : Unexpected CPU variant for X86 using defaults: x86
01-21 04:17:59.955  1506  1506 W sdcard  : Device explicitly disabled sdcardfs
01-21 04:18:00.007  1236  1410 D VoldConnector: RCV <- {651 emulated 2}
01-21 04:18:00.007  1236  1410 D VoldConnector: RCV <- {200 5 Command succeeded}
01-21 04:18:00.013  1527  1527 W art     : Unexpected CPU variant for X86 using defaults: x86
01-21 04:17:54.479  1197  1197 I netd    : type=1400 audit(0.0:133): avc: denied { setopt } for scontext=u:r:init:s0 tcontext=u:r:init:s0 tclass=netlink_kobject_uevent_socket permissive=1
01-21 04:18:00.091  1236  1236 W ActivityManager: Slow operation: 83ms so far, now at startProcess: returned from zygote!
01-21 04:18:00.091  1236  1236 W ActivityManager: Slow operation: 83ms so far, now at startProcess: done updating battery stats
01-21 04:18:00.091  1236  1236 W ActivityManager: Slow operation: 83ms so far, now at startProcess: building log message
01-21 04:18:00.091  1236  1236 I ActivityManager: Start proc 1527:com.android.systemui/u0a24 for service com.android.systemui/.ImageWallpaper
01-21 04:18:00.091  1236  1236 W ActivityManager: Slow operation: 83ms so far, now at startProcess: starting to update pids map
01-21 04:18:00.091  1236  1236 W ActivityManager: Slow operation: 83ms so far, now at startProcess: done updating pids map
01-21 04:18:00.091  1236  1236 W ActivityManager: Slow operation: 83ms so far, now at startProcess: done starting proc!
01-21 04:18:00.102  1197  1451 I Netd    : Destroyed 1 sockets on 10.0.2.15 in 515.8 ms
01-21 04:18:00.235  1236  1236 D UsbAlsaManager: Adding ALSA device AlsaDevice: [card: 0, device: 0, type: 1]
01-21 04:18:00.235  1236  1236 D UsbAlsaManager: Adding ALSA device AlsaDevice: [card: 0, device: 1, type: 2]
01-21 04:18:00.235  1236  1236 D UsbAlsaManager: Adding ALSA device AlsaDevice: [card: 0, device: 0, type: 2]
01-21 04:18:00.235  1236  1236 I SystemServer: WebViewFactory preparation
01-21 04:18:00.237  1236  1236 D WebViewFactory: Setting new address space to 110520408
01-21 04:18:00.237  1236  1270 D BluetoothManagerService: Message: 20
01-21 04:18:00.237  1236  1270 D BluetoothManagerService: Added callback: android.bluetooth.BluetoothAdapter$1@eefbfb1:true
01-21 04:18:00.265  1236  1480 D BluetoothManagerService: Creating new ProfileServiceConnections object for profile: 1
01-21 04:18:00.265  1236  1270 D BluetoothManagerService: Message: 30
01-21 04:18:00.278  1545  1545 W art     : Unexpected CPU variant for X86 using defaults: x86
01-21 04:18:00.280  1236  1236 I ActivityManager: Start proc 1545:WebViewLoader-x86/1037 [android.webkit.WebViewFactory$RelroFileCreator] for 
01-21 04:18:00.280  1236  1236 I NetworkManagement: not enabling bandwidth control
01-21 04:18:00.282  1236  1270 D BluetoothManagerService: Message: 30
01-21 04:18:00.288  1527  1527 W System  : ClassLoader referenced unknown path: /system/priv-app/SystemUI/lib/x86
01-21 04:18:00.294  1236  1487 D ConnectivityService: registerNetworkAgent NetworkAgentInfo{ ni{[type: Ethernet[], state: CONNECTED/CONNECTED, reason: (unspecified), extra: 08:00:27:f6:f6:fb, failover: false, available: true, roaming: false, metered: false]}  network{100}  nethandle{429513165534}  lp{{InterfaceName: eth0 LinkAddresses: [10.0.2.15/24,]  Routes: [10.0.2.0/24 -> 0.0.0.0 eth0,0.0.0.0/0 -> 10.0.2.2 eth0,] DnsAddresses: [10.0.2.3,] Domains: null MTU: 0 TcpBufferSizes: 524288,1048576,3145728,524288,1048576,2097152}}  nc{[ Transports: ETHERNET Capabilities: INTERNET&NOT_RESTRICTED&TRUSTED&NOT_VPN LinkUpBandwidth>=100000Kbps LinkDnBandwidth>=100000Kbps]}  Score{30}  everValidated{false}  lastValidated{false}  created{false} lingering{false} explicitlySelected{false} acceptUnvalidated{false} everCaptivePortalDetected{false} lastCaptivePortalDetected{false} }
01-21 04:18:00.294  1236  1487 D EthernetNetworkFactory: exiting ipProvisioningThread(eth0): mNetworkInfo=[type: Ethernet[], state: CONNECTED/CONNECTED, reason: (unspecified), extra: 08:00:27:f6:f6:fb, failover: false, available: true, roaming: false, metered: false]
01-21 04:18:00.294  1236  1473 D ConnectivityService: NetworkAgentInfo [Ethernet () - 100] EVENT_NETWORK_INFO_CHANGED, going from null to CONNECTED
01-21 04:18:00.296  1167  1167 I AudioFlinger: systemReady
01-21 04:18:00.296  1148  1148 E SELinux : avc:  denied  { find } for service=scheduling_policy pid=1167 uid=1041 scontext=u:r:init:s0 tcontext=u:object_r:scheduling_policy_service:s0 tclass=service_manager permissive=1
01-21 04:18:00.298  1236  1556 E WVMExtractor: Failed to open libwvm.so: dlopen failed: library "libwvm.so" not found
01-21 04:18:00.319  1545  1545 V WebViewFactory: RelroFileCreator (64bit = false),  32-bit lib: /system/app/webview/webview.apk!/lib/x86/libwebviewchromium.so, 64-bit lib: 
01-21 04:18:00.343  1148  1148 E SELinux : avc:  denied  { find } for service=media.player pid=1195 uid=1013 scontext=u:r:init:s0 tcontext=u:object_r:mediaserver_service:s0 tclass=service_manager permissive=1
01-21 04:18:00.343  1195  1195 I MediaPlayerService: MediaPlayerService::getOMX
01-21 04:18:00.344  1148  1148 E SELinux : avc:  denied  { find } for service=media.codec pid=1195 uid=1013 scontext=u:r:init:s0 tcontext=u:object_r:mediacodec_service:s0 tclass=service_manager permissive=1
01-21 04:18:00.344  1195  1195 I OMXClient: MuxOMX ctor
01-21 04:18:00.348  1545  1545 I art     : System.exit called, status: 0
01-21 04:18:00.348  1545  1545 I AndroidRuntime: VM exiting with result code 0, cleanup skipped.
01-21 04:18:00.356  1195  1195 I MediaPlayerService: MediaPlayerService::getOMX
01-21 04:18:00.356  1195  1195 I OMXClient: MuxOMX ctor
01-21 04:18:00.356  1184  1184 I OMXMaster: makeComponentInstance(OMX.google.mp3.decoder) in mediacodec process
01-21 04:18:00.365  1236  1541 D UsbHostManager: Added device UsbDevice[mName=/dev/bus/usb/002/002,mVendorId=33006,mProductId=33,mClass=0,mSubclass=0,mProtocol=0,mManufacturerName=VirtualBox,mProductName=USB Tablet,mVersion=1.16,mSerialNumber=null,mConfigurations=[
01-21 04:18:00.365  1236  1541 D UsbHostManager: UsbConfiguration[mId=1,mName=null,mAttributes=128,mMaxPower=50,mInterfaces=[
01-21 04:18:00.365  1236  1541 D UsbHostManager: UsbInterface[mId=0,mAlternateSetting=0,mName=null,mClass=3,mSubclass=0,mProtocol=0,mEndpoints=[
01-21 04:18:00.365  1236  1541 D UsbHostManager: UsbEndpoint[mAddress=129,mAttributes=3,mMaxPacketSize=8,mInterval=10]]]]
01-21 04:18:00.372  1236  1270 D BluetoothManagerService: Message: 400
01-21 04:18:00.383  1236  1541 W ContextImpl: Calling a method in the system process without a qualified user: android.app.ContextImpl.sendBroadcast:877 com.android.server.usb.UsbSettingsManager.deviceAttached:739 com.android.server.usb.UsbHostManager.endUsbDeviceAdded:225 com.android.server.usb.UsbHostManager.monitorUsbHostBus:-2 com.android.server.usb.UsbHostManager.-wrap0:-1 
01-21 04:18:00.389  1195  1195 I MediaPlayerService: MediaPlayerService::getOMX
01-21 04:18:00.389  1195  1195 I OMXClient: MuxOMX ctor
01-21 04:18:00.389  1184  1571 I OMXMaster: makeComponentInstance(OMX.google.amrnb.decoder) in mediacodec process
01-21 04:18:00.412  1527  1527 V SystemUIService: Starting SystemUI services for user 0.
01-21 04:18:00.451  1195  1195 I MediaPlayerService: MediaPlayerService::getOMX
01-21 04:18:00.451  1195  1195 I OMXClient: MuxOMX ctor
01-21 04:18:00.451  1184  1571 I OMXMaster: makeComponentInstance(OMX.google.amrwb.decoder) in mediacodec process
01-21 04:18:00.452  1527  1527 V MediaRouter: Adding route: RouteInfo{ name=Phone, description=null, status=null, category=RouteCategory{ name=null types=ROUTE_TYPE_LIVE_AUDIO ROUTE_TYPE_LIVE_VIDEO  groupable=false }, supportedTypes=ROUTE_TYPE_LIVE_AUDIO ROUTE_TYPE_LIVE_VIDEO , presentationDisplay=null }
01-21 04:18:00.453  1494  1494 D AdapterServiceConfig: Adding HeadsetService
01-21 04:18:00.453  1494  1494 D AdapterServiceConfig: Adding A2dpService
01-21 04:18:00.453  1494  1494 D AdapterServiceConfig: Adding HidService
01-21 04:18:00.453  1494  1494 D AdapterServiceConfig: Adding HealthService
01-21 04:18:00.453  1494  1494 D AdapterServiceConfig: Adding PanService
01-21 04:18:00.453  1494  1494 D AdapterServiceConfig: Adding GattService
01-21 04:18:00.453  1494  1494 D AdapterServiceConfig: Adding BluetoothMapService
01-21 04:18:00.457  1527  1527 V MediaRouter: Updating audio routes: AudioRoutesInfo{ type=SPEAKER }
01-21 04:18:00.457  1527  1527 V MediaRouter: Selecting route: RouteInfo{ name=Phone, description=null, status=null, category=RouteCategory{ name=null types=ROUTE_TYPE_LIVE_AUDIO ROUTE_TYPE_LIVE_VIDEO  groupable=false }, supportedTypes=ROUTE_TYPE_LIVE_AUDIO ROUTE_TYPE_LIVE_VIDEO , presentationDisplay=null }
01-21 04:18:00.459  1195  1195 I MediaPlayerService: MediaPlayerService::getOMX
01-21 04:18:00.459  1195  1195 I OMXClient: MuxOMX ctor
01-21 04:18:00.459  1184  1184 I OMXMaster: makeComponentInstance(OMX.google.aac.decoder) in mediacodec process
01-21 04:18:00.463  1527  1527 V FingerprintManager: FingerprintManagerService was null
01-21 04:18:00.463  1527  1527 W FingerprintManager: isFingerprintHardwareDetected(): Service not connected!
01-21 04:18:00.463  1527  1527 W FingerprintManager: addLockoutResetCallback(): Service not connected!
01-21 04:18:00.464  1195  1195 I MediaPlayerService: MediaPlayerService::getOMX
01-21 04:18:00.464  1195  1195 I OMXClient: MuxOMX ctor
01-21 04:18:00.464  1184  1190 I OMXMaster: makeComponentInstance(OMX.google.g711.alaw.decoder) in mediacodec process
01-21 04:18:00.478  1501  1501 I LatinIME: Hardware accelerated drawing: true
01-21 04:18:00.485  1527  1581 E WVMExtractor: Failed to open libwvm.so: dlopen failed: library "libwvm.so" not found
01-21 04:18:00.521  1195  1195 I MediaPlayerService: MediaPlayerService::getOMX
01-21 04:18:00.521  1195  1195 I OMXClient: MuxOMX ctor
01-21 04:18:00.521  1184  1190 I OMXMaster: makeComponentInstance(OMX.google.g711.mlaw.decoder) in mediacodec process
01-21 04:18:00.548  1236  1236 W NetworkManagement: setDataSaverMode(): already false
01-21 04:18:00.554  1236  1270 D BluetoothManagerService: Message: 20
01-21 04:18:00.554  1236  1270 D BluetoothManagerService: Added callback: android.bluetooth.IBluetoothManagerCallback$Stub$Proxy@d473fdf:true
01-21 04:18:00.554  1494  1494 D BluetoothAdapterService: onCreate()
01-21 04:18:00.555  1494  1494 D BluetoothAdapterState: make() - Creating AdapterState
01-21 04:18:00.559  1236  1236 W NetworkStats: bandwidth controls disabled, unable to track stats
01-21 04:18:00.559  1236  1236 W NetworkPolicy: bandwidth controls disabled, unable to enforce policy
01-21 04:18:00.560  1236  1473 D ConnectivityService: Adding iface eth0 to network 100
01-21 04:18:00.569  1195  1195 I MediaPlayerService: MediaPlayerService::getOMX
01-21 04:18:00.569  1195  1195 I OMXClient: MuxOMX ctor
01-21 04:18:00.569  1184  1571 I OMXMaster: makeComponentInstance(OMX.google.vorbis.decoder) in mediacodec process
01-21 04:18:00.612  1501  1501 W InputAttributes: No editor info for this field. Bug?
01-21 04:18:00.613  1494  1494 I bt_btif : init
01-21 04:18:00.614  1494  1591 I BluetoothAdapterState: Entering OffState
01-21 04:18:00.631  1494  1594 W bt_osi_thread: run_thread: thread id 1594, thread name stack_manager started
01-21 04:18:00.633  1494  1594 I bt_stack_manager: event_init_stack is initializing the stack
01-21 04:18:00.633  1494  1594 I bt_core_module: module_init Initializing module "osi_module"
01-21 04:18:00.633  1494  1594 I bt_core_module: module_init Initialized module "osi_module"
01-21 04:18:00.633  1494  1594 I bt_core_module: module_init Initializing module "bt_utils_module"
01-21 04:18:00.633  1494  1594 I bt_core_module: module_init Initialized module "bt_utils_module"
01-21 04:18:00.633  1494  1594 I bt_core_module: module_init Initializing module "btif_config_module"
01-21 04:18:00.633  1494  1594 E bt_osi_config: config_new unable to open file '/data/misc/bluedroid/bt_config.conf': No such file or directory
01-21 04:18:00.633  1494  1594 W %s unable to load config file: %s; using backup.: init
01-21 04:18:00.633  1494  1594 E bt_osi_config: config_new unable to open file '/data/misc/bluedroid/bt_config.bak': No such file or directory
01-21 04:18:00.633  1494  1594 W %s unable to load backup; attempting to transcode legacy file.: init
01-21 04:18:00.633  1494  1594 E %s unable to load XML file '%s': %d: config_t *btif_config_transcode(const char *)
01-21 04:18:00.633  1494  1594 E %s unable to transcode legacy file; creating empty config.: init
01-21 04:18:00.634  1494  1598 W bt_osi_thread: run_thread: thread id 1598, thread name alarm_default_ca started
01-21 04:18:00.638  1494  1599 W bt_osi_thread: run_thread: thread id 1599, thread name alarm_dispatcher started
01-21 04:18:00.638  1494  1594 I bt_core_module: module_init Initialized module "btif_config_module"
01-21 04:18:00.638  1494  1594 I bt_core_module: module_init Initializing module "interop_module"
01-21 04:18:00.638  1494  1594 I bt_core_module: module_init Initialized module "interop_module"
01-21 04:18:00.638  1494  1594 I bt_core_module: module_init Initializing module "stack_config_module"
01-21 04:18:00.638  1494  1594 I bt_stack_config: init attempt to load stack conf from /etc/bluetooth/bt_stack.conf
01-21 04:18:00.643  1501  1600 I LatinIME:LogUtils: Dictionary info: dictionary = userunigram.en_US ; version = 1484972280 ; date = ?
01-21 04:18:00.644  1501  1600 E ActivityThread: Failed to find provider info for user_dictionary
01-21 04:18:00.644  1501  1600 I LatinIME:LogUtils: Dictionary info: dictionary = UserHistoryDictionary.en_US ; version = 1484972280 ; date = ?
01-21 04:18:00.653  1195  1195 I MediaPlayerService: MediaPlayerService::getOMX
01-21 04:18:00.653  1195  1195 I OMXClient: MuxOMX ctor
01-21 04:18:00.653  1184  1571 I OMXMaster: makeComponentInstance(OMX.google.opus.decoder) in mediacodec process
01-21 04:18:00.675  1494  1594 I bt_core_module: module_init Initialized module "stack_config_module"
01-21 04:18:00.682  1494  1604 W bt_osi_thread: run_thread: thread id 1604, thread name bt_jni_workqueue started
01-21 04:18:00.682  1494  1594 I bt_stack_manager: event_init_stack finished
01-21 04:18:00.682  1494  1494 I bt_osi_wakelock: wakelock_set_os_callouts set to non-native
01-21 04:18:00.682  1494  1494 I bt_btif : get_profile_interface socket
01-21 04:18:00.684  1236  1473 D ConnectivityService: Setting DNS servers for network 100 to [/10.0.2.3]
01-21 04:18:00.685  1236  1473 D ConnectivityService: Switching to new default network: NetworkAgentInfo{ ni{[type: Ethernet[], state: CONNECTED/CONNECTED, reason: (unspecified), extra: 08:00:27:f6:f6:fb, failover: false, available: true, roaming: false, metered: false]}  network{100}  nethandle{429513165534}  lp{{InterfaceName: eth0 LinkAddresses: [10.0.2.15/24,]  Routes: [10.0.2.0/24 -> 0.0.0.0 eth0,0.0.0.0/0 -> 10.0.2.2 eth0,] DnsAddresses: [10.0.2.3,] Domains: null MTU: 0 TcpBufferSizes: 524288,1048576,3145728,524288,1048576,2097152}}  nc{[ Transports: ETHERNET Capabilities: INTERNET&NOT_RESTRICTED&TRUSTED&NOT_VPN&FOREGROUND LinkUpBandwidth>=100000Kbps LinkDnBandwidth>=100000Kbps]}  Score{30}  everValidated{false}  lastValidated{false}  created{true} lingering{false} explicitlySelected{false} acceptUnvalidated{false} everCaptivePortalDetected{false} lastCaptivePortalDetected{false} }
01-21 04:18:00.685  1148  1148 E SELinux : avc:  denied  { find } for service=dns_listener pid=1197 uid=0 scontext=u:r:init:s0 tcontext=u:object_r:dns_listener_service:s0 tclass=service_manager permissive=1
01-21 04:18:00.863  1236  1262 W WindowManager: Keyguard drawn timeout. Setting mKeyguardDrawComplete
01-21 04:18:00.867  1494  1494 I bt_btif : get_profile_interface sdp
01-21 04:18:00.868  1236  1473 D ConnectivityService: Sending CONNECTED broadcast for type 9 NetworkAgentInfo [Ethernet () - 100] isDefaultNetwork=true
01-21 04:18:00.893  1494  1494 D BluetoothAdapterService: setAdapterService() - set to: null
01-21 04:18:00.893  1494  1494 D BluetoothAdapterService: onBind()
01-21 04:18:00.896  1494  1604 D BluetoothAdapterProperties: Address is:22:22:8B:CA:A1:BF
01-21 04:18:00.898  1494  1604 D BluetoothAdapterProperties: Name is: x86vbox_ch8
01-21 04:18:00.900  1236  1236 I SystemServiceManager: Starting phase 600
01-21 04:18:00.926  1236  1236 D SensorNotificationService: Cannot obtain dynamic meta sensor, not supported.
01-21 04:18:00.926  1527  1527 I vol.Events: writeEvent collection_started
01-21 04:18:00.961  1527  1608 I vol.Events: writeEvent external_ringer_mode_changed normal
01-21 04:18:00.961  1527  1608 I vol.Events: writeEvent internal_ringer_mode_changed normal
01-21 04:18:00.984  1236  1236 I GnssLocationProvider: WakeLock acquired by sendMessage(13, 0, null)
01-21 04:18:00.985  1236  1236 W LocationManagerService: no network location provider found
01-21 04:18:00.986  1236  1236 E LocationManagerService: no geocoder provider found
01-21 04:18:00.986  1236  1236 E FlpHardwareProvider: Error hw_get_module 'flp': -2
01-21 04:18:00.986  1236  1236 D LocationManagerService: FLP HAL not supported
01-21 04:18:00.986  1236  1236 D LocationManagerService: Unable to bind FLP Geofence proxy.
01-21 04:18:00.986  1236  1236 E ActivityRecognitionHardware: Error hw_get_module: -2
01-21 04:18:00.986  1236  1236 D LocationManagerService: Hardware Activity-Recognition not supported.
01-21 04:18:00.986  1236  1236 E ActivityRecognitionProxy: ServiceWatcher could not start.
01-21 04:18:00.986  1236  1236 D LocationManagerService: Unable to bind ActivityRecognitionProxy.
01-21 04:18:00.986  1236  1236 I GnssLocationProvider: WakeLock acquired by sendMessage(2, 1, null)
01-21 04:18:00.990  1236  1236 I CommonTimeManagementService: No common time service detected on this platform.  Common time services will be unavailable.
01-21 04:18:00.990  1236  1405 I InputReader: Reconfiguring input devices.  changes=0x00000020
01-21 04:18:00.991  1236  1405 I InputReader: Reconfiguring input devices.  changes=0x00000010
01-21 04:18:00.992  1236  1236 I MmsServiceBroker: Delay connecting to MmsService until an API is called
01-21 04:18:00.993  1236  1236 W VoiceInteractionManagerService: no available voice interaction services found for user 0
01-21 04:18:00.993  1236  1236 W VoiceInteractionManagerService: no available voice recognition services found for user 0
01-21 04:18:00.995  1236  1259 E GnssLocationProvider: no AGPS interface in set_agps_server
01-21 04:18:00.998  1236  1236 I ActivityManager: Start proc 1610:com.android.phone/1001 for added application com.android.phone
01-21 04:18:01.004  1236  1236 I ActivityManager: START u0 {act=android.intent.action.MAIN cat=[android.intent.category.HOME] flg=0x10000100 cmp=com.android.settings/.FallbackHome} from uid 0 on display 0
01-21 04:18:01.005  1236  1236 W System  : ClassLoader referenced unknown path: 
01-21 04:18:01.005  1236  1236 W System  : ClassLoader referenced unknown path: /system/priv-app/Settings/lib/x86
01-21 04:18:01.005  1236  1236 D ApplicationLoaders: ignored Vulkan layer search path /system/priv-app/Settings/lib/x86:/system/priv-app/Settings/Settings.apk!/lib/x86:/system/lib:/vendor/lib for namespace 0xb1a400d0
01-21 04:18:01.074  1236  1236 I ActivityManager: Loaded persisted task ids for user 0
01-21 04:18:01.078  1195  1195 I MediaPlayerService: MediaPlayerService::getOMX
01-21 04:18:01.078  1195  1195 I OMXClient: MuxOMX ctor
01-21 04:18:01.078  1184  1184 I OMXMaster: makeComponentInstance(OMX.google.raw.decoder) in mediacodec process
01-21 04:18:01.083  1236  1236 I ActivityManager: Start proc 1620:com.android.settings/1000 for activity com.android.settings/.FallbackHome
01-21 04:18:01.117  1236  1259 I GnssLocationProvider: WakeLock released by handleMessage(13, 0, null)
01-21 04:18:01.118  1236  1259 W GnssLocationProvider: Failed to enable location provider
01-21 04:18:01.119  1195  1195 I MediaPlayerService: MediaPlayerService::getOMX
01-21 04:18:01.119  1195  1195 I OMXClient: MuxOMX ctor
01-21 04:18:01.119  1184  1571 I OMXMaster: makeComponentInstance(OMX.google.aac.encoder) in mediacodec process
01-21 04:18:01.127  1501  1600 I LatinIME:LogUtils: Dictionary info: dictionary = main:en ; version = 54 ; date = 1414726273
01-21 04:18:01.127  1195  1195 I MediaPlayerService: MediaPlayerService::getOMX
01-21 04:18:01.127  1195  1195 I OMXClient: MuxOMX ctor
01-21 04:18:01.127  1184  1571 I OMXMaster: makeComponentInstance(OMX.google.amrnb.encoder) in mediacodec process
01-21 04:18:01.128  1195  1195 I MediaPlayerService: MediaPlayerService::getOMX
01-21 04:18:01.128  1195  1195 I OMXClient: MuxOMX ctor
01-21 04:18:01.128  1184  1571 I OMXMaster: makeComponentInstance(OMX.google.amrwb.encoder) in mediacodec process
01-21 04:18:01.129  1236  1236 D ConditionProviders.SCP: onConnected
01-21 04:18:01.129  1236  1236 D ZenLog  : set_zen_mode: off,readXml
01-21 04:18:01.130  1236  1236 D ConditionProviders: Subscribing to condition://android/schedule?days=6.7&start=23.30&end=10.0&exitAtAlarm=false with ComponentInfo{android/com.android.server.notification.ScheduleConditionProvider}
01-21 04:18:01.130  1236  1236 D ZenLog  : subscribe: condition://android/schedule?days=6.7&start=23.30&end=10.0&exitAtAlarm=false,ok
01-21 04:18:01.130  1236  1236 D ConditionProviders: Subscribing to condition://android/event?userId=-10000&calendar=&reply=1 with ComponentInfo{android/com.android.server.notification.EventConditionProvider}
01-21 04:18:01.130  1236  1236 D ZenLog  : subscribe: condition://android/event?userId=-10000&calendar=&reply=1,ok
01-21 04:18:01.130  1236  1236 D ConditionProviders: Subscribing to condition://android/schedule?days=1.2.3.4.5&start=22.0&end=7.0&exitAtAlarm=false with ComponentInfo{android/com.android.server.notification.ScheduleConditionProvider}
01-21 04:18:01.130  1236  1236 D ZenLog  : subscribe: condition://android/schedule?days=1.2.3.4.5&start=22.0&end=7.0&exitAtAlarm=false,ok
01-21 04:18:01.182  1236  1469 I WifiScanningService: wifi driver unloaded
01-21 04:18:01.182  1236  1236 D RttService: SCAN_AVAILABLE : 1
01-21 04:18:01.182  1236  1471 D RttService: DefaultState got{ when=0 what=160513 target=com.android.internal.util.StateMachine$SmHandler }
01-21 04:18:01.182  1236  1236 D ZenLog  : set_zen_mode: off,cleanUpZenRules
01-21 04:18:01.185  1236  1259 I GnssLocationProvider: WakeLock released by handleMessage(2, 1, null)
01-21 04:18:01.185  1620  1620 W art     : Unexpected CPU variant for X86 using defaults: x86
01-21 04:18:01.186  1195  1195 I MediaPlayerService: MediaPlayerService::getOMX
01-21 04:18:01.186  1195  1195 I OMXClient: MuxOMX ctor
01-21 04:18:01.186  1184  1571 I OMXMaster: makeComponentInstance(OMX.google.flac.encoder) in mediacodec process
01-21 04:18:01.206  1195  1195 I MediaPlayerService: MediaPlayerService::getOMX
01-21 04:18:01.206  1195  1195 I OMXClient: MuxOMX ctor
01-21 04:18:01.206  1184  1184 I OMXMaster: makeComponentInstance(OMX.google.mpeg4.decoder) in mediacodec process
01-21 04:18:01.240  1184  1571 E OMXNodeInstance: getExtensionIndex(4a0000e:google.mpeg4.decoder, OMX.google.android.index.configureVideoTunnelMode) ERROR: UnsupportedIndex(0x8000101a)
01-21 04:18:01.240  1184  1190 W OMXNodeInstance: [4a0000e:google.mpeg4.decoder] component does not support metadata mode; using fallback
01-21 04:18:01.262  1236  1236 W System  : ClassLoader referenced unknown path: /system/priv-app/Telecom/lib/x86
01-21 04:18:01.266  1236  1236 D ApplicationLoaders: ignored Vulkan layer search path /system/priv-app/Telecom/lib/x86:/system/priv-app/Telecom/Telecom.apk!/lib/x86:/system/lib:/vendor/lib for namespace 0xb1a40110
01-21 04:18:01.292  1195  1195 I MediaPlayerService: MediaPlayerService::getOMX
01-21 04:18:01.292  1195  1195 I OMXClient: MuxOMX ctor
01-21 04:18:01.292  1184  1190 I OMXMaster: makeComponentInstance(OMX.google.h263.decoder) in mediacodec process
01-21 04:18:01.306  1620  1620 W System  : ClassLoader referenced unknown path: /system/priv-app/Settings/lib/x86
01-21 04:18:01.316  1184  1571 E OMXNodeInstance: getExtensionIndex(4a0000f:google.h263.decoder, OMX.google.android.index.configureVideoTunnelMode) ERROR: UnsupportedIndex(0x8000101a)
01-21 04:18:01.316  1184  1184 W OMXNodeInstance: [4a0000f:google.h263.decoder] component does not support metadata mode; using fallback
01-21 04:18:01.316  1195  1195 I MediaPlayerService: MediaPlayerService::getOMX
01-21 04:18:01.316  1195  1195 I OMXClient: MuxOMX ctor
01-21 04:18:01.316  1184  1190 I OMXMaster: makeComponentInstance(OMX.google.h264.decoder) in mediacodec process
01-21 04:18:01.385  1610  1610 W art     : Unexpected CPU variant for X86 using defaults: x86
01-21 04:18:01.407  1236  1270 D BluetoothManagerService: Message: 30
01-21 04:18:01.413  1236  1236 I Telecom : SystemStateProvider: Registering car mode receiver: android.content.IntentFilter@e4e797e: TS.init@AAA
01-21 04:18:01.416  1236  1657 I Telecom : Telecom: Non-call EVENT: AUDIO_ROUTE, Entering state QuiescentEarpieceRoute
01-21 04:18:01.417  1195  1195 W ACodec  : [OMX.google.h264.decoder] stopping checking profiles after 32: 2/8000
01-21 04:18:01.417  1184  1184 E OMXNodeInstance: getExtensionIndex(4a00010:google.h264.decoder, OMX.google.android.index.configureVideoTunnelMode) ERROR: UnsupportedIndex(0x8000101a)
01-21 04:18:01.417  1184  1571 W OMXNodeInstance: [4a00010:google.h264.decoder] component does not support metadata mode; using fallback
01-21 04:18:01.421  1236  1659 I Telecom : CallAudioModeStateMachine: Message received: null.: TS.init->CAMSM.pM_1@AAA_0
01-21 04:18:01.421  1195  1195 I MediaPlayerService: MediaPlayerService::getOMX
01-21 04:18:01.421  1195  1195 I OMXClient: MuxOMX ctor
01-21 04:18:01.421  1184  1190 I OMXMaster: makeComponentInstance(OMX.google.hevc.decoder) in mediacodec process
01-21 04:18:01.429  1236  1270 D BluetoothManagerService: Message: 30
01-21 04:18:01.429  1236  1666 E ActivityThread: Failed to find provider info for call_log
01-21 04:18:01.443  1610  1610 W System  : ClassLoader referenced unknown path: /system/priv-app/TeleService/lib/x86
01-21 04:18:01.473  1620  1656 I EGL-DRI2: found extension DRI_Core version 1
01-21 04:18:01.473  1620  1656 I EGL-DRI2: found extension DRI_SWRast version 5
01-21 04:18:01.473  1620  1656 I EGL-DRI2: found extension DRI_TexBuffer version 2
01-21 04:18:01.473  1620  1656 I EGL-DRI2: found extension DRI_IMAGE version 11
01-21 04:18:01.473  1620  1656 I EGL-DRI2: found extension DRI_RENDERER_QUERY version 1
01-21 04:18:01.474  1620  1656 I EGL-DRI2: found extension DRI_CONFIG_QUERY version 1
01-21 04:18:01.474  1620  1656 I EGL-DRI2: found extension DRI2_Fence version 1
01-21 04:18:01.474  1620  1656 I OpenGLRenderer: Initialized EGL, version 1.4
01-21 04:18:01.474  1620  1656 D OpenGLRenderer: Swap behavior 1
01-21 04:18:01.474  1620  1656 W OpenGLRenderer: Failed to choose config with EGL_SWAP_BEHAVIOR_PRESERVED, retrying without...
01-21 04:18:01.474  1620  1656 D OpenGLRenderer: Swap behavior 0
01-21 04:18:01.480  1236  1236 I Telecom : Class: TelecomSystem.INSTANCE being set
01-21 04:18:01.509  1236  1270 D BluetoothManagerService: Message: 400
01-21 04:18:01.510  1236  1236 W ContextImpl: Calling a method in the system process without a qualified user: android.app.ContextImpl.startService:1357 android.content.ContextWrapper.startService:613 com.android.server.telecom.components.TelecomService.initializeTelecomSystem:176 com.android.server.telecom.components.TelecomService.onBind:61 android.app.ActivityThread.handleBindService:3218 
01-21 04:18:01.510  1236  1236 W ContextImpl: Calling a method in the system process without a qualified user: android.app.ContextImpl.startService:1357 com.android.server.content.SyncManager$13.run:658 android.os.Handler.handleCallback:751 android.os.Handler.dispatchMessage:95 android.os.Looper.loop:154 
01-21 04:18:01.531  1236  1270 D BluetoothManagerService: Message: 400
01-21 04:18:01.538  1236  1236 D BluetoothManagerService: BluetoothServiceConnection: com.android.bluetooth.btservice.AdapterService
01-21 04:18:01.538  1236  1236 D BluetoothManagerService: Bluetooth Adapter name changed to x86vbox_ch8
01-21 04:18:01.538  1236  1236 D BluetoothManagerService: Stored Bluetooth name: x86vbox_ch8
01-21 04:18:01.539  1236  1270 D BluetoothManagerService: Message: 40
01-21 04:18:01.539  1236  1270 D BluetoothManagerService: MESSAGE_BLUETOOTH_SERVICE_CONNECTED: 1
01-21 04:18:01.539  1494  1520 I bt_btif : config_hci_snoop_log
01-21 04:18:01.540  1236  1270 D BluetoothManagerService: Calling onBluetoothServiceUp callbacks
01-21 04:18:01.540  1236  1270 D BluetoothManagerService: Broadcasting onBluetoothServiceUp() to 2 receivers.
01-21 04:18:01.540  1236  1270 D BluetoothAdapter: onBluetoothServiceUp: android.bluetooth.IBluetooth$Stub$Proxy@609f64a
01-21 04:18:01.540  1494  1520 D BluetoothAdapter: onBluetoothServiceUp: com.android.bluetooth.btservice.AdapterService$AdapterServiceBinder@e6f90a8
01-21 04:18:01.540  1494  1520 D BluetoothAdapterService: enable() - Enable called with quiet mode status =  false
01-21 04:18:01.540  1494  1591 D BluetoothAdapterState: Current state: OFF, message: 0
01-21 04:18:01.540  1494  1591 D BluetoothAdapterProperties: Setting state to 14
01-21 04:18:01.540  1494  1591 I BluetoothAdapterState: Bluetooth adapter state changed: 10-> 14
01-21 04:18:01.540  1494  1591 D BluetoothAdapterService: updateAdapterState() - Broadcasting state to 1 receivers.
01-21 04:18:01.540  1494  1591 D BluetoothAdapterService: BleOnProcessStart()
01-21 04:18:01.540  1494  1591 D BluetoothAdapterService: BleOnProcessStart() - Make Bond State Machine
01-21 04:18:01.540  1494  1591 D BluetoothBondStateMachine: make
01-21 04:18:01.540  1236  1270 D BluetoothManagerService: Message: 60
01-21 04:18:01.541  1236  1270 D BluetoothManagerService: MESSAGE_BLUETOOTH_STATE_CHANGE: prevState = 10, newState =14
01-21 04:18:01.541  1236  1270 D BluetoothManagerService: bluetoothStateChangeHandler: 10 ->  14
01-21 04:18:01.541  1236  1270 D BluetoothManagerService: BLE State Change Intent: 10 -> 14
01-21 04:18:01.567  1236  1260 V KeyguardServiceDelegate: *** Keyguard started
01-21 04:18:01.568  1236  1260 D KbdSensor: poll_activate: dev=0x96789900 handle=0 enabled=1
01-21 04:18:01.568  1236  1260 D KbdSensor: poll_setDelay: dev=0x96789900 delay-ns=66667000
01-21 04:18:01.568  1236  1260 W KeyguardServiceDelegate: onScreenTurningOn(): no keyguard service!
01-21 04:18:01.568  1236  1272 I ActivityManager: Displayed com.android.settings/.FallbackHome: +488ms
01-21 04:18:01.571  1236  1236 W System  : ClassLoader referenced unknown path: /system/priv-app/FusedLocation/lib/x86
01-21 04:18:01.571  1236  1236 D ApplicationLoaders: ignored Vulkan layer search path /system/priv-app/FusedLocation/lib/x86:/system/priv-app/FusedLocation/FusedLocation.apk!/lib/x86:/system/lib:/vendor/lib for namespace 0xb1a40150
01-21 04:18:01.573  1236  1236 D GpsNetInitiatedHandler: location enabled :true
01-21 04:18:01.573  1236  1236 I WiredAccessoryManager: notifyWiredAccessoryChanged: when=0 bits= mask=154
01-21 04:18:01.573  1236  1236 V WiredAccessoryManager: newName=h2w newState=0 headsetState=0 prev headsetState=0
01-21 04:18:01.573  1236  1236 E WiredAccessoryManager: No state change.
01-21 04:18:01.573  1236  1236 V WiredAccessoryManager: init()
01-21 04:18:01.633  1494  1591 D BluetoothAdapterService: setProfileServiceState() - Starting service com.android.bluetooth.gatt.GattService
01-21 04:18:01.657  1494  1591 I BluetoothAdapterState: Entering PendingCommandState
01-21 04:18:01.657  1494  1667 I BluetoothBondStateMachine: StableState(): Entering Off State
01-21 04:18:01.660  1494  1494 I BtGatt.JNI: classInitNative(L922): classInitNative: Success!
01-21 04:18:01.660  1494  1494 D BtGatt.DebugUtils: handleDebugAction() action=null
01-21 04:18:01.661  1494  1494 D BluetoothAdapterService: getAdapterService() - returning com.android.bluetooth.btservice.AdapterService@f6cdc45
01-21 04:18:01.661  1494  1494 D BtGatt.GattService: Received start request. Starting profile...
01-21 04:18:01.661  1494  1494 D BtGatt.GattService: start()
01-21 04:18:01.661  1494  1494 I bt_btif : get_profile_interface gatt
01-21 04:18:01.661  1494  1494 D BluetoothAdapterService: getAdapterService() - returning com.android.bluetooth.btservice.AdapterService@f6cdc45
01-21 04:18:01.661  1494  1494 D BtGatt.AdvertiseManager: advertise manager created
01-21 04:18:01.662  1236  1236 W VibratorService: Tried to stop vibrating but there is no vibrator device.
01-21 04:18:01.663  1236  1236 D ConditionProviders.SCP: onSubscribe condition://android/schedule?days=6.7&start=23.30&end=10.0&exitAtAlarm=false
01-21 04:18:01.663  1236  1236 D ConditionProviders.SCP: setRegistered true
01-21 04:18:01.663  1236  1236 D ConditionProviders.SCP: notifyCondition condition://android/schedule?days=6.7&start=23.30&end=10.0&exitAtAlarm=false STATE_TRUE reason=meetsSchedule
01-21 04:18:01.663  1236  1236 D ConditionProviders.SCP: Scheduling evaluate for Sat Jan 21 10:00:00 GMT+00:00 2017 (1484992800000), in +5h41m58s337ms, now=Sat Jan 21 04:18:01 GMT+00:00 2017 (1484972281663)
01-21 04:18:01.663  1236  1236 D ConditionProviders.SCP: onSubscribe condition://android/schedule?days=1.2.3.4.5&start=22.0&end=7.0&exitAtAlarm=false
01-21 04:18:01.663  1236  1236 D ConditionProviders.SCP: notifyCondition condition://android/schedule?days=6.7&start=23.30&end=10.0&exitAtAlarm=false STATE_TRUE reason=meetsSchedule
01-21 04:18:01.663  1236  1236 D ConditionProviders.SCP: notifyCondition condition://android/schedule?days=1.2.3.4.5&start=22.0&end=7.0&exitAtAlarm=false STATE_FALSE reason=!meetsSchedule
01-21 04:18:01.664  1236  1236 D ConditionProviders.SCP: Scheduling evaluate for Sat Jan 21 07:00:00 GMT+00:00 2017 (1484982000000), in +2h41m58s337ms, now=Sat Jan 21 04:18:01 GMT+00:00 2017 (1484972281663)
01-21 04:18:01.666  1236  1236 I Telecom : WiredHeadsetManager: ACTION_HEADSET_PLUG event, plugged in: false, : WHC.oADA@AAE
01-21 04:18:01.667  1236  1236 I ActivityManager: user 0 is still locked. Cannot load recents
01-21 04:18:01.673  1236  1479 E ActivityThread: Failed to find provider info for com.android.calendar
01-21 04:18:01.675  1236  1479 E ActivityThread: Failed to find provider info for com.android.calendar
01-21 04:18:01.676  1494  1494 D BluetoothAdapterService: getAdapterService() - returning com.android.bluetooth.btservice.AdapterService@f6cdc45
01-21 04:18:01.676  1494  1494 D BluetoothAdapterService: handleMessage() - Message: 1
01-21 04:18:01.676  1494  1494 D BluetoothAdapterService: handleMessage() - MESSAGE_PROFILE_SERVICE_STATE_CHANGED
01-21 04:18:01.676  1494  1494 D BluetoothAdapterService: processProfileServiceStateChanged() serviceName=com.android.bluetooth.gatt.GattService, state=12, doUpdate=true
01-21 04:18:01.676  1494  1494 V BluetoothAdapterState: isTurningOff()=false
01-21 04:18:01.676  1494  1494 V BluetoothAdapterState: isTurningOn()=false
01-21 04:18:01.676  1494  1494 V BluetoothAdapterState: isBleTurningOn()=true
01-21 04:18:01.676  1494  1494 V BluetoothAdapterState: isBleTurningOff()=false
