--------- beginning of main
01-21 01:57:47.652  1094  1094 W auditd  : type=2000 audit(0.0:1): initialized
01-21 01:58:04.735  1094  1094 I auditd  : type=1403 audit(0.0:2): policy loaded auid=4294967295 ses=4294967295
01-21 01:58:04.770     1     1 I init    : type=1400 audit(0.0:3): avc: denied { open } for path="/selinux_version" dev="tmpfs" ino=4758 scontext=u:r:kernel:s0 tcontext=u:object_r:tmpfs:s0 tclass=file permissive=1
01-21 01:58:04.780     1     1 I init    : type=1400 audit(0.0:4): avc: denied { relabelfrom } for name="init" dev="tmpfs" ino=4726 scontext=u:r:kernel:s0 tcontext=u:object_r:tmpfs:s0 tclass=file permissive=1
01-21 01:58:04.791     1     1 I init    : type=1400 audit(0.0:5): avc: denied { relabelfrom } for name="property_contexts" dev="tmpfs" ino=4742 scontext=u:r:init:s0 tcontext=u:object_r:tmpfs:s0 tclass=file permissive=1
01-21 01:58:04.841  1076  1076 I ueventd : type=1400 audit(0.0:6): avc: denied { open } for path="/ueventd.rc" dev="tmpfs" ino=4766 scontext=u:r:ueventd:s0 tcontext=u:object_r:tmpfs:s0 tclass=file permissive=1
01-21 01:58:04.844  1076  1076 I ueventd : type=1400 audit(0.0:7): avc: denied { read } for name="modules.alias" dev="sda1" ino=25301 scontext=u:r:ueventd:s0 tcontext=u:object_r:unlabeled:s0 tclass=file permissive=1
01-21 01:58:04.846  1076  1076 I ueventd : type=1400 audit(0.0:8): avc: denied { open } for path="/system/lib/modules/4.4.34-android-x86/modules.alias" dev="sda1" ino=25301 scontext=u:r:ueventd:s0 tcontext=u:object_r:unlabeled:s0 tclass=file permissive=1
01-21 01:58:04.901  1076  1076 I ueventd : type=1400 audit(0.0:9): avc: denied { getattr } for path="/system/lib/modules/4.4.34-android-x86/modules.alias" dev="sda1" ino=25301 scontext=u:r:ueventd:s0 tcontext=u:object_r:unlabeled:s0 tclass=file permissive=1
01-21 01:58:04.921  1076  1076 I ueventd : type=1400 audit(0.0:10): avc: denied { sys_module } for capability=16 scontext=u:r:ueventd:s0 tcontext=u:r:ueventd:s0 tclass=capability permissive=1
01-21 01:58:05.010  1076  1076 I ueventd : type=1400 audit(0.0:11): avc: denied { module_load } for path="/system/lib/modules/4.4.34-android-x86/kernel/sound/ac97_bus.ko" dev="sda1" ino=34740 scontext=u:r:ueventd:s0 tcontext=u:object_r:unlabeled:s0 tclass=system permissive=1
01-21 01:58:05.886  1094  1094 I logd    : type=1400 audit(0.0:30): avc: denied { read } for scontext=u:r:init:s0 tcontext=u:r:init:s0 tclass=netlink_audit_socket permissive=1
01-21 01:58:05.927  1101  1101 I sh      : type=1400 audit(0.0:31): avc: denied { ioctl } for path="/dev/pts/0" dev="devpts" ino=3 ioctlcmd=5401 scontext=u:r:init:s0 tcontext=u:object_r:devpts:s0 tclass=chr_file permissive=1
01-21 01:58:05.946  1105  1105 I setprop : type=1400 audit(0.0:32): avc: denied { write } for name="property_service" dev="tmpfs" ino=5195 scontext=u:r:init:s0 tcontext=u:object_r:property_socket:s0 tclass=sock_file permissive=1
01-21 01:58:05.957  1100  1100 I sh      : + '[' -e /vendor/etc/init.sh ']'
01-21 01:58:05.957  1100  1100 I sh      : + do_init
01-21 01:58:05.957  1100  1100 I sh      : + init_misc
01-21 01:58:05.957  1100  1100 I sh      : + cat /sys/class/dmi/id/sys_vendor
01-21 01:58:05.957  1100  1100 I sh      : + setprop ro.product.manufacturer 'innotek GmbH'
01-21 01:58:05.966  1100  1100 I sh      : + setprop ro.product.model VirtualBox
01-21 01:58:05.986  1100  1100 I sh      : + grep 1a8d:1000
01-21 01:58:05.988  1101  1101 I sh      : type=1400 audit(0.0:33): avc: denied { execute } for name="busybox" dev="tmpfs" ino=4957 scontext=u:r:init:s0 tcontext=u:object_r:tmpfs:s0 tclass=file permissive=1
01-21 01:58:05.988  1100  1100 I sh      : + lsusb
01-21 01:58:05.991  1100  1100 I sh      : + '[' -d /sys/devices/system/cpu/cpu0/cpufreq ']'
01-21 01:58:05.991  1100  1100 I sh      : + modprobe acpi-cpufreq
01-21 01:58:05.996  1111  1111 I sh      : type=1400 audit(0.0:34): avc: denied { execute_no_trans } for path="/bin/busybox" dev="tmpfs" ino=4957 scontext=u:r:init:s0 tcontext=u:object_r:tmpfs:s0 tclass=file permissive=1
01-21 01:58:05.997  1111  1111 I modprobe: type=1400 audit(0.0:35): avc: denied { sys_module } for capability=16 scontext=u:r:init:s0 tcontext=u:r:init:s0 tclass=capability permissive=1
01-21 01:58:05.997  1111  1111 I modprobe: type=1400 audit(0.0:36): avc: denied { module_load } for scontext=u:r:init:s0 tcontext=u:r:init:s0 tclass=system permissive=1
01-21 01:58:05.998  1100  1100 I sh      : + init_hal_audio
01-21 01:58:05.998  1100  1100 I sh      : + '[' -d /proc/asound/card0 ']'
01-21 01:58:06.006  1100  1100 I sh      : + cat /proc/asound/card0/id
01-21 01:58:06.006  1100  1100 I sh      : + '[' I82801AAICH '=' IntelHDMI ']'
01-21 01:58:06.006  1100  1100 I sh      : + init_hal_bluetooth
01-21 01:58:06.006  1100  1100 I sh      : + cat '/sys/class/rfkill/*/type'
01-21 01:58:06.006  1100  1100 I sh      : /system/etc/init.sh[454]: cat: /sys/class/rfkill/*/type: No such file or directory
01-21 01:58:06.007  1100  1100 I sh      : + type= 
01-21 01:58:06.007  1100  1100 I sh      : + '['  '=' wlan -o  '=' bluetooth ']'
01-21 01:58:06.007  1100  1100 I sh      : + awk ' /Class:.E0/ { print $9 } '
01-21 01:58:06.008  1100  1100 I sh      : + busybox lsusb -v
01-21 01:58:06.011  1100  1100 I sh      : + '[' -n  ']'
01-21 01:58:06.011  1100  1100 I sh      : + init_hal_camera
01-21 01:58:06.011  1100  1100 I sh      : + return
01-21 01:58:06.011  1100  1100 I sh      : + init_hal_gps
01-21 01:58:06.011  1100  1100 I sh      : + return
01-21 01:58:06.011  1100  1100 I sh      : + init_hal_gralloc
01-21 01:58:06.016  1100  1100 I sh      : + head -1
01-21 01:58:06.019  1100  1100 I sh      : + cat /proc/fb
01-21 01:58:06.019  1100  1100 I sh      : + init_uvesafb
01-21 01:58:06.019  1100  1100 I sh      : + '['  '=' 0 ']'
01-21 01:58:06.019  1100  1100 I sh      : + bpp=32 
01-21 01:58:06.019  1100  1100 I sh      : + modprobe uvesafb 'mode_option=1024x768-32' 'mtrr=3' 'scroll=redraw'
01-21 01:58:06.035  1119  1119 I kworker/u2:0: type=1400 audit(0.0:37): avc: denied { execute } for name="linker" dev="sda1" ino=8376 scontext=u:r:kernel:s0 tcontext=u:object_r:unlabeled:s0 tclass=file permissive=1
01-21 01:58:06.035  1119  1119 I v86d    : type=1400 audit(0.0:38): avc: denied { getattr } for path="/system" dev="sda1" ino=8152 scontext=u:r:kernel:s0 tcontext=u:object_r:unlabeled:s0 tclass=dir permissive=1
01-21 01:58:06.036  1119  1119 I v86d    : type=1400 audit(0.0:39): avc: denied { create } for scontext=u:r:kernel:s0 tcontext=u:r:kernel:s0 tclass=netlink_connector_socket permissive=1
01-21 01:58:06.036  1119  1119 I v86d    : type=1400 audit(0.0:40): avc: denied { net_admin } for capability=12 scontext=u:r:kernel:s0 tcontext=u:r:kernel:s0 tclass=capability permissive=1
01-21 01:58:06.036  1120  1120 I v86d    : type=1400 audit(0.0:41): avc: denied { execute } for path="/dev/zero" dev="tmpfs" ino=5272 scontext=u:r:kernel:s0 tcontext=u:object_r:zero_device:s0 tclass=chr_file permissive=1
01-21 01:58:06.036  1120  1120 I v86d    : type=1400 audit(0.0:42): avc: denied { mmap_zero } for scontext=u:r:kernel:s0 tcontext=u:r:kernel:s0 tclass=memprotect permissive=1
01-21 01:58:06.036  1120  1120 I v86d    : type=1400 audit(0.0:43): avc: denied { read write } for name="mem" dev="tmpfs" ino=5267 scontext=u:r:kernel:s0 tcontext=u:object_r:kmem_device:s0 tclass=chr_file permissive=1
01-21 01:58:06.036  1120  1120 I v86d    : type=1400 audit(0.0:44): avc: denied { open } for path="/dev/mem" dev="tmpfs" ino=5267 scontext=u:r:kernel:s0 tcontext=u:object_r:kmem_device:s0 tclass=chr_file permissive=1
01-21 01:58:06.036  1120  1120 I v86d    : type=1400 audit(0.0:45): avc: denied { sys_rawio } for capability=17 scontext=u:r:kernel:s0 tcontext=u:r:kernel:s0 tclass=capability permissive=1
01-21 01:58:06.036  1120  1120 I v86d    : type=1400 audit(0.0:46): avc: denied { execute } for path="/dev/mem" dev="tmpfs" ino=5267 scontext=u:r:kernel:s0 tcontext=u:object_r:kmem_device:s0 tclass=chr_file permissive=1
01-21 01:58:06.946  1094  1094 I logd    : type=1400 audit(0.0:47): avc: denied { getopt } for scontext=u:r:init:s0 tcontext=u:r:init:s0 tclass=netlink_audit_socket permissive=1
01-21 01:58:06.947  1100  1100 I sh      : + '[' -n 2 ']'
01-21 01:58:06.947  1100  1100 I sh      : + set_property debug.egl.trace error
01-21 01:58:06.947  1100  1100 I sh      : + setprop debug.egl.trace error
01-21 01:58:06.962  1100  1100 I sh      : + '[' -n 2 ']'
01-21 01:58:06.962  1100  1100 I sh      : + >>/dev/x86.prop 
01-21 01:58:06.962  1100  1100 I sh      : + echo 'debug.egl.trace=error'
01-21 01:58:06.962  1100  1100 I sh      : + init_hal_hwcomposer
01-21 01:58:06.962  1100  1100 I sh      : + return
01-21 01:58:06.962  1100  1100 I sh      : + init_hal_lights
01-21 01:58:06.962  1100  1100 I sh      : + chown 1000.1000 '/sys/class/backlight/*/brightness'
01-21 01:58:06.976  1100  1100 I sh      : chown: /sys/class/backlight/*/brightness: No such file or directory
01-21 01:58:06.977  1100  1100 I sh      : + init_hal_power
01-21 01:58:06.977  1100  1100 I sh      : + >/sys/class/rtc/rtc0/device/power/wakeup 
01-21 01:58:06.977  1100  1100 I sh      : + echo disabled
01-21 01:58:06.986  1100  1100 I sh      : + init_hal_sensors
01-21 01:58:06.996  1100  1100 I sh      : + getprop ro.hardware
01-21 01:58:06.999  1100  1100 I sh      : + ro_hardware=x86vbox 
01-21 01:58:06.999  1100  1100 I sh      : + '[' -f /system/lib/hw/sensors.x86vbox.so ']'
01-21 01:58:06.999  1100  1100 I sh      : + typeset 'hal_sensors=kbd'
01-21 01:58:06.999  1100  1100 I sh      : + typeset 'has_sensors=true'
01-21 01:58:06.999  1100  1100 I sh      : + cat /sys/class/dmi/id/uevent
01-21 01:58:07.000  1100  1100 I sh      : + has_sensors=false 
01-21 01:58:07.000  1100  1100 I sh      : + 2>/dev/null 
01-21 01:58:07.000  1100  1100 I sh      : + ls '/sys/bus/iio/devices/iio:device*'
01-21 01:58:07.006  1100  1100 I sh      : + '[' -n  ']'
01-21 01:58:07.008  1100  1100 I sh      : + grep -q lis3lv02d_i2c
01-21 01:58:07.008  1100  1100 I sh      : + lsmod
01-21 01:58:07.010  1100  1100 I sh      : + set_property ro.hardware.sensors kbd
01-21 01:58:07.010  1100  1100 I sh      : + setprop ro.hardware.sensors kbd
01-21 01:58:07.020  1100  1100 I sh      : + '[' -n 2 ']'
01-21 01:58:07.020  1100  1100 I sh      : + >>/dev/x86.prop 
01-21 01:58:07.020  1100  1100 I sh      : + echo 'ro.hardware.sensors=kbd'
01-21 01:58:07.020  1100  1100 I sh      : + '[' kbd '!=' kbd ']'
01-21 01:58:07.020  1100  1100 I sh      : + set_property config.override_forced_orient false
01-21 01:58:07.020  1100  1100 I sh      : + setprop config.override_forced_orient false
01-21 01:58:07.107  1100  1100 I sh      : + '[' -n 2 ']'
01-21 01:58:07.107  1100  1100 I sh      : + >>/dev/x86.prop 
01-21 01:58:07.107  1100  1100 I sh      : + echo 'config.override_forced_orient=false'
01-21 01:58:07.107  1100  1100 I sh      : + init_tscal
01-21 01:58:07.107  1100  1100 I sh      : + awk '{ print $6 }'
01-21 01:58:07.109  1100  1100 I sh      : + lsusb
01-21 01:58:07.112  1100  1100 I sh      : + init_ril
01-21 01:58:07.112  1100  1100 I sh      : + cat /sys/class/dmi/id/uevent
01-21 01:58:07.113  1100  1100 I sh      : + set_property ro.radio.noril yes
01-21 01:58:07.113  1100  1100 I sh      : + setprop ro.radio.noril yes
01-21 01:58:07.127  1100  1100 I sh      : + '[' -n 2 ']'
01-21 01:58:07.127  1100  1100 I sh      : + >>/dev/x86.prop 
01-21 01:58:07.127  1100  1100 I sh      : + echo 'ro.radio.noril=yes'
01-21 01:58:07.127  1100  1100 I sh      : + post_init
01-21 01:58:07.127  1100  1100 I sh      : /system/etc/init.sh: post_init: not found
01-21 01:58:07.127  1100  1100 I sh      : + return 0
01-21 01:58:07.254  1136  1136 I         : debuggerd: starting
--------- beginning of system
01-21 01:58:07.318  1137  1137 I vold    : Vold 3.0 (the awakening) firing up
01-21 01:58:07.318  1137  1137 V vold    : Detected support for: ext4 f2fs vfat
01-21 01:58:07.569  1137  1137 I vold    : type=1400 audit(0.0:48): avc: denied { create } for scontext=u:r:init:s0 tcontext=u:r:init:s0 tclass=netlink_kobject_uevent_socket permissive=1
01-21 01:58:07.569  1137  1137 I vold    : type=1400 audit(0.0:49): avc: denied { setopt } for scontext=u:r:init:s0 tcontext=u:r:init:s0 tclass=netlink_kobject_uevent_socket permissive=1
01-21 01:58:07.569  1137  1137 I vold    : type=1400 audit(0.0:50): avc: denied { bind } for scontext=u:r:init:s0 tcontext=u:r:init:s0 tclass=netlink_kobject_uevent_socket permissive=1
01-21 01:58:07.569  1137  1137 I vold    : type=1400 audit(0.0:51): avc: denied { getopt } for scontext=u:r:init:s0 tcontext=u:r:init:s0 tclass=netlink_kobject_uevent_socket permissive=1
01-21 01:58:07.618  1139  1139 I vdc     : type=1400 audit(0.0:52): avc: denied { getattr } for path="/dev/pts/0" dev="devpts" ino=3 scontext=u:r:init:s0 tcontext=u:object_r:devpts:s0 tclass=chr_file permissive=1
01-21 01:58:07.618  1137  1142 D vold    : e4crypt_init_user0
01-21 01:58:07.618  1137  1142 D vold    : e4crypt_prepare_user_storage for volume null, user 0, serial 0, flags 1
01-21 01:58:07.618  1137  1142 D vold    : Preparing: /data/system/users/0
01-21 01:58:07.618  1137  1142 E cutils  : Failed to mkdir(/data/system/users/0): No such file or directory
01-21 01:58:07.618  1137  1142 E vold    : Failed to prepare /data/system/users/0: No such file or directory
01-21 01:58:07.618  1137  1142 E vold    : Failed to prepare user 0 storage
01-21 01:58:07.618     1     1 I vdc     : 400 1139 Command failed
01-21 01:58:07.618     1     1 I vdc     : vdc terminated by exit(144)
01-21 01:58:07.626  1137  1137 I vold    : type=1400 audit(0.0:53): avc: denied { read } for scontext=u:r:init:s0 tcontext=u:r:init:s0 tclass=netlink_kobject_uevent_socket permissive=1
01-21 01:58:07.636  1143  1143 I /system/bin/tzdatacheck: tzdata file /data/misc/zoneinfo/current/tzdata does not exist. No action required.
01-21 01:58:07.736  1144  1144 I logd    : type=1400 audit(0.0:54): avc: denied { write } for name="logd" dev="tmpfs" ino=5549 scontext=u:r:init:s0 tcontext=u:object_r:logd_socket:s0 tclass=sock_file permissive=1
01-21 01:58:07.736  1145  1145 I init    : type=1400 audit(0.0:55): avc: denied { entrypoint } for path="/sbin/healthd" dev="tmpfs" ino=4751 scontext=u:r:healthd:s0 tcontext=u:object_r:tmpfs:s0 tclass=file permissive=1
01-21 01:58:07.859  1146  1146 I lmkd    : type=1400 audit(0.0:56): avc: denied { ipc_lock } for capability=14 scontext=u:r:init:s0 tcontext=u:r:init:s0 tclass=capability permissive=1
01-21 01:58:07.860  1146  1146 I lowmemorykiller: Using in-kernel low memory killer interface
01-21 01:58:07.937  1147  1147 I servicemanager: type=1400 audit(0.0:57): avc: denied { set_context_mgr } for scontext=u:r:init:s0 tcontext=u:r:init:s0 tclass=binder permissive=1
01-21 01:58:08.036  1149  1149 I init    : type=1400 audit(0.0:58): avc: denied { entrypoint } for path="/system/bin/sh" dev="sda1" ino=8478 scontext=u:r:shell:s0 tcontext=u:object_r:unlabeled:s0 tclass=file permissive=1
01-21 01:58:08.036  1149  1149 I sh      : type=1400 audit(0.0:59): avc: denied { read } for path="/system/bin/linker" dev="sda1" ino=8376 scontext=u:r:shell:s0 tcontext=u:object_r:unlabeled:s0 tclass=file permissive=1
01-21 01:58:08.036  1149  1149 I sh      : type=1400 audit(0.0:60): avc: denied { getattr } for path="/system/bin/sh" dev="sda1" ino=8478 scontext=u:r:shell:s0 tcontext=u:object_r:unlabeled:s0 tclass=file permissive=1
01-21 01:58:08.036  1149  1149 I sh      : type=1400 audit(0.0:61): avc: denied { getattr } for path="/system" dev="sda1" ino=8152 scontext=u:r:shell:s0 tcontext=u:object_r:unlabeled:s0 tclass=dir permissive=1
01-21 01:58:08.036  1149  1149 I sh      : type=1400 audit(0.0:62): avc: denied { open } for path="/system/lib/libc++.so" dev="sda1" ino=17481 scontext=u:r:shell:s0 tcontext=u:object_r:unlabeled:s0 tclass=file permissive=1
01-21 01:58:08.036  1149  1149 I sh      : type=1400 audit(0.0:63): avc: denied { execute } for path="/system/lib/libm.so" dev="sda1" ino=17567 scontext=u:r:shell:s0 tcontext=u:object_r:unlabeled:s0 tclass=file permissive=1
01-21 01:58:08.040  1150  1150 I sh      : type=1400 audit(0.0:64): avc: denied { read } for name="getprop" dev="sda1" ino=8341 scontext=u:r:shell:s0 tcontext=u:object_r:unlabeled:s0 tclass=lnk_file permissive=1
01-21 01:58:08.040  1150  1150 I sh      : type=1400 audit(0.0:65): avc: denied { execute_no_trans } for path="/system/bin/toybox" dev="sda1" ino=8509 scontext=u:r:shell:s0 tcontext=u:object_r:unlabeled:s0 tclass=file permissive=1
01-21 01:58:08.045  1148  1148 I SurfaceFlinger: SurfaceFlinger is starting
01-21 01:58:08.045  1148  1148 I SurfaceFlinger: SurfaceFlinger's main thread ready to run. Initializing graphics H/W...
01-21 01:58:08.058  1148  1148 D libEGL  : loaded /system/lib/egl/libGLES_mesa.so
01-21 01:58:08.298  1154  1154 I init    : type=1400 audit(0.0:66): avc: denied { entrypoint } for path="/sbin/adbd" dev="tmpfs" ino=4744 scontext=u:r:adbd:s0 tcontext=u:object_r:tmpfs:s0 tclass=file permissive=1
01-21 01:58:08.327  1154  1154 I adbd    : type=1400 audit(0.0:67): avc: denied { read } for path="/sbin/adbd" dev="tmpfs" ino=4744 scontext=u:r:adbd:s0 tcontext=u:object_r:tmpfs:s0 tclass=file permissive=1
01-21 01:58:08.789  1161  1161 I         : installd firing up
01-21 01:58:08.790  1161  1161 E cutils  : Failed to read /data/.layout_version: No such file or directory
01-21 01:58:08.790  1161  1161 D         : Assuming that device has multi-user storage layout; upgrade no longer supported
01-21 01:58:08.790  1161  1161 E cutils  : Failed to mkdir(/data/misc/user/0): No such file or directory
01-21 01:58:08.790  1161  1161 E         : Failed to setup misc for user 0
01-21 01:58:08.790  1161  1161 E         : Could not create directories; exiting.
01-21 01:58:08.798  1162  1162 E keystore: chdir: /data/misc/keystore: No such file or directory
01-21 01:58:08.825  1148  1148 I EGL-DRI2: found extension DRI_Core version 1
01-21 01:58:08.825  1148  1148 I EGL-DRI2: found extension DRI_SWRast version 5
01-21 01:58:08.830  1148  1148 I surfaceflinger: type=1400 audit(0.0:68): avc: denied { write } for name="fb0" dev="tmpfs" ino=5702 scontext=u:r:init:s0 tcontext=u:object_r:graphics_device:s0 tclass=chr_file permissive=1
01-21 01:58:08.830  1148  1148 I surfaceflinger: type=1400 audit(0.0:69): avc: denied { ioctl } for path="/dev/graphics/fb0" dev="tmpfs" ino=5702 ioctlcmd=4602 scontext=u:r:init:s0 tcontext=u:object_r:graphics_device:s0 tclass=chr_file permissive=1
01-21 01:58:08.830  1148  1148 I EGL-DRI2: found extension DRI_TexBuffer version 2
01-21 01:58:08.830  1148  1148 I EGL-DRI2: found extension DRI_IMAGE version 11
01-21 01:58:08.830  1148  1148 I EGL-DRI2: found extension DRI_RENDERER_QUERY version 1
01-21 01:58:08.830  1148  1148 I EGL-DRI2: found extension DRI_CONFIG_QUERY version 1
01-21 01:58:08.830  1148  1148 I EGL-DRI2: found extension DRI2_Fence version 1
01-21 01:58:08.835  1148  1148 W gralloc : page flipping not supported (yres_virtual=768, requested=1536)
01-21 01:58:08.836  1148  1148 I gralloc : using (fd=11)
01-21 01:58:08.836  1148  1148 I gralloc : id           = VESA VGA
01-21 01:58:08.836  1148  1148 I gralloc : xres         = 1024 px
01-21 01:58:08.836  1148  1148 I gralloc : yres         = 768 px
01-21 01:58:08.836  1148  1148 I gralloc : xres_virtual = 1024 px
01-21 01:58:08.836  1148  1148 I gralloc : yres_virtual = 768 px
01-21 01:58:08.836  1148  1148 I gralloc : bpp          = 32
01-21 01:58:08.836  1148  1148 I gralloc : r            = 16:8
01-21 01:58:08.836  1148  1148 I gralloc : g            =  8:8
01-21 01:58:08.836  1148  1148 I gralloc : b            =  0:8
01-21 01:58:08.836  1148  1148 I gralloc : width        = 163 mm (159.568100 dpi)
01-21 01:58:08.836  1148  1148 I gralloc : height       = 122 mm (159.895081 dpi)
01-21 01:58:08.836  1148  1148 I gralloc : refresh rate = 65.46 Hz
01-21 01:58:08.836  1148  1148 E SurfaceFlinger: hwcomposer module not found
01-21 01:58:08.836  1148  1148 I SurfaceFlinger: EGL information:
01-21 01:58:08.836  1148  1148 I SurfaceFlinger: vendor    : Android
01-21 01:58:08.836  1148  1148 I SurfaceFlinger: version   : 1.4 Android META-EGL
01-21 01:58:08.836  1148  1148 I SurfaceFlinger: extensions: EGL_KHR_get_all_proc_addresses EGL_ANDROID_presentation_time EGL_KHR_swap_buffers_with_damage EGL_ANDROID_create_native_client_buffer EGL_ANDROID_front_buffer_auto_refresh EGL_KHR_image_base EGL_KHR_gl_texture_2D_image EGL_KHR_gl_texture_3D_image EGL_KHR_gl_texture_cubemap_image EGL_KHR_gl_renderbuffer_image EGL_KHR_reusable_sync EGL_KHR_fence_sync EGL_KHR_create_context EGL_KHR_surfaceless_context EGL_ANDROID_image_native_buffer EGL_KHR_wait_sync EGL_ANDROID_recordable 
01-21 01:58:08.836  1148  1148 I SurfaceFlinger: Client API: OpenGL_ES
01-21 01:58:08.836  1148  1148 I SurfaceFlinger: EGLSurface: 8-8-8-8, config=0xad324680
01-21 01:58:08.855  1148  1148 I SurfaceFlinger: OpenGL ES informations:
01-21 01:58:08.855  1148  1148 I SurfaceFlinger: vendor    : VMware, Inc.
01-21 01:58:08.855  1148  1148 I SurfaceFlinger: renderer  : Gallium 0.4 on llvmpipe (LLVM 3.8, 256 bits)
01-21 01:58:08.855  1148  1148 I SurfaceFlinger: version   : OpenGL ES 3.0 Mesa 13.0.2
01-21 01:58:08.855  1148  1148 I SurfaceFlinger: extensions: GL_EXT_blend_minmax GL_EXT_multi_draw_arrays GL_EXT_texture_compression_dxt1 GL_EXT_texture_format_BGRA8888 GL_OES_compressed_ETC1_RGB8_texture GL_OES_depth24 GL_OES_element_index_uint GL_OES_fbo_render_mipmap GL_OES_mapbuffer GL_OES_rgb8_rgba8 GL_OES_standard_derivatives GL_OES_stencil8 GL_OES_texture_3D GL_OES_texture_float GL_OES_texture_float_linear GL_OES_texture_half_float GL_OES_texture_half_float_linear GL_OES_texture_npot GL_EXT_texture_sRGB_decode GL_OES_EGL_image GL_OES_depth_texture GL_OES_packed_depth_stencil GL_EXT_texture_type_2_10_10_10_REV GL_OES_get_program_binary GL_APPLE_texture_max_level GL_EXT_discard_framebuffer GL_EXT_read_format_bgra GL_NV_fbo_color_attachments GL_OES_EGL_image_external GL_OES_EGL_sync GL_OES_vertex_array_object GL_ANGLE_texture_compression_dxt3 GL_ANGLE_texture_compression_dxt5 GL_EXT_texture_rg GL_EXT_unpack_subimage GL_NV_draw_buffers GL_NV_read_buffer GL_NV_read_depth GL_NV_read_depth_stencil GL_NV_read_stencil GL_EXT_draw_buffers GL_EXT_map_buffer_ra
01-21 01:58:08.855  1148  1148 I SurfaceFlinger: GL_MAX_TEXTURE_SIZE = 8192
01-21 01:58:08.855  1148  1148 I SurfaceFlinger: GL_MAX_VIEWPORT_DIMS = 8192
01-21 01:58:08.855  1148  1148 D DisplayDevice: Open /dev/tty0 OK
01-21 01:58:08.937  1148  1148 D SurfaceFlinger: shader cache generated - 24 shaders in 58.878357 ms
01-21 01:58:08.939  1145  1145 I healthd : type=1400 audit(0.0:70): avc: denied { call } for scontext=u:r:healthd:s0 tcontext=u:r:init:s0 tclass=binder permissive=1
01-21 01:58:08.939  1145  1145 I healthd : type=1400 audit(0.0:71): avc: denied { transfer } for scontext=u:r:healthd:s0 tcontext=u:r:init:s0 tclass=binder permissive=1
01-21 01:58:08.939  1147  1147 I servicemanager: type=1400 audit(0.0:72): avc: denied { getattr } for scontext=u:r:init:s0 tcontext=u:r:healthd:s0 tclass=process permissive=1
01-21 01:58:09.028  1159  1159 I cameraserver: type=1400 audit(0.0:73): avc: denied { call } for scontext=u:r:init:s0 tcontext=u:r:init:s0 tclass=binder permissive=1
01-21 01:58:09.029  1163  1163 I mediacodec: @@@ mediacodecservice starting
01-21 01:58:09.030  1159  1159 I cameraserver: ServiceManager: 0xb319afe0
01-21 01:58:09.030  1163  1163 W         : No seccomp filter defined for this architecture.
01-21 01:58:09.031  1163  1163 I mediacodec: type=1400 audit(0.0:74): avc: denied { transfer } for scontext=u:r:init:s0 tcontext=u:r:init:s0 tclass=binder permissive=1
01-21 01:58:09.031  1159  1159 I CameraService: CameraService started (pid=1159)
01-21 01:58:09.031  1159  1159 I CameraService: CameraService process starting
01-21 01:58:09.031  1159  1159 W BatteryNotifier: batterystats service unavailable!
01-21 01:58:09.031  1159  1159 W BatteryNotifier: batterystats service unavailable!
01-21 01:58:09.031  1147  1147 E SELinux : avc:  denied  { add } for service=media.codec pid=1163 uid=1046 scontext=u:r:init:s0 tcontext=u:object_r:mediacodec_service:s0 tclass=service_manager permissive=1
01-21 01:58:09.032  1159  1159 D Camera_Factory: CameraFactory::CameraFactory
01-21 01:58:09.032  1159  1159 D Camera_Factory: CameraFactory::parseConfig: configFile = /etc/camera.cfg
01-21 01:58:09.032  1159  1159 D Camera_Factory: /etc/camera.cfg not found, using camera configuration defaults
01-21 01:58:09.032  1159  1159 E cutils-trace: Error opening trace file: Permission denied (13)
01-21 01:58:09.032  1159  1159 D Camera_Factory: CameraFactory::get_number_of_cameras
01-21 01:58:09.032  1159  1159 D Camera_Factory: CameraFactory::getCameraNum: 0
01-21 01:58:09.032  1159  1159 I CameraService: Loaded "Camera Module" camera module
01-21 01:58:09.032  1159  1159 D Camera_Factory: CameraFactory::get_number_of_cameras
01-21 01:58:09.032  1159  1159 D Camera_Factory: CameraFactory::getCameraNum: 0
01-21 01:58:09.032  1159  1159 D Camera_Factory: CameraFactory::get_number_of_cameras
01-21 01:58:09.032  1159  1159 D Camera_Factory: CameraFactory::getCameraNum: 0
01-21 01:58:09.032  1159  1159 I ServiceManager: Waiting for service media.camera.proxy...
01-21 01:58:09.043  1158  1158 I audioserver: type=1400 audit(0.0:75): avc: denied { write } for name="pcmC0D0c" dev="tmpfs" ino=5248 scontext=u:r:init:s0 tcontext=u:object_r:audio_device:s0 tclass=chr_file permissive=1
01-21 01:58:09.043  1158  1158 I audioserver: type=1400 audit(0.0:76): avc: denied { ioctl } for path="/dev/snd/pcmC0D0c" dev="tmpfs" ino=5248 ioctlcmd=4101 scontext=u:r:init:s0 tcontext=u:object_r:audio_device:s0 tclass=chr_file permissive=1
01-21 01:58:09.043  1158  1158 I         : sMaxFastTracks = 8
01-21 01:58:09.043  1158  1158 I audioserver: ServiceManager: 0xb559afe0
01-21 01:58:09.043  1158  1158 W BatteryNotifier: batterystats service unavailable!
01-21 01:58:09.043  1158  1158 I AudioFlinger: Using default 3000 mSec as standby time.
01-21 01:58:09.043  1147  1147 E SELinux : avc:  denied  { add } for service=media.audio_flinger pid=1158 uid=1041 scontext=u:r:init:s0 tcontext=u:object_r:audioserver_service:s0 tclass=service_manager permissive=1
01-21 01:58:09.043  1158  1158 I AudioPolicyService: AudioPolicyService CSTOR in new mode
01-21 01:58:09.043  1158  1158 I APM::ConfigParsingUtils: loadAudioPolicyConfig() loaded /system/etc/audio_policy.conf
01-21 01:58:09.043  1147  1147 E SELinux : avc:  denied  { find } for service=media.audio_flinger pid=1158 uid=1041 scontext=u:r:init:s0 tcontext=u:object_r:audioserver_service:s0 tclass=service_manager permissive=1
01-21 01:58:09.044  1158  1158 D audio_hw_primary: found audio out at /dev/snd/pcmC0D0p
01-21 01:58:09.044  1158  1158 D audio_hw_primary: card: 0/0 id: Intel ICH
01-21 01:58:09.044  1158  1158 D audio_hw_primary: name: Intel 82801AA-ICH
01-21 01:58:09.044  1158  1158 D audio_hw_primary: subname: subdevice #0
01-21 01:58:09.044  1158  1158 D audio_hw_primary: stream: 0
01-21 01:58:09.044  1158  1158 I audio_hw_primary: choose pcmC0D0p for 0
01-21 01:58:09.045  1158  1158 E audio_hw_primary: Failed to open /system/etc/mixer_paths.xml
01-21 01:58:09.045  1158  1158 I AudioFlinger: loadHwModule() Loaded primary audio interface from Grouper audio HW HAL (audio) handle 10
01-21 01:58:09.045  1158  1158 I AudioFlinger: openOutput(), module 10 Device 2, SamplingRate 48000, Format 0x000001, Channels 3, flags 2
01-21 01:58:09.045  1158  1158 I audio_hw_primary: choose pcmC0D0p for 0
01-21 01:58:09.045  1158  1158 I AudioFlinger: HAL output buffer size 512 frames, normal sink buffer size 1024 frames
01-21 01:58:09.048  1158  1158 I BufferProvider: found effect "Multichannel Downmix To Stereo" from The Android Open Source Project
01-21 01:58:09.048  1158  1158 I AudioFlinger: Using module 10 has the primary audio interface
01-21 01:58:09.056  1158  1177 I AudioFlinger: AudioFlinger's thread 0xb5118800 ready to run
01-21 01:58:09.067  1147  1147 E SELinux : avc:  denied  { add } for service=drm.drmManager pid=1160 uid=1019 scontext=u:r:init:s0 tcontext=u:object_r:drmserver_service:s0 tclass=service_manager permissive=1
01-21 01:58:09.067  1158  1177 W BatteryNotifier: batterystats service unavailable!
01-21 01:58:09.067  1158  1177 W BatteryNotifier: batterystats service unavailable!
01-21 01:58:09.067  1158  1177 W BatteryNotifier: batterystats service unavailable!
01-21 01:58:09.067  1158  1177 W AudioFlinger: no wake lock to update, system not ready yet
01-21 01:58:09.067  1158  1177 E cutils-trace: Error opening trace file: Permission denied (13)
01-21 01:58:09.067  1158  1179 I AudioFlinger: AudioFlinger's thread 0xb4d835c0 ready to run
01-21 01:58:09.068  1158  1158 I bt_a2dp_hw: adev_open:  adev_open in A2dp_hw module
01-21 01:58:09.068  1158  1158 I AudioFlinger: loadHwModule() Loaded a2dp audio interface from A2DP Audio HW HAL (audio) handle 18
01-21 01:58:09.068  1158  1158 I AudioFlinger: loadHwModule() Loaded usb audio interface from USB audio HW HAL (audio) handle 26
01-21 01:58:09.068  1158  1158 I RadioService: RadioService
01-21 01:58:09.068  1158  1158 I RadioService: onFirstRef
01-21 01:58:09.068  1158  1158 E RadioService: couldn't load radio module radio.primary (No such file or directory)
01-21 01:58:09.069  1158  1158 E SoundTriggerHwService: couldn't load sound trigger module sound_trigger.primary (No such file or directory)
01-21 01:58:09.126  1164  1164 I mediaserver: ServiceManager: 0xac43c060
01-21 01:58:09.126  1147  1147 E SELinux : avc:  denied  { add } for service=media.drm pid=1164 uid=1013 scontext=u:r:init:s0 tcontext=u:object_r:mediadrmserver_service:s0 tclass=service_manager permissive=1
01-21 01:58:09.357  1184  1184 I Netd    : Netd 1.0 starting
01-21 01:58:09.357  1184  1184 D TetherController: Setting IP forward enable = 0
01-21 01:58:09.367  1185  1185 I iptables: type=1400 audit(0.0:77): avc: denied { create } for scontext=u:r:init:s0 tcontext=u:r:init:s0 tclass=rawip_socket permissive=1
01-21 01:58:09.367  1185  1185 I iptables: type=1400 audit(0.0:78): avc: denied { getopt } for lport=255 scontext=u:r:init:s0 tcontext=u:r:init:s0 tclass=rawip_socket permissive=1
01-21 01:58:09.406  1182  1182 V MediaUtils: physMem: 2118553600
01-21 01:58:09.406  1182  1182 V MediaUtils: requested limit: 423710720
01-21 01:58:09.406  1182  1182 V MediaUtils: actual limit: 423710720
01-21 01:58:09.406  1182  1182 V MediaUtils: original limits: 4294967295/4294967295
01-21 01:58:09.406  1182  1182 V MediaUtils: new limits: 423710720/4294967295
01-21 01:58:09.406  1182  1182 W /system/bin/mediaextractor: libminijail: allowing syscall: socketcall
01-21 01:58:09.406  1182  1182 W /system/bin/mediaextractor: libminijail: allowing syscall: writev
01-21 01:58:09.406  1182  1182 W /system/bin/mediaextractor: libminijail: allowing syscall: fcntl64
01-21 01:58:09.406  1182  1182 W /system/bin/mediaextractor: libminijail: allowing syscall: clock_gettime
01-21 01:58:09.406  1182  1182 W /system/bin/mediaextractor: libminijail: logging seccomp filter failures
01-21 01:58:09.409  1147  1147 E SELinux : avc:  denied  { add } for service=media.extractor pid=1182 uid=1040 scontext=u:r:init:s0 tcontext=u:object_r:mediaextractor_service:s0 tclass=service_manager permissive=1
01-21 01:58:09.426  1183  1183 I mediaserver: ServiceManager: 0xacdbc060
01-21 01:58:09.426  1183  1183 W BatteryNotifier: batterystats service unavailable!
01-21 01:58:09.426  1147  1147 E SELinux : avc:  denied  { add } for service=media.player pid=1183 uid=1013 scontext=u:r:init:s0 tcontext=u:object_r:mediaserver_service:s0 tclass=service_manager permissive=1
01-21 01:58:09.446  1147  1147 E SELinux : avc:  denied  { add } for service=SurfaceFlinger pid=1148 uid=0 scontext=u:r:init:s0 tcontext=u:object_r:surfaceflinger_service:s0 tclass=service_manager permissive=1
01-21 01:58:09.446  1147  1147 E SELinux : avc:  denied  { add } for service=gpu pid=1148 uid=0 scontext=u:r:init:s0 tcontext=u:object_r:gpu_service:s0 tclass=service_manager permissive=1
01-21 01:58:09.446  1148  1148 D SurfaceFlinger: Set power mode=2, type=0 flinger=0xad8b0000
01-21 01:58:09.489  1148  1148 I surfaceflinger: type=1400 audit(0.0:79): avc: denied { execmem } for scontext=u:r:init:s0 tcontext=u:r:init:s0 tclass=process permissive=1
01-21 01:58:09.606  1193  1193 I iptables: type=1400 audit(0.0:80): avc: denied { setopt } for lport=255 scontext=u:r:init:s0 tcontext=u:r:init:s0 tclass=rawip_socket permissive=1
01-21 01:58:09.862  1157  1157 F appproc : Error creating cache dir /data/dalvik-cache/x86 : No such file or directory
--------- beginning of crash
01-21 01:58:09.862  1157  1157 F libc    : Fatal signal 6 (SIGABRT), code -6 in tid 1157 (app_process)
01-21 01:58:09.862  1136  1136 W         : debuggerd: handling request: pid=1157 uid=0 gid=0 tid=1157
01-21 01:58:09.876  1201  1201 E DEBUG   : debuggerd: failed to find a valid tombstone, default to using tombstone 0.
01-21 01:58:09.876  1201  1201 E DEBUG   : debuggerd: failed to open tombstone file '/data/tombstones/tombstone_00': No such file or directory
01-21 01:58:09.876  1201  1201 E         : debuggerd: failed to open tombstone file: No such file or directory
01-21 01:58:09.876  1136  1136 W         : debuggerd: resuming target 1157
01-21 01:58:10.066  1159  1159 I ServiceManager: Waiting for service media.camera.proxy...
01-21 01:58:10.346  1227  1227 I powerbtnd: type=1400 audit(0.0:81): avc: denied { write } for name="event1" dev="tmpfs" ino=5464 scontext=u:r:init:s0 tcontext=u:object_r:input_device:s0 tclass=chr_file permissive=1
01-21 01:58:10.346  1227  1227 I powerbtnd: type=1400 audit(0.0:82): avc: denied { ioctl } for path="/dev/input/event1" dev="tmpfs" ino=5464 ioctlcmd=4506 scontext=u:r:init:s0 tcontext=u:object_r:input_device:s0 tclass=chr_file permissive=1
01-21 01:58:10.873  1254  1254 I gatekeeperd: Starting gatekeeperd...
01-21 01:58:10.873  1254  1254 E gatekeeperd: chdir: /data/misc/gatekeeper: No such file or directory
01-21 01:58:11.097  1159  1159 I ServiceManager: Waiting for service media.camera.proxy...
01-21 01:58:11.169  1279  1279 I perfprofd: starting Android Wide Profiling daemon
01-21 01:58:11.169  1279  1279 E perfprofd: unable to open configuration file /data/data/com.google.android.gms/files/perfprofd.conf
01-21 01:58:11.169  1279  1279 I perfprofd: random seed set to 1986159308
01-21 01:58:11.169  1279  1279 W perfprofd: unable to open destination dir /data/misc/perfprofd for cleanup
01-21 01:58:11.556  1147  1147 I ServiceManager: service 'media.audio_flinger' died
01-21 01:58:11.556  1147  1147 I ServiceManager: service 'media.audio_policy' died
01-21 01:58:11.556  1147  1147 I ServiceManager: service 'media.sound_trigger_hw' died
01-21 01:58:11.556  1147  1147 I ServiceManager: service 'media.radio' died
01-21 01:58:11.606  1227  1227 I powerbtn: open event0(Power Button) ok fd=4
01-21 01:58:11.807  1147  1147 I ServiceManager: service 'media.player' died
01-21 01:58:11.807  1147  1147 I ServiceManager: service 'media.resource_manager' died
01-21 01:58:11.895  1227  1227 I powerbtnd: type=1400 audit(0.0:83): avc: denied { write } for name="uinput" dev="tmpfs" ino=5421 scontext=u:r:init:s0 tcontext=u:object_r:uhid_device:s0 tclass=chr_file permissive=1
01-21 01:58:11.895  1227  1227 I powerbtnd: type=1400 audit(0.0:84): avc: denied { ioctl } for path="/dev/uinput" dev="tmpfs" ino=5421 ioctlcmd=5564 scontext=u:r:init:s0 tcontext=u:object_r:uhid_device:s0 tclass=chr_file permissive=1
01-21 01:58:12.651  1147  1147 E SELinux : avc:  denied  { find } for service=SurfaceFlinger pid=1318 uid=1003 scontext=u:r:init:s0 tcontext=u:object_r:surfaceflinger_service:s0 tclass=service_manager permissive=1
01-21 01:58:12.687  1148  1151 I SurfaceFlinger: auto set density to 160
01-21 01:58:12.688  1318  1320 D libEGL  : loaded /system/lib/egl/libGLES_mesa.so
01-21 01:58:12.703  1318  1320 I EGL-DRI2: found extension DRI_Core version 1
01-21 01:58:12.703  1318  1320 I EGL-DRI2: found extension DRI_SWRast version 5
01-21 01:58:12.703  1318  1320 I EGL-DRI2: found extension DRI_TexBuffer version 2
01-21 01:58:12.703  1318  1320 I EGL-DRI2: found extension DRI_IMAGE version 11
01-21 01:58:12.703  1318  1320 I EGL-DRI2: found extension DRI_RENDERER_QUERY version 1
01-21 01:58:12.703  1318  1320 I EGL-DRI2: found extension DRI_CONFIG_QUERY version 1
01-21 01:58:12.703  1318  1320 I EGL-DRI2: found extension DRI2_Fence version 1
01-21 01:58:12.703  1318  1320 E cutils-trace: Error opening trace file: Permission denied (13)
01-21 01:58:14.204  1321  1321 F appproc : Error creating cache dir /data/dalvik-cache/x86 : No such file or directory
01-21 01:58:14.204  1321  1321 F libc    : Fatal signal 6 (SIGABRT), code -6 in tid 1321 (app_process)
01-21 01:58:14.249  1136  1136 W         : debuggerd: handling request: pid=1321 uid=0 gid=0 tid=1321
01-21 01:58:14.256  1323  1323 E DEBUG   : debuggerd: failed to find a valid tombstone, default to using tombstone 0.
01-21 01:58:14.256  1323  1323 E DEBUG   : debuggerd: failed to open tombstone file '/data/tombstones/tombstone_00': No such file or directory
01-21 01:58:14.256  1323  1323 E         : debuggerd: failed to open tombstone file: No such file or directory
01-21 01:58:14.256  1136  1136 W         : debuggerd: resuming target 1321
01-21 01:58:14.258  1322  1322 I         : sMaxFastTracks = 8
01-21 01:58:14.258  1322  1322 I audioserver: ServiceManager: 0xb591afe0
01-21 01:58:14.258  1322  1322 W BatteryNotifier: batterystats service unavailable!
01-21 01:58:14.258  1322  1322 I AudioFlinger: Using default 3000 mSec as standby time.
01-21 01:58:14.258  1322  1322 I AudioPolicyService: AudioPolicyService CSTOR in new mode
01-21 01:58:14.259  1322  1322 I APM::ConfigParsingUtils: loadAudioPolicyConfig() loaded /system/etc/audio_policy.conf
01-21 01:58:14.259  1322  1322 D audio_hw_primary: found audio out at /dev/snd/pcmC0D0p
01-21 01:58:14.259  1322  1322 D audio_hw_primary: card: 0/0 id: Intel ICH
01-21 01:58:14.259  1322  1322 D audio_hw_primary: name: Intel 82801AA-ICH
01-21 01:58:14.259  1322  1322 D audio_hw_primary: subname: subdevice #0
01-21 01:58:14.259  1322  1322 D audio_hw_primary: stream: 0
01-21 01:58:14.259  1322  1322 I audio_hw_primary: choose pcmC0D0p for 0
01-21 01:58:14.259  1322  1322 E audio_hw_primary: Failed to open /system/etc/mixer_paths.xml
01-21 01:58:14.259  1322  1322 I AudioFlinger: loadHwModule() Loaded primary audio interface from Grouper audio HW HAL (audio) handle 10
01-21 01:58:14.259  1322  1322 I AudioFlinger: openOutput(), module 10 Device 2, SamplingRate 48000, Format 0x000001, Channels 3, flags 2
01-21 01:58:14.259  1322  1322 I audio_hw_primary: choose pcmC0D0p for 0
01-21 01:58:14.259  1322  1322 I AudioFlinger: HAL output buffer size 512 frames, normal sink buffer size 1024 frames
01-21 01:58:14.259  1322  1322 I BufferProvider: found effect "Multichannel Downmix To Stereo" from The Android Open Source Project
01-21 01:58:14.259  1322  1322 I AudioFlinger: Using module 10 has the primary audio interface
01-21 01:58:14.259  1322  1328 I AudioFlinger: AudioFlinger's thread 0xb5498ec0 ready to run
01-21 01:58:14.259  1322  1328 W BatteryNotifier: batterystats service unavailable!
01-21 01:58:14.259  1322  1328 W BatteryNotifier: batterystats service unavailable!
01-21 01:58:14.259  1322  1328 W BatteryNotifier: batterystats service unavailable!
01-21 01:58:14.259  1322  1328 W AudioFlinger: no wake lock to update, system not ready yet
01-21 01:58:14.259  1322  1328 E cutils-trace: Error opening trace file: Permission denied (13)
01-21 01:58:14.260  1322  1329 I AudioFlinger: AudioFlinger's thread 0xb5103400 ready to run
01-21 01:58:14.260  1322  1322 I bt_a2dp_hw: adev_open:  adev_open in A2dp_hw module
01-21 01:58:14.260  1322  1322 I AudioFlinger: loadHwModule() Loaded a2dp audio interface from A2DP Audio HW HAL (audio) handle 18
01-21 01:58:14.260  1322  1322 I AudioFlinger: loadHwModule() Loaded usb audio interface from USB audio HW HAL (audio) handle 26
01-21 01:58:14.260  1322  1322 I RadioService: RadioService
01-21 01:58:14.260  1322  1322 I RadioService: onFirstRef
01-21 01:58:14.260  1322  1322 E RadioService: couldn't load radio module radio.primary (No such file or directory)
01-21 01:58:14.260  1322  1322 E SoundTriggerHwService: couldn't load sound trigger module sound_trigger.primary (No such file or directory)
01-21 01:58:14.481  1331  1331 I cameraserver: ServiceManager: 0xaab1afe0
01-21 01:58:14.481  1331  1331 I CameraService: CameraService started (pid=1331)
01-21 01:58:14.481  1331  1331 I CameraService: CameraService process starting
01-21 01:58:14.481  1331  1331 W BatteryNotifier: batterystats service unavailable!
01-21 01:58:14.481  1331  1331 W BatteryNotifier: batterystats service unavailable!
01-21 01:58:14.481  1331  1331 D Camera_Factory: CameraFactory::CameraFactory
01-21 01:58:14.481  1331  1331 D Camera_Factory: CameraFactory::parseConfig: configFile = /etc/camera.cfg
01-21 01:58:14.481  1331  1331 D Camera_Factory: /etc/camera.cfg not found, using camera configuration defaults
01-21 01:58:14.481  1331  1331 E cutils-trace: Error opening trace file: Permission denied (13)
01-21 01:58:14.481  1331  1331 D Camera_Factory: CameraFactory::get_number_of_cameras
01-21 01:58:14.481  1331  1331 D Camera_Factory: CameraFactory::getCameraNum: 0
01-21 01:58:14.481  1331  1331 I CameraService: Loaded "Camera Module" camera module
01-21 01:58:14.481  1331  1331 D Camera_Factory: CameraFactory::get_number_of_cameras
01-21 01:58:14.481  1331  1331 D Camera_Factory: CameraFactory::getCameraNum: 0
01-21 01:58:14.481  1331  1331 D Camera_Factory: CameraFactory::get_number_of_cameras
01-21 01:58:14.481  1331  1331 D Camera_Factory: CameraFactory::getCameraNum: 0
01-21 01:58:14.481  1331  1331 I ServiceManager: Waiting for service media.camera.proxy...
01-21 01:58:14.645  1332  1332 I         : installd firing up
01-21 01:58:14.645  1332  1332 E cutils  : Failed to read /data/.layout_version: No such file or directory
01-21 01:58:14.645  1332  1332 D         : Assuming that device has multi-user storage layout; upgrade no longer supported
01-21 01:58:14.645  1332  1332 E cutils  : Failed to mkdir(/data/misc/user/0): No such file or directory
01-21 01:58:14.645  1332  1332 E         : Failed to setup misc for user 0
01-21 01:58:14.645  1332  1332 E         : Could not create directories; exiting.
01-21 01:58:14.836  1333  1333 E keystore: chdir: /data/misc/keystore: No such file or directory
01-21 01:58:15.126  1334  1334 I mediaserver: ServiceManager: 0xad23c060
01-21 01:58:15.126  1334  1334 W BatteryNotifier: batterystats service unavailable!
01-21 01:58:15.263  1336  1336 I Netd    : Netd 1.0 starting
01-21 01:58:15.263  1336  1336 D TetherController: Setting IP forward enable = 0
01-21 01:58:15.486  1331  1331 I ServiceManager: Waiting for service media.camera.proxy...
01-21 01:58:16.267  1147  1147 I ServiceManager: service 'media.audio_flinger' died
01-21 01:58:16.267  1147  1147 I ServiceManager: service 'media.audio_policy' died
01-21 01:58:16.267  1147  1147 I ServiceManager: service 'media.sound_trigger_hw' died
01-21 01:58:16.267  1147  1147 I ServiceManager: service 'media.radio' died
01-21 01:58:16.539  1147  1147 I ServiceManager: service 'media.player' died
01-21 01:58:16.539  1147  1147 I ServiceManager: service 'media.resource_manager' died
01-21 01:58:17.238  1393  1393 I gatekeeperd: Starting gatekeeperd...
01-21 01:58:17.238  1393  1393 E gatekeeperd: chdir: /data/misc/gatekeeper: No such file or directory
01-21 01:58:18.798  1396  1396 I         : sMaxFastTracks = 8
01-21 01:58:18.798  1396  1396 I audioserver: ServiceManager: 0xb4e9afe0
01-21 01:58:18.798  1396  1396 W BatteryNotifier: batterystats service unavailable!
01-21 01:58:18.798  1396  1396 I AudioFlinger: Using default 3000 mSec as standby time.
01-21 01:58:18.798  1396  1396 I AudioPolicyService: AudioPolicyService CSTOR in new mode
01-21 01:58:18.798  1396  1396 I APM::ConfigParsingUtils: loadAudioPolicyConfig() loaded /system/etc/audio_policy.conf
01-21 01:58:18.798  1396  1396 D audio_hw_primary: found audio out at /dev/snd/pcmC0D0p
01-21 01:58:18.798  1396  1396 D audio_hw_primary: card: 0/0 id: Intel ICH
01-21 01:58:18.798  1396  1396 D audio_hw_primary: name: Intel 82801AA-ICH
01-21 01:58:18.798  1396  1396 D audio_hw_primary: subname: subdevice #0
01-21 01:58:18.798  1396  1396 D audio_hw_primary: stream: 0
01-21 01:58:18.799  1396  1396 I audio_hw_primary: choose pcmC0D0p for 0
01-21 01:58:18.799  1396  1396 E audio_hw_primary: Failed to open /system/etc/mixer_paths.xml
01-21 01:58:18.799  1396  1396 I AudioFlinger: loadHwModule() Loaded primary audio interface from Grouper audio HW HAL (audio) handle 10
01-21 01:58:18.799  1396  1396 I AudioFlinger: openOutput(), module 10 Device 2, SamplingRate 48000, Format 0x000001, Channels 3, flags 2
01-21 01:58:18.799  1396  1396 I audio_hw_primary: choose pcmC0D0p for 0
01-21 01:58:18.799  1396  1396 I AudioFlinger: HAL output buffer size 512 frames, normal sink buffer size 1024 frames
01-21 01:58:18.799  1396  1396 I BufferProvider: found effect "Multichannel Downmix To Stereo" from The Android Open Source Project
01-21 01:58:18.799  1396  1396 I AudioFlinger: Using module 10 has the primary audio interface
01-21 01:58:18.819  1396  1401 I AudioFlinger: AudioFlinger's thread 0xb4a18ac0 ready to run
01-21 01:58:18.819  1396  1401 W BatteryNotifier: batterystats service unavailable!
01-21 01:58:18.819  1396  1401 W BatteryNotifier: batterystats service unavailable!
01-21 01:58:18.819  1396  1401 W BatteryNotifier: batterystats service unavailable!
01-21 01:58:18.819  1396  1401 W AudioFlinger: no wake lock to update, system not ready yet
01-21 01:58:18.819  1396  1401 E cutils-trace: Error opening trace file: Permission denied (13)
01-21 01:58:18.819  1396  1402 I AudioFlinger: AudioFlinger's thread 0xb4683980 ready to run
01-21 01:58:18.819  1396  1396 I bt_a2dp_hw: adev_open:  adev_open in A2dp_hw module
01-21 01:58:18.819  1396  1396 I AudioFlinger: loadHwModule() Loaded a2dp audio interface from A2DP Audio HW HAL (audio) handle 18
01-21 01:58:18.819  1396  1396 I AudioFlinger: loadHwModule() Loaded usb audio interface from USB audio HW HAL (audio) handle 26
01-21 01:58:18.819  1396  1396 I RadioService: RadioService
01-21 01:58:18.819  1396  1396 I RadioService: onFirstRef
01-21 01:58:18.819  1396  1396 E RadioService: couldn't load radio module radio.primary (No such file or directory)
01-21 01:58:18.819  1396  1396 E SoundTriggerHwService: couldn't load sound trigger module sound_trigger.primary (No such file or directory)
01-21 01:58:18.851  1395  1395 F appproc : Error creating cache dir /data/dalvik-cache/x86 : No such file or directory
01-21 01:58:18.851  1395  1395 F libc    : Fatal signal 6 (SIGABRT), code -6 in tid 1395 (app_process)
01-21 01:58:18.851  1136  1136 W         : debuggerd: handling request: pid=1395 uid=0 gid=0 tid=1395
01-21 01:58:18.851  1404  1404 E DEBUG   : debuggerd: failed to find a valid tombstone, default to using tombstone 0.
01-21 01:58:18.851  1404  1404 E DEBUG   : debuggerd: failed to open tombstone file '/data/tombstones/tombstone_00': No such file or directory
01-21 01:58:18.851  1404  1404 E         : debuggerd: failed to open tombstone file: No such file or directory
01-21 01:58:18.851  1136  1136 W         : debuggerd: resuming target 1395
01-21 01:58:19.076  1147  1147 I ServiceManager: service 'media.audio_flinger' died
01-21 01:58:19.076  1147  1147 I ServiceManager: service 'media.audio_policy' died
01-21 01:58:19.076  1147  1147 I ServiceManager: service 'media.sound_trigger_hw' died
01-21 01:58:19.076  1147  1147 I ServiceManager: service 'media.radio' died
01-21 01:58:20.192  1406  1406 I         : installd firing up
01-21 01:58:20.192  1406  1406 E cutils  : Failed to read /data/.layout_version: No such file or directory
01-21 01:58:20.192  1406  1406 D         : Assuming that device has multi-user storage layout; upgrade no longer supported
01-21 01:58:20.192  1406  1406 E cutils  : Failed to mkdir(/data/misc/user/0): No such file or directory
01-21 01:58:20.192  1406  1406 E         : Failed to setup misc for user 0
01-21 01:58:20.192  1406  1406 E         : Could not create directories; exiting.
01-21 01:58:20.321  1405  1405 I cameraserver: ServiceManager: 0xaeb1afe0
01-21 01:58:20.321  1405  1405 I CameraService: CameraService started (pid=1405)
01-21 01:58:20.321  1405  1405 I CameraService: CameraService process starting
01-21 01:58:20.321  1405  1405 W BatteryNotifier: batterystats service unavailable!
01-21 01:58:20.321  1405  1405 W BatteryNotifier: batterystats service unavailable!
01-21 01:58:20.321  1405  1405 D Camera_Factory: CameraFactory::CameraFactory
01-21 01:58:20.321  1405  1405 D Camera_Factory: CameraFactory::parseConfig: configFile = /etc/camera.cfg
01-21 01:58:20.321  1405  1405 D Camera_Factory: /etc/camera.cfg not found, using camera configuration defaults
01-21 01:58:20.321  1405  1405 E cutils-trace: Error opening trace file: Permission denied (13)
01-21 01:58:20.321  1405  1405 D Camera_Factory: CameraFactory::get_number_of_cameras
01-21 01:58:20.321  1405  1405 D Camera_Factory: CameraFactory::getCameraNum: 0
01-21 01:58:20.321  1405  1405 I CameraService: Loaded "Camera Module" camera module
01-21 01:58:20.321  1405  1405 D Camera_Factory: CameraFactory::get_number_of_cameras
01-21 01:58:20.321  1405  1405 D Camera_Factory: CameraFactory::getCameraNum: 0
01-21 01:58:20.321  1405  1405 D Camera_Factory: CameraFactory::get_number_of_cameras
01-21 01:58:20.321  1405  1405 D Camera_Factory: CameraFactory::getCameraNum: 0
01-21 01:58:20.321  1405  1405 I ServiceManager: Waiting for service media.camera.proxy...
