01-20 13:21:51.974  1660  1660 D libEGL  : loaded /system/lib/egl/libGLES_mesa.so
01-20 13:21:51.986  1660  1660 I Zygote  : Preloading shared libraries...
01-20 13:21:51.989  1660  1660 I Zygote  : Uninstalled ICU cache reference pinning...
01-20 13:21:51.990  1660  1660 I Zygote  : Installed AndroidKeyStoreProvider in 0ms.
01-20 13:21:51.996  1660  1660 I Zygote  : Warmed up JCA providers in 7ms.
01-20 13:21:51.996  1660  1660 D Zygote  : end preload
01-20 13:21:51.996  1660  1660 I art     : Starting a blocking GC Explicit
01-20 13:21:52.005  1660  1660 I art     : Explicit concurrent mark sweep GC freed 55424(6MB) AllocSpace objects, 133(2MB) LOS objects, 39% free, 2MB/4MB, paused 36us total 7.560ms
01-20 13:21:52.007  1660  1660 I art     : Starting a blocking GC Explicit
01-20 13:21:52.010  1660  1660 I art     : Explicit concurrent mark sweep GC freed 4822(178KB) AllocSpace objects, 0(0B) LOS objects, 40% free, 2MB/3MB, paused 29us total 2.898ms
01-20 13:21:46.359  1196  1196 I netd    : type=1400 audit(0.0:115): avc: denied { getopt } for scontext=u:r:init:s0 tcontext=u:r:init:s0 tclass=netlink_nflog_socket permissive=1
01-20 13:21:52.076  1660  1664 I art     : Starting a blocking GC HeapTrim
01-20 13:21:52.077  1660  1660 I art     : Starting a blocking GC Background
01-20 13:21:52.099  1660  1660 E Zygote  : Not whitelisted : /android/sys/kernel/debug/tracing/trace_marker
01-20 13:21:52.099  1660  1660 F art     : art/runtime/jni_internal.cc:492] JNI FatalError called: frameworks/base/core/jni/com_android_internal_os_Zygote.cpp:467: Unable to construct file descriptor table.
01-20 13:21:46.359  1196  1196 I netd    : type=1400 audit(0.0:116): avc: denied { create } for scontext=u:r:init:s0 tcontext=u:r:init:s0 tclass=netlink_netfilter_socket permissive=1
01-20 13:21:52.187  1660  1660 F art     : art/runtime/runtime.cc:422] Runtime aborting...
01-20 13:21:52.187  1660  1660 F art     : art/runtime/runtime.cc:422] Aborting thread:
01-20 13:21:52.187  1660  1660 F art     : art/runtime/runtime.cc:422] "main" prio=5 tid=1 Runnable
01-20 13:21:52.187  1660  1660 F art     : art/runtime/runtime.cc:422]   | group="" sCount=0 dsCount=0 obj=0x7546a1c0 self=0xb438b400
01-20 13:21:52.187  1660  1660 F art     : art/runtime/runtime.cc:422]   | sysTid=1660 nice=0 cgrp=default sched=0/0 handle=0xb4adc534
01-20 13:21:52.187  1660  1660 F art     : art/runtime/runtime.cc:422]   | state=R schedstat=( 417530063 126424446 111 ) utm=37 stm=3 core=0 HZ=100
01-20 13:21:52.187  1660  1660 F art     : art/runtime/runtime.cc:422]   | stack=0xbf3c6000-0xbf3c8000 stackSize=8MB
01-20 13:21:52.187  1660  1660 F art     : art/runtime/runtime.cc:422]   | held mutexes= "abort lock" "mutator lock"(shared held)
01-20 13:21:52.187  1660  1660 F art     : art/runtime/runtime.cc:422]   native: #00 pc 00572f1e  /android/system/lib/libart.so (???)
01-20 13:21:52.187  1660  1660 F art     : art/runtime/runtime.cc:422]   native: #01 pc 0053f30e  /android/system/lib/libart.so (???)
01-20 13:21:52.187  1660  1660 F art     : art/runtime/runtime.cc:422]   native: #02 pc 0053c30b  /android/system/lib/libart.so (???)
01-20 13:21:52.187  1660  1660 F art     : art/runtime/runtime.cc:422]   native: #03 pc 00527f13  /android/system/lib/libart.so (???)
01-20 13:21:52.187  1660  1660 F art     : art/runtime/runtime.cc:422]   native: #04 pc 00527bca  /android/system/lib/libart.so (???)
01-20 13:21:52.187  1660  1660 F art     : art/runtime/runtime.cc:422]   native: #05 pc 0051822b  /android/system/lib/libart.so (???)
01-20 13:21:52.187  1660  1660 F art     : art/runtime/runtime.cc:422]   native: #06 pc 0011a5b3  /android/system/lib/libart.so (???)
01-20 13:21:52.187  1660  1660 F art     : art/runtime/runtime.cc:422]   native: #07 pc 003d8650  /android/system/lib/libart.so (???)
01-20 13:21:52.187  1660  1660 F art     : art/runtime/runtime.cc:422]   native: #08 pc 0012c4c1  /android/system/lib/libart.so (???)
01-20 13:21:52.187  1660  1660 F art     : art/runtime/runtime.cc:422]   native: #09 pc 001477b5  /android/system/lib/libandroid_runtime.so (???)
01-20 13:21:52.187  1660  1660 F art     : art/runtime/runtime.cc:422]   native: #10 pc 00149f60  /android/system/lib/libandroid_runtime.so (???)
01-20 13:21:52.187  1660  1660 F art     : art/runtime/runtime.cc:422]   native: #11 pc 0014a89a  /android/system/lib/libandroid_runtime.so (???)
01-20 13:21:52.187  1660  1660 F art     : art/runtime/runtime.cc:422]   native: #12 pc 00df8c88  /android/system/framework/x86/boot-framework.oat (Java_com_android_internal_os_Zygote_nativeForkSystemServer__II_3II_3_3IJJ+228)
01-20 13:21:52.187  1660  1660 F art     : art/runtime/runtime.cc:422]   at com.android.internal.os.Zygote.nativeForkSystemServer(Native method)
01-20 13:21:52.187  1660  1660 F art     : art/runtime/runtime.cc:422]   at com.android.internal.os.Zygote.forkSystemServer(Zygote.java:139)
01-20 13:21:52.187  1660  1660 F art     : art/runtime/runtime.cc:422]   at com.android.internal.os.ZygoteInit.startSystemServer(ZygoteInit.java:673)
01-20 13:21:52.187  1660  1660 F art     : art/runtime/runtime.cc:422]   at com.android.internal.os.ZygoteInit.main(ZygoteInit.java:769)
01-20 13:21:52.187  1660  1660 F art     : art/runtime/runtime.cc:422] Dumping all threads without appropriate locks held: thread list lock
01-20 13:21:52.187  1660  1660 F art     : art/runtime/runtime.cc:422] All threads:
01-20 13:21:52.187  1660  1660 F art     : art/runtime/runtime.cc:422] DALVIK THREADS (1):
01-20 13:21:52.187  1660  1660 F art     : art/runtime/runtime.cc:422] "main" prio=5 tid=1 Runnable
01-20 13:21:52.187  1660  1660 F art     : art/runtime/runtime.cc:422]   | group="" sCount=0 dsCount=0 obj=0x7546a1c0 self=0xb438b400
01-20 13:21:52.187  1660  1660 F art     : art/runtime/runtime.cc:422]   | sysTid=1660 nice=0 cgrp=default sched=0/0 handle=0xb4adc534
01-20 13:21:52.187  1660  1660 F art     : art/runtime/runtime.cc:422]   | state=R schedstat=( 425949024 209882426 112 ) utm=38 stm=4 core=0 HZ=100
01-20 13:21:52.187  1660  1660 F art     : art/runtime/runtime.cc:422]   | stack=0xbf3c6000-0xbf3c8000 stackSize=8MB
01-20 13:21:52.187  1660  1660 F art     : art/runtime/runtime.cc:422]   | held mutexes= "abort lock" "mutator lock"(shared held)
01-20 13:21:52.187  1660  1660 F art     : art/runtime/runtime.cc:422]   native: #00 pc 00572f1e  /android/system/lib/libart.so (???)
01-20 13:21:52.187  1660  1660 F art     : art/runtime/runtime.cc:422]   native: #01 pc 0053f30e  /android/system/lib/libart.so (???)
01-20 13:21:52.187  1660  1660 F art     : art/runtime/runtime.cc:422]   native: #02 pc 0053c30b  /android/system/lib/libart.so (???)
01-20 13:21:52.187  1660  1660 F art     : art/runtime/runtime.cc:422]   native: #03 pc 0055befb  /android/system/lib/libart.so (???)
01-20 13:21:52.187  1660  1660 F art     : art/runtime/runtime.cc:422]   native: #04 pc 005521be  /android/system/lib/libart.so (???)
01-20 13:21:52.187  1660  1660 F art     : art/runtime/runtime.cc:422]   native: #05 pc 00551d32  /android/system/lib/libart.so (???)
01-20 13:21:52.187  1660  1660 F art     : art/runtime/runtime.cc:422]   native: #06 pc 00528168  /android/system/lib/libart.so (???)
01-20 13:21:52.187  1660  1660 F art     : art/runtime/runtime.cc:422]   native: #07 pc 00527eb6  /android/system/lib/libart.so (???)
01-20 13:21:52.187  1660  1660 F art     : art/runtime/runtime.cc:422]   native: #08 pc 0051822b  /android/system/lib/libart.so (???)
01-20 13:21:52.187  1660  1660 F art     : art/runtime/runtime.cc:422]   native: #09 pc 0011a5b3  /android/system/lib/libart.so (???)
01-20 13:21:52.187  1660  1660 F art     : art/runtime/runtime.cc:422]   native: #10 pc 003d8650  /android/system/lib/libart.so (???)
01-20 13:21:52.187  1660  1660 F art     : art/runtime/runtime.cc:422]   native: #11 pc 0012c4c1  /android/system/lib/libart.so (???)
01-20 13:21:52.187  1660  1660 F art     : art/runtime/runtime.cc:422]   native: #12 pc 001477b5  /android/system/lib/libandroid_runtime.so (???)
01-20 13:21:52.187  1660  1660 F art     : art/runtime/runtime.cc:422]   native: #13 pc 00149f60  /android/system/lib/libandroid_runtime.so (???)
01-20 13:21:52.187  1660  1660 F art     : art/runtime/runtime.cc:422]   native: #14 pc 0014a89a  /android/system/lib/libandroid_runtime.so (???)
01-20 13:21:52.187  1660  1660 F art     : art/runtime/runtime.cc:422]   native: #15 pc 00df8c88  /android/system/framework/x86/boot-framework.oat (Java_com_android_internal_os_Zygote_nativeForkSystemServer__II_3II_3_3IJJ+228)
01-20 13:21:52.187  1660  1660 F art     : art/runtime/runtime.cc:422]   at com.android.internal.os.Zygote.nativeForkSystemServer(Native method)
01-20 13:21:52.187  1660  1660 F art     : art/runtime/runtime.cc:422]   at com.android.internal.os.Zygote.forkSystemServer(Zygote.java:139)
01-20 13:21:52.187  1660  1660 F art     : art/runtime/runtime.cc:422]   at com.android.internal.os.ZygoteInit.startSystemServer(ZygoteInit.java:673)
01-20 13:21:52.187  1660  1660 F art     : art/runtime/runtime.cc:422]   at com.android.internal.os.ZygoteInit.main(ZygoteInit.java:769)
01-20 13:21:52.187  1660  1660 F art     : art/runtime/runtime.cc:422] 
01-20 13:21:52.187  1660  1660 F art     : art/runtime/runtime.cc:422] 
01-20 13:21:52.187  1660  1660 F libc    : Fatal signal 6 (SIGABRT), code -6 in tid 1660 (main)
01-20 13:21:52.187  1126  1126 W         : debuggerd: handling request: pid=1660 uid=0 gid=0 tid=1660
01-20 13:21:52.190  1666  1666 E         : debuggerd: Unable to connect to activity manager (connect failed: No such file or directory)
01-20 13:21:52.190  1666  1666 F DEBUG   : *** *** *** *** *** *** *** *** *** *** *** *** *** *** *** ***
01-20 13:21:52.190  1666  1666 F DEBUG   : Build fingerprint: 'Android-x86/x86vbox/x86vbox:7.1.1/NMF26O/sgye01200953:eng/test-keys'
01-20 13:21:52.190  1666  1666 F DEBUG   : Revision: '0'
01-20 13:21:52.190  1666  1666 F DEBUG   : ABI: 'x86'
01-20 13:21:52.190  1666  1666 F DEBUG   : pid: 1660, tid: 1660, name: main  >>> zygote <<<
01-20 13:21:52.190  1666  1666 F DEBUG   : signal 6 (SIGABRT), code -6 (SI_TKILL), fault addr --------
01-20 13:21:52.191  1666  1666 F DEBUG   : Abort message: 'art/runtime/jni_internal.cc:492] JNI FatalError called: frameworks/base/core/jni/com_android_internal_os_Zygote.cpp:467: Unable to construct file descriptor table.'
01-20 13:21:52.191  1666  1666 F DEBUG   :     eax 00000000  ebx 0000067c  ecx 0000067c  edx 00000006
01-20 13:21:52.191  1666  1666 F DEBUG   :     esi b4adc58c  edi b4adc534
01-20 13:21:52.191  1666  1666 F DEBUG   :     xcs 00000073  xds 0000007b  xes 0000007b  xfs 0000003b  xss 0000007b
01-20 13:21:52.191  1666  1666 F DEBUG   :     eip b4a08aed  ebp bfbc1888  esp bfbc182c  flags 00000296
01-20 13:21:52.424  1666  1666 F DEBUG   : 
01-20 13:21:52.424  1666  1666 F DEBUG   : backtrace:
01-20 13:21:52.424  1666  1666 F DEBUG   :     #00 pc 00000aed  [vdso:b4a08000] (__kernel_vsyscall+9)
01-20 13:21:52.424  1666  1666 F DEBUG   :     #01 pc 0007a18c  /system/lib/libc.so (tgkill+28)
01-20 13:21:52.424  1666  1666 F DEBUG   :     #02 pc 00075965  /system/lib/libc.so (pthread_kill+85)
01-20 13:21:52.424  1666  1666 F DEBUG   :     #03 pc 0002789a  /system/lib/libc.so (raise+42)
01-20 13:21:52.424  1666  1666 F DEBUG   :     #04 pc 0001ee76  /system/lib/libc.so (abort+86)
01-20 13:21:52.424  1666  1666 F DEBUG   :     #05 pc 005183c5  /system/lib/libart.so (_ZN3art7Runtime5AbortEPKc+565)
01-20 13:21:52.424  1666  1666 F DEBUG   :     #06 pc 0011a5b3  /system/lib/libart.so (_ZN3art10LogMessageD1Ev+1747)
01-20 13:21:52.424  1666  1666 F DEBUG   :     #07 pc 003d8650  /system/lib/libart.so (_ZN3art3JNI10FatalErrorEP7_JNIEnvPKc+176)
01-20 13:21:52.424  1666  1666 F DEBUG   :     #08 pc 0012c4c1  /system/lib/libart.so (_ZN3art8CheckJNI10FatalErrorEP7_JNIEnvPKc+993)
01-20 13:21:52.424  1666  1666 F DEBUG   :     #09 pc 001477b5  /system/lib/libandroid_runtime.so
01-20 13:21:52.424  1666  1666 F DEBUG   :     #10 pc 00149f60  /system/lib/libandroid_runtime.so
01-20 13:21:52.424  1666  1666 F DEBUG   :     #11 pc 0014a89a  /system/lib/libandroid_runtime.so
01-20 13:21:52.424  1666  1666 F DEBUG   :     #12 pc 0237cc88  /system/framework/x86/boot-framework.oat (offset 0x1584000) (com.android.internal.os.Zygote.nativeForkSystemServer+228)
01-20 13:21:52.424  1666  1666 F DEBUG   :     #13 pc 0237c95c  /system/framework/x86/boot-framework.oat (offset 0x1584000) (com.android.internal.os.Zygote.forkSystemServer+152)
01-20 13:21:52.424  1666  1666 F DEBUG   :     #14 pc 023845de  /system/framework/x86/boot-framework.oat (offset 0x1584000) (com.android.internal.os.ZygoteInit.startSystemServer+938)
01-20 13:21:52.424  1666  1666 F DEBUG   :     #15 pc 023815d4  /system/framework/x86/boot-framework.oat (offset 0x1584000) (com.android.internal.os.ZygoteInit.main+1120)
01-20 13:21:52.424  1666  1666 F DEBUG   :     #16 pc 00109432  /system/lib/libart.so (art_quick_invoke_static_stub+418)
01-20 13:21:52.424  1666  1666 F DEBUG   :     #17 pc 00112de9  /system/lib/libart.so (_ZN3art9ArtMethod6InvokeEPNS_6ThreadEPjjPNS_6JValueEPKc+313)
01-20 13:21:52.424  1666  1666 F DEBUG   :     #18 pc 005105d5  /system/lib/libart.so (_ZN3artL18InvokeWithArgArrayERKNS_33ScopedObjectAccessAlreadyRunnableEPNS_9ArtMethodEPNS_8ArgArrayEPNS_6JValueEPKc+101)
01-20 13:21:52.424  1666  1666 F DEBUG   :     #19 pc 00510299  /system/lib/libart.so (_ZN3art17InvokeWithVarArgsERKNS_33ScopedObjectAccessAlreadyRunnableEP8_jobjectP10_jmethodIDPc+393)
01-20 13:21:52.424  1666  1666 F DEBUG   :     #20 pc 003f807e  /system/lib/libart.so (_ZN3art3JNI21CallStaticVoidMethodVEP7_JNIEnvP7_jclassP10_jmethodIDPc+958)
01-20 13:21:52.424  1666  1666 F DEBUG   :     #21 pc 001417d1  /system/lib/libart.so (_ZN3art8CheckJNI11CallMethodVEPKcP7_JNIEnvP8_jobjectP7_jclassP10_jmethodIDPcNS_9Primitive4TypeENS_10InvokeTypeE+4513)
01-20 13:21:52.424  1666  1666 F DEBUG   :     #22 pc 00132f8c  /system/lib/libart.so (_ZN3art8CheckJNI21CallStaticVoidMethodVEP7_JNIEnvP7_jclassP10_jmethodIDPc+108)
01-20 13:21:52.424  1666  1666 F DEBUG   :     #23 pc 000701e1  /system/lib/libandroid_runtime.so (_ZN7_JNIEnv20CallStaticVoidMethodEP7_jclassP10_jmethodIDz+41)
01-20 13:21:52.424  1666  1666 F DEBUG   :     #24 pc 00073a9e  /system/lib/libandroid_runtime.so (_ZN7android14AndroidRuntime5startEPKcRKNS_6VectorINS_7String8EEEb+782)
01-20 13:21:52.424  1666  1666 F DEBUG   :     #25 pc 00001b55  /system/bin/app_process32
01-20 13:21:52.424  1666  1666 F DEBUG   :     #26 pc 0001536c  /system/lib/libc.so (__libc_init+108)
01-20 13:21:52.424  1666  1666 F DEBUG   :     #27 pc 0000144c  /system/bin/app_process32
01-20 13:21:52.424  1666  1666 F DEBUG   :     #28 pc 00000004  <unknown>
01-20 13:21:52.469  1126  1126 W         : debuggerd: resuming target 1660
01-20 13:21:46.359  1196  1196 I netd    : type=1400 audit(0.0:117): avc: denied { setopt } for scontext=u:r:init:s0 tcontext=u:r:init:s0 tclass=netlink_netfilter_socket permissive=1
01-20 13:21:52.534  1140  1140 E SELinux : avc:  denied  { add } for service=media.camera pid=1433 uid=1047 scontext=u:r:init:s0 tcontext=u:object_r:cameraserver_service:s0 tclass=service_manager permissive=1
01-20 13:21:46.359  1196  1196 I netd    : type=1400 audit(0.0:118): avc: denied { bind } for scontext=u:r:init:s0 tcontext=u:r:init:s0 tclass=netlink_netfilter_socket permissive=1
01-20 13:21:52.782  1140  1140 I ServiceManager: service 'media.audio_flinger' died
01-20 13:21:52.783  1140  1140 I ServiceManager: service 'media.audio_policy' died
01-20 13:21:52.783  1140  1140 I ServiceManager: service 'media.sound_trigger_hw' died
01-20 13:21:52.783  1140  1140 I ServiceManager: service 'media.radio' died
01-20 13:21:52.802  1140  1140 I ServiceManager: service 'media.camera' died
01-20 13:21:52.804  1140  1140 I ServiceManager: service 'media.player' died
01-20 13:21:52.804  1140  1140 I ServiceManager: service 'media.resource_manager' died
01-20 13:21:52.805  1140  1140 I ServiceManager: service 'netd' died
01-20 13:21:52.910  1672  1672 I         : sMaxFastTracks = 8
01-20 13:21:52.910  1672  1672 I audioserver: ServiceManager: 0xb1a1afe0
01-20 13:21:52.910  1672  1672 W BatteryNotifier: batterystats service unavailable!
01-20 13:21:52.910  1672  1672 I AudioFlinger: Using default 3000 mSec as standby time.
01-20 13:21:52.911  1672  1672 I AudioPolicyService: AudioPolicyService CSTOR in new mode
01-20 13:21:52.911  1672  1672 I APM::ConfigParsingUtils: loadAudioPolicyConfig() loaded /system/etc/audio_policy.conf
01-20 13:21:52.911  1672  1672 D audio_hw_primary: found audio out at /dev/snd/pcmC0D0p
01-20 13:21:52.911  1672  1672 D audio_hw_primary: card: 0/0 id: Intel ICH
01-20 13:21:52.911  1672  1672 D audio_hw_primary: name: Intel 82801AA-ICH
01-20 13:21:52.911  1672  1672 D audio_hw_primary: subname: subdevice #0
01-20 13:21:52.911  1672  1672 D audio_hw_primary: stream: 0
01-20 13:21:52.911  1672  1672 I audio_hw_primary: choose pcmC0D0p for 0
01-20 13:21:52.911  1672  1672 E audio_hw_primary: Failed to open /system/etc/mixer_paths.xml
01-20 13:21:52.911  1672  1672 I AudioFlinger: loadHwModule() Loaded primary audio interface from Grouper audio HW HAL (audio) handle 10
01-20 13:21:52.911  1672  1672 I AudioFlinger: openOutput(), module 10 Device 2, SamplingRate 48000, Format 0x000001, Channels 3, flags 2
01-20 13:21:52.911  1672  1672 I audio_hw_primary: choose pcmC0D0p for 0
01-20 13:21:52.911  1672  1672 I AudioFlinger: HAL output buffer size 512 frames, normal sink buffer size 1024 frames
01-20 13:21:52.912  1672  1672 I BufferProvider: found effect "Multichannel Downmix To Stereo" from The Android Open Source Project
01-20 13:21:52.912  1672  1672 I AudioFlinger: Using module 10 has the primary audio interface
01-20 13:21:52.912  1672  1677 I AudioFlinger: AudioFlinger's thread 0xb1598780 ready to run
01-20 13:21:52.912  1672  1677 W BatteryNotifier: batterystats service unavailable!
01-20 13:21:52.912  1672  1677 W BatteryNotifier: batterystats service unavailable!
01-20 13:21:52.913  1672  1677 W BatteryNotifier: batterystats service unavailable!
01-20 13:21:52.913  1672  1677 W AudioFlinger: no wake lock to update, system not ready yet
01-20 13:21:52.913  1672  1677 E cutils-trace: Error opening trace file: Permission denied (13)
01-20 13:21:52.913  1672  1678 I AudioFlinger: AudioFlinger's thread 0xb1203600 ready to run
01-20 13:21:52.913  1672  1672 I bt_a2dp_hw: adev_open:  adev_open in A2dp_hw module
01-20 13:21:52.913  1672  1672 I AudioFlinger: loadHwModule() Loaded a2dp audio interface from A2DP Audio HW HAL (audio) handle 18
01-20 13:21:52.913  1672  1672 I AudioFlinger: loadHwModule() Loaded usb audio interface from USB audio HW HAL (audio) handle 26
01-20 13:21:52.913  1672  1672 I RadioService: RadioService
01-20 13:21:52.913  1672  1672 I RadioService: onFirstRef
01-20 13:21:52.913  1672  1672 E RadioService: couldn't load radio module radio.primary (No such file or directory)
01-20 13:21:52.913  1672  1672 E SoundTriggerHwService: couldn't load sound trigger module sound_trigger.primary (No such file or directory)
01-20 13:21:53.159  1680  1680 I cameraserver: ServiceManager: 0xac79afe0
01-20 13:21:53.159  1680  1680 I CameraService: CameraService started (pid=1680)
01-20 13:21:53.159  1680  1680 I CameraService: CameraService process starting
01-20 13:21:53.159  1680  1680 W BatteryNotifier: batterystats service unavailable!
01-20 13:21:53.159  1680  1680 W BatteryNotifier: batterystats service unavailable!
01-20 13:21:53.160  1680  1680 D Camera_Factory: CameraFactory::CameraFactory
01-20 13:21:53.160  1680  1680 D Camera_Factory: CameraFactory::parseConfig: configFile = /etc/camera.cfg
01-20 13:21:53.160  1680  1680 D Camera_Factory: /etc/camera.cfg not found, using camera configuration defaults
01-20 13:21:53.160  1680  1680 E cutils-trace: Error opening trace file: Permission denied (13)
01-20 13:21:53.160  1680  1680 D Camera_Factory: CameraFactory::get_number_of_cameras
01-20 13:21:53.160  1680  1680 D Camera_Factory: CameraFactory::getCameraNum: 0
01-20 13:21:53.160  1680  1680 I CameraService: Loaded "Camera Module" camera module
01-20 13:21:53.160  1680  1680 D Camera_Factory: CameraFactory::get_number_of_cameras
01-20 13:21:53.160  1680  1680 D Camera_Factory: CameraFactory::getCameraNum: 0
01-20 13:21:53.160  1680  1680 D Camera_Factory: CameraFactory::get_number_of_cameras
01-20 13:21:53.160  1680  1680 D Camera_Factory: CameraFactory::getCameraNum: 0
01-20 13:21:53.160  1680  1680 I ServiceManager: Waiting for service media.camera.proxy...
01-20 13:21:53.305  1681  1681 I mediaserver: ServiceManager: 0xac43c060
01-20 13:21:53.305  1681  1681 W BatteryNotifier: batterystats service unavailable!
01-20 13:21:53.330  1683  1683 I Netd    : Netd 1.0 starting
01-20 13:21:53.330  1683  1683 D TetherController: Setting IP forward enable = 0
01-20 13:21:54.164  1680  1680 I ServiceManager: Waiting for service media.camera.proxy...
01-20 13:21:55.166  1680  1680 I ServiceManager: Waiting for service media.camera.proxy...
01-20 13:21:46.359  1196  1196 I netd    : type=1400 audit(0.0:119): avc: denied { write } for scontext=u:r:init:s0 tcontext=u:r:init:s0 tclass=netlink_netfilter_socket permissive=1
01-20 13:21:55.916  1672  1677 W BatteryNotifier: batterystats service unavailable!
01-20 13:21:56.006  1683  1683 V NatController: runCmd(/system/bin/iptables -w -F natctrl_FORWARD) res=0
01-20 13:21:56.022  1683  1683 V NatController: runCmd(/system/bin/ip6tables -w -F natctrl_FORWARD) res=0
01-20 13:21:56.032  1683  1683 V NatController: runCmd(/system/bin/iptables -w -A natctrl_FORWARD -j DROP) res=0
01-20 13:21:56.042  1683  1683 V NatController: runCmd(/system/bin/iptables -w -t nat -F natctrl_nat_POSTROUTING) res=0
01-20 13:21:56.052  1683  1683 V NatController: runCmd(/system/bin/ip6tables -w -t raw -F natctrl_raw_PREROUTING) res=0
01-20 13:21:56.064  1683  1683 V NatController: runCmd(/system/bin/iptables -w -F natctrl_tether_counters) res=0
01-20 13:21:56.083  1683  1683 V NatController: runCmd(/system/bin/ip6tables -w -F natctrl_tether_counters) res=0
01-20 13:21:56.095  1683  1683 V NatController: runCmd(/system/bin/iptables -w -X natctrl_tether_counters) res=0
01-20 13:21:56.112  1683  1683 V NatController: runCmd(/system/bin/ip6tables -w -X natctrl_tether_counters) res=0
01-20 13:21:56.122  1683  1683 V NatController: runCmd(/system/bin/iptables -w -N natctrl_tether_counters) res=0
01-20 13:21:56.132  1683  1683 V NatController: runCmd(/system/bin/ip6tables -w -N natctrl_tether_counters) res=0
01-20 13:21:56.142  1683  1683 V NatController: runCmd(/system/bin/iptables -w -t mangle -A natctrl_mangle_FORWARD -p tcp --tcp-flags SYN SYN -j TCPMSS --clamp-mss-to-pmtu) res=0
01-20 13:21:56.173  1680  1680 I ServiceManager: Waiting for service media.camera.proxy...
01-20 13:21:56.462  1683  1683 E Netd    : /system/bin/iptables-restore failed with res=0, status=256
01-20 13:21:56.592  1683  1683 E Netd    : /system/bin/ip6tables-restore failed with res=0, status=256
01-20 13:21:56.693  1683  1683 E Netd    : cannot find interface dummy0
01-20 13:21:56.694  1683  1683 D MDnsDS  : MDnsSdListener::Hander starting up
01-20 13:21:56.694  1683  1896 D MDnsDS  : MDnsSdListener starting to monitor
01-20 13:21:56.694  1683  1896 D MDnsDS  : Going to poll with pollCount 1
01-20 13:21:56.790  1885  1885 D AndroidRuntime: >>>>>> START com.android.internal.os.ZygoteInit uid 0 <<<<<<
01-20 13:21:56.791  1885  1885 D AndroidRuntime: CheckJNI is ON
01-20 13:21:56.791  1885  1885 I art     : option[0]=-Xzygote
01-20 13:21:56.791  1885  1885 I art     : option[1]=-Xcheck:jni
01-20 13:21:56.791  1885  1885 I art     : option[2]=-Xstacktracefile:/data/anr/traces.txt
01-20 13:21:56.791  1885  1885 I art     : option[3]=exit
01-20 13:21:56.791  1885  1885 I art     : option[4]=vfprintf
01-20 13:21:56.791  1885  1885 I art     : option[5]=sensitiveThread
01-20 13:21:56.791  1885  1885 I art     : option[6]=-verbose:gc
01-20 13:21:56.791  1885  1885 I art     : option[7]=-Xms16m
01-20 13:21:56.791  1885  1885 I art     : option[8]=-Xmx512m
01-20 13:21:56.791  1885  1885 I art     : option[9]=-XX:HeapGrowthLimit=192m
01-20 13:21:56.791  1885  1885 I art     : option[10]=-XX:HeapMinFree=512k
01-20 13:21:56.791  1885  1885 I art     : option[11]=-XX:HeapMaxFree=8m
01-20 13:21:56.791  1885  1885 I art     : option[12]=-XX:HeapTargetUtilization=0.75
01-20 13:21:56.791  1885  1885 I art     : option[13]=-Xusejit:true
01-20 13:21:56.791  1885  1885 I art     : option[14]=-Xjitsaveprofilinginfo
01-20 13:21:56.791  1885  1885 I art     : option[15]=-agentlib:jdwp=transport=dt_android_adb,suspend=n,server=y
01-20 13:21:56.791  1885  1885 I art     : option[16]=-Xlockprofthreshold:500
01-20 13:21:56.791  1885  1885 I art     : option[17]=-Ximage-compiler-option
01-20 13:21:56.791  1885  1885 I art     : option[18]=--runtime-arg
01-20 13:21:56.791  1885  1885 I art     : option[19]=-Ximage-compiler-option
01-20 13:21:56.791  1885  1885 I art     : option[20]=-Xms64m
01-20 13:21:56.791  1885  1885 I art     : option[21]=-Ximage-compiler-option
01-20 13:21:56.791  1885  1885 I art     : option[22]=--runtime-arg
01-20 13:21:56.791  1885  1885 I art     : option[23]=-Ximage-compiler-option
01-20 13:21:56.791  1885  1885 I art     : option[24]=-Xmx64m
01-20 13:21:56.791  1885  1885 I art     : option[25]=-Ximage-compiler-option
01-20 13:21:56.791  1885  1885 I art     : option[26]=--compiler-filter=verify-at-runtime
01-20 13:21:56.791  1885  1885 I art     : option[27]=-Ximage-compiler-option
01-20 13:21:56.791  1885  1885 I art     : option[28]=--image-classes=/system/etc/preloaded-classes
01-20 13:21:56.791  1885  1885 I art     : option[29]=-Ximage-compiler-option
01-20 13:21:56.791  1885  1885 I art     : option[30]=--compiled-classes=/system/etc/compiled-classes
01-20 13:21:56.791  1885  1885 I art     : option[31]=-Xcompiler-option
01-20 13:21:56.791  1885  1885 I art     : option[32]=--runtime-arg
01-20 13:21:56.791  1885  1885 I art     : option[33]=-Xcompiler-option
01-20 13:21:56.791  1885  1885 I art     : option[34]=-Xms64m
01-20 13:21:56.791  1885  1885 I art     : option[35]=-Xcompiler-option
01-20 13:21:56.791  1885  1885 I art     : option[36]=--runtime-arg
01-20 13:21:56.791  1885  1885 I art     : option[37]=-Xcompiler-option
01-20 13:21:56.791  1885  1885 I art     : option[38]=-Xmx512m
01-20 13:21:56.791  1885  1885 I art     : option[39]=-Ximage-compiler-option
01-20 13:21:56.791  1885  1885 I art     : option[40]=--instruction-set-variant=x86
01-20 13:21:56.791  1885  1885 I art     : option[41]=-Xcompiler-option
01-20 13:21:56.791  1885  1885 I art     : option[42]=--instruction-set-variant=x86
01-20 13:21:56.791  1885  1885 I art     : option[43]=-Ximage-compiler-option
01-20 13:21:56.791  1885  1885 I art     : option[44]=--instruction-set-features=default
01-20 13:21:56.791  1885  1885 I art     : option[45]=-Xcompiler-option
01-20 13:21:56.791  1885  1885 I art     : option[46]=--instruction-set-features=default
01-20 13:21:56.791  1885  1885 I art     : option[47]=-Duser.locale=en-US
01-20 13:21:56.791  1885  1885 I art     : option[48]=-XX:NativeBridge=libnb.so
01-20 13:21:56.791  1885  1885 I art     : option[49]=--cpu-abilist=x86,armeabi-v7a,armeabi
01-20 13:21:56.791  1885  1885 I art     : option[50]=-Xfingerprint:Android-x86/x86vbox/x86vbox:7.1.1/NMF26O/sgye01200953:eng/test-keys
01-20 13:21:56.817  1885  1885 D ICU     : No timezone override file found: /data/misc/zoneinfo/current/icu/icu_tzdata.dat
01-20 13:21:56.837  1885  1885 E memtrack: Couldn't load memtrack module (No such file or directory)
01-20 13:21:56.837  1885  1885 E android.os.Debug: failed to load memtrack module: -2
01-20 13:21:56.837  1885  1885 I Radio-JNI: register_android_hardware_Radio DONE
01-20 13:21:56.838  1885  1885 I SamplingProfilerIntegration: Profiling disabled.
01-20 13:21:56.839  1885  1885 D Zygote  : begin preload
01-20 13:21:56.839  1885  1885 I Zygote  : Installing ICU cache reference pinning...
01-20 13:21:56.839  1885  1885 I Zygote  : Preloading ICU data...
01-20 13:21:46.359  1196  1196 I netd    : type=1400 audit(0.0:120): avc: denied { read } for scontext=u:r:init:s0 tcontext=u:r:init:s0 tclass=netlink_netfilter_socket permissive=1
01-20 13:21:56.844  1885  1885 I Zygote  : Preloading classes...
01-20 13:21:56.845  1885  1885 W Zygote  : Class not found for preloading: [Landroid.view.Display$ColorTransform;
01-20 13:21:56.928  1885  1885 E Typeface: Error mapping font file /system/fonts/DroidSansFallback.ttf
01-20 13:21:56.965  1885  1885 I art     : Thread[1,tid=1885,Native,Thread*=0xaf38b400,peer=0x12c060d0,"main"] recursive attempt to load library "/system/lib/libmedia_jni.so"
01-20 13:21:56.965  1885  1885 D MtpDeviceJNI: register_android_mtp_MtpDevice
01-20 13:21:56.965  1885  1885 I art     : Thread[1,tid=1885,Native,Thread*=0xaf38b400,peer=0x12c060d0,"main"] recursive attempt to load library "/system/lib/libmedia_jni.so"
01-20 13:21:56.965  1885  1885 I art     : Thread[1,tid=1885,Native,Thread*=0xaf38b400,peer=0x12c060d0,"main"] recursive attempt to load library "/system/lib/libmedia_jni.so"
01-20 13:21:56.977  1885  1885 W Zygote  : Class not found for preloading: android.view.Display$ColorTransform
01-20 13:21:56.977  1885  1885 W Zygote  : Class not found for preloading: android.view.Display$ColorTransform$1
01-20 13:21:57.019  1885  1885 I System  : Loaded time zone names for "" in 12ms (12ms in ICU)
01-20 13:21:57.024  1885  1885 I System  : Loaded time zone names for "en_US" in 4ms (4ms in ICU)
01-20 13:21:57.031  1885  1885 I Zygote  : ...preloaded 4158 classes in 187ms.
01-20 13:21:57.031  1885  1885 I art     : VMRuntime.preloadDexCaches starting
01-20 13:21:57.051  1885  1885 I art     : VMRuntime.preloadDexCaches strings total=283734 before=39639 after=39639
01-20 13:21:57.051  1885  1885 I art     : VMRuntime.preloadDexCaches types total=23582 before=7877 after=7904
01-20 13:21:57.051  1885  1885 I art     : VMRuntime.preloadDexCaches fields total=112010 before=40900 after=41114
01-20 13:21:57.051  1885  1885 I art     : VMRuntime.preloadDexCaches methods total=197525 before=82451 after=83011
01-20 13:21:57.051  1885  1885 I art     : VMRuntime.preloadDexCaches finished
01-20 13:21:57.051  1885  1885 I Zygote  : Preloading resources...
01-20 13:21:57.057  1885  1885 W Resources: Preloaded drawable resource #0x108025c (android:drawable/dialog_background_material) that varies with configuration!!
01-20 13:21:57.058  1885  1885 W Resources: Preloaded color resource #0x10600e2 (android:color/material_grey_800) that varies with configuration!!
01-20 13:21:57.058  1885  1885 W Resources: Preloaded drawable resource #0x10802c9 (android:drawable/floating_popup_background_dark) that varies with configuration!!
01-20 13:21:57.081  1885  1885 I Zygote  : ...preloaded 114 resources in 30ms.
01-20 13:21:57.095  1885  1885 W Resources: Preloaded color resource #0x106010b (android:color/background_cache_hint_selector_material_dark) that varies with configuration!!
01-20 13:21:57.095  1885  1885 W Resources: Preloaded color resource #0x1060110 (android:color/btn_default_material_dark) that varies with configuration!!
01-20 13:21:57.095  1885  1885 I Zygote  : ...preloaded 41 resources in 14ms.
01-20 13:21:57.096  1885  1885 D libEGL  : loaded /system/lib/egl/libGLES_mesa.so
01-20 13:21:57.109  1885  1885 I Zygote  : Preloading shared libraries...
01-20 13:21:57.112  1885  1885 I Zygote  : Uninstalled ICU cache reference pinning...
01-20 13:21:57.113  1885  1885 I Zygote  : Installed AndroidKeyStoreProvider in 1ms.
01-20 13:21:57.118  1885  1885 I Zygote  : Warmed up JCA providers in 6ms.
01-20 13:21:57.119  1885  1885 D Zygote  : end preload
01-20 13:21:57.119  1885  1885 I art     : Starting a blocking GC Explicit
01-20 13:21:57.127  1885  1885 I art     : Explicit concurrent mark sweep GC freed 55424(6MB) AllocSpace objects, 133(2MB) LOS objects, 39% free, 2MB/4MB, paused 35us total 7.429ms
01-20 13:21:57.129  1885  1885 I art     : Starting a blocking GC Explicit
01-20 13:21:57.133  1885  1885 I art     : Explicit concurrent mark sweep GC freed 4822(178KB) AllocSpace objects, 0(0B) LOS objects, 40% free, 2MB/3MB, paused 29us total 3.079ms
01-20 13:21:46.359  1196  1196 I netd    : type=1400 audit(0.0:121): avc: denied { getopt } for scontext=u:r:init:s0 tcontext=u:r:init:s0 tclass=netlink_netfilter_socket permissive=1
01-20 13:21:57.134  1885  1904 I art     : Starting a blocking GC HeapTrim
01-20 13:21:57.135  1885  1885 I art     : Starting a blocking GC Background
01-20 13:21:57.145  1885  1885 E Zygote  : Not whitelisted : /android/sys/kernel/debug/tracing/trace_marker
01-20 13:21:57.145  1885  1885 F art     : art/runtime/jni_internal.cc:492] JNI FatalError called: frameworks/base/core/jni/com_android_internal_os_Zygote.cpp:467: Unable to construct file descriptor table.
01-20 13:21:57.148  1885  1885 F art     : art/runtime/runtime.cc:422] Runtime aborting...
01-20 13:21:57.148  1885  1885 F art     : art/runtime/runtime.cc:422] Aborting thread:
01-20 13:21:57.148  1885  1885 F art     : art/runtime/runtime.cc:422] "main" prio=5 tid=1 Runnable
01-20 13:21:57.148  1885  1885 F art     : art/runtime/runtime.cc:422]   | group="" sCount=0 dsCount=0 obj=0x7546a1c0 self=0xaf38b400
01-20 13:21:57.148  1885  1885 F art     : art/runtime/runtime.cc:422]   | sysTid=1885 nice=0 cgrp=default sched=0/0 handle=0xafae0534
01-20 13:21:57.148  1885  1885 F art     : art/runtime/runtime.cc:422]   | state=R schedstat=( 411298801 269656371 115 ) utm=35 stm=5 core=0 HZ=100
01-20 13:21:57.148  1885  1885 F art     : art/runtime/runtime.cc:422]   | stack=0xbf181000-0xbf183000 stackSize=8MB
01-20 13:21:57.148  1885  1885 F art     : art/runtime/runtime.cc:422]   | held mutexes= "abort lock" "mutator lock"(shared held)
01-20 13:21:57.148  1885  1885 F art     : art/runtime/runtime.cc:422]   native: #00 pc 00572f1e  /android/system/lib/libart.so (???)
01-20 13:21:57.148  1885  1885 F art     : art/runtime/runtime.cc:422]   native: #01 pc 0053f30e  /android/system/lib/libart.so (???)
01-20 13:21:57.148  1885  1885 F art     : art/runtime/runtime.cc:422]   native: #02 pc 0053c30b  /android/system/lib/libart.so (???)
01-20 13:21:57.148  1885  1885 F art     : art/runtime/runtime.cc:422]   native: #03 pc 00527f13  /android/system/lib/libart.so (???)
01-20 13:21:57.148  1885  1885 F art     : art/runtime/runtime.cc:422]   native: #04 pc 00527bca  /android/system/lib/libart.so (???)
01-20 13:21:57.148  1885  1885 F art     : art/runtime/runtime.cc:422]   native: #05 pc 0051822b  /android/system/lib/libart.so (???)
01-20 13:21:57.148  1885  1885 F art     : art/runtime/runtime.cc:422]   native: #06 pc 0011a5b3  /android/system/lib/libart.so (???)
01-20 13:21:57.148  1885  1885 F art     : art/runtime/runtime.cc:422]   native: #07 pc 003d8650  /android/system/lib/libart.so (???)
01-20 13:21:57.148  1885  1885 F art     : art/runtime/runtime.cc:422]   native: #08 pc 0012c4c1  /android/system/lib/libart.so (???)
01-20 13:21:57.148  1885  1885 F art     : art/runtime/runtime.cc:422]   native: #09 pc 001477b5  /android/system/lib/libandroid_runtime.so (???)
01-20 13:21:57.148  1885  1885 F art     : art/runtime/runtime.cc:422]   native: #10 pc 00149f60  /android/system/lib/libandroid_runtime.so (???)
01-20 13:21:57.148  1885  1885 F art     : art/runtime/runtime.cc:422]   native: #11 pc 0014a89a  /android/system/lib/libandroid_runtime.so (???)
01-20 13:21:57.148  1885  1885 F art     : art/runtime/runtime.cc:422]   native: #12 pc 00df8c88  /android/system/framework/x86/boot-framework.oat (Java_com_android_internal_os_Zygote_nativeForkSystemServer__II_3II_3_3IJJ+228)
01-20 13:21:57.148  1885  1885 F art     : art/runtime/runtime.cc:422]   at com.android.internal.os.Zygote.nativeForkSystemServer(Native method)
01-20 13:21:57.148  1885  1885 F art     : art/runtime/runtime.cc:422]   at com.android.internal.os.Zygote.forkSystemServer(Zygote.java:139)
01-20 13:21:57.148  1885  1885 F art     : art/runtime/runtime.cc:422]   at com.android.internal.os.ZygoteInit.startSystemServer(ZygoteInit.java:673)
01-20 13:21:57.148  1885  1885 F art     : art/runtime/runtime.cc:422]   at com.android.internal.os.ZygoteInit.main(ZygoteInit.java:769)
01-20 13:21:57.148  1885  1885 F art     : art/runtime/runtime.cc:422] Dumping all threads without appropriate locks held: thread list lock
01-20 13:21:57.148  1885  1885 F art     : art/runtime/runtime.cc:422] All threads:
01-20 13:21:57.148  1885  1885 F art     : art/runtime/runtime.cc:422] DALVIK THREADS (1):
01-20 13:21:57.148  1885  1885 F art     : art/runtime/runtime.cc:422] "main" prio=5 tid=1 Runnable
01-20 13:21:57.148  1885  1885 F art     : art/runtime/runtime.cc:422]   | group="" sCount=0 dsCount=0 obj=0x7546a1c0 self=0xaf38b400
01-20 13:21:57.148  1885  1885 F art     : art/runtime/runtime.cc:422]   | sysTid=1885 nice=0 cgrp=default sched=0/0 handle=0xafae0534
01-20 13:21:57.148  1885  1885 F art     : art/runtime/runtime.cc:422]   | state=R schedstat=( 411298801 269656371 115 ) utm=35 stm=5 core=0 HZ=100
01-20 13:21:57.148  1885  1885 F art     : art/runtime/runtime.cc:422]   | stack=0xbf181000-0xbf183000 stackSize=8MB
01-20 13:21:57.148  1885  1885 F art     : art/runtime/runtime.cc:422]   | held mutexes= "abort lock" "mutator lock"(shared held)
01-20 13:21:57.148  1885  1885 F art     : art/runtime/runtime.cc:422]   native: #00 pc 00572f1e  /android/system/lib/libart.so (???)
01-20 13:21:57.148  1885  1885 F art     : art/runtime/runtime.cc:422]   native: #01 pc 0053f30e  /android/system/lib/libart.so (???)
01-20 13:21:57.148  1885  1885 F art     : art/runtime/runtime.cc:422]   native: #02 pc 0053c30b  /android/system/lib/libart.so (???)
01-20 13:21:57.148  1885  1885 F art     : art/runtime/runtime.cc:422]   native: #03 pc 0055befb  /android/system/lib/libart.so (???)
01-20 13:21:57.148  1885  1885 F art     : art/runtime/runtime.cc:422]   native: #04 pc 005521be  /android/system/lib/libart.so (???)
01-20 13:21:57.148  1885  1885 F art     : art/runtime/runtime.cc:422]   native: #05 pc 00551d32  /android/system/lib/libart.so (???)
01-20 13:21:57.148  1885  1885 F art     : art/runtime/runtime.cc:422]   native: #06 pc 00528168  /android/system/lib/libart.so (???)
01-20 13:21:57.148  1885  1885 F art     : art/runtime/runtime.cc:422]   native: #07 pc 00527eb6  /android/system/lib/libart.so (???)
01-20 13:21:57.148  1885  1885 F art     : art/runtime/runtime.cc:422]   native: #08 pc 0051822b  /android/system/lib/libart.so (???)
01-20 13:21:57.148  1885  1885 F art     : art/runtime/runtime.cc:422]   native: #09 pc 0011a5b3  /android/system/lib/libart.so (???)
01-20 13:21:57.148  1885  1885 F art     : art/runtime/runtime.cc:422]   native: #10 pc 003d8650  /android/system/lib/libart.so (???)
01-20 13:21:57.148  1885  1885 F art     : art/runtime/runtime.cc:422]   native: #11 pc 0012c4c1  /android/system/lib/libart.so (???)
01-20 13:21:57.148  1885  1885 F art     : art/runtime/runtime.cc:422]   native: #12 pc 001477b5  /android/system/lib/libandroid_runtime.so (???)
01-20 13:21:57.148  1885  1885 F art     : art/runtime/runtime.cc:422]   native: #13 pc 00149f60  /android/system/lib/libandroid_runtime.so (???)
01-20 13:21:57.148  1885  1885 F art     : art/runtime/runtime.cc:422]   native: #14 pc 0014a89a  /android/system/lib/libandroid_runtime.so (???)
01-20 13:21:57.148  1885  1885 F art     : art/runtime/runtime.cc:422]   native: #15 pc 00df8c88  /android/system/framework/x86/boot-framework.oat (Java_com_android_internal_os_Zygote_nativeForkSystemServer__II_3II_3_3IJJ+228)
01-20 13:21:57.148  1885  1885 F art     : art/runtime/runtime.cc:422]   at com.android.internal.os.Zygote.nativeForkSystemServer(Native method)
01-20 13:21:57.148  1885  1885 F art     : art/runtime/runtime.cc:422]   at com.android.internal.os.Zygote.forkSystemServer(Zygote.java:139)
01-20 13:21:57.148  1885  1885 F art     : art/runtime/runtime.cc:422]   at com.android.internal.os.ZygoteInit.startSystemServer(ZygoteInit.java:673)
01-20 13:21:57.148  1885  1885 F art     : art/runtime/runtime.cc:422]   at com.android.internal.os.ZygoteInit.main(ZygoteInit.java:769)
01-20 13:21:57.148  1885  1885 F art     : art/runtime/runtime.cc:422] 
01-20 13:21:57.148  1885  1885 F art     : art/runtime/runtime.cc:422] 
01-20 13:21:57.148  1885  1885 F libc    : Fatal signal 6 (SIGABRT), code -6 in tid 1885 (main)
01-20 13:21:57.149  1126  1126 W         : debuggerd: handling request: pid=1885 uid=0 gid=0 tid=1885
01-20 13:21:57.152  1906  1906 E         : debuggerd: Unable to connect to activity manager (connect failed: No such file or directory)
01-20 13:21:57.152  1906  1906 F DEBUG   : *** *** *** *** *** *** *** *** *** *** *** *** *** *** *** ***
01-20 13:21:57.152  1906  1906 F DEBUG   : Build fingerprint: 'Android-x86/x86vbox/x86vbox:7.1.1/NMF26O/sgye01200953:eng/test-keys'
01-20 13:21:57.152  1906  1906 F DEBUG   : Revision: '0'
01-20 13:21:57.152  1906  1906 F DEBUG   : ABI: 'x86'
01-20 13:21:57.152  1906  1906 F DEBUG   : pid: 1885, tid: 1885, name: main  >>> zygote <<<
01-20 13:21:57.152  1906  1906 F DEBUG   : signal 6 (SIGABRT), code -6 (SI_TKILL), fault addr --------
01-20 13:21:57.153  1906  1906 F DEBUG   : Abort message: 'art/runtime/jni_internal.cc:492] JNI FatalError called: frameworks/base/core/jni/com_android_internal_os_Zygote.cpp:467: Unable to construct file descriptor table.'
01-20 13:21:57.153  1906  1906 F DEBUG   :     eax 00000000  ebx 0000075d  ecx 0000075d  edx 00000006
01-20 13:21:57.153  1906  1906 F DEBUG   :     esi afae058c  edi afae0534
01-20 13:21:57.153  1906  1906 F DEBUG   :     xcs 00000073  xds 0000007b  xes 0000007b  xfs 0000003b  xss 0000007b
01-20 13:21:57.153  1906  1906 F DEBUG   :     eip afa0caed  ebp bf97c1a8  esp bf97c14c  flags 00000296
01-20 13:21:57.183  1680  1680 I ServiceManager: Waiting for service media.camera.proxy...
01-20 13:21:57.388  1906  1906 F DEBUG   : 
01-20 13:21:57.388  1906  1906 F DEBUG   : backtrace:
01-20 13:21:57.388  1906  1906 F DEBUG   :     #00 pc 00000aed  [vdso:afa0c000] (__kernel_vsyscall+9)
01-20 13:21:57.388  1906  1906 F DEBUG   :     #01 pc 0007a18c  /system/lib/libc.so (tgkill+28)
01-20 13:21:57.388  1906  1906 F DEBUG   :     #02 pc 00075965  /system/lib/libc.so (pthread_kill+85)
01-20 13:21:57.388  1906  1906 F DEBUG   :     #03 pc 0002789a  /system/lib/libc.so (raise+42)
01-20 13:21:57.388  1906  1906 F DEBUG   :     #04 pc 0001ee76  /system/lib/libc.so (abort+86)
01-20 13:21:57.388  1906  1906 F DEBUG   :     #05 pc 005183c5  /system/lib/libart.so (_ZN3art7Runtime5AbortEPKc+565)
01-20 13:21:57.388  1906  1906 F DEBUG   :     #06 pc 0011a5b3  /system/lib/libart.so (_ZN3art10LogMessageD1Ev+1747)
01-20 13:21:57.388  1906  1906 F DEBUG   :     #07 pc 003d8650  /system/lib/libart.so (_ZN3art3JNI10FatalErrorEP7_JNIEnvPKc+176)
01-20 13:21:57.388  1906  1906 F DEBUG   :     #08 pc 0012c4c1  /system/lib/libart.so (_ZN3art8CheckJNI10FatalErrorEP7_JNIEnvPKc+993)
01-20 13:21:57.388  1906  1906 F DEBUG   :     #09 pc 001477b5  /system/lib/libandroid_runtime.so
01-20 13:21:57.388  1906  1906 F DEBUG   :     #10 pc 00149f60  /system/lib/libandroid_runtime.so
01-20 13:21:57.388  1906  1906 F DEBUG   :     #11 pc 0014a89a  /system/lib/libandroid_runtime.so
01-20 13:21:57.388  1906  1906 F DEBUG   :     #12 pc 0237cc88  /system/framework/x86/boot-framework.oat (offset 0x1584000) (com.android.internal.os.Zygote.nativeForkSystemServer+228)
01-20 13:21:57.388  1906  1906 F DEBUG   :     #13 pc 0237c95c  /system/framework/x86/boot-framework.oat (offset 0x1584000) (com.android.internal.os.Zygote.forkSystemServer+152)
01-20 13:21:57.388  1906  1906 F DEBUG   :     #14 pc 023845de  /system/framework/x86/boot-framework.oat (offset 0x1584000) (com.android.internal.os.ZygoteInit.startSystemServer+938)
01-20 13:21:57.388  1906  1906 F DEBUG   :     #15 pc 023815d4  /system/framework/x86/boot-framework.oat (offset 0x1584000) (com.android.internal.os.ZygoteInit.main+1120)
01-20 13:21:57.388  1906  1906 F DEBUG   :     #16 pc 00109432  /system/lib/libart.so (art_quick_invoke_static_stub+418)
01-20 13:21:57.388  1906  1906 F DEBUG   :     #17 pc 00112de9  /system/lib/libart.so (_ZN3art9ArtMethod6InvokeEPNS_6ThreadEPjjPNS_6JValueEPKc+313)
01-20 13:21:57.388  1906  1906 F DEBUG   :     #18 pc 005105d5  /system/lib/libart.so (_ZN3artL18InvokeWithArgArrayERKNS_33ScopedObjectAccessAlreadyRunnableEPNS_9ArtMethodEPNS_8ArgArrayEPNS_6JValueEPKc+101)
01-20 13:21:57.388  1906  1906 F DEBUG   :     #19 pc 00510299  /system/lib/libart.so (_ZN3art17InvokeWithVarArgsERKNS_33ScopedObjectAccessAlreadyRunnableEP8_jobjectP10_jmethodIDPc+393)
01-20 13:21:57.388  1906  1906 F DEBUG   :     #20 pc 003f807e  /system/lib/libart.so (_ZN3art3JNI21CallStaticVoidMethodVEP7_JNIEnvP7_jclassP10_jmethodIDPc+958)
01-20 13:21:57.388  1906  1906 F DEBUG   :     #21 pc 001417d1  /system/lib/libart.so (_ZN3art8CheckJNI11CallMethodVEPKcP7_JNIEnvP8_jobjectP7_jclassP10_jmethodIDPcNS_9Primitive4TypeENS_10InvokeTypeE+4513)
01-20 13:21:57.388  1906  1906 F DEBUG   :     #22 pc 00132f8c  /system/lib/libart.so (_ZN3art8CheckJNI21CallStaticVoidMethodVEP7_JNIEnvP7_jclassP10_jmethodIDPc+108)
01-20 13:21:57.388  1906  1906 F DEBUG   :     #23 pc 000701e1  /system/lib/libandroid_runtime.so (_ZN7_JNIEnv20CallStaticVoidMethodEP7_jclassP10_jmethodIDz+41)
01-20 13:21:57.388  1906  1906 F DEBUG   :     #24 pc 00073a9e  /system/lib/libandroid_runtime.so (_ZN7android14AndroidRuntime5startEPKcRKNS_6VectorINS_7String8EEEb+782)
01-20 13:21:57.388  1906  1906 F DEBUG   :     #25 pc 00001b55  /system/bin/app_process32
01-20 13:21:57.388  1906  1906 F DEBUG   :     #26 pc 0001536c  /system/lib/libc.so (__libc_init+108)
01-20 13:21:57.388  1906  1906 F DEBUG   :     #27 pc 0000144c  /system/bin/app_process32
01-20 13:21:57.388  1906  1906 F DEBUG   :     #28 pc 00000004  <unknown>
01-20 13:21:57.408  1126  1126 W         : debuggerd: resuming target 1885
01-20 13:21:57.712  1140  1140 I ServiceManager: service 'media.audio_flinger' died
01-20 13:21:57.712  1140  1140 I ServiceManager: service 'media.audio_policy' died
01-20 13:21:57.712  1140  1140 I ServiceManager: service 'media.sound_trigger_hw' died
01-20 13:21:57.712  1140  1140 I ServiceManager: service 'media.radio' died
01-20 13:21:57.766  1140  1140 I ServiceManager: service 'media.player' died
01-20 13:21:57.766  1140  1140 I ServiceManager: service 'media.resource_manager' died
01-20 13:21:57.773  1140  1140 I ServiceManager: service 'netd' died
01-20 13:21:58.435  1911  1911 I         : sMaxFastTracks = 8
01-20 13:21:58.436  1911  1911 I audioserver: ServiceManager: 0xb259afe0
01-20 13:21:58.436  1911  1911 W BatteryNotifier: batterystats service unavailable!
01-20 13:21:58.436  1911  1911 I AudioFlinger: Using default 3000 mSec as standby time.
01-20 13:21:58.436  1911  1911 I AudioPolicyService: AudioPolicyService CSTOR in new mode
01-20 13:21:58.436  1911  1911 I APM::ConfigParsingUtils: loadAudioPolicyConfig() loaded /system/etc/audio_policy.conf
01-20 13:21:58.437  1911  1911 D audio_hw_primary: found audio out at /dev/snd/pcmC0D0p
01-20 13:21:58.437  1911  1911 D audio_hw_primary: card: 0/0 id: Intel ICH
01-20 13:21:58.437  1911  1911 D audio_hw_primary: name: Intel 82801AA-ICH
01-20 13:21:58.437  1911  1911 D audio_hw_primary: subname: subdevice #0
01-20 13:21:58.437  1911  1911 D audio_hw_primary: stream: 0
01-20 13:21:58.437  1911  1911 I audio_hw_primary: choose pcmC0D0p for 0
01-20 13:21:58.437  1911  1911 E audio_hw_primary: Failed to open /system/etc/mixer_paths.xml
01-20 13:21:58.437  1911  1911 I AudioFlinger: loadHwModule() Loaded primary audio interface from Grouper audio HW HAL (audio) handle 10
01-20 13:21:58.437  1911  1911 I AudioFlinger: openOutput(), module 10 Device 2, SamplingRate 48000, Format 0x000001, Channels 3, flags 2
01-20 13:21:58.437  1911  1911 I audio_hw_primary: choose pcmC0D0p for 0
01-20 13:21:58.437  1911  1911 I AudioFlinger: HAL output buffer size 512 frames, normal sink buffer size 1024 frames
01-20 13:21:58.438  1911  1911 I BufferProvider: found effect "Multichannel Downmix To Stereo" from The Android Open Source Project
01-20 13:21:58.438  1911  1911 I AudioFlinger: Using module 10 has the primary audio interface
01-20 13:21:58.438  1911  1916 I AudioFlinger: AudioFlinger's thread 0xb2118f80 ready to run
01-20 13:21:58.438  1911  1916 W BatteryNotifier: batterystats service unavailable!
01-20 13:21:58.438  1911  1916 W BatteryNotifier: batterystats service unavailable!
01-20 13:21:58.438  1911  1916 W BatteryNotifier: batterystats service unavailable!
01-20 13:21:58.438  1911  1916 W AudioFlinger: no wake lock to update, system not ready yet
01-20 13:21:58.438  1911  1916 E cutils-trace: Error opening trace file: Permission denied (13)
01-20 13:21:58.439  1911  1917 I AudioFlinger: AudioFlinger's thread 0xb1d83b00 ready to run
01-20 13:21:58.439  1911  1911 I bt_a2dp_hw: adev_open:  adev_open in A2dp_hw module
01-20 13:21:58.439  1911  1911 I AudioFlinger: loadHwModule() Loaded a2dp audio interface from A2DP Audio HW HAL (audio) handle 18
01-20 13:21:58.439  1911  1911 I AudioFlinger: loadHwModule() Loaded usb audio interface from USB audio HW HAL (audio) handle 26
01-20 13:21:58.439  1911  1911 I RadioService: RadioService
01-20 13:21:58.439  1911  1911 I RadioService: onFirstRef
01-20 13:21:58.439  1911  1911 E RadioService: couldn't load radio module radio.primary (No such file or directory)
01-20 13:21:58.439  1911  1911 E SoundTriggerHwService: couldn't load sound trigger module sound_trigger.primary (No such file or directory)
01-20 13:21:58.739  1921  1921 I Netd    : Netd 1.0 starting
01-20 13:21:58.739  1921  1921 D TetherController: Setting IP forward enable = 0
01-20 13:21:58.787  1920  1920 I mediaserver: ServiceManager: 0xaa83c060
01-20 13:21:58.787  1920  1920 W BatteryNotifier: batterystats service unavailable!
