01-21 04:20:40.303  1167  1172 D AudioFlinger: mixer(0xaa298740) throttle end: throttle time(2)
01-21 04:20:40.360  1167  1171 W audio_hw_primary: out_write underrun: -32
01-21 04:20:40.405  1167  1171 W audio_hw_primary: out_write underrun: -32
01-21 04:20:40.636  1167  1171 W audio_hw_primary: out_write underrun: -32
01-21 04:20:40.840  1167  1171 W audio_hw_primary: out_write underrun: -32
01-21 04:20:40.974  1167  1171 W audio_hw_primary: out_write underrun: -32
01-21 04:20:41.097  1167  1171 W audio_hw_primary: out_write underrun: -32
01-21 04:20:41.174  1167  1171 W audio_hw_primary: out_write underrun: -32
01-21 04:20:41.224  1167  1171 W audio_hw_primary: out_write underrun: -32
01-21 04:20:41.356  1167  1171 W audio_hw_primary: out_write underrun: -32
01-21 04:20:41.412  1167  1171 W audio_hw_primary: out_write underrun: -32
01-21 04:20:41.482  1167  1171 W audio_hw_primary: out_write underrun: -32
01-21 04:20:41.815  1167  1171 W audio_hw_primary: out_write underrun: -32
01-21 04:20:41.851  1167  1171 W audio_hw_primary: out_write underrun: -32
01-21 04:20:42.109  1236  1808 I ActivityManager: START u0 {act=android.intent.action.MAIN cat=[android.intent.category.LAUNCHER] flg=0x10200000 cmp=com.android.settings/.Settings (has extras)} from uid 10014 on display 0
01-21 04:20:42.135  1167  1171 W audio_hw_primary: out_write underrun: -32
01-21 04:20:42.151  1167  1172 D AudioFlinger: mixer(0xaa298740) throttle end: throttle time(10)
01-21 04:20:42.192  1167  1171 W audio_hw_primary: out_write underrun: -32
01-21 04:20:42.195  1236  1467 D WifiNative-HAL: Failing getSupportedFeatureset because HAL isn't started
01-21 04:20:42.195  1236  1768 E BatteryStatsService: no controller energy info supplied
01-21 04:20:42.195  1236  1768 E BatteryStatsService: no controller energy info supplied
01-21 04:20:42.195  1610  1610 E PhoneInterfaceManager: [PhoneIntfMgr] queryModemActivityInfo: Empty response
01-21 04:20:42.195  1236  1768 E KernelCpuSpeedReader: Failed to read cpu-freq: /sys/devices/system/cpu/cpu0/cpufreq/stats/time_in_state (No such file or directory)
01-21 04:20:42.196  1236  1768 E BatteryStatsService: modem info is invalid: ModemActivityInfo{ mTimestamp=0 mSleepTimeMs=0 mIdleTimeMs=0 mTxTimeMs[]=[0, 0, 0, 0, 0] mRxTimeMs=0 mEnergyUsed=0}
01-21 04:20:42.221  1167  1172 D AudioFlinger: mixer(0xaa298740) throttle end: throttle time(21)
01-21 04:20:42.252  1167  1172 D AudioFlinger: mixer(0xaa298740) throttle end: throttle time(10)
01-21 04:20:42.275  1167  1171 W audio_hw_primary: out_write underrun: -32
01-21 04:20:42.331  1620  1620 D DashboardSummary: onConditionsChanged
01-21 04:20:42.377  1167  1171 W audio_hw_primary: out_write underrun: -32
01-21 04:20:42.632  1167  1171 W audio_hw_primary: out_write underrun: -32
01-21 04:20:42.698  1620  2303 D Index   : Indexing locale 'en_US' took 16 millis
01-21 04:20:42.752  1167  1171 W audio_hw_primary: out_write underrun: -32
01-21 04:20:42.805  1620  2129 W ProcStatsManager: No process com.android.providers.calendar/10002 for service com.android.providers.calendar.EmptyService
01-21 04:20:42.805  1620  2129 W ProcStatsManager: No process com.android.providers.calendar/10002 for service com.android.providers.calendar.CalendarProviderIntentService
01-21 04:20:42.805  1620  2129 W ProcStatsManager: No process com.android.messaging/10055 for service com.android.messaging.datamodel.action.BackgroundWorkerService
01-21 04:20:42.805  1620  2129 W ProcStatsManager: No process com.android.messaging/10055 for service com.android.messaging.datamodel.action.ActionServiceImpl
01-21 04:20:42.805  1620  2129 W ProcStatsManager: No process com.android.carrierconfig/10003 for service com.android.carrierconfig.DefaultCarrierConfigService
01-21 04:20:42.805  1620  2129 W ProcStatsManager: No process com.android.printspooler/10052 for service com.android.printspooler.model.PrintSpoolerService
01-21 04:20:42.805  1620  2129 W ProcStatsManager: No process com.android.onetimeinitializer/10017 for service com.android.onetimeinitializer.OneTimeInitializerService
01-21 04:20:42.805  1620  2129 W ProcStatsManager: No process com.android.keychain/1000 for service com.android.keychain.KeyChainService
01-21 04:20:42.805  1620  2129 W ProcStatsManager: No process com.android.dialer/10008 for service com.android.dialer.calllog.CallLogNotificationsService
01-21 04:20:42.805  1620  2129 W ProcStatsManager: No process com.android.email/10039 for service com.android.email.service.EmailBroadcastProcessorService
01-21 04:20:42.805  1620  2129 W ProcStatsManager: No process com.android.bluetooth/1002 for service com.android.bluetooth.btservice.AdapterService
01-21 04:20:42.805  1620  2129 W ProcStatsManager: No process com.android.bluetooth/1002 for service com.android.bluetooth.gatt.GattService
01-21 04:20:42.918  1167  1171 W audio_hw_primary: out_write underrun: -32
01-21 04:20:42.985  1167  1171 W audio_hw_primary: out_write underrun: -32
01-21 04:20:43.195  1167  1171 W audio_hw_primary: out_write underrun: -32
01-21 04:20:43.409  1167  1171 W audio_hw_primary: out_write underrun: -32
01-21 04:20:43.585  1167  1171 W audio_hw_primary: out_write underrun: -32
01-21 04:20:43.648  1167  1171 W audio_hw_primary: out_write underrun: -32
01-21 04:20:43.985  1167  1171 W audio_hw_primary: out_write underrun: -32
01-21 04:20:44.070  1167  1171 W audio_hw_primary: out_write underrun: -32
01-21 04:20:44.115  1167  1171 W audio_hw_primary: out_write underrun: -32
01-21 04:20:44.214  1167  1171 W audio_hw_primary: out_write underrun: -32
01-21 04:20:44.485  1167  1171 W audio_hw_primary: out_write underrun: -32
01-21 04:20:45.149  1167  1171 W audio_hw_primary: out_write underrun: -32
01-21 04:20:45.160  1236  1490 E TaskPersister: File error accessing recents directory (directory doesn't exist?).
01-21 04:20:58.145  1236  1768 I ActivityManager: START u0 {flg=0x8000 cmp=com.android.settings/.Settings$DeviceInfoSettingsActivity (has extras)} from uid 1000 on display 0
01-21 04:20:58.156  1167  1172 I audio_hw_primary: choose pcmC0D0p for 0
01-21 04:20:58.195  1167  1171 W audio_hw_primary: out_write underrun: -32
01-21 04:20:58.261  1236  1404 I InputDispatcher: Dropping event because there is no touchable window at (346, 683).
01-21 04:20:58.279  1236  1404 I InputDispatcher: Dropping event because there is no touchable window at (347, 683).
01-21 04:20:58.295  1167  1171 W audio_hw_primary: out_write underrun: -32
01-21 04:20:58.312  1236  1404 I InputDispatcher: Dropping event because there is no touchable window at (347, 682).
01-21 04:20:58.317  1620  1620 D DeviceInfoSettings: Property 'ro.url.safetylegal' missing and no 'safetylegal' preference
01-21 04:20:58.339  1167  1172 D AudioFlinger: mixer(0xaa298740) throttle end: throttle time(10)
01-21 04:20:58.359  1167  1171 W audio_hw_primary: out_write underrun: -32
01-21 04:20:58.370  1620  2302 D Index   : Indexing locale 'en_US' took 47 millis
01-21 04:20:58.426  1620  1643 I art     : Background sticky concurrent mark sweep GC freed 5815(353KB) AllocSpace objects, 0(0B) LOS objects, 6% free, 4MB/4MB, paused 239us total 113.991ms
01-21 04:20:58.431  1620  2302 D Index   : Indexing locale 'en_US' took 1 millis
01-21 04:20:58.445  1167  1171 W audio_hw_primary: out_write underrun: -32
01-21 04:20:58.540  1236  1272 I ActivityManager: Displayed com.android.settings/.Settings$DeviceInfoSettingsActivity: +346ms
01-21 04:20:58.615  1167  1171 W audio_hw_primary: out_write underrun: -32
01-21 04:20:58.693  1620  1656 D OpenGLRenderer: endAllActiveAnimators on 0x917d5200 (RippleDrawable) with handle 0x91918fd0
01-21 04:20:58.736  1167  1171 W audio_hw_primary: out_write underrun: -32
01-21 04:20:58.870  1167  1171 W audio_hw_primary: out_write underrun: -32
01-21 04:20:58.917  1167  1171 W audio_hw_primary: out_write underrun: -32
01-21 04:20:58.984  1167  1171 W audio_hw_primary: out_write underrun: -32
01-21 04:20:59.043  1167  1171 W audio_hw_primary: out_write underrun: -32
01-21 04:20:59.171  1167  1171 W audio_hw_primary: out_write underrun: -32
01-21 04:20:59.239  1167  1171 W audio_hw_primary: out_write underrun: -32
01-21 04:20:59.313  1167  1171 W audio_hw_primary: out_write underrun: -32
01-21 04:20:59.362  1167  1171 W audio_hw_primary: out_write underrun: -32
01-21 04:20:59.601  1167  1171 W audio_hw_primary: out_write underrun: -32
01-21 04:20:59.754  1167  1171 W audio_hw_primary: out_write underrun: -32
01-21 04:20:59.788  1167  1171 W audio_hw_primary: out_write underrun: -32
01-21 04:20:59.867  1167  1171 W audio_hw_primary: out_write underrun: -32
01-21 04:21:00.405  1167  1171 W audio_hw_primary: out_write underrun: -32
01-21 04:21:00.794  1167  1171 W audio_hw_primary: out_write underrun: -32
01-21 04:21:00.902  1167  1171 W audio_hw_primary: out_write underrun: -32
01-21 04:21:01.005  1167  1171 W audio_hw_primary: out_write underrun: -32
01-21 04:21:01.212  1167  1171 W audio_hw_primary: out_write underrun: -32
01-21 04:21:01.594  1236  1490 E TaskPersister: File error accessing recents directory (directory doesn't exist?).
