--------- beginning of main
01-21 04:17:12.603  1096  1096 W auditd  : type=2000 audit(0.0:1): initialized
01-21 04:17:35.401  1096  1096 I auditd  : type=1403 audit(0.0:2): policy loaded auid=4294967295 ses=4294967295
01-21 04:17:35.535     1     1 I init    : type=1400 audit(0.0:3): avc: denied { open } for path="/selinux_version" dev="tmpfs" ino=4758 scontext=u:r:kernel:s0 tcontext=u:object_r:tmpfs:s0 tclass=file permissive=1
01-21 04:17:35.576     1     1 I init    : type=1400 audit(0.0:4): avc: denied { relabelfrom } for name="init" dev="tmpfs" ino=4736 scontext=u:r:kernel:s0 tcontext=u:object_r:tmpfs:s0 tclass=file permissive=1
01-21 04:17:35.995     1     1 I init    : type=1400 audit(0.0:5): avc: denied { relabelfrom } for name="property_contexts" dev="tmpfs" ino=4748 scontext=u:r:init:s0 tcontext=u:object_r:tmpfs:s0 tclass=file permissive=1
01-21 04:17:36.505  1078  1078 I ueventd : type=1400 audit(0.0:6): avc: denied { open } for path="/ueventd.rc" dev="tmpfs" ino=4766 scontext=u:r:ueventd:s0 tcontext=u:object_r:tmpfs:s0 tclass=file permissive=1
01-21 04:17:36.594  1078  1078 I ueventd : type=1400 audit(0.0:7): avc: denied { read } for name="modules.alias" dev="sda1" ino=91942 scontext=u:r:ueventd:s0 tcontext=u:object_r:unlabeled:s0 tclass=file permissive=1
01-21 04:17:36.601  1078  1078 I ueventd : type=1400 audit(0.0:8): avc: denied { open } for path="/system/lib/modules/4.4.34-android-x86/modules.alias" dev="sda1" ino=91942 scontext=u:r:ueventd:s0 tcontext=u:object_r:unlabeled:s0 tclass=file permissive=1
01-21 04:17:36.656  1078  1078 I ueventd : type=1400 audit(0.0:9): avc: denied { getattr } for path="/system/lib/modules/4.4.34-android-x86/modules.alias" dev="sda1" ino=91942 scontext=u:r:ueventd:s0 tcontext=u:object_r:unlabeled:s0 tclass=file permissive=1
01-21 04:17:36.704  1078  1078 I ueventd : type=1400 audit(0.0:10): avc: denied { sys_module } for capability=16 scontext=u:r:ueventd:s0 tcontext=u:r:ueventd:s0 tclass=capability permissive=1
01-21 04:17:36.786  1078  1078 I ueventd : type=1400 audit(0.0:11): avc: denied { module_load } for path="/system/lib/modules/4.4.34-android-x86/kernel/sound/ac97_bus.ko" dev="sda1" ino=97948 scontext=u:r:ueventd:s0 tcontext=u:object_r:unlabeled:s0 tclass=system permissive=1
01-21 04:17:38.135  1096  1096 I logd    : type=1400 audit(0.0:30): avc: denied { read } for scontext=u:r:init:s0 tcontext=u:r:init:s0 tclass=netlink_audit_socket permissive=1
01-21 04:17:38.232  1103  1103 I sh      : type=1400 audit(0.0:31): avc: denied { ioctl } for path="/dev/pts/0" dev="devpts" ino=3 ioctlcmd=5401 scontext=u:r:init:s0 tcontext=u:object_r:devpts:s0 tclass=chr_file permissive=1
01-21 04:17:38.252  1107  1107 I setprop : type=1400 audit(0.0:32): avc: denied { write } for name="property_service" dev="tmpfs" ino=5195 scontext=u:r:init:s0 tcontext=u:object_r:property_socket:s0 tclass=sock_file permissive=1
01-21 04:17:38.257  1097  1097 I sh      : + '[' -e /vendor/etc/init.sh ']'
01-21 04:17:38.257  1097  1097 I sh      : + do_init
01-21 04:17:38.257  1097  1097 I sh      : + init_misc
01-21 04:17:38.262  1097  1097 I sh      : + cat /sys/class/dmi/id/sys_vendor
01-21 04:17:38.263  1097  1097 I sh      : + setprop ro.product.manufacturer 'innotek GmbH'
01-21 04:17:38.282  1103  1103 I sh      : type=1400 audit(0.0:33): avc: denied { execute } for name="busybox" dev="tmpfs" ino=4957 scontext=u:r:init:s0 tcontext=u:object_r:tmpfs:s0 tclass=file permissive=1
01-21 04:17:38.282  1112  1112 I sh      : type=1400 audit(0.0:34): avc: denied { execute_no_trans } for path="/bin/busybox" dev="tmpfs" ino=4957 scontext=u:r:init:s0 tcontext=u:object_r:tmpfs:s0 tclass=file permissive=1
01-21 04:17:38.282  1097  1097 I sh      : + grep 1a8d:1000
01-21 04:17:38.285  1097  1097 I sh      : + lsusb
01-21 04:17:38.288  1097  1097 I sh      : + '[' -d /sys/devices/system/cpu/cpu0/cpufreq ']'
01-21 04:17:38.288  1097  1097 I sh      : + modprobe acpi-cpufreq
01-21 04:17:38.302  1112  1112 I modprobe: type=1400 audit(0.0:35): avc: denied { sys_module } for capability=16 scontext=u:r:init:s0 tcontext=u:r:init:s0 tclass=capability permissive=1
01-21 04:17:38.302  1112  1112 I modprobe: type=1400 audit(0.0:36): avc: denied { module_load } for scontext=u:r:init:s0 tcontext=u:r:init:s0 tclass=system permissive=1
01-21 04:17:38.303  1097  1097 I sh      : + init_hal_audio
01-21 04:17:38.303  1097  1097 I sh      : + '[' -d /proc/asound/card0 ']'
01-21 04:17:38.303  1097  1097 I sh      : + cat /proc/asound/card0/id
01-21 04:17:38.303  1097  1097 I sh      : + '[' I82801AAICH '=' IntelHDMI ']'
01-21 04:17:38.303  1097  1097 I sh      : + init_hal_bluetooth
01-21 04:17:38.303  1097  1097 I sh      : + cat '/sys/class/rfkill/*/type'
01-21 04:17:38.303  1097  1097 I sh      : /system/etc/init.sh[454]: cat: /sys/class/rfkill/*/type: No such file or directory
01-21 04:17:38.304  1097  1097 I sh      : + type= 
01-21 04:17:38.304  1097  1097 I sh      : + '['  '=' wlan -o  '=' bluetooth ']'
01-21 04:17:38.304  1097  1097 I sh      : + awk ' /Class:.E0/ { print $9 } '
01-21 04:17:38.306  1097  1097 I sh      : + busybox lsusb -v
01-21 04:17:38.309  1097  1097 I sh      : + '[' -n  ']'
01-21 04:17:38.309  1097  1097 I sh      : + init_hal_camera
01-21 04:17:38.309  1097  1097 I sh      : + return
01-21 04:17:38.309  1097  1097 I sh      : + init_hal_gps
01-21 04:17:38.309  1097  1097 I sh      : + return
01-21 04:17:38.309  1097  1097 I sh      : + init_hal_gralloc
01-21 04:17:38.309  1097  1097 I sh      : + head -1
01-21 04:17:38.311  1097  1097 I sh      : + cat /proc/fb
01-21 04:17:38.322  1097  1097 I sh      : + init_uvesafb
01-21 04:17:38.322  1097  1097 I sh      : + '['  '=' 0 ']'
01-21 04:17:38.322  1097  1097 I sh      : + bpp=32 
01-21 04:17:38.322  1097  1097 I sh      : + modprobe uvesafb 'mode_option=1024x768-32' 'mtrr=3' 'scroll=redraw'
01-21 04:17:38.331  1120  1120 I kworker/u2:1: type=1400 audit(0.0:37): avc: denied { execute } for name="linker" dev="sda1" ino=8376 scontext=u:r:kernel:s0 tcontext=u:object_r:unlabeled:s0 tclass=file permissive=1
01-21 04:17:38.331  1120  1120 I v86d    : type=1400 audit(0.0:38): avc: denied { getattr } for path="/system" dev="sda1" ino=8152 scontext=u:r:kernel:s0 tcontext=u:object_r:unlabeled:s0 tclass=dir permissive=1
01-21 04:17:38.332  1120  1120 I v86d    : type=1400 audit(0.0:39): avc: denied { create } for scontext=u:r:kernel:s0 tcontext=u:r:kernel:s0 tclass=netlink_connector_socket permissive=1
01-21 04:17:38.332  1120  1120 I v86d    : type=1400 audit(0.0:40): avc: denied { net_admin } for capability=12 scontext=u:r:kernel:s0 tcontext=u:r:kernel:s0 tclass=capability permissive=1
01-21 04:17:38.332  1121  1121 I v86d    : type=1400 audit(0.0:41): avc: denied { execute } for path="/dev/zero" dev="tmpfs" ino=5272 scontext=u:r:kernel:s0 tcontext=u:object_r:zero_device:s0 tclass=chr_file permissive=1
01-21 04:17:38.332  1121  1121 I v86d    : type=1400 audit(0.0:42): avc: denied { mmap_zero } for scontext=u:r:kernel:s0 tcontext=u:r:kernel:s0 tclass=memprotect permissive=1
01-21 04:17:38.332  1121  1121 I v86d    : type=1400 audit(0.0:43): avc: denied { read write } for name="mem" dev="tmpfs" ino=5267 scontext=u:r:kernel:s0 tcontext=u:object_r:kmem_device:s0 tclass=chr_file permissive=1
01-21 04:17:38.332  1121  1121 I v86d    : type=1400 audit(0.0:44): avc: denied { open } for path="/dev/mem" dev="tmpfs" ino=5267 scontext=u:r:kernel:s0 tcontext=u:object_r:kmem_device:s0 tclass=chr_file permissive=1
01-21 04:17:38.332  1121  1121 I v86d    : type=1400 audit(0.0:45): avc: denied { sys_rawio } for capability=17 scontext=u:r:kernel:s0 tcontext=u:r:kernel:s0 tclass=capability permissive=1
01-21 04:17:38.332  1121  1121 I v86d    : type=1400 audit(0.0:46): avc: denied { execute } for path="/dev/mem" dev="tmpfs" ino=5267 scontext=u:r:kernel:s0 tcontext=u:object_r:kmem_device:s0 tclass=chr_file permissive=1
01-21 04:17:38.913  1097  1097 I sh      : + '[' -n 2 ']'
01-21 04:17:38.913  1097  1097 I sh      : + set_property debug.egl.trace error
01-21 04:17:38.913  1097  1097 I sh      : + setprop debug.egl.trace error
01-21 04:17:38.917  1097  1097 I sh      : + '[' -n 2 ']'
01-21 04:17:38.917  1097  1097 I sh      : + >>/dev/x86.prop 
01-21 04:17:38.917  1097  1097 I sh      : + echo 'debug.egl.trace=error'
01-21 04:17:38.917  1097  1097 I sh      : + init_hal_hwcomposer
01-21 04:17:38.917  1097  1097 I sh      : + return
01-21 04:17:38.917  1097  1097 I sh      : + init_hal_lights
01-21 04:17:38.917  1097  1097 I sh      : + chown 1000.1000 '/sys/class/backlight/*/brightness'
01-21 04:17:38.925  1097  1097 I sh      : chown: /sys/class/backlight/*/brightness: No such file or directory
01-21 04:17:38.925  1097  1097 I sh      : + init_hal_power
01-21 04:17:38.925  1097  1097 I sh      : + >/sys/class/rtc/rtc0/device/power/wakeup 
01-21 04:17:38.925  1097  1097 I sh      : + echo disabled
01-21 04:17:42.353  1097  1097 I sh      : + init_hal_sensors
01-21 04:17:42.353  1097  1097 I sh      : + getprop ro.hardware
01-21 04:17:42.362  1097  1097 I sh      : + ro_hardware=x86vbox 
01-21 04:17:42.362  1097  1097 I sh      : + '[' -f /system/lib/hw/sensors.x86vbox.so ']'
01-21 04:17:42.362  1097  1097 I sh      : + typeset 'hal_sensors=kbd'
01-21 04:17:42.362  1097  1097 I sh      : + typeset 'has_sensors=true'
01-21 04:17:42.363  1097  1097 I sh      : + cat /sys/class/dmi/id/uevent
01-21 04:17:42.363  1097  1097 I sh      : + has_sensors=false 
01-21 04:17:42.363  1097  1097 I sh      : + 2>/dev/null 
01-21 04:17:42.364  1097  1097 I sh      : + ls '/sys/bus/iio/devices/iio:device*'
01-21 04:17:42.372  1097  1097 I sh      : + '[' -n  ']'
01-21 04:17:42.373  1097  1097 I sh      : + grep -q lis3lv02d_i2c
01-21 04:17:42.374  1097  1097 I sh      : + lsmod
01-21 04:17:42.382  1097  1097 I sh      : + set_property ro.hardware.sensors kbd
01-21 04:17:42.382  1097  1097 I sh      : + setprop ro.hardware.sensors kbd
01-21 04:17:42.387  1097  1097 I sh      : + '[' -n 2 ']'
01-21 04:17:42.387  1097  1097 I sh      : + >>/dev/x86.prop 
01-21 04:17:42.387  1097  1097 I sh      : + echo 'ro.hardware.sensors=kbd'
01-21 04:17:42.387  1097  1097 I sh      : + '[' kbd '!=' kbd ']'
01-21 04:17:42.387  1097  1097 I sh      : + set_property config.override_forced_orient false
01-21 04:17:42.387  1097  1097 I sh      : + setprop config.override_forced_orient false
01-21 04:17:42.403  1097  1097 I sh      : + '[' -n 2 ']'
01-21 04:17:42.403  1097  1097 I sh      : + >>/dev/x86.prop 
01-21 04:17:42.403  1097  1097 I sh      : + echo 'config.override_forced_orient=false'
01-21 04:17:42.403  1097  1097 I sh      : + init_tscal
01-21 04:17:42.403  1097  1097 I sh      : + awk '{ print $6 }'
01-21 04:17:42.405  1097  1097 I sh      : + lsusb
01-21 04:17:42.409  1097  1097 I sh      : + init_ril
01-21 04:17:42.410  1097  1097 I sh      : + cat /sys/class/dmi/id/uevent
01-21 04:17:42.411  1097  1097 I sh      : + set_property ro.radio.noril yes
01-21 04:17:42.411  1097  1097 I sh      : + setprop ro.radio.noril yes
01-21 04:17:42.426  1097  1097 I sh      : + '[' -n 2 ']'
01-21 04:17:42.426  1097  1097 I sh      : + >>/dev/x86.prop 
01-21 04:17:42.426  1097  1097 I sh      : + echo 'ro.radio.noril=yes'
01-21 04:17:42.426  1097  1097 I sh      : + post_init
01-21 04:17:42.426  1097  1097 I sh      : /system/etc/init.sh: post_init: not found
01-21 04:17:42.426  1097  1097 I sh      : + return 0
01-21 04:17:42.514  1096  1096 I logd    : type=1400 audit(0.0:47): avc: denied { getopt } for scontext=u:r:init:s0 tcontext=u:r:init:s0 tclass=netlink_audit_socket permissive=1
01-21 04:17:43.018  1137  1137 I         : debuggerd: starting
--------- beginning of system
01-21 04:17:43.206  1138  1138 I vold    : Vold 3.0 (the awakening) firing up
01-21 04:17:43.206  1138  1138 V vold    : Detected support for: ext4 f2fs vfat
01-21 04:17:43.471  1138  1138 I vold    : type=1400 audit(0.0:48): avc: denied { create } for scontext=u:r:init:s0 tcontext=u:r:init:s0 tclass=netlink_kobject_uevent_socket permissive=1
01-21 04:17:43.471  1138  1138 I vold    : type=1400 audit(0.0:49): avc: denied { setopt } for scontext=u:r:init:s0 tcontext=u:r:init:s0 tclass=netlink_kobject_uevent_socket permissive=1
01-21 04:17:43.471  1138  1138 I vold    : type=1400 audit(0.0:50): avc: denied { bind } for scontext=u:r:init:s0 tcontext=u:r:init:s0 tclass=netlink_kobject_uevent_socket permissive=1
01-21 04:17:43.471  1138  1138 I vold    : type=1400 audit(0.0:51): avc: denied { getopt } for scontext=u:r:init:s0 tcontext=u:r:init:s0 tclass=netlink_kobject_uevent_socket permissive=1
01-21 04:17:43.513  1138  1143 D vold    : e4crypt_init_user0
01-21 04:17:43.513  1138  1143 D vold    : e4crypt_prepare_user_storage for volume null, user 0, serial 0, flags 1
01-21 04:17:43.513  1138  1143 D vold    : Preparing: /data/system/users/0
01-21 04:17:43.514  1138  1143 D vold    : Preparing: /data/misc/profiles/cur/0
01-21 04:17:43.514  1138  1143 D vold    : Preparing: /data/misc/profiles/cur/0/foreign-dex
01-21 04:17:43.514  1138  1143 D vold    : Preparing: /data/system_de/0
01-21 04:17:43.514  1138  1143 D vold    : Preparing: /data/misc_de/0
01-21 04:17:43.514  1138  1143 D vold    : Preparing: /data/user_de/0
01-21 04:17:43.514  1138  1143 D vold    : e4crypt_unlock_user_key 0 serial=0 token_present=0
01-21 04:17:43.515     1     1 I vdc     : 200 1139 Command succeeded
01-21 04:17:43.575  1144  1144 I /system/bin/tzdatacheck: tzdata file /data/misc/zoneinfo/current/tzdata does not exist. No action required.
01-21 04:17:43.896  1147  1147 I lowmemorykiller: Using in-kernel low memory killer interface
01-21 04:17:44.234  1149  1149 I SurfaceFlinger: SurfaceFlinger is starting
01-21 04:17:44.234  1149  1149 I SurfaceFlinger: SurfaceFlinger's main thread ready to run. Initializing graphics H/W...
01-21 04:17:44.237  1149  1149 D libEGL  : loaded /system/lib/egl/libGLES_mesa.so
01-21 04:17:44.553  1149  1149 I EGL-DRI2: found extension DRI_Core version 1
01-21 04:17:44.553  1149  1149 I EGL-DRI2: found extension DRI_SWRast version 5
01-21 04:17:44.557  1149  1149 I EGL-DRI2: found extension DRI_TexBuffer version 2
01-21 04:17:44.557  1149  1149 I EGL-DRI2: found extension DRI_IMAGE version 11
01-21 04:17:44.557  1149  1149 I EGL-DRI2: found extension DRI_RENDERER_QUERY version 1
01-21 04:17:44.557  1149  1149 I EGL-DRI2: found extension DRI_CONFIG_QUERY version 1
01-21 04:17:44.557  1149  1149 I EGL-DRI2: found extension DRI2_Fence version 1
01-21 04:17:44.562  1149  1149 W gralloc : page flipping not supported (yres_virtual=768, requested=1536)
01-21 04:17:44.562  1149  1149 I gralloc : using (fd=11)
01-21 04:17:44.562  1149  1149 I gralloc : id           = VESA VGA
01-21 04:17:44.562  1149  1149 I gralloc : xres         = 1024 px
01-21 04:17:44.562  1149  1149 I gralloc : yres         = 768 px
01-21 04:17:44.562  1149  1149 I gralloc : xres_virtual = 1024 px
01-21 04:17:44.562  1149  1149 I gralloc : yres_virtual = 768 px
01-21 04:17:44.562  1149  1149 I gralloc : bpp          = 32
01-21 04:17:44.562  1149  1149 I gralloc : r            = 16:8
01-21 04:17:44.562  1149  1149 I gralloc : g            =  8:8
01-21 04:17:44.562  1149  1149 I gralloc : b            =  0:8
01-21 04:17:44.562  1149  1149 I gralloc : width        = 163 mm (159.568100 dpi)
01-21 04:17:44.562  1149  1149 I gralloc : height       = 122 mm (159.895081 dpi)
01-21 04:17:44.562  1149  1149 I gralloc : refresh rate = 65.46 Hz
01-21 04:17:44.563  1149  1149 E SurfaceFlinger: hwcomposer module not found
01-21 04:17:44.563  1149  1149 I SurfaceFlinger: EGL information:
01-21 04:17:44.563  1149  1149 I SurfaceFlinger: vendor    : Android
01-21 04:17:44.563  1149  1149 I SurfaceFlinger: version   : 1.4 Android META-EGL
01-21 04:17:44.563  1149  1149 I SurfaceFlinger: extensions: EGL_KHR_get_all_proc_addresses EGL_ANDROID_presentation_time EGL_KHR_swap_buffers_with_damage EGL_ANDROID_create_native_client_buffer EGL_ANDROID_front_buffer_auto_refresh EGL_KHR_image_base EGL_KHR_gl_texture_2D_image EGL_KHR_gl_texture_3D_image EGL_KHR_gl_texture_cubemap_image EGL_KHR_gl_renderbuffer_image EGL_KHR_reusable_sync EGL_KHR_fence_sync EGL_KHR_create_context EGL_KHR_surfaceless_context EGL_ANDROID_image_native_buffer EGL_KHR_wait_sync EGL_ANDROID_recordable 
01-21 04:17:44.563  1149  1149 I SurfaceFlinger: Client API: OpenGL_ES
01-21 04:17:44.563  1149  1149 I SurfaceFlinger: EGLSurface: 8-8-8-8, config=0xb38a4680
01-21 04:17:44.577  1149  1149 I SurfaceFlinger: OpenGL ES informations:
01-21 04:17:44.577  1149  1149 I SurfaceFlinger: vendor    : VMware, Inc.
01-21 04:17:44.577  1149  1149 I SurfaceFlinger: renderer  : Gallium 0.4 on llvmpipe (LLVM 3.8, 256 bits)
01-21 04:17:44.577  1149  1149 I SurfaceFlinger: version   : OpenGL ES 3.0 Mesa 13.0.2
01-21 04:17:44.577  1149  1149 I SurfaceFlinger: extensions: GL_EXT_blend_minmax GL_EXT_multi_draw_arrays GL_EXT_texture_compression_dxt1 GL_EXT_texture_format_BGRA8888 GL_OES_compressed_ETC1_RGB8_texture GL_OES_depth24 GL_OES_element_index_uint GL_OES_fbo_render_mipmap GL_OES_mapbuffer GL_OES_rgb8_rgba8 GL_OES_standard_derivatives GL_OES_stencil8 GL_OES_texture_3D GL_OES_texture_float GL_OES_texture_float_linear GL_OES_texture_half_float GL_OES_texture_half_float_linear GL_OES_texture_npot GL_EXT_texture_sRGB_decode GL_OES_EGL_image GL_OES_depth_texture GL_OES_packed_depth_stencil GL_EXT_texture_type_2_10_10_10_REV GL_OES_get_program_binary GL_APPLE_texture_max_level GL_EXT_discard_framebuffer GL_EXT_read_format_bgra GL_NV_fbo_color_attachments GL_OES_EGL_image_external GL_OES_EGL_sync GL_OES_vertex_array_object GL_ANGLE_texture_compression_dxt3 GL_ANGLE_texture_compression_dxt5 GL_EXT_texture_rg GL_EXT_unpack_subimage GL_NV_draw_buffers GL_NV_read_buffer GL_NV_read_depth GL_NV_read_depth_stencil GL_NV_read_stencil GL_EXT_draw_buffers GL_EXT_map_buffer_ra
01-21 04:17:44.577  1149  1149 I SurfaceFlinger: GL_MAX_TEXTURE_SIZE = 8192
01-21 04:17:44.577  1149  1149 I SurfaceFlinger: GL_MAX_VIEWPORT_DIMS = 8192
01-21 04:17:44.577  1149  1149 D DisplayDevice: Open /dev/tty0 OK
01-21 04:17:44.615  1149  1149 D SurfaceFlinger: shader cache generated - 24 shaders in 31.901928 ms
01-21 04:17:44.674  1148  1148 E SELinux : avc:  denied  { add } for service=SurfaceFlinger pid=1149 uid=0 scontext=u:r:init:s0 tcontext=u:object_r:surfaceflinger_service:s0 tclass=service_manager permissive=1
01-21 04:17:44.674  1148  1148 E SELinux : avc:  denied  { add } for service=gpu pid=1149 uid=0 scontext=u:r:init:s0 tcontext=u:object_r:gpu_service:s0 tclass=service_manager permissive=1
01-21 04:17:44.674  1149  1149 D SurfaceFlinger: Set power mode=2, type=0 flinger=0xb3db0000
01-21 04:17:45.213  1167  1167 I         : sMaxFastTracks = 8
01-21 04:17:45.214  1167  1167 I audioserver: ServiceManager: 0xaa71afe0
01-21 04:17:45.214  1167  1167 W BatteryNotifier: batterystats service unavailable!
01-21 04:17:45.214  1167  1167 I AudioFlinger: Using default 3000 mSec as standby time.
01-21 04:17:45.214  1148  1148 E SELinux : avc:  denied  { add } for service=media.audio_flinger pid=1167 uid=1041 scontext=u:r:init:s0 tcontext=u:object_r:audioserver_service:s0 tclass=service_manager permissive=1
01-21 04:17:45.214  1167  1167 I AudioPolicyService: AudioPolicyService CSTOR in new mode
01-21 04:17:45.214  1167  1167 I APM::ConfigParsingUtils: loadAudioPolicyConfig() loaded /system/etc/audio_policy.conf
01-21 04:17:45.215  1148  1148 E SELinux : avc:  denied  { find } for service=media.audio_flinger pid=1167 uid=1041 scontext=u:r:init:s0 tcontext=u:object_r:audioserver_service:s0 tclass=service_manager permissive=1
01-21 04:17:45.216  1167  1167 D audio_hw_primary: found audio out at /dev/snd/pcmC0D0p
01-21 04:17:45.216  1167  1167 D audio_hw_primary: card: 0/0 id: Intel ICH
01-21 04:17:45.216  1167  1167 D audio_hw_primary: name: Intel 82801AA-ICH
01-21 04:17:45.216  1167  1167 D audio_hw_primary: subname: subdevice #0
01-21 04:17:45.216  1167  1167 D audio_hw_primary: stream: 0
01-21 04:17:45.216  1167  1167 I audio_hw_primary: choose pcmC0D0p for 0
01-21 04:17:45.216  1167  1167 E audio_hw_primary: Failed to open /system/etc/mixer_paths.xml
01-21 04:17:45.216  1167  1167 I AudioFlinger: loadHwModule() Loaded primary audio interface from Grouper audio HW HAL (audio) handle 10
01-21 04:17:45.216  1167  1167 I AudioFlinger: openOutput(), module 10 Device 2, SamplingRate 48000, Format 0x000001, Channels 3, flags 2
01-21 04:17:45.216  1167  1167 I audio_hw_primary: choose pcmC0D0p for 0
01-21 04:17:45.216  1167  1167 I AudioFlinger: HAL output buffer size 512 frames, normal sink buffer size 1024 frames
01-21 04:17:45.226  1167  1167 I BufferProvider: found effect "Multichannel Downmix To Stereo" from The Android Open Source Project
01-21 04:17:45.226  1167  1167 I AudioFlinger: Using module 10 has the primary audio interface
01-21 04:17:45.232  1167  1172 I AudioFlinger: AudioFlinger's thread 0xaa298740 ready to run
01-21 04:17:45.232  1167  1172 W BatteryNotifier: batterystats service unavailable!
01-21 04:17:45.232  1167  1172 W BatteryNotifier: batterystats service unavailable!
01-21 04:17:45.233  1167  1172 W BatteryNotifier: batterystats service unavailable!
01-21 04:17:45.233  1167  1172 W AudioFlinger: no wake lock to update, system not ready yet
01-21 04:17:45.233  1167  1172 E cutils-trace: Error opening trace file: Permission denied (13)
01-21 04:17:45.233  1167  1173 I AudioFlinger: AudioFlinger's thread 0xa9f031c0 ready to run
01-21 04:17:45.233  1167  1167 I bt_a2dp_hw: adev_open:  adev_open in A2dp_hw module
01-21 04:17:45.233  1167  1167 I AudioFlinger: loadHwModule() Loaded a2dp audio interface from A2DP Audio HW HAL (audio) handle 18
01-21 04:17:45.234  1167  1167 I AudioFlinger: loadHwModule() Loaded usb audio interface from USB audio HW HAL (audio) handle 26
01-21 04:17:45.234  1167  1167 I RadioService: RadioService
01-21 04:17:45.234  1167  1167 I RadioService: onFirstRef
01-21 04:17:45.234  1167  1167 E RadioService: couldn't load radio module radio.primary (No such file or directory)
01-21 04:17:45.234  1167  1167 E SoundTriggerHwService: couldn't load sound trigger module sound_trigger.primary (No such file or directory)
01-21 04:17:45.622  1148  1148 E SELinux : avc:  denied  { find } for service=SurfaceFlinger pid=1162 uid=1003 scontext=u:r:init:s0 tcontext=u:object_r:surfaceflinger_service:s0 tclass=service_manager permissive=1
01-21 04:17:45.632  1149  1150 I SurfaceFlinger: auto set density to 160
01-21 04:17:45.633  1162  1177 D libEGL  : loaded /system/lib/egl/libGLES_mesa.so
01-21 04:17:45.648  1162  1177 I EGL-DRI2: found extension DRI_Core version 1
01-21 04:17:45.648  1162  1177 I EGL-DRI2: found extension DRI_SWRast version 5
01-21 04:17:45.649  1162  1177 I EGL-DRI2: found extension DRI_TexBuffer version 2
01-21 04:17:45.649  1162  1177 I EGL-DRI2: found extension DRI_IMAGE version 11
01-21 04:17:45.649  1162  1177 I EGL-DRI2: found extension DRI_RENDERER_QUERY version 1
01-21 04:17:45.649  1162  1177 I EGL-DRI2: found extension DRI_CONFIG_QUERY version 1
01-21 04:17:45.649  1162  1177 I EGL-DRI2: found extension DRI2_Fence version 1
01-21 04:17:45.649  1162  1177 E cutils-trace: Error opening trace file: Permission denied (13)
01-21 04:17:45.824  1166  1166 D AndroidRuntime: >>>>>> START com.android.internal.os.ZygoteInit uid 0 <<<<<<
01-21 04:17:45.840  1166  1166 D AndroidRuntime: CheckJNI is ON
01-21 04:17:45.853  1166  1166 I art     : option[0]=-Xzygote
01-21 04:17:45.853  1166  1166 I art     : option[1]=-Xcheck:jni
01-21 04:17:45.853  1166  1166 I art     : option[2]=-Xstacktracefile:/data/anr/traces.txt
01-21 04:17:45.853  1166  1166 I art     : option[3]=exit
01-21 04:17:45.853  1166  1166 I art     : option[4]=vfprintf
01-21 04:17:45.853  1166  1166 I art     : option[5]=sensitiveThread
01-21 04:17:45.853  1166  1166 I art     : option[6]=-verbose:gc
01-21 04:17:45.853  1166  1166 I art     : option[7]=-Xms16m
01-21 04:17:45.853  1166  1166 I art     : option[8]=-Xmx512m
01-21 04:17:45.853  1166  1166 I art     : option[9]=-XX:HeapGrowthLimit=192m
01-21 04:17:45.853  1166  1166 I art     : option[10]=-XX:HeapMinFree=512k
01-21 04:17:45.853  1166  1166 I art     : option[11]=-XX:HeapMaxFree=8m
01-21 04:17:45.853  1166  1166 I art     : option[12]=-XX:HeapTargetUtilization=0.75
01-21 04:17:45.853  1166  1166 I art     : option[13]=-Xusejit:true
01-21 04:17:45.853  1166  1166 I art     : option[14]=-Xjitsaveprofilinginfo
01-21 04:17:45.853  1166  1166 I art     : option[15]=-agentlib:jdwp=transport=dt_android_adb,suspend=n,server=y
01-21 04:17:45.853  1166  1166 I art     : option[16]=-Xlockprofthreshold:500
01-21 04:17:45.853  1166  1166 I art     : option[17]=-Ximage-compiler-option
01-21 04:17:45.853  1166  1166 I art     : option[18]=--runtime-arg
01-21 04:17:45.853  1166  1166 I art     : option[19]=-Ximage-compiler-option
01-21 04:17:45.853  1166  1166 I art     : option[20]=-Xms64m
01-21 04:17:45.853  1166  1166 I art     : option[21]=-Ximage-compiler-option
01-21 04:17:45.853  1166  1166 I art     : option[22]=--runtime-arg
01-21 04:17:45.853  1166  1166 I art     : option[23]=-Ximage-compiler-option
01-21 04:17:45.853  1166  1166 I art     : option[24]=-Xmx64m
01-21 04:17:45.853  1166  1166 I art     : option[25]=-Ximage-compiler-option
01-21 04:17:45.853  1166  1166 I art     : option[26]=--compiler-filter=verify-at-runtime
01-21 04:17:45.853  1166  1166 I art     : option[27]=-Ximage-compiler-option
01-21 04:17:45.853  1166  1166 I art     : option[28]=--image-classes=/system/etc/preloaded-classes
01-21 04:17:45.853  1166  1166 I art     : option[29]=-Ximage-compiler-option
01-21 04:17:45.853  1166  1166 I art     : option[30]=--compiled-classes=/system/etc/compiled-classes
01-21 04:17:45.853  1166  1166 I art     : option[31]=-Xcompiler-option
01-21 04:17:45.853  1166  1166 I art     : option[32]=--runtime-arg
01-21 04:17:45.853  1166  1166 I art     : option[33]=-Xcompiler-option
01-21 04:17:45.853  1166  1166 I art     : option[34]=-Xms64m
01-21 04:17:45.853  1166  1166 I art     : option[35]=-Xcompiler-option
01-21 04:17:45.853  1166  1166 I art     : option[36]=--runtime-arg
01-21 04:17:45.853  1166  1166 I art     : option[37]=-Xcompiler-option
01-21 04:17:45.853  1166  1166 I art     : option[38]=-Xmx512m
01-21 04:17:45.853  1166  1166 I art     : option[39]=-Ximage-compiler-option
01-21 04:17:45.853  1166  1166 I art     : option[40]=--instruction-set-variant=x86
01-21 04:17:45.853  1166  1166 I art     : option[41]=-Xcompiler-option
01-21 04:17:45.853  1166  1166 I art     : option[42]=--instruction-set-variant=x86
01-21 04:17:45.853  1166  1166 I art     : option[43]=-Ximage-compiler-option
01-21 04:17:45.853  1166  1166 I art     : option[44]=--instruction-set-features=default
01-21 04:17:45.853  1166  1166 I art     : option[45]=-Xcompiler-option
01-21 04:17:45.853  1166  1166 I art     : option[46]=--instruction-set-features=default
01-21 04:17:45.853  1166  1166 I art     : option[47]=-Duser.locale=en-US
01-21 04:17:45.853  1166  1166 I art     : option[48]=-XX:NativeBridge=libnb.so
01-21 04:17:45.853  1166  1166 I art     : option[49]=--cpu-abilist=x86,armeabi-v7a,armeabi
01-21 04:17:45.853  1166  1166 I art     : option[50]=-Xfingerprint:Android-x86/x86vbox/x86vbox:7.1.1/NMF26O/sgye01200953:eng/test-keys
01-21 04:17:46.043  1175  1175 I cameraserver: ServiceManager: 0xb479afe0
01-21 04:17:46.043  1175  1175 I CameraService: CameraService started (pid=1175)
01-21 04:17:46.043  1175  1175 I CameraService: CameraService process starting
01-21 04:17:46.044  1175  1175 W BatteryNotifier: batterystats service unavailable!
01-21 04:17:46.044  1175  1175 W BatteryNotifier: batterystats service unavailable!
01-21 04:17:46.044  1175  1175 D Camera_Factory: CameraFactory::CameraFactory
01-21 04:17:46.044  1175  1175 D Camera_Factory: CameraFactory::parseConfig: configFile = /etc/camera.cfg
01-21 04:17:46.044  1175  1175 D Camera_Factory: /etc/camera.cfg not found, using camera configuration defaults
01-21 04:17:46.044  1175  1175 E cutils-trace: Error opening trace file: Permission denied (13)
01-21 04:17:46.044  1175  1175 D Camera_Factory: CameraFactory::get_number_of_cameras
01-21 04:17:46.044  1175  1175 D Camera_Factory: CameraFactory::getCameraNum: 0
01-21 04:17:46.044  1175  1175 I CameraService: Loaded "Camera Module" camera module
01-21 04:17:46.044  1175  1175 D Camera_Factory: CameraFactory::get_number_of_cameras
01-21 04:17:46.044  1175  1175 D Camera_Factory: CameraFactory::getCameraNum: 0
01-21 04:17:46.044  1175  1175 D Camera_Factory: CameraFactory::get_number_of_cameras
01-21 04:17:46.044  1175  1175 D Camera_Factory: CameraFactory::getCameraNum: 0
01-21 04:17:46.044  1175  1175 I ServiceManager: Waiting for service media.camera.proxy...
01-21 04:17:46.189  1148  1148 E SELinux : avc:  denied  { add } for service=drm.drmManager pid=1180 uid=1019 scontext=u:r:init:s0 tcontext=u:object_r:drmserver_service:s0 tclass=service_manager permissive=1
01-21 04:17:46.279  1181  1181 I         : installd firing up
01-21 04:17:46.358  1166  1166 D ICU     : No timezone override file found: /data/misc/zoneinfo/current/icu/icu_tzdata.dat
01-21 04:17:46.512  1183  1183 I keystore: Found keymaster0 module Keymaster OpenSSL HAL, version 2
01-21 04:17:46.513  1183  1183 I SoftKeymaster: system/keymaster/soft_keymaster_device.cpp, Line 131: Creating device
01-21 04:17:46.513  1183  1183 D SoftKeymaster: system/keymaster/soft_keymaster_device.cpp, Line 132: Device address: 0xa8f30000
01-21 04:17:46.513  1183  1183 I keystore: Keymaster0 module is software-only.  Using SoftKeymasterDevice instead.
01-21 04:17:46.513  1183  1183 I SoftKeymaster: system/keymaster/soft_keymaster_device.cpp, Line 131: Creating device
01-21 04:17:46.513  1183  1183 D SoftKeymaster: system/keymaster/soft_keymaster_device.cpp, Line 132: Device address: 0xa8f30200
01-21 04:17:46.513  1148  1148 E SELinux : avc:  denied  { add } for service=android.security.keystore pid=1183 uid=1017 scontext=u:r:init:s0 tcontext=u:object_r:keystore_service:s0 tclass=service_manager permissive=1
01-21 04:17:46.515  1184  1184 I mediacodec: @@@ mediacodecservice starting
01-21 04:17:46.515  1184  1184 W         : No seccomp filter defined for this architecture.
01-21 04:17:46.515  1148  1148 E SELinux : avc:  denied  { add } for service=media.codec pid=1184 uid=1046 scontext=u:r:init:s0 tcontext=u:object_r:mediacodec_service:s0 tclass=service_manager permissive=1
01-21 04:17:43.513  1138  1138 I vold    : type=1400 audit(0.0:52): avc: denied { read } for scontext=u:r:init:s0 tcontext=u:r:init:s0 tclass=netlink_kobject_uevent_socket permissive=1
01-21 04:17:46.860  1166  1166 E memtrack: Couldn't load memtrack module (No such file or directory)
01-21 04:17:46.860  1166  1166 E android.os.Debug: failed to load memtrack module: -2
01-21 04:17:46.861  1166  1166 I Radio-JNI: register_android_hardware_Radio DONE
01-21 04:17:46.873  1166  1166 I SamplingProfilerIntegration: Profiling disabled.
01-21 04:17:46.873  1166  1166 D Zygote  : begin preload
01-21 04:17:46.873  1166  1166 I Zygote  : Installing ICU cache reference pinning...
01-21 04:17:46.874  1166  1166 I Zygote  : Preloading ICU data...
01-21 04:17:46.933  1166  1166 I Zygote  : Preloading classes...
01-21 04:17:46.943  1191  1191 I mediaserver: ServiceManager: 0xb49bc060
01-21 04:17:46.943  1148  1148 E SELinux : avc:  denied  { add } for service=media.drm pid=1191 uid=1013 scontext=u:r:init:s0 tcontext=u:object_r:mediadrmserver_service:s0 tclass=service_manager permissive=1
01-21 04:17:46.949  1192  1192 V MediaUtils: physMem: 2118569984
01-21 04:17:46.949  1192  1192 V MediaUtils: requested limit: 423713980
01-21 04:17:46.949  1192  1192 V MediaUtils: actual limit: 423713980
01-21 04:17:46.949  1192  1192 V MediaUtils: original limits: 4294967295/4294967295
01-21 04:17:46.949  1192  1192 V MediaUtils: new limits: 423713980/4294967295
01-21 04:17:46.949  1192  1192 W /system/bin/mediaextractor: libminijail: allowing syscall: socketcall
01-21 04:17:46.949  1192  1192 W /system/bin/mediaextractor: libminijail: allowing syscall: writev
01-21 04:17:46.949  1192  1192 W /system/bin/mediaextractor: libminijail: allowing syscall: fcntl64
01-21 04:17:46.949  1192  1192 W /system/bin/mediaextractor: libminijail: allowing syscall: clock_gettime
01-21 04:17:46.963  1192  1192 W /system/bin/mediaextractor: libminijail: logging seccomp filter failures
01-21 04:17:46.963  1148  1148 E SELinux : avc:  denied  { add } for service=media.extractor pid=1192 uid=1040 scontext=u:r:init:s0 tcontext=u:object_r:mediaextractor_service:s0 tclass=service_manager permissive=1
01-21 04:17:47.006  1166  1166 W Zygote  : Class not found for preloading: [Landroid.view.Display$ColorTransform;
01-21 04:17:47.125  1175  1175 I ServiceManager: Waiting for service media.camera.proxy...
01-21 04:17:47.247  1197  1197 I Netd    : Netd 1.0 starting
01-21 04:17:47.248  1197  1197 D TetherController: Setting IP forward enable = 0
01-21 04:17:47.267  1166  1166 E Typeface: Error mapping font file /system/fonts/DroidSansFallback.ttf
01-21 04:17:47.273  1195  1195 I mediaserver: ServiceManager: 0xb33bc060
01-21 04:17:47.273  1195  1195 W BatteryNotifier: batterystats service unavailable!
01-21 04:17:47.274  1148  1148 E SELinux : avc:  denied  { add } for service=media.player pid=1195 uid=1013 scontext=u:r:init:s0 tcontext=u:object_r:mediaserver_service:s0 tclass=service_manager permissive=1
01-21 04:17:47.502  1202  1202 I powerbtn: open event0(Power Button) ok fd=4
01-21 04:17:47.533  1166  1166 I art     : Thread[1,tid=1166,Native,Thread*=0xad10b400,peer=0x12c060d0,"main"] recursive attempt to load library "/system/lib/libmedia_jni.so"
01-21 04:17:47.543  1166  1166 D MtpDeviceJNI: register_android_mtp_MtpDevice
01-21 04:17:47.543  1166  1166 I art     : Thread[1,tid=1166,Native,Thread*=0xad10b400,peer=0x12c060d0,"main"] recursive attempt to load library "/system/lib/libmedia_jni.so"
01-21 04:17:47.543  1166  1166 I art     : Thread[1,tid=1166,Native,Thread*=0xad10b400,peer=0x12c060d0,"main"] recursive attempt to load library "/system/lib/libmedia_jni.so"
01-21 04:17:47.674  1206  1206 I perfprofd: starting Android Wide Profiling daemon
01-21 04:17:47.674  1206  1206 E perfprofd: unable to open configuration file /data/data/com.google.android.gms/files/perfprofd.conf
01-21 04:17:47.674  1206  1206 I perfprofd: random seed set to 2661377822
01-21 04:17:47.675  1205  1205 I gatekeeperd: Starting gatekeeperd...
01-21 04:17:47.675  1205  1205 W gatekeeperd: falling back to software GateKeeper
01-21 04:17:47.676  1148  1148 E SELinux : avc:  denied  { add } for service=android.service.gatekeeper.IGateKeeperService pid=1205 uid=1000 scontext=u:r:init:s0 tcontext=u:object_r:gatekeeper_service:s0 tclass=service_manager permissive=1
01-21 04:17:47.888  1166  1166 W Zygote  : Class not found for preloading: android.view.Display$ColorTransform
01-21 04:17:47.888  1166  1166 W Zygote  : Class not found for preloading: android.view.Display$ColorTransform$1
01-21 04:17:48.015  1166  1166 I System  : Loaded time zone names for "" in 50ms (49ms in ICU)
01-21 04:17:48.020  1166  1166 I System  : Loaded time zone names for "en_US" in 5ms (5ms in ICU)
01-21 04:17:48.116  1166  1166 I Zygote  : ...preloaded 4158 classes in 1183ms.
01-21 04:17:48.116  1166  1166 I art     : VMRuntime.preloadDexCaches starting
01-21 04:17:48.131  1175  1175 I ServiceManager: Waiting for service media.camera.proxy...
01-21 04:17:48.178  1166  1166 I art     : VMRuntime.preloadDexCaches strings total=283734 before=39639 after=39639
01-21 04:17:48.178  1166  1166 I art     : VMRuntime.preloadDexCaches types total=23582 before=7877 after=7904
01-21 04:17:48.178  1166  1166 I art     : VMRuntime.preloadDexCaches fields total=112010 before=40900 after=41114
01-21 04:17:48.178  1166  1166 I art     : VMRuntime.preloadDexCaches methods total=197525 before=82451 after=83011
01-21 04:17:48.178  1166  1166 I art     : VMRuntime.preloadDexCaches finished
01-21 04:17:48.178  1166  1166 I Zygote  : Preloading resources...
01-21 04:17:48.233  1166  1166 W Resources: Preloaded drawable resource #0x108025c (android:drawable/dialog_background_material) that varies with configuration!!
01-21 04:17:48.237  1166  1166 W Resources: Preloaded color resource #0x10600e2 (android:color/material_grey_800) that varies with configuration!!
01-21 04:17:48.252  1167  1172 W BatteryNotifier: batterystats service unavailable!
01-21 04:17:48.252  1166  1166 W Resources: Preloaded drawable resource #0x10802c9 (android:drawable/floating_popup_background_dark) that varies with configuration!!
01-21 04:17:48.354  1166  1166 I Zygote  : ...preloaded 114 resources in 176ms.
01-21 04:17:48.355  1166  1166 W Resources: Preloaded color resource #0x106010b (android:color/background_cache_hint_selector_material_dark) that varies with configuration!!
01-21 04:17:48.362  1166  1166 W Resources: Preloaded color resource #0x1060110 (android:color/btn_default_material_dark) that varies with configuration!!
01-21 04:17:48.362  1166  1166 I Zygote  : ...preloaded 41 resources in 8ms.
01-21 04:17:48.364  1166  1166 D libEGL  : loaded /system/lib/egl/libGLES_mesa.so
01-21 04:17:48.465  1166  1166 I Zygote  : Preloading shared libraries...
01-21 04:17:48.501  1166  1166 I Zygote  : Uninstalled ICU cache reference pinning...
01-21 04:17:48.502  1166  1166 I Zygote  : Installed AndroidKeyStoreProvider in 1ms.
01-21 04:17:48.522  1166  1166 I Zygote  : Warmed up JCA providers in 20ms.
01-21 04:17:48.522  1166  1166 D Zygote  : end preload
01-21 04:17:48.522  1166  1166 I art     : Starting a blocking GC Explicit
01-21 04:17:48.543  1166  1166 I art     : Explicit concurrent mark sweep GC freed 55424(6MB) AllocSpace objects, 133(2MB) LOS objects, 39% free, 2MB/4MB, paused 36us total 7.825ms
01-21 04:17:48.546  1166  1166 I art     : Starting a blocking GC Explicit
01-21 04:17:48.549  1166  1166 I art     : Explicit concurrent mark sweep GC freed 4822(178KB) AllocSpace objects, 0(0B) LOS objects, 40% free, 2MB/3MB, paused 30us total 3.269ms
01-21 04:17:48.572  1166  1188 I art     : Starting a blocking GC HeapTrim
01-21 04:17:48.573  1166  1166 I art     : Starting a blocking GC Background
01-21 04:17:48.616  1166  1166 I Zygote  : System server process 1236 has been created
01-21 04:17:48.616  1166  1166 I Zygote  : Accepting command socket connections
01-21 04:17:48.620  1236  1236 I InstallerConnection: connecting...
01-21 04:17:48.621  1181  1181 I         : new connection
01-21 04:17:48.623  1236  1236 I InstallerConnection: disconnecting...
01-21 04:17:48.624  1181  1181 E         : eof
01-21 04:17:48.624  1181  1181 E         : failed to read size
01-21 04:17:48.624  1181  1181 I         : closing connection
01-21 04:17:48.749  1236  1236 I SystemServer: Entered the Android system server!
01-21 04:17:43.514  1139  1139 I vdc     : type=1400 audit(0.0:53): avc: denied { getattr } for path="/dev/pts/0" dev="devpts" ino=3 scontext=u:r:init:s0 tcontext=u:object_r:devpts:s0 tclass=chr_file permissive=1
01-21 04:17:49.132  1175  1175 I ServiceManager: Waiting for service media.camera.proxy...
01-21 04:17:49.142  1236  1236 I SystemServiceManager: Starting com.android.server.pm.Installer
01-21 04:17:49.143  1236  1236 I Installer: Waiting for installd to be ready.
01-21 04:17:49.143  1236  1236 I InstallerConnection: connecting...
01-21 04:17:49.143  1181  1181 I         : new connection
01-21 04:17:49.144  1236  1236 I SystemServiceManager: Starting com.android.server.am.ActivityManagerService$Lifecycle
01-21 04:17:49.163  1236  1236 I ActivityManager: Memory class: 192
01-21 04:17:49.181  1236  1236 D BatteryStatsImpl: Reading daily items from /data/system/batterystats-daily.xml
01-21 04:17:49.344  1236  1236 I IntentFirewall: Read new rules (A:0 B:0 S:0)
01-21 04:17:49.353  1236  1236 D AppOps  : AppOpsService published
01-21 04:17:49.354  1236  1236 I SystemServiceManager: Starting com.android.server.power.PowerManagerService
01-21 04:17:49.362  1236  1236 I libsuspend: Selected wakeup count
01-21 04:17:49.364  1236  1236 I SystemServiceManager: Starting com.android.server.lights.LightsService
01-21 04:17:49.364  1236  1236 E lights  : Unable to detect max_brightness. Try to set backlight.max_brightness_file
01-21 04:17:49.365  1236  1236 I SystemServiceManager: Starting com.android.server.display.DisplayManagerService
01-21 04:17:49.366  1236  1236 I SystemServiceManager: Starting phase 100
01-21 04:17:49.367  1236  1272 I DisplayManagerService: Display device added: DisplayDeviceInfo{"Built-in Screen": uniqueId="local:0", 1024 x 768, modeId 1, defaultModeId 1, supportedModes [{id=1, width=1024, height=768, fps=65.465}], colorMode 0, supportedColorModes [0], HdrCapabilities android.view.Display$HdrCapabilities@a69d6308, density 160, 159.5681 x 159.89508 dpi, appVsyncOff 1000000, presDeadline 15275338, touch INTERNAL, rotation 0, type BUILT_IN, state UNKNOWN, FLAG_DEFAULT_DISPLAY, FLAG_ROTATES_WITH_CONTENT, FLAG_SECURE, FLAG_SUPPORTS_PROTECTED_BUFFERS}
01-21 04:17:49.368  1149  1149 D SurfaceFlinger: Set power mode=2, type=0 flinger=0xb3db0000
01-21 04:17:49.368  1149  1149 D SurfaceFlinger: Screen type=0 is already mode=2
01-21 04:17:49.368  1236  1272 I DisplayManagerService: Display device changed state: "Built-in Screen", ON
01-21 04:17:49.368  1236  1236 I SystemServer: StartPackageManagerService
01-21 04:17:49.390  1148  1148 E SELinux : avc:  denied  { find } for service=power pid=1149 uid=0 scontext=u:r:init:s0 tcontext=u:object_r:power_service:s0 tclass=service_manager permissive=1
01-21 04:17:49.393  1236  1236 W SystemConfig: No directory /system/etc/sysconfig, skipping
01-21 04:17:49.442  1236  1236 D SELinuxMMAC: Using policy file /system/etc/security/mac_permissions.xml
01-21 04:17:49.509  1236  1236 E art     : DexFile_getDexOptNeeded file '/system/framework/org.apache.http.legacy.jar' does not exist
01-21 04:17:49.509  1236  1236 W PackageManager: Library not found: /system/framework/org.apache.http.legacy.jar
01-21 04:17:49.510  1236  1236 D PackageManager: No files in app dir /vendor/overlay
01-21 04:17:49.533  1236  1236 I PackageManager: /system/framework/framework-res.apk changed; collecting certs
01-21 04:17:49.940  1236  1236 W PackageManager: Failed to parse /system/framework/x86: Missing base APK in /system/framework/x86
01-21 04:17:49.941  1236  1236 I PackageManager: /system/priv-app/BackupRestoreConfirmation changed; collecting certs
01-21 04:17:49.944  1236  1236 I PackageManager: /system/priv-app/BlockedNumberProvider changed; collecting certs
01-21 04:17:49.947  1236  1236 I PackageManager: /system/priv-app/CalendarProvider changed; collecting certs
01-21 04:17:49.952  1236  1236 I PackageManager: /system/priv-app/CallLogBackup changed; collecting certs
01-21 04:17:49.954  1236  1236 I PackageManager: /system/priv-app/CarrierConfig changed; collecting certs
01-21 04:17:49.959  1236  1236 I PackageManager: /system/priv-app/CellBroadcastReceiver changed; collecting certs
01-21 04:17:49.993  1236  1236 W PackageParser: No actions in intent filter at /system/priv-app/Contacts/Contacts.apk Binary XML file line #409
01-21 04:17:49.994  1236  1236 I PackageManager: /system/priv-app/Contacts changed; collecting certs
01-21 04:17:50.097  1236  1236 I PackageManager: /system/priv-app/ContactsProvider changed; collecting certs
01-21 04:17:50.102  1236  1236 I PackageManager: /system/priv-app/CtsShimPrivPrebuilt changed; collecting certs
01-21 04:17:50.103  1236  1236 I PackageManager: /system/priv-app/DefaultContainerService changed; collecting certs
01-21 04:17:50.116  1236  1236 W PackageParser: No actions in intent filter at /system/priv-app/Dialer/Dialer.apk Binary XML file line #186
01-21 04:17:50.117  1236  1236 I PackageManager: /system/priv-app/Dialer changed; collecting certs
01-21 04:17:50.245  1175  1175 I ServiceManager: Waiting for service media.camera.proxy...
01-21 04:17:50.346  1236  1236 I PackageManager: /system/priv-app/DocumentsUI changed; collecting certs
01-21 04:17:50.375  1236  1236 I PackageManager: /system/priv-app/DownloadProvider changed; collecting certs
01-21 04:17:50.378  1236  1236 W PackageManager: Permission android.permission.DOWNLOAD_WITHOUT_NOTIFICATION from package com.android.providers.downloads in an unknown group android.permission-group.NETWORK
01-21 04:17:50.382  1236  1236 I PackageManager: /system/priv-app/EmergencyInfo changed; collecting certs
01-21 04:17:50.409  1236  1236 I PackageManager: /system/priv-app/ExtServices changed; collecting certs
01-21 04:17:50.416  1236  1236 I PackageManager: /system/priv-app/ExternalStorageProvider changed; collecting certs
01-21 04:17:50.419  1236  1236 I PackageManager: /system/priv-app/FusedLocation changed; collecting certs
01-21 04:17:50.444  1236  1236 I PackageManager: /system/priv-app/InputDevices changed; collecting certs
01-21 04:17:50.449  1236  1236 I PackageManager: /system/priv-app/Launcher2 changed; collecting certs
01-21 04:17:50.462  1236  1236 W PackageManager: Permission com.android.launcher.permission.PRELOAD_WORKSPACE from package com.android.launcher in an unknown group android.permission-group.SYSTEM_TOOLS
01-21 04:17:50.462  1236  1236 W PackageManager: Permission com.android.launcher.permission.INSTALL_SHORTCUT from package com.android.launcher in an unknown group android.permission-group.SYSTEM_TOOLS
01-21 04:17:50.462  1236  1236 W PackageManager: Permission com.android.launcher.permission.UNINSTALL_SHORTCUT from package com.android.launcher in an unknown group android.permission-group.SYSTEM_TOOLS
01-21 04:17:50.462  1236  1236 W PackageManager: Permission com.android.launcher.permission.READ_SETTINGS from package com.android.launcher in an unknown group android.permission-group.SYSTEM_TOOLS
01-21 04:17:50.462  1236  1236 W PackageManager: Permission com.android.launcher.permission.WRITE_SETTINGS from package com.android.launcher in an unknown group android.permission-group.SYSTEM_TOOLS
01-21 04:17:50.474  1236  1236 I PackageManager: /system/priv-app/ManagedProvisioning changed; collecting certs
01-21 04:17:50.481  1236  1236 I PackageManager: /system/priv-app/MediaProvider changed; collecting certs
01-21 04:17:50.483  1236  1236 I PackageManager: /system/priv-app/MmsService changed; collecting certs
01-21 04:17:50.486  1236  1236 I PackageManager: /system/priv-app/MtpDocumentsProvider changed; collecting certs
01-21 04:17:50.504  1236  1236 I PackageManager: /system/priv-app/MusicFX changed; collecting certs
01-21 04:17:50.507  1236  1236 I PackageManager: /system/priv-app/OneTimeInitializer changed; collecting certs
01-21 04:17:50.525  1236  1236 I PackageManager: /system/priv-app/PackageInstaller changed; collecting certs
01-21 04:17:50.574  1236  1236 I PackageManager: /system/priv-app/Provision changed; collecting certs
01-21 04:17:50.576  1236  1236 I PackageManager: /system/priv-app/ProxyHandler changed; collecting certs
01-21 04:17:50.616  1236  1236 W PackageParser: Ignoring duplicate uses-permissions/uses-permissions-sdk-m: android.permission.USE_CREDENTIALS in package: com.android.settings at: Binary XML file line #53
01-21 04:17:50.617  1236  1236 W PackageParser: Ignoring duplicate uses-permissions/uses-permissions-sdk-m: android.permission.READ_SYNC_SETTINGS in package: com.android.settings at: Binary XML file line #58
01-21 04:17:50.617  1236  1236 W PackageParser: Ignoring duplicate uses-permissions/uses-permissions-sdk-m: android.permission.WRITE_SYNC_SETTINGS in package: com.android.settings at: Binary XML file line #59
01-21 04:17:50.637  1236  1236 I PackageManager: /system/priv-app/Settings changed; collecting certs
01-21 04:17:51.132  1236  1236 I PackageManager: /system/priv-app/SettingsProvider changed; collecting certs
01-21 04:17:51.143  1236  1236 I PackageManager: /system/priv-app/SharedStorageBackup changed; collecting certs
01-21 04:17:51.145  1236  1236 W PackageParser: Ignoring duplicate uses-permissions/uses-permissions-sdk-m: android.permission.INSTALL_GRANT_RUNTIME_PERMISSIONS in package: com.android.shell at: Binary XML file line #102
01-21 04:17:51.146  1236  1236 I PackageManager: /system/priv-app/Shell changed; collecting certs
01-21 04:17:51.151  1236  1236 I PackageManager: /system/priv-app/StatementService changed; collecting certs
01-21 04:17:51.167  1236  1236 I PackageManager: /system/priv-app/StorageManager changed; collecting certs
01-21 04:17:51.230  1236  1236 W PackageParser: Ignoring duplicate uses-permissions/uses-permissions-sdk-m: android.permission.CONFIGURE_WIFI_DISPLAY in package: com.android.systemui at: Binary XML file line #123
01-21 04:17:51.232  1236  1236 I PackageManager: /system/priv-app/SystemUI changed; collecting certs
01-21 04:17:51.255  1148  1148 E SELinux : avc:  denied  { add } for service=media.camera pid=1175 uid=1047 scontext=u:r:init:s0 tcontext=u:object_r:cameraserver_service:s0 tclass=service_manager permissive=1
01-21 04:17:51.363  1236  1236 I PackageManager: /system/priv-app/TeleService changed; collecting certs
01-21 04:17:51.427  1236  1236 I PackageManager: /system/priv-app/Telecom changed; collecting certs
01-21 04:17:51.474  1236  1236 I PackageManager: /system/priv-app/TelephonyProvider changed; collecting certs
01-21 04:17:51.483  1236  1236 I PackageManager: /system/priv-app/VpnDialogs changed; collecting certs
01-21 04:17:51.486  1236  1236 I PackageManager: /system/priv-app/WallpaperCropper changed; collecting certs
01-21 04:17:51.492  1236  1236 W PackageParser: No actions in intent filter at /system/app/AndroidTerm/AndroidTerm.apk Binary XML file line #149
01-21 04:17:51.492  1236  1236 I PackageManager: /system/app/AndroidTerm changed; collecting certs
01-21 04:17:51.519  1236  1236 I PackageManager: /system/app/BasicDreams changed; collecting certs
