01-20 13:21:42.753  1194  1194 D Camera_Factory: CameraFactory::getCameraNum: 0
01-20 13:21:42.753  1194  1194 D Camera_Factory: CameraFactory::get_number_of_cameras
01-20 13:21:42.753  1194  1194 D Camera_Factory: CameraFactory::getCameraNum: 0
01-20 13:21:42.753  1194  1194 I ServiceManager: Waiting for service media.camera.proxy...
01-20 13:21:42.808  1193  1193 I         : sMaxFastTracks = 8
01-20 13:21:42.823  1193  1193 I audioserver: ServiceManager: 0xa6a9afe0
01-20 13:21:42.823  1193  1193 W BatteryNotifier: batterystats service unavailable!
01-20 13:21:42.823  1193  1193 I AudioFlinger: Using default 3000 mSec as standby time.
01-20 13:21:42.823  1140  1140 E SELinux : avc:  denied  { add } for service=media.audio_flinger pid=1193 uid=1041 scontext=u:r:init:s0 tcontext=u:object_r:audioserver_service:s0 tclass=service_manager permissive=1
01-20 13:21:42.823  1193  1193 I AudioPolicyService: AudioPolicyService CSTOR in new mode
01-20 13:21:42.824  1193  1193 I APM::ConfigParsingUtils: loadAudioPolicyConfig() loaded /system/etc/audio_policy.conf
01-20 13:21:42.824  1140  1140 E SELinux : avc:  denied  { find } for service=media.audio_flinger pid=1193 uid=1041 scontext=u:r:init:s0 tcontext=u:object_r:audioserver_service:s0 tclass=service_manager permissive=1
01-20 13:21:42.825  1193  1193 D audio_hw_primary: found audio out at /dev/snd/pcmC0D0p
01-20 13:21:42.825  1193  1193 D audio_hw_primary: card: 0/0 id: Intel ICH
01-20 13:21:42.825  1193  1193 D audio_hw_primary: name: Intel 82801AA-ICH
01-20 13:21:42.825  1193  1193 D audio_hw_primary: subname: subdevice #0
01-20 13:21:42.825  1193  1193 D audio_hw_primary: stream: 0
01-20 13:21:42.825  1193  1193 I audio_hw_primary: choose pcmC0D0p for 0
01-20 13:21:42.825  1193  1193 E audio_hw_primary: Failed to open /system/etc/mixer_paths.xml
01-20 13:21:42.825  1193  1193 I AudioFlinger: loadHwModule() Loaded primary audio interface from Grouper audio HW HAL (audio) handle 10
01-20 13:21:42.825  1193  1193 I AudioFlinger: openOutput(), module 10 Device 2, SamplingRate 48000, Format 0x000001, Channels 3, flags 2
01-20 13:21:42.825  1193  1193 I audio_hw_primary: choose pcmC0D0p for 0
01-20 13:21:42.825  1193  1193 I AudioFlinger: HAL output buffer size 512 frames, normal sink buffer size 1024 frames
01-20 13:21:42.827  1193  1193 I BufferProvider: found effect "Multichannel Downmix To Stereo" from The Android Open Source Project
01-20 13:21:42.829  1193  1193 I AudioFlinger: Using module 10 has the primary audio interface
01-20 13:21:42.842  1193  1204 I AudioFlinger: AudioFlinger's thread 0xa6618280 ready to run
01-20 13:21:42.842  1193  1204 W BatteryNotifier: batterystats service unavailable!
01-20 13:21:42.842  1193  1204 W BatteryNotifier: batterystats service unavailable!
01-20 13:21:42.842  1193  1204 W BatteryNotifier: batterystats service unavailable!
01-20 13:21:42.842  1193  1204 W AudioFlinger: no wake lock to update, system not ready yet
01-20 13:21:42.842  1193  1204 E cutils-trace: Error opening trace file: Permission denied (13)
01-20 13:21:42.842  1193  1205 I AudioFlinger: AudioFlinger's thread 0xa6283700 ready to run
01-20 13:21:42.843  1193  1193 I bt_a2dp_hw: adev_open:  adev_open in A2dp_hw module
01-20 13:21:42.843  1193  1193 I AudioFlinger: loadHwModule() Loaded a2dp audio interface from A2DP Audio HW HAL (audio) handle 18
01-20 13:21:42.844  1193  1193 I AudioFlinger: loadHwModule() Loaded usb audio interface from USB audio HW HAL (audio) handle 26
01-20 13:21:42.844  1193  1193 I RadioService: RadioService
01-20 13:21:42.844  1193  1193 I RadioService: onFirstRef
01-20 13:21:42.844  1193  1193 E RadioService: couldn't load radio module radio.primary (No such file or directory)
01-20 13:21:42.844  1193  1193 E SoundTriggerHwService: couldn't load sound trigger module sound_trigger.primary (No such file or directory)
01-20 13:21:42.845  1195  1195 I mediaserver: ServiceManager: 0xb3b3c060
01-20 13:21:42.845  1195  1195 W BatteryNotifier: batterystats service unavailable!
01-20 13:21:42.845  1140  1140 E SELinux : avc:  denied  { add } for service=media.player pid=1195 uid=1013 scontext=u:r:init:s0 tcontext=u:object_r:mediaserver_service:s0 tclass=service_manager permissive=1
01-20 13:21:42.601  1193  1193 I init    : type=1400 audit(0.0:87): avc: denied { execute } for name="audioserver" dev="sda1" ino=8269 scontext=u:r:init:s0 tcontext=u:object_r:unlabeled:s0 tclass=file permissive=1
01-20 13:21:43.762  1194  1194 I ServiceManager: Waiting for service media.camera.proxy...
01-20 13:21:44.763  1194  1194 I ServiceManager: Waiting for service media.camera.proxy...
01-20 13:21:42.614  1193  1193 I init    : type=1400 audit(0.0:88): avc: denied { execute_no_trans } for path="/system/bin/audioserver" dev="sda1" ino=8269 scontext=u:r:init:s0 tcontext=u:object_r:unlabeled:s0 tclass=file permissive=1
01-20 13:21:45.403  1196  1196 V NatController: runCmd(/system/bin/iptables -w -F natctrl_FORWARD) res=0
01-20 13:21:45.416  1196  1196 V NatController: runCmd(/system/bin/ip6tables -w -F natctrl_FORWARD) res=0
01-20 13:21:45.432  1196  1196 V NatController: runCmd(/system/bin/iptables -w -A natctrl_FORWARD -j DROP) res=0
01-20 13:21:45.442  1196  1196 V NatController: runCmd(/system/bin/iptables -w -t nat -F natctrl_nat_POSTROUTING) res=0
01-20 13:21:45.452  1196  1196 V NatController: runCmd(/system/bin/ip6tables -w -t raw -F natctrl_raw_PREROUTING) res=0
01-20 13:21:45.462  1196  1196 V NatController: runCmd(/system/bin/iptables -w -F natctrl_tether_counters) res=1
01-20 13:21:45.474  1196  1196 V NatController: runCmd(/system/bin/ip6tables -w -F natctrl_tether_counters) res=1
01-20 13:21:45.504  1196  1196 V NatController: runCmd(/system/bin/iptables -w -X natctrl_tether_counters) res=1
01-20 13:21:45.513  1196  1196 V NatController: runCmd(/system/bin/ip6tables -w -X natctrl_tether_counters) res=1
01-20 13:21:45.522  1196  1196 V NatController: runCmd(/system/bin/iptables -w -N natctrl_tether_counters) res=0
01-20 13:21:45.535  1196  1196 V NatController: runCmd(/system/bin/ip6tables -w -N natctrl_tether_counters) res=0
01-20 13:21:45.552  1196  1196 V NatController: runCmd(/system/bin/iptables -w -t mangle -A natctrl_mangle_FORWARD -p tcp --tcp-flags SYN SYN -j TCPMSS --clamp-mss-to-pmtu) res=0
01-20 13:21:45.804  1194  1194 I ServiceManager: Waiting for service media.camera.proxy...
01-20 13:21:45.844  1193  1204 W BatteryNotifier: batterystats service unavailable!
01-20 13:21:45.855  1196  1196 E Netd    : /system/bin/iptables-restore failed with res=0, status=256
01-20 13:21:46.252  1196  1196 E Netd    : /system/bin/ip6tables-restore failed with res=0, status=256
01-20 13:21:46.359  1196  1196 E Netd    : cannot find interface dummy0
01-20 13:21:46.359  1196  1196 D MDnsDS  : MDnsSdListener::Hander starting up
01-20 13:21:46.362  1140  1140 E SELinux : avc:  denied  { add } for service=netd pid=1196 uid=0 scontext=u:r:init:s0 tcontext=u:object_r:netd_service:s0 tclass=service_manager permissive=1
01-20 13:21:46.364  1407  1407 D AndroidRuntime: >>>>>> START com.android.internal.os.ZygoteInit uid 0 <<<<<<
01-20 13:21:46.366  1407  1407 D AndroidRuntime: CheckJNI is ON
01-20 13:21:46.366  1407  1407 I art     : option[0]=-Xzygote
01-20 13:21:46.366  1407  1407 I art     : option[1]=-Xcheck:jni
01-20 13:21:46.366  1407  1407 I art     : option[2]=-Xstacktracefile:/data/anr/traces.txt
01-20 13:21:46.366  1407  1407 I art     : option[3]=exit
01-20 13:21:46.366  1407  1407 I art     : option[4]=vfprintf
01-20 13:21:46.366  1407  1407 I art     : option[5]=sensitiveThread
01-20 13:21:46.366  1407  1407 I art     : option[6]=-verbose:gc
01-20 13:21:46.366  1407  1407 I art     : option[7]=-Xms16m
01-20 13:21:46.366  1407  1407 I art     : option[8]=-Xmx512m
01-20 13:21:46.366  1407  1407 I art     : option[9]=-XX:HeapGrowthLimit=192m
01-20 13:21:46.366  1407  1407 I art     : option[10]=-XX:HeapMinFree=512k
01-20 13:21:46.366  1407  1407 I art     : option[11]=-XX:HeapMaxFree=8m
01-20 13:21:46.366  1407  1407 I art     : option[12]=-XX:HeapTargetUtilization=0.75
01-20 13:21:46.366  1407  1407 I art     : option[13]=-Xusejit:true
01-20 13:21:46.366  1407  1407 I art     : option[14]=-Xjitsaveprofilinginfo
01-20 13:21:46.366  1407  1407 I art     : option[15]=-agentlib:jdwp=transport=dt_android_adb,suspend=n,server=y
01-20 13:21:46.366  1407  1407 I art     : option[16]=-Xlockprofthreshold:500
01-20 13:21:46.366  1407  1407 I art     : option[17]=-Ximage-compiler-option
01-20 13:21:46.366  1407  1407 I art     : option[18]=--runtime-arg
01-20 13:21:46.366  1407  1407 I art     : option[19]=-Ximage-compiler-option
01-20 13:21:46.366  1407  1407 I art     : option[20]=-Xms64m
01-20 13:21:46.366  1407  1407 I art     : option[21]=-Ximage-compiler-option
01-20 13:21:46.366  1407  1407 I art     : option[22]=--runtime-arg
01-20 13:21:46.366  1407  1407 I art     : option[23]=-Ximage-compiler-option
01-20 13:21:46.366  1407  1407 I art     : option[24]=-Xmx64m
01-20 13:21:46.366  1407  1407 I art     : option[25]=-Ximage-compiler-option
01-20 13:21:46.366  1407  1407 I art     : option[26]=--compiler-filter=verify-at-runtime
01-20 13:21:46.366  1407  1407 I art     : option[27]=-Ximage-compiler-option
01-20 13:21:46.366  1407  1407 I art     : option[28]=--image-classes=/system/etc/preloaded-classes
01-20 13:21:46.366  1407  1407 I art     : option[29]=-Ximage-compiler-option
01-20 13:21:46.366  1407  1407 I art     : option[30]=--compiled-classes=/system/etc/compiled-classes
01-20 13:21:46.366  1407  1407 I art     : option[31]=-Xcompiler-option
01-20 13:21:46.366  1407  1407 I art     : option[32]=--runtime-arg
01-20 13:21:46.366  1407  1407 I art     : option[33]=-Xcompiler-option
01-20 13:21:46.366  1407  1407 I art     : option[34]=-Xms64m
01-20 13:21:46.366  1407  1407 I art     : option[35]=-Xcompiler-option
01-20 13:21:46.366  1407  1407 I art     : option[36]=--runtime-arg
01-20 13:21:46.366  1407  1407 I art     : option[37]=-Xcompiler-option
01-20 13:21:46.366  1407  1407 I art     : option[38]=-Xmx512m
01-20 13:21:46.366  1407  1407 I art     : option[39]=-Ximage-compiler-option
01-20 13:21:46.366  1407  1407 I art     : option[40]=--instruction-set-variant=x86
01-20 13:21:46.366  1407  1407 I art     : option[41]=-Xcompiler-option
01-20 13:21:46.366  1407  1407 I art     : option[42]=--instruction-set-variant=x86
01-20 13:21:46.366  1407  1407 I art     : option[43]=-Ximage-compiler-option
01-20 13:21:46.366  1407  1407 I art     : option[44]=--instruction-set-features=default
01-20 13:21:46.366  1407  1407 I art     : option[45]=-Xcompiler-option
01-20 13:21:46.366  1407  1407 I art     : option[46]=--instruction-set-features=default
01-20 13:21:46.366  1407  1407 I art     : option[47]=-Duser.locale=en-US
01-20 13:21:46.366  1407  1407 I art     : option[48]=-XX:NativeBridge=libnb.so
01-20 13:21:46.366  1407  1407 I art     : option[49]=--cpu-abilist=x86,armeabi-v7a,armeabi
01-20 13:21:46.366  1407  1407 I art     : option[50]=-Xfingerprint:Android-x86/x86vbox/x86vbox:7.1.1/NMF26O/sgye01200953:eng/test-keys
01-20 13:21:46.368  1196  1417 D MDnsDS  : MDnsSdListener starting to monitor
01-20 13:21:46.368  1196  1417 D MDnsDS  : Going to poll with pollCount 1
01-20 13:21:42.763  1197  1197 I iptables: type=1400 audit(0.0:89): avc: denied { create } for scontext=u:r:init:s0 tcontext=u:r:init:s0 tclass=rawip_socket permissive=1
01-20 13:21:42.763  1197  1197 I iptables: type=1400 audit(0.0:90): avc: denied { getopt } for lport=255 scontext=u:r:init:s0 tcontext=u:r:init:s0 tclass=rawip_socket permissive=1
01-20 13:21:46.464  1407  1407 D ICU     : No timezone override file found: /data/misc/zoneinfo/current/icu/icu_tzdata.dat
01-20 13:21:46.471  1407  1407 E memtrack: Couldn't load memtrack module (No such file or directory)
01-20 13:21:46.471  1407  1407 E android.os.Debug: failed to load memtrack module: -2
01-20 13:21:46.471  1407  1407 I Radio-JNI: register_android_hardware_Radio DONE
01-20 13:21:46.476  1407  1407 I SamplingProfilerIntegration: Profiling disabled.
01-20 13:21:46.476  1407  1407 D Zygote  : begin preload
01-20 13:21:46.476  1407  1407 I Zygote  : Installing ICU cache reference pinning...
01-20 13:21:46.476  1407  1407 I Zygote  : Preloading ICU data...
01-20 13:21:46.481  1407  1407 I Zygote  : Preloading classes...
01-20 13:21:46.482  1407  1407 W Zygote  : Class not found for preloading: [Landroid.view.Display$ColorTransform;
01-20 13:21:46.507  1407  1407 E Typeface: Error mapping font file /system/fonts/DroidSansFallback.ttf
01-20 13:21:46.541  1407  1407 I art     : Thread[1,tid=1407,Native,Thread*=0xaa10b400,peer=0x12c060d0,"main"] recursive attempt to load library "/system/lib/libmedia_jni.so"
01-20 13:21:46.541  1407  1407 D MtpDeviceJNI: register_android_mtp_MtpDevice
01-20 13:21:46.541  1407  1407 I art     : Thread[1,tid=1407,Native,Thread*=0xaa10b400,peer=0x12c060d0,"main"] recursive attempt to load library "/system/lib/libmedia_jni.so"
01-20 13:21:46.541  1407  1407 I art     : Thread[1,tid=1407,Native,Thread*=0xaa10b400,peer=0x12c060d0,"main"] recursive attempt to load library "/system/lib/libmedia_jni.so"
01-20 13:21:46.569  1407  1407 W Zygote  : Class not found for preloading: android.view.Display$ColorTransform
01-20 13:21:46.569  1407  1407 W Zygote  : Class not found for preloading: android.view.Display$ColorTransform$1
01-20 13:21:46.593  1407  1407 I System  : Loaded time zone names for "" in 8ms (7ms in ICU)
01-20 13:21:46.597  1407  1407 I System  : Loaded time zone names for "en_US" in 4ms (4ms in ICU)
01-20 13:21:46.603  1407  1407 I Zygote  : ...preloaded 4158 classes in 123ms.
01-20 13:21:46.603  1407  1407 I art     : VMRuntime.preloadDexCaches starting
01-20 13:21:46.626  1407  1407 I art     : VMRuntime.preloadDexCaches strings total=283734 before=39639 after=39639
01-20 13:21:46.626  1407  1407 I art     : VMRuntime.preloadDexCaches types total=23582 before=7877 after=7904
01-20 13:21:46.626  1407  1407 I art     : VMRuntime.preloadDexCaches fields total=112010 before=40900 after=41114
01-20 13:21:46.626  1407  1407 I art     : VMRuntime.preloadDexCaches methods total=197525 before=82451 after=83011
01-20 13:21:46.626  1407  1407 I art     : VMRuntime.preloadDexCaches finished
01-20 13:21:46.626  1407  1407 I Zygote  : Preloading resources...
01-20 13:21:46.643  1407  1407 W Resources: Preloaded drawable resource #0x108025c (android:drawable/dialog_background_material) that varies with configuration!!
01-20 13:21:46.645  1407  1407 W Resources: Preloaded color resource #0x10600e2 (android:color/material_grey_800) that varies with configuration!!
01-20 13:21:46.645  1407  1407 W Resources: Preloaded drawable resource #0x10802c9 (android:drawable/floating_popup_background_dark) that varies with configuration!!
01-20 13:21:46.668  1407  1407 I Zygote  : ...preloaded 114 resources in 42ms.
01-20 13:21:46.670  1407  1407 W Resources: Preloaded color resource #0x106010b (android:color/background_cache_hint_selector_material_dark) that varies with configuration!!
01-20 13:21:46.670  1407  1407 W Resources: Preloaded color resource #0x1060110 (android:color/btn_default_material_dark) that varies with configuration!!
01-20 13:21:46.671  1407  1407 I Zygote  : ...preloaded 41 resources in 2ms.
01-20 13:21:46.672  1407  1407 D libEGL  : loaded /system/lib/egl/libGLES_mesa.so
01-20 13:21:46.681  1407  1407 I Zygote  : Preloading shared libraries...
01-20 13:21:46.684  1407  1407 I Zygote  : Uninstalled ICU cache reference pinning...
01-20 13:21:46.684  1407  1407 I Zygote  : Installed AndroidKeyStoreProvider in 1ms.
01-20 13:21:46.690  1407  1407 I Zygote  : Warmed up JCA providers in 5ms.
01-20 13:21:46.690  1407  1407 D Zygote  : end preload
01-20 13:21:46.690  1407  1407 I art     : Starting a blocking GC Explicit
01-20 13:21:46.698  1407  1407 I art     : Explicit concurrent mark sweep GC freed 55425(6MB) AllocSpace objects, 133(2MB) LOS objects, 39% free, 2MB/4MB, paused 34us total 7.395ms
01-20 13:21:46.701  1407  1407 I art     : Starting a blocking GC Explicit
01-20 13:21:46.704  1407  1407 I art     : Explicit concurrent mark sweep GC freed 4822(178KB) AllocSpace objects, 0(0B) LOS objects, 39% free, 2MB/3MB, paused 29us total 3.104ms
01-20 13:21:42.824  1193  1193 I audioserver: type=1400 audit(0.0:91): avc: denied { write } for name="pcmC0D0c" dev="tmpfs" ino=5219 scontext=u:r:init:s0 tcontext=u:object_r:audio_device:s0 tclass=chr_file permissive=1
01-20 13:21:46.755  1407  1425 I art     : Starting a blocking GC HeapTrim
01-20 13:21:46.756  1407  1407 I art     : Starting a blocking GC Background
01-20 13:21:46.767  1407  1407 E Zygote  : Not whitelisted : /android/sys/kernel/debug/tracing/trace_marker
01-20 13:21:46.767  1407  1407 F art     : art/runtime/jni_internal.cc:492] JNI FatalError called: frameworks/base/core/jni/com_android_internal_os_Zygote.cpp:467: Unable to construct file descriptor table.
01-20 13:21:46.771  1407  1407 F art     : art/runtime/runtime.cc:422] Runtime aborting...
01-20 13:21:46.771  1407  1407 F art     : art/runtime/runtime.cc:422] Aborting thread:
01-20 13:21:46.771  1407  1407 F art     : art/runtime/runtime.cc:422] "main" prio=5 tid=1 Runnable
01-20 13:21:46.771  1407  1407 F art     : art/runtime/runtime.cc:422]   | group="" sCount=0 dsCount=0 obj=0x7546a1c0 self=0xaa10b400
01-20 13:21:46.771  1407  1407 F art     : art/runtime/runtime.cc:422]   | sysTid=1407 nice=0 cgrp=default sched=0/0 handle=0xaecfa534
01-20 13:21:46.771  1407  1407 F art     : art/runtime/runtime.cc:422]   | state=R schedstat=( 421552853 258452916 115 ) utm=36 stm=5 core=0 HZ=100
01-20 13:21:46.771  1407  1407 F art     : art/runtime/runtime.cc:422]   | stack=0xbf3aa000-0xbf3ac000 stackSize=8MB
01-20 13:21:46.771  1407  1407 F art     : art/runtime/runtime.cc:422]   | held mutexes= "abort lock" "mutator lock"(shared held)
01-20 13:21:46.771  1407  1407 F art     : art/runtime/runtime.cc:422]   native: #00 pc 00572f1e  /android/system/lib/libart.so (???)
01-20 13:21:46.771  1407  1407 F art     : art/runtime/runtime.cc:422]   native: #01 pc 0053f30e  /android/system/lib/libart.so (???)
01-20 13:21:46.771  1407  1407 F art     : art/runtime/runtime.cc:422]   native: #02 pc 0053c30b  /android/system/lib/libart.so (???)
01-20 13:21:46.771  1407  1407 F art     : art/runtime/runtime.cc:422]   native: #03 pc 00527f13  /android/system/lib/libart.so (???)
01-20 13:21:46.771  1407  1407 F art     : art/runtime/runtime.cc:422]   native: #04 pc 00527bca  /android/system/lib/libart.so (???)
01-20 13:21:46.771  1407  1407 F art     : art/runtime/runtime.cc:422]   native: #05 pc 0051822b  /android/system/lib/libart.so (???)
01-20 13:21:46.771  1407  1407 F art     : art/runtime/runtime.cc:422]   native: #06 pc 0011a5b3  /android/system/lib/libart.so (???)
01-20 13:21:46.771  1407  1407 F art     : art/runtime/runtime.cc:422]   native: #07 pc 003d8650  /android/system/lib/libart.so (???)
01-20 13:21:46.771  1407  1407 F art     : art/runtime/runtime.cc:422]   native: #08 pc 0012c4c1  /android/system/lib/libart.so (???)
01-20 13:21:46.771  1407  1407 F art     : art/runtime/runtime.cc:422]   native: #09 pc 001477b5  /android/system/lib/libandroid_runtime.so (???)
01-20 13:21:46.771  1407  1407 F art     : art/runtime/runtime.cc:422]   native: #10 pc 00149f60  /android/system/lib/libandroid_runtime.so (???)
01-20 13:21:46.771  1407  1407 F art     : art/runtime/runtime.cc:422]   native: #11 pc 0014a89a  /android/system/lib/libandroid_runtime.so (???)
01-20 13:21:46.771  1407  1407 F art     : art/runtime/runtime.cc:422]   native: #12 pc 00df8c88  /android/system/framework/x86/boot-framework.oat (Java_com_android_internal_os_Zygote_nativeForkSystemServer__II_3II_3_3IJJ+228)
01-20 13:21:46.771  1407  1407 F art     : art/runtime/runtime.cc:422]   at com.android.internal.os.Zygote.nativeForkSystemServer(Native method)
01-20 13:21:46.771  1407  1407 F art     : art/runtime/runtime.cc:422]   at com.android.internal.os.Zygote.forkSystemServer(Zygote.java:139)
01-20 13:21:46.771  1407  1407 F art     : art/runtime/runtime.cc:422]   at com.android.internal.os.ZygoteInit.startSystemServer(ZygoteInit.java:673)
01-20 13:21:46.771  1407  1407 F art     : art/runtime/runtime.cc:422]   at com.android.internal.os.ZygoteInit.main(ZygoteInit.java:769)
01-20 13:21:46.771  1407  1407 F art     : art/runtime/runtime.cc:422] Dumping all threads without appropriate locks held: thread list lock
01-20 13:21:46.771  1407  1407 F art     : art/runtime/runtime.cc:422] All threads:
01-20 13:21:46.771  1407  1407 F art     : art/runtime/runtime.cc:422] DALVIK THREADS (1):
01-20 13:21:46.771  1407  1407 F art     : art/runtime/runtime.cc:422] "main" prio=5 tid=1 Runnable
01-20 13:21:46.771  1407  1407 F art     : art/runtime/runtime.cc:422]   | group="" sCount=0 dsCount=0 obj=0x7546a1c0 self=0xaa10b400
01-20 13:21:46.771  1407  1407 F art     : art/runtime/runtime.cc:422]   | sysTid=1407 nice=0 cgrp=default sched=0/0 handle=0xaecfa534
01-20 13:21:46.771  1407  1407 F art     : art/runtime/runtime.cc:422]   | state=R schedstat=( 421552853 258452916 115 ) utm=36 stm=5 core=0 HZ=100
01-20 13:21:46.771  1407  1407 F art     : art/runtime/runtime.cc:422]   | stack=0xbf3aa000-0xbf3ac000 stackSize=8MB
01-20 13:21:46.771  1407  1407 F art     : art/runtime/runtime.cc:422]   | held mutexes= "abort lock" "mutator lock"(shared held)
01-20 13:21:46.771  1407  1407 F art     : art/runtime/runtime.cc:422]   native: #00 pc 00572f1e  /android/system/lib/libart.so (???)
01-20 13:21:46.771  1407  1407 F art     : art/runtime/runtime.cc:422]   native: #01 pc 0053f30e  /android/system/lib/libart.so (???)
01-20 13:21:46.771  1407  1407 F art     : art/runtime/runtime.cc:422]   native: #02 pc 0053c30b  /android/system/lib/libart.so (???)
01-20 13:21:46.771  1407  1407 F art     : art/runtime/runtime.cc:422]   native: #03 pc 0055befb  /android/system/lib/libart.so (???)
01-20 13:21:46.771  1407  1407 F art     : art/runtime/runtime.cc:422]   native: #04 pc 005521be  /android/system/lib/libart.so (???)
01-20 13:21:46.771  1407  1407 F art     : art/runtime/runtime.cc:422]   native: #05 pc 00551d32  /android/system/lib/libart.so (???)
01-20 13:21:46.771  1407  1407 F art     : art/runtime/runtime.cc:422]   native: #06 pc 00528168  /android/system/lib/libart.so (???)
01-20 13:21:46.771  1407  1407 F art     : art/runtime/runtime.cc:422]   native: #07 pc 00527eb6  /android/system/lib/libart.so (???)
01-20 13:21:46.771  1407  1407 F art     : art/runtime/runtime.cc:422]   native: #08 pc 0051822b  /android/system/lib/libart.so (???)
01-20 13:21:46.771  1407  1407 F art     : art/runtime/runtime.cc:422]   native: #09 pc 0011a5b3  /android/system/lib/libart.so (???)
01-20 13:21:46.771  1407  1407 F art     : art/runtime/runtime.cc:422]   native: #10 pc 003d8650  /android/system/lib/libart.so (???)
01-20 13:21:46.771  1407  1407 F art     : art/runtime/runtime.cc:422]   native: #11 pc 0012c4c1  /android/system/lib/libart.so (???)
01-20 13:21:46.771  1407  1407 F art     : art/runtime/runtime.cc:422]   native: #12 pc 001477b5  /android/system/lib/libandroid_runtime.so (???)
01-20 13:21:46.771  1407  1407 F art     : art/runtime/runtime.cc:422]   native: #13 pc 00149f60  /android/system/lib/libandroid_runtime.so (???)
01-20 13:21:46.771  1407  1407 F art     : art/runtime/runtime.cc:422]   native: #14 pc 0014a89a  /android/system/lib/libandroid_runtime.so (???)
01-20 13:21:46.771  1407  1407 F art     : art/runtime/runtime.cc:422]   native: #15 pc 00df8c88  /android/system/framework/x86/boot-framework.oat (Java_com_android_internal_os_Zygote_nativeForkSystemServer__II_3II_3_3IJJ+228)
01-20 13:21:46.771  1407  1407 F art     : art/runtime/runtime.cc:422]   at com.android.internal.os.Zygote.nativeForkSystemServer(Native method)
01-20 13:21:46.771  1407  1407 F art     : art/runtime/runtime.cc:422]   at com.android.internal.os.Zygote.forkSystemServer(Zygote.java:139)
01-20 13:21:46.771  1407  1407 F art     : art/runtime/runtime.cc:422]   at com.android.internal.os.ZygoteInit.startSystemServer(ZygoteInit.java:673)
01-20 13:21:46.771  1407  1407 F art     : art/runtime/runtime.cc:422]   at com.android.internal.os.ZygoteInit.main(ZygoteInit.java:769)
01-20 13:21:46.771  1407  1407 F art     : art/runtime/runtime.cc:422] 
01-20 13:21:46.771  1407  1407 F art     : art/runtime/runtime.cc:422] 
01-20 13:21:46.771  1407  1407 F libc    : Fatal signal 6 (SIGABRT), code -6 in tid 1407 (main)
01-20 13:21:46.784  1126  1126 W         : debuggerd: handling request: pid=1407 uid=0 gid=0 tid=1407
01-20 13:21:46.787  1427  1427 E         : debuggerd: Unable to connect to activity manager (connect failed: No such file or directory)
01-20 13:21:46.787  1427  1427 F DEBUG   : *** *** *** *** *** *** *** *** *** *** *** *** *** *** *** ***
01-20 13:21:46.787  1427  1427 F DEBUG   : Build fingerprint: 'Android-x86/x86vbox/x86vbox:7.1.1/NMF26O/sgye01200953:eng/test-keys'
01-20 13:21:46.787  1427  1427 F DEBUG   : Revision: '0'
01-20 13:21:46.787  1427  1427 F DEBUG   : ABI: 'x86'
01-20 13:21:46.787  1427  1427 F DEBUG   : pid: 1407, tid: 1407, name: main  >>> zygote <<<
01-20 13:21:46.787  1427  1427 F DEBUG   : signal 6 (SIGABRT), code -6 (SI_TKILL), fault addr --------
01-20 13:21:46.788  1427  1427 F DEBUG   : Abort message: 'art/runtime/jni_internal.cc:492] JNI FatalError called: frameworks/base/core/jni/com_android_internal_os_Zygote.cpp:467: Unable to construct file descriptor table.'
01-20 13:21:46.788  1427  1427 F DEBUG   :     eax 00000000  ebx 0000057f  ecx 0000057f  edx 00000006
01-20 13:21:46.788  1427  1427 F DEBUG   :     esi aecfa58c  edi aecfa534
01-20 13:21:46.788  1427  1427 F DEBUG   :     xcs 00000073  xds 0000007b  xes 0000007b  xfs 0000003b  xss 0000007b
01-20 13:21:46.788  1427  1427 F DEBUG   :     eip aec26aed  ebp bfba6948  esp bfba68ec  flags 00000296
01-20 13:21:46.806  1194  1194 I ServiceManager: Waiting for service media.camera.proxy...
01-20 13:21:42.824  1193  1193 I audioserver: type=1400 audit(0.0:92): avc: denied { ioctl } for path="/dev/snd/pcmC0D0c" dev="tmpfs" ino=5219 ioctlcmd=4101 scontext=u:r:init:s0 tcontext=u:object_r:audio_device:s0 tclass=chr_file permissive=1
01-20 13:21:47.053  1427  1427 F DEBUG   : 
01-20 13:21:47.053  1427  1427 F DEBUG   : backtrace:
01-20 13:21:47.053  1427  1427 F DEBUG   :     #00 pc 00000aed  [vdso:aec26000] (__kernel_vsyscall+9)
01-20 13:21:47.053  1427  1427 F DEBUG   :     #01 pc 0007a18c  /system/lib/libc.so (tgkill+28)
01-20 13:21:47.053  1427  1427 F DEBUG   :     #02 pc 00075965  /system/lib/libc.so (pthread_kill+85)
01-20 13:21:47.053  1427  1427 F DEBUG   :     #03 pc 0002789a  /system/lib/libc.so (raise+42)
01-20 13:21:47.053  1427  1427 F DEBUG   :     #04 pc 0001ee76  /system/lib/libc.so (abort+86)
01-20 13:21:47.053  1427  1427 F DEBUG   :     #05 pc 005183c5  /system/lib/libart.so (_ZN3art7Runtime5AbortEPKc+565)
01-20 13:21:47.053  1427  1427 F DEBUG   :     #06 pc 0011a5b3  /system/lib/libart.so (_ZN3art10LogMessageD1Ev+1747)
01-20 13:21:47.053  1427  1427 F DEBUG   :     #07 pc 003d8650  /system/lib/libart.so (_ZN3art3JNI10FatalErrorEP7_JNIEnvPKc+176)
01-20 13:21:47.053  1427  1427 F DEBUG   :     #08 pc 0012c4c1  /system/lib/libart.so (_ZN3art8CheckJNI10FatalErrorEP7_JNIEnvPKc+993)
01-20 13:21:47.053  1427  1427 F DEBUG   :     #09 pc 001477b5  /system/lib/libandroid_runtime.so
01-20 13:21:47.053  1427  1427 F DEBUG   :     #10 pc 00149f60  /system/lib/libandroid_runtime.so
01-20 13:21:47.053  1427  1427 F DEBUG   :     #11 pc 0014a89a  /system/lib/libandroid_runtime.so
01-20 13:21:47.053  1427  1427 F DEBUG   :     #12 pc 0237cc88  /system/framework/x86/boot-framework.oat (offset 0x1584000) (com.android.internal.os.Zygote.nativeForkSystemServer+228)
01-20 13:21:47.053  1427  1427 F DEBUG   :     #13 pc 0237c95c  /system/framework/x86/boot-framework.oat (offset 0x1584000) (com.android.internal.os.Zygote.forkSystemServer+152)
01-20 13:21:47.053  1427  1427 F DEBUG   :     #14 pc 023845de  /system/framework/x86/boot-framework.oat (offset 0x1584000) (com.android.internal.os.ZygoteInit.startSystemServer+938)
01-20 13:21:47.053  1427  1427 F DEBUG   :     #15 pc 023815d4  /system/framework/x86/boot-framework.oat (offset 0x1584000) (com.android.internal.os.ZygoteInit.main+1120)
01-20 13:21:47.053  1427  1427 F DEBUG   :     #16 pc 00109432  /system/lib/libart.so (art_quick_invoke_static_stub+418)
01-20 13:21:47.053  1427  1427 F DEBUG   :     #17 pc 00112de9  /system/lib/libart.so (_ZN3art9ArtMethod6InvokeEPNS_6ThreadEPjjPNS_6JValueEPKc+313)
01-20 13:21:47.053  1427  1427 F DEBUG   :     #18 pc 005105d5  /system/lib/libart.so (_ZN3artL18InvokeWithArgArrayERKNS_33ScopedObjectAccessAlreadyRunnableEPNS_9ArtMethodEPNS_8ArgArrayEPNS_6JValueEPKc+101)
01-20 13:21:47.053  1427  1427 F DEBUG   :     #19 pc 00510299  /system/lib/libart.so (_ZN3art17InvokeWithVarArgsERKNS_33ScopedObjectAccessAlreadyRunnableEP8_jobjectP10_jmethodIDPc+393)
01-20 13:21:47.053  1427  1427 F DEBUG   :     #20 pc 003f807e  /system/lib/libart.so (_ZN3art3JNI21CallStaticVoidMethodVEP7_JNIEnvP7_jclassP10_jmethodIDPc+958)
01-20 13:21:47.053  1427  1427 F DEBUG   :     #21 pc 001417d1  /system/lib/libart.so (_ZN3art8CheckJNI11CallMethodVEPKcP7_JNIEnvP8_jobjectP7_jclassP10_jmethodIDPcNS_9Primitive4TypeENS_10InvokeTypeE+4513)
01-20 13:21:47.053  1427  1427 F DEBUG   :     #22 pc 00132f8c  /system/lib/libart.so (_ZN3art8CheckJNI21CallStaticVoidMethodVEP7_JNIEnvP7_jclassP10_jmethodIDPc+108)
01-20 13:21:47.053  1427  1427 F DEBUG   :     #23 pc 000701e1  /system/lib/libandroid_runtime.so (_ZN7_JNIEnv20CallStaticVoidMethodEP7_jclassP10_jmethodIDz+41)
01-20 13:21:47.053  1427  1427 F DEBUG   :     #24 pc 00073a9e  /system/lib/libandroid_runtime.so (_ZN7android14AndroidRuntime5startEPKcRKNS_6VectorINS_7String8EEEb+782)
01-20 13:21:47.053  1427  1427 F DEBUG   :     #25 pc 00001b55  /system/bin/app_process32
01-20 13:21:47.053  1427  1427 F DEBUG   :     #26 pc 0001536c  /system/lib/libc.so (__libc_init+108)
01-20 13:21:47.053  1427  1427 F DEBUG   :     #27 pc 0000144c  /system/bin/app_process32
01-20 13:21:47.053  1427  1427 F DEBUG   :     #28 pc 00000004  <unknown>
01-20 13:21:47.078  1126  1126 W         : debuggerd: resuming target 1407
01-20 13:21:42.883  1211  1211 I iptables: type=1400 audit(0.0:93): avc: denied { setopt } for lport=255 scontext=u:r:init:s0 tcontext=u:r:init:s0 tclass=rawip_socket permissive=1
01-20 13:21:46.264  1408  1408 I ip      : type=1400 audit(0.0:94): avc: denied { create } for scontext=u:r:init:s0 tcontext=u:r:init:s0 tclass=netlink_route_socket permissive=1
01-20 13:21:46.265  1408  1408 I ip      : type=1400 audit(0.0:95): avc: denied { setopt } for scontext=u:r:init:s0 tcontext=u:r:init:s0 tclass=netlink_route_socket permissive=1
01-20 13:21:46.265  1408  1408 I ip      : type=1400 audit(0.0:96): avc: denied { bind } for scontext=u:r:init:s0 tcontext=u:r:init:s0 tclass=netlink_route_socket permissive=1
01-20 13:21:47.223  1140  1140 I ServiceManager: service 'media.audio_flinger' died
01-20 13:21:47.223  1140  1140 I ServiceManager: service 'media.audio_policy' died
01-20 13:21:47.223  1140  1140 I ServiceManager: service 'media.sound_trigger_hw' died
01-20 13:21:47.223  1140  1140 I ServiceManager: service 'media.radio' died
01-20 13:21:47.236  1140  1140 I ServiceManager: service 'media.player' died
01-20 13:21:47.236  1140  1140 I ServiceManager: service 'media.resource_manager' died
01-20 13:21:47.273  1140  1140 I ServiceManager: service 'netd' died
01-20 13:21:47.319  1435  1435 I Netd    : Netd 1.0 starting
01-20 13:21:47.319  1435  1435 D TetherController: Setting IP forward enable = 0
01-20 13:21:47.446  1433  1433 I cameraserver: ServiceManager: 0xb169afe0
01-20 13:21:47.446  1433  1433 I CameraService: CameraService started (pid=1433)
01-20 13:21:47.446  1433  1433 I CameraService: CameraService process starting
01-20 13:21:47.446  1433  1433 W BatteryNotifier: batterystats service unavailable!
01-20 13:21:47.446  1433  1433 W BatteryNotifier: batterystats service unavailable!
01-20 13:21:47.447  1433  1433 D Camera_Factory: CameraFactory::CameraFactory
01-20 13:21:47.447  1433  1433 D Camera_Factory: CameraFactory::parseConfig: configFile = /etc/camera.cfg
01-20 13:21:47.447  1433  1433 D Camera_Factory: /etc/camera.cfg not found, using camera configuration defaults
01-20 13:21:47.447  1433  1433 E cutils-trace: Error opening trace file: Permission denied (13)
01-20 13:21:47.447  1433  1433 D Camera_Factory: CameraFactory::get_number_of_cameras
01-20 13:21:47.447  1433  1433 D Camera_Factory: CameraFactory::getCameraNum: 0
01-20 13:21:47.447  1433  1433 I CameraService: Loaded "Camera Module" camera module
01-20 13:21:47.447  1433  1433 D Camera_Factory: CameraFactory::get_number_of_cameras
01-20 13:21:47.447  1433  1433 D Camera_Factory: CameraFactory::getCameraNum: 0
01-20 13:21:47.447  1433  1433 D Camera_Factory: CameraFactory::get_number_of_cameras
01-20 13:21:47.447  1433  1433 D Camera_Factory: CameraFactory::getCameraNum: 0
01-20 13:21:47.447  1433  1433 I ServiceManager: Waiting for service media.camera.proxy...
01-20 13:21:47.475  1432  1432 I         : sMaxFastTracks = 8
01-20 13:21:47.475  1432  1432 I audioserver: ServiceManager: 0xa7e9afe0
01-20 13:21:47.475  1432  1432 W BatteryNotifier: batterystats service unavailable!
01-20 13:21:47.475  1432  1432 I AudioFlinger: Using default 3000 mSec as standby time.
01-20 13:21:47.475  1432  1432 I AudioPolicyService: AudioPolicyService CSTOR in new mode
01-20 13:21:47.475  1432  1432 I APM::ConfigParsingUtils: loadAudioPolicyConfig() loaded /system/etc/audio_policy.conf
01-20 13:21:47.476  1432  1432 D audio_hw_primary: found audio out at /dev/snd/pcmC0D0p
01-20 13:21:47.476  1432  1432 D audio_hw_primary: card: 0/0 id: Intel ICH
01-20 13:21:47.476  1432  1432 D audio_hw_primary: name: Intel 82801AA-ICH
01-20 13:21:47.476  1432  1432 D audio_hw_primary: subname: subdevice #0
01-20 13:21:47.476  1432  1432 D audio_hw_primary: stream: 0
01-20 13:21:47.476  1432  1432 I audio_hw_primary: choose pcmC0D0p for 0
01-20 13:21:47.479  1432  1432 E audio_hw_primary: Failed to open /system/etc/mixer_paths.xml
01-20 13:21:47.479  1432  1432 I AudioFlinger: loadHwModule() Loaded primary audio interface from Grouper audio HW HAL (audio) handle 10
01-20 13:21:47.479  1432  1432 I AudioFlinger: openOutput(), module 10 Device 2, SamplingRate 48000, Format 0x000001, Channels 3, flags 2
01-20 13:21:47.479  1432  1432 I audio_hw_primary: choose pcmC0D0p for 0
01-20 13:21:47.479  1432  1432 I AudioFlinger: HAL output buffer size 512 frames, normal sink buffer size 1024 frames
01-20 13:21:47.503  1432  1432 I BufferProvider: found effect "Multichannel Downmix To Stereo" from The Android Open Source Project
01-20 13:21:47.503  1432  1432 I AudioFlinger: Using module 10 has the primary audio interface
01-20 13:21:47.504  1432  1444 I AudioFlinger: AudioFlinger's thread 0xa7a18600 ready to run
01-20 13:21:47.504  1432  1444 W BatteryNotifier: batterystats service unavailable!
01-20 13:21:47.504  1432  1444 W BatteryNotifier: batterystats service unavailable!
01-20 13:21:47.504  1432  1444 W BatteryNotifier: batterystats service unavailable!
01-20 13:21:47.504  1432  1444 W AudioFlinger: no wake lock to update, system not ready yet
01-20 13:21:47.504  1432  1444 E cutils-trace: Error opening trace file: Permission denied (13)
01-20 13:21:47.504  1432  1445 I AudioFlinger: AudioFlinger's thread 0xa76830c0 ready to run
01-20 13:21:47.504  1432  1432 I bt_a2dp_hw: adev_open:  adev_open in A2dp_hw module
01-20 13:21:47.504  1432  1432 I AudioFlinger: loadHwModule() Loaded a2dp audio interface from A2DP Audio HW HAL (audio) handle 18
01-20 13:21:47.504  1432  1432 I AudioFlinger: loadHwModule() Loaded usb audio interface from USB audio HW HAL (audio) handle 26
01-20 13:21:47.504  1432  1432 I RadioService: RadioService
01-20 13:21:47.504  1432  1432 I RadioService: onFirstRef
01-20 13:21:47.505  1432  1432 E RadioService: couldn't load radio module radio.primary (No such file or directory)
01-20 13:21:47.505  1432  1432 E SoundTriggerHwService: couldn't load sound trigger module sound_trigger.primary (No such file or directory)
01-20 13:21:47.507  1434  1434 I mediaserver: ServiceManager: 0xb343c060
01-20 13:21:47.507  1434  1434 W BatteryNotifier: batterystats service unavailable!
01-20 13:21:48.459  1433  1433 I ServiceManager: Waiting for service media.camera.proxy...
01-20 13:21:46.265  1408  1408 I ip      : type=1400 audit(0.0:97): avc: denied { getattr } for scontext=u:r:init:s0 tcontext=u:r:init:s0 tclass=netlink_route_socket permissive=1
01-20 13:21:49.465  1433  1433 I ServiceManager: Waiting for service media.camera.proxy...
01-20 13:21:50.042  1435  1435 V NatController: runCmd(/system/bin/iptables -w -F natctrl_FORWARD) res=0
01-20 13:21:50.052  1435  1435 V NatController: runCmd(/system/bin/ip6tables -w -F natctrl_FORWARD) res=0
01-20 13:21:50.062  1435  1435 V NatController: runCmd(/system/bin/iptables -w -A natctrl_FORWARD -j DROP) res=0
01-20 13:21:50.075  1435  1435 V NatController: runCmd(/system/bin/iptables -w -t nat -F natctrl_nat_POSTROUTING) res=0
01-20 13:21:50.095  1435  1435 V NatController: runCmd(/system/bin/ip6tables -w -t raw -F natctrl_raw_PREROUTING) res=0
01-20 13:21:50.112  1435  1435 V NatController: runCmd(/system/bin/iptables -w -F natctrl_tether_counters) res=0
01-20 13:21:50.122  1435  1435 V NatController: runCmd(/system/bin/ip6tables -w -F natctrl_tether_counters) res=0
01-20 13:21:50.132  1435  1435 V NatController: runCmd(/system/bin/iptables -w -X natctrl_tether_counters) res=0
01-20 13:21:50.142  1435  1435 V NatController: runCmd(/system/bin/ip6tables -w -X natctrl_tether_counters) res=0
01-20 13:21:50.152  1435  1435 V NatController: runCmd(/system/bin/iptables -w -N natctrl_tether_counters) res=0
01-20 13:21:50.165  1435  1435 V NatController: runCmd(/system/bin/ip6tables -w -N natctrl_tether_counters) res=0
01-20 13:21:50.172  1435  1435 V NatController: runCmd(/system/bin/iptables -w -t mangle -A natctrl_mangle_FORWARD -p tcp --tcp-flags SYN SYN -j TCPMSS --clamp-mss-to-pmtu) res=0
01-20 13:21:50.295  1435  1435 E Netd    : /system/bin/iptables-restore failed with res=0, status=256
01-20 13:21:50.332  1435  1435 E Netd    : /system/bin/ip6tables-restore failed with res=0, status=256
01-20 13:21:50.390  1435  1435 E Netd    : cannot find interface dummy0
01-20 13:21:50.394  1435  1435 D MDnsDS  : MDnsSdListener::Hander starting up
01-20 13:21:50.394  1435  1655 D MDnsDS  : MDnsSdListener starting to monitor
01-20 13:21:50.394  1435  1655 D MDnsDS  : Going to poll with pollCount 1
01-20 13:21:46.265  1408  1408 I ip      : type=1400 audit(0.0:98): avc: denied { write } for scontext=u:r:init:s0 tcontext=u:r:init:s0 tclass=netlink_route_socket permissive=1
01-20 13:21:46.265  1408  1408 I ip      : type=1400 audit(0.0:99): avc: denied { nlmsg_read } for scontext=u:r:init:s0 tcontext=u:r:init:s0 tclass=netlink_route_socket permissive=1
01-20 13:21:50.515  1432  1444 W BatteryNotifier: batterystats service unavailable!
01-20 13:21:50.515  1433  1433 I ServiceManager: Waiting for service media.camera.proxy...
01-20 13:21:46.265  1408  1408 I ip      : type=1400 audit(0.0:100): avc: denied { read } for scontext=u:r:init:s0 tcontext=u:r:init:s0 tclass=netlink_route_socket permissive=1
01-20 13:21:46.265  1408  1408 I ip      : type=1400 audit(0.0:101): avc: denied { nlmsg_write } for scontext=u:r:init:s0 tcontext=u:r:init:s0 tclass=netlink_route_socket permissive=1
01-20 13:21:46.321  1196  1196 I netd    : type=1400 audit(0.0:102): avc: denied { connect } for scontext=u:r:init:s0 tcontext=u:r:init:s0 tclass=netlink_route_socket permissive=1
01-20 13:21:46.321  1196  1196 I netd    : type=1400 audit(0.0:103): avc: denied { module_request } for kmod="netdev-dummy0" scontext=u:r:init:s0 tcontext=u:r:kernel:s0 tclass=system permissive=1
01-20 13:21:46.331  1410  1410 I kworker/u2:3: type=1400 audit(0.0:104): avc: denied { execute } for name="busybox" dev="tmpfs" ino=4939 scontext=u:r:kernel:s0 tcontext=u:object_r:tmpfs:s0 tclass=file permissive=1
01-20 13:21:46.331  1410  1410 I kworker/u2:3: type=1400 audit(0.0:105): avc: denied { open } for path="/bin/busybox" dev="tmpfs" ino=4939 scontext=u:r:kernel:s0 tcontext=u:object_r:tmpfs:s0 tclass=file permissive=1
01-20 13:21:46.331  1410  1410 I kworker/u2:3: type=1400 audit(0.0:106): avc: denied { execute_no_trans } for path="/bin/busybox" dev="tmpfs" ino=4939 scontext=u:r:kernel:s0 tcontext=u:object_r:tmpfs:s0 tclass=file permissive=1
01-20 13:21:46.359  1196  1196 I netd    : type=1400 audit(0.0:107): avc: denied { create } for scontext=u:r:init:s0 tcontext=u:r:init:s0 tclass=netlink_kobject_uevent_socket permissive=1
01-20 13:21:46.359  1196  1196 I netd    : type=1400 audit(0.0:108): avc: denied { setopt } for scontext=u:r:init:s0 tcontext=u:r:init:s0 tclass=netlink_kobject_uevent_socket permissive=1
01-20 13:21:46.359  1196  1196 I netd    : type=1400 audit(0.0:109): avc: denied { bind } for scontext=u:r:init:s0 tcontext=u:r:init:s0 tclass=netlink_kobject_uevent_socket permissive=1
01-20 13:21:46.359  1196  1196 I netd    : type=1400 audit(0.0:110): avc: denied { getopt } for scontext=u:r:init:s0 tcontext=u:r:init:s0 tclass=netlink_kobject_uevent_socket permissive=1
01-20 13:21:46.359  1196  1196 I netd    : type=1400 audit(0.0:111): avc: denied { getopt } for scontext=u:r:init:s0 tcontext=u:r:init:s0 tclass=netlink_route_socket permissive=1
01-20 13:21:46.359  1196  1196 I netd    : type=1400 audit(0.0:112): avc: denied { create } for scontext=u:r:init:s0 tcontext=u:r:init:s0 tclass=netlink_nflog_socket permissive=1
01-20 13:21:46.359  1196  1196 I netd    : type=1400 audit(0.0:113): avc: denied { setopt } for scontext=u:r:init:s0 tcontext=u:r:init:s0 tclass=netlink_nflog_socket permissive=1
01-20 13:21:51.522  1433  1433 I ServiceManager: Waiting for service media.camera.proxy...
01-20 13:21:51.690  1660  1660 D AndroidRuntime: >>>>>> START com.android.internal.os.ZygoteInit uid 0 <<<<<<
01-20 13:21:51.691  1660  1660 D AndroidRuntime: CheckJNI is ON
01-20 13:21:51.692  1660  1660 I art     : option[0]=-Xzygote
01-20 13:21:51.692  1660  1660 I art     : option[1]=-Xcheck:jni
01-20 13:21:51.692  1660  1660 I art     : option[2]=-Xstacktracefile:/data/anr/traces.txt
01-20 13:21:51.692  1660  1660 I art     : option[3]=exit
01-20 13:21:51.692  1660  1660 I art     : option[4]=vfprintf
01-20 13:21:51.692  1660  1660 I art     : option[5]=sensitiveThread
01-20 13:21:51.692  1660  1660 I art     : option[6]=-verbose:gc
01-20 13:21:51.692  1660  1660 I art     : option[7]=-Xms16m
01-20 13:21:51.692  1660  1660 I art     : option[8]=-Xmx512m
01-20 13:21:51.692  1660  1660 I art     : option[9]=-XX:HeapGrowthLimit=192m
01-20 13:21:51.692  1660  1660 I art     : option[10]=-XX:HeapMinFree=512k
01-20 13:21:51.692  1660  1660 I art     : option[11]=-XX:HeapMaxFree=8m
01-20 13:21:51.692  1660  1660 I art     : option[12]=-XX:HeapTargetUtilization=0.75
01-20 13:21:51.692  1660  1660 I art     : option[13]=-Xusejit:true
01-20 13:21:51.692  1660  1660 I art     : option[14]=-Xjitsaveprofilinginfo
01-20 13:21:51.692  1660  1660 I art     : option[15]=-agentlib:jdwp=transport=dt_android_adb,suspend=n,server=y
01-20 13:21:51.692  1660  1660 I art     : option[16]=-Xlockprofthreshold:500
01-20 13:21:51.692  1660  1660 I art     : option[17]=-Ximage-compiler-option
01-20 13:21:51.692  1660  1660 I art     : option[18]=--runtime-arg
01-20 13:21:51.692  1660  1660 I art     : option[19]=-Ximage-compiler-option
01-20 13:21:51.692  1660  1660 I art     : option[20]=-Xms64m
01-20 13:21:51.692  1660  1660 I art     : option[21]=-Ximage-compiler-option
01-20 13:21:51.692  1660  1660 I art     : option[22]=--runtime-arg
01-20 13:21:51.692  1660  1660 I art     : option[23]=-Ximage-compiler-option
01-20 13:21:51.692  1660  1660 I art     : option[24]=-Xmx64m
01-20 13:21:51.692  1660  1660 I art     : option[25]=-Ximage-compiler-option
01-20 13:21:51.692  1660  1660 I art     : option[26]=--compiler-filter=verify-at-runtime
01-20 13:21:51.692  1660  1660 I art     : option[27]=-Ximage-compiler-option
01-20 13:21:51.692  1660  1660 I art     : option[28]=--image-classes=/system/etc/preloaded-classes
01-20 13:21:51.692  1660  1660 I art     : option[29]=-Ximage-compiler-option
01-20 13:21:51.692  1660  1660 I art     : option[30]=--compiled-classes=/system/etc/compiled-classes
01-20 13:21:51.692  1660  1660 I art     : option[31]=-Xcompiler-option
01-20 13:21:51.692  1660  1660 I art     : option[32]=--runtime-arg
01-20 13:21:51.692  1660  1660 I art     : option[33]=-Xcompiler-option
01-20 13:21:51.692  1660  1660 I art     : option[34]=-Xms64m
01-20 13:21:51.692  1660  1660 I art     : option[35]=-Xcompiler-option
01-20 13:21:51.692  1660  1660 I art     : option[36]=--runtime-arg
01-20 13:21:51.692  1660  1660 I art     : option[37]=-Xcompiler-option
01-20 13:21:51.692  1660  1660 I art     : option[38]=-Xmx512m
01-20 13:21:51.692  1660  1660 I art     : option[39]=-Ximage-compiler-option
01-20 13:21:51.692  1660  1660 I art     : option[40]=--instruction-set-variant=x86
01-20 13:21:51.692  1660  1660 I art     : option[41]=-Xcompiler-option
01-20 13:21:51.692  1660  1660 I art     : option[42]=--instruction-set-variant=x86
01-20 13:21:51.692  1660  1660 I art     : option[43]=-Ximage-compiler-option
01-20 13:21:51.692  1660  1660 I art     : option[44]=--instruction-set-features=default
01-20 13:21:51.692  1660  1660 I art     : option[45]=-Xcompiler-option
01-20 13:21:51.692  1660  1660 I art     : option[46]=--instruction-set-features=default
01-20 13:21:51.692  1660  1660 I art     : option[47]=-Duser.locale=en-US
01-20 13:21:51.692  1660  1660 I art     : option[48]=-XX:NativeBridge=libnb.so
01-20 13:21:51.692  1660  1660 I art     : option[49]=--cpu-abilist=x86,armeabi-v7a,armeabi
01-20 13:21:51.692  1660  1660 I art     : option[50]=-Xfingerprint:Android-x86/x86vbox/x86vbox:7.1.1/NMF26O/sgye01200953:eng/test-keys
01-20 13:21:51.719  1660  1660 D ICU     : No timezone override file found: /data/misc/zoneinfo/current/icu/icu_tzdata.dat
01-20 13:21:51.726  1660  1660 E memtrack: Couldn't load memtrack module (No such file or directory)
01-20 13:21:51.726  1660  1660 E android.os.Debug: failed to load memtrack module: -2
01-20 13:21:51.726  1660  1660 I Radio-JNI: register_android_hardware_Radio DONE
01-20 13:21:51.727  1660  1660 I SamplingProfilerIntegration: Profiling disabled.
01-20 13:21:51.727  1660  1660 D Zygote  : begin preload
01-20 13:21:51.727  1660  1660 I Zygote  : Installing ICU cache reference pinning...
01-20 13:21:51.727  1660  1660 I Zygote  : Preloading ICU data...
01-20 13:21:51.732  1660  1660 I Zygote  : Preloading classes...
01-20 13:21:51.733  1660  1660 W Zygote  : Class not found for preloading: [Landroid.view.Display$ColorTransform;
01-20 13:21:46.359  1196  1196 I netd    : type=1400 audit(0.0:114): avc: denied { bind } for scontext=u:r:init:s0 tcontext=u:r:init:s0 tclass=netlink_nflog_socket permissive=1
01-20 13:21:51.807  1660  1660 E Typeface: Error mapping font file /system/fonts/DroidSansFallback.ttf
01-20 13:21:51.841  1660  1660 I art     : Thread[1,tid=1660,Native,Thread*=0xb438b400,peer=0x12c060d0,"main"] recursive attempt to load library "/system/lib/libmedia_jni.so"
01-20 13:21:51.842  1660  1660 D MtpDeviceJNI: register_android_mtp_MtpDevice
01-20 13:21:51.842  1660  1660 I art     : Thread[1,tid=1660,Native,Thread*=0xb438b400,peer=0x12c060d0,"main"] recursive attempt to load library "/system/lib/libmedia_jni.so"
01-20 13:21:51.842  1660  1660 I art     : Thread[1,tid=1660,Native,Thread*=0xb438b400,peer=0x12c060d0,"main"] recursive attempt to load library "/system/lib/libmedia_jni.so"
01-20 13:21:51.869  1660  1660 W Zygote  : Class not found for preloading: android.view.Display$ColorTransform
01-20 13:21:51.869  1660  1660 W Zygote  : Class not found for preloading: android.view.Display$ColorTransform$1
01-20 13:21:51.896  1660  1660 I System  : Loaded time zone names for "" in 8ms (7ms in ICU)
01-20 13:21:51.901  1660  1660 I System  : Loaded time zone names for "en_US" in 4ms (4ms in ICU)
01-20 13:21:51.909  1660  1660 I Zygote  : ...preloaded 4158 classes in 177ms.
01-20 13:21:51.909  1660  1660 I art     : VMRuntime.preloadDexCaches starting
01-20 13:21:51.932  1660  1660 I art     : VMRuntime.preloadDexCaches strings total=283734 before=39639 after=39639
01-20 13:21:51.932  1660  1660 I art     : VMRuntime.preloadDexCaches types total=23582 before=7877 after=7904
01-20 13:21:51.932  1660  1660 I art     : VMRuntime.preloadDexCaches fields total=112010 before=40900 after=41114
01-20 13:21:51.932  1660  1660 I art     : VMRuntime.preloadDexCaches methods total=197525 before=82451 after=83011
01-20 13:21:51.932  1660  1660 I art     : VMRuntime.preloadDexCaches finished
01-20 13:21:51.932  1660  1660 I Zygote  : Preloading resources...
01-20 13:21:51.938  1660  1660 W Resources: Preloaded drawable resource #0x108025c (android:drawable/dialog_background_material) that varies with configuration!!
01-20 13:21:51.939  1660  1660 W Resources: Preloaded color resource #0x10600e2 (android:color/material_grey_800) that varies with configuration!!
01-20 13:21:51.939  1660  1660 W Resources: Preloaded drawable resource #0x10802c9 (android:drawable/floating_popup_background_dark) that varies with configuration!!
01-20 13:21:51.971  1660  1660 I Zygote  : ...preloaded 114 resources in 39ms.
01-20 13:21:51.973  1660  1660 W Resources: Preloaded color resource #0x106010b (android:color/background_cache_hint_selector_material_dark) that varies with configuration!!
01-20 13:21:51.973  1660  1660 W Resources: Preloaded color resource #0x1060110 (android:color/btn_default_material_dark) that varies with configuration!!
01-20 13:21:51.973  1660  1660 I Zygote  : ...preloaded 41 resources in 3ms.
