01-17 02:32:27.016  1426  1974 I PreBootBroadcaster: Pre-boot of {com.android.providers.contacts/com.android.providers.contacts.ContactsUpgradeReceiver} for user 0
01-17 02:32:27.128  2424  2424 I ContactsUpgradeReceiver: Creating or opening contacts database
01-17 02:32:27.526  1426  1549 I art     : Starting a blocking GC Explicit
01-17 02:32:27.540  1426  1549 I art     : Explicit concurrent mark sweep GC freed 8950(674KB) AllocSpace objects, 8(480KB) LOS objects, 33% free, 5MB/8MB, paused 214us total 13.399ms
01-17 02:32:27.782  2424  2442 W art     : Long monitor contention with owner ContactsProviderWorker (2440) at int android.os.SystemProperties.native_get_int(java.lang.String, int)(SystemProperties.java:-2) waiters=0 in android.database.sqlite.SQLiteDatabase android.database.sqlite.SQLiteOpenHelper.getWritableDatabase() for 1.106s
01-17 02:32:27.783  2424  2442 I CallLogDatabaseHelper: Migrating from old tables...
01-17 02:32:27.783  2424  2442 I CallLogDatabaseHelper: Source tables don't exist.
01-17 02:32:27.783  2424  2424 W art     : Long monitor contention with owner ContactsProviderWorker (2440) at int android.os.SystemProperties.native_get_int(java.lang.String, int)(SystemProperties.java:-2) waiters=1 in android.database.sqlite.SQLiteDatabase android.database.sqlite.SQLiteOpenHelper.getWritableDatabase() for 656ms
01-17 02:32:27.802  2424  2440 I ContactLocale: AddressBook Labels [[en_US]]: [, A, B, C, D, E, F, G, H, I, J, K, L, M, N, O, P, Q, R, S, T, U, V, W, X, Y, Z, , , , , , , , , , , , , , , , , , , , , , , , , , , , , , , , , , , , , , , , , , , , , , , , , , , , , , , , , , , , , , , , , , , , , , , , , , , , , , , , , , , , , , , , , , , , , , , , , , , , , , , , , , , , , , , , , , , , , , , , , , , , , , , , , , , , , , , , , , , , , , , , , , , , , , , , , , , , , , , , , , , , , , , , , , , , , , , , , , , , , , , , , , , #, ]
01-17 02:32:27.892  2424  2436 W art     : Long monitor contention with owner CallLogProviderWorker (2442) at void android.database.sqlite.SQLiteConnection.nativeExecute(long, long)(SQLiteConnection.java:-2) waiters=0 in android.database.sqlite.SQLiteDatabase android.database.sqlite.SQLiteOpenHelper.getReadableDatabase() for 1.646s
01-17 02:32:27.895  2041  2041 V VvmPhoneStateListener: Signal returned: reattempting activation for 1
01-17 02:32:27.898  2041  2041 D VvmTaskScheduler: create task:com.android.phone.vvm.omtp.ActivationTask
01-17 02:32:27.898  2041  2467 V VvmTaskScheduler: executing task com.android.phone.vvm.omtp.ActivationTask@c9fc3c4
01-17 02:32:27.903  2041  2041 D VvmTaskScheduler: create task:com.android.phone.vvm.omtp.ActivationTask
01-17 02:32:27.988  2445  2445 I CalendarProvider2: Sending notification intent: Intent { act=android.intent.action.PROVIDER_CHANGED dat=content://com.android.calendar flg=0x20000000 }
01-17 02:32:27.988  2445  2445 W ContentResolver: Failed to get type for: content://com.android.calendar (Unknown URL content://com.android.calendar)
01-17 02:32:28.152  2041  2467 I VvmActivationTask: VVM content provider configured - vvm_type_cvvm
01-17 02:32:28.154  2041  2467 I OmtpVvmCarrierCfgHlpr: OmtpEvent:CONFIG_ACTIVATING
01-17 02:32:28.251  2424  2424 I ContactsDatabaseHelper: Bootstrapping database version: 1111
01-17 02:32:28.272  2041  2467 V OmtpMessageSender: Sending BINARY sms 'Activate:dt=15' to 122:1808
01-17 02:32:28.274  2424  2424 I ContactsProviderV1: Bootstrapping database legacy support
01-17 02:32:28.278  2041  2041 D VvmStatusSmsFetcher: Request SMS successfully sent
01-17 02:32:28.296  2424  2442 I CallLogDatabaseHelper: Migrating from old tables...
01-17 02:32:28.296  2424  2442 I CallLogDatabaseHelper: Source tables don't exist.
01-17 02:32:29.370  2424  2424 I ContactsProvider: Locale has changed from null to [en_US]
01-17 02:32:29.370  2424  2440 W art     : Long monitor contention with owner main (2424) at int android.database.sqlite.SQLiteConnection.nativeExecuteForChangedRowCount(long, long)(SQLiteConnection.java:-2) waiters=0 in android.database.sqlite.SQLiteDatabase android.database.sqlite.SQLiteOpenHelper.getReadableDatabase() for 1.117s
01-17 02:32:29.371  2424  2424 I ContactsDatabaseHelper: Switching to locale [en_US] (ICU v56.1)
01-17 02:32:29.450  1426  1631 I InputReader: Reconfiguring input devices.  changes=0x00000010
01-17 02:32:29.451  1426  1631 I InputReader: Reconfiguring input devices.  changes=0x00000010
01-17 02:32:29.451  1426  2149 I PackageManager: Replacing preferred activity com.android.messaging/.ui.conversation.LaunchConversationActivity for user 0:
01-17 02:32:29.451  1426  2149 I PackageManager:   Action: "android.intent.action.SENDTO"
01-17 02:32:29.451  1426  2149 I PackageManager:   Category: "android.intent.category.DEFAULT"
01-17 02:32:29.451  1426  2149 I PackageManager:   Scheme: "sms"
01-17 02:32:29.451  1426  2149 I PackageManager:   AutoVerify=false
01-17 02:32:29.452  1426  1540 I PackageManager: Replacing preferred activity com.android.messaging/.ui.conversation.LaunchConversationActivity for user 0:
01-17 02:32:29.452  1426  1540 I PackageManager:   Action: "android.intent.action.SENDTO"
01-17 02:32:29.452  1426  1540 I PackageManager:   Category: "android.intent.category.DEFAULT"
01-17 02:32:29.452  1426  1540 I PackageManager:   Scheme: "smsto"
01-17 02:32:29.452  1426  1540 I PackageManager:   AutoVerify=false
01-17 02:32:29.453  1426  1823 I PackageManager: Replacing preferred activity com.android.messaging/.ui.conversation.LaunchConversationActivity for user 0:
01-17 02:32:29.453  1426  1823 I PackageManager:   Action: "android.intent.action.SENDTO"
01-17 02:32:29.453  1426  1823 I PackageManager:   Category: "android.intent.category.DEFAULT"
01-17 02:32:29.453  1426  1823 I PackageManager:   Scheme: "mms"
01-17 02:32:29.453  1426  1823 I PackageManager:   AutoVerify=false
01-17 02:32:29.453  1426  2150 I PackageManager: Replacing preferred activity com.android.messaging/.ui.conversation.LaunchConversationActivity for user 0:
01-17 02:32:29.453  1426  2150 I PackageManager:   Action: "android.intent.action.SENDTO"
01-17 02:32:29.453  1426  2150 I PackageManager:   Category: "android.intent.category.DEFAULT"
01-17 02:32:29.453  1426  2150 I PackageManager:   Scheme: "mmsto"
01-17 02:32:29.454  1426  2150 I PackageManager:   AutoVerify=false
01-17 02:32:29.458  1426  1426 I DefaultPermGrantPolicy: Granting permissions to default sms app for user:0
01-17 02:32:29.459  2041  2041 D CarrierSvcBindHelper: No carrier app for: 0
01-17 02:32:29.464  2041  2041 D CarrierSvcBindHelper: No carrier app for: 0
01-17 02:32:29.466  1426  1541 W ResourceType: No known package when getting value for resource number 0x7f0200fc
01-17 02:32:29.466  1426  1541 W ResourceType: No known package when getting value for resource number 0x7f0e03a1
01-17 02:32:29.466  1426  1541 W ResourceType: No known package when getting value for resource number 0x7f0200fb
01-17 02:32:29.466  1426  1541 W ResourceType: No known package when getting value for resource number 0x7f0e0923
01-17 02:32:29.466  1426  1541 W ResourceType: No known package when getting value for resource number 0x7f0200fa
01-17 02:32:29.466  1426  1541 W ResourceType: No known package when getting value for resource number 0x7f0e07dd
01-17 02:32:29.868  2424  2424 I ContactsDatabaseHelper: Locale change completed in 498ms
01-17 02:32:29.869  2424  2424 I ContactsDatabaseHelper: Switching to locale [en_US] (ICU v56.1)
01-17 02:32:30.257  2424  2424 I ContactsDatabaseHelper: Locale change completed in 388ms
01-17 02:32:30.257  2250  2295 W art     : Long monitor contention with owner AsyncTask #2 (2470) at void android.database.sqlite.SQLiteConnection.nativeExecute(long, long)(SQLiteConnection.java:-2) waiters=0 in android.database.sqlite.SQLiteDatabase android.database.sqlite.SQLiteOpenHelper.getWritableDatabase() for 777ms
01-17 02:32:30.759  1426  1539 I PreBootBroadcaster: Pre-boot of {com.android.providers.media/com.android.providers.media.MediaUpgradeReceiver} for user 0
01-17 02:32:30.764  2471  2471 W art     : Unexpected CPU variant for X86 using defaults: x86
01-17 02:32:30.770  1426  1539 I ActivityManager: Start proc 2471:com.android.calendar/u0a32 for broadcast com.android.calendar/.alerts.AlertReceiver
01-17 02:32:30.775  2471  2471 W System  : ClassLoader referenced unknown path: /system/app/Calendar/lib/x86
01-17 02:32:30.787  2471  2471 D ExtensionsFactory: No custom extensions.
01-17 02:32:30.791  2471  2471 D AlertReceiver: onReceive: a=android.intent.action.PROVIDER_CHANGED Intent { act=android.intent.action.PROVIDER_CHANGED dat=content://com.android.calendar flg=0x20000010 cmp=com.android.calendar/.alerts.AlertReceiver }
01-17 02:32:30.795  2471  2471 D AlertUtils: Flushing old alerts from shared prefs table
01-17 02:32:30.796  2471  2491 D AlertService: 0 Action = android.intent.action.PROVIDER_CHANGED
01-17 02:32:31.006  2424  2440 I ContactDirectoryManager: deleted 0 stale rows which don't have any relevant directory
01-17 02:32:31.034  2325  2325 I MediaUpgradeReceiver: ---> Start upgrade of media database external.db
01-17 02:32:31.038  2325  2325 I MediaUpgradeReceiver: <--- Finished upgrade of media database external.db in 4ms
01-17 02:32:31.039  1426  1823 I PreBootBroadcaster: Pre-boot of {com.android.settings/com.android.settings.SettingsInitialize} for user 0
01-17 02:32:31.043  1426  2151 D ActivityManager: Sending BOOT_COMPLETE user #0
01-17 02:32:31.122  1426  2498 E BootReceiver: Error reading /data/system/last-header.txt
01-17 02:32:31.122  1426  2498 E BootReceiver: java.io.FileNotFoundException: /data/system/last-header.txt (No such file or directory)
01-17 02:32:31.122  1426  2498 E BootReceiver: 	at java.io.FileInputStream.open(Native Method)
01-17 02:32:31.122  1426  2498 E BootReceiver: 	at java.io.FileInputStream.<init>(FileInputStream.java:146)
01-17 02:32:31.122  1426  2498 E BootReceiver: 	at android.os.FileUtils.readTextFile(FileUtils.java:263)
01-17 02:32:31.122  1426  2498 E BootReceiver: 	at com.android.server.BootReceiver.getPreviousBootHeaders(BootReceiver.java:121)
01-17 02:32:31.122  1426  2498 E BootReceiver: 	at com.android.server.BootReceiver.getBootHeadersToLogAndUpdate(BootReceiver.java:143)
01-17 02:32:31.122  1426  2498 E BootReceiver: 	at com.android.server.BootReceiver.logBootEvents(BootReceiver.java:163)
01-17 02:32:31.122  1426  2498 E BootReceiver: 	at com.android.server.BootReceiver.-wrap2(BootReceiver.java)
01-17 02:32:31.122  1426  2498 E BootReceiver: 	at com.android.server.BootReceiver$1.run(BootReceiver.java:93)
01-17 02:32:31.122  1426  2498 I RecoverySystem: No recovery log file
01-17 02:32:31.123  1426  2498 I BootReceiver: No existing last log timestamp file /data/system/log-files.xml; starting empty
01-17 02:32:31.124  2499  2499 W art     : Unexpected CPU variant for X86 using defaults: x86
01-17 02:32:31.130  1426  1426 I ActivityManager: Start proc 2499:com.android.dialer/u0a8 for broadcast com.android.dialer/.calllog.CallLogReceiver
01-17 02:32:31.135  2499  2499 W System  : ClassLoader referenced unknown path: /system/priv-app/Dialer/lib/x86
01-17 02:32:31.139  2424  2440 I ContactDirectoryManager: Discovered 0 contact directories in 426ms
01-17 02:32:31.141  2424  2440 I ContactsProvider: Upgrading aggregation algorithm
01-17 02:32:31.142  2424  2440 I ContactAggregator: Marked all visible contacts for aggregation: 0 raw contacts, 0 ms
01-17 02:32:31.144  2499  2499 D ExtensionsFactory: No custom extensions.
01-17 02:32:31.145  2499  2499 I BlockedNumbersAuto: Updating state as already checked for auto-migrate.
01-17 02:32:31.146  2499  2499 I BlockedNumbersAuto: Attempting to auto-migrate.
01-17 02:32:31.154  2499  2517 W CountryDetector: No location permissions, not registering for location updates.
01-17 02:32:31.410  1426  2498 I BootReceiver: Copying audit failures to DropBox
01-17 02:32:31.410  1426  2498 I BootReceiver: Checking for fsck errors
01-17 02:32:31.410  1426  2498 I BootReceiver: Copying /data/tombstones/tombstone_00 to DropBox (SYSTEM_TOMBSTONE)
01-17 02:32:31.477  2041  2041 V OtaStartupReceiver: onOtaspChanged: mOtaspMode=3
01-17 02:32:31.477  2041  2041 D CarrierConfigLoader: mHandler: 13 phoneId: 0
01-17 02:32:31.478  2041  2041 D CarrierConfigLoader: mHandler: 7 phoneId: 0
01-17 02:32:31.480  2471  2471 D AlertReceiver: onReceive: a=android.intent.action.BOOT_COMPLETED Intent { act=android.intent.action.BOOT_COMPLETED flg=0x9000010 cmp=com.android.calendar/.alerts.AlertReceiver (has extras) }
01-17 02:32:31.480  2041  2041 D CarrierConfigLoader: Loaded config from XML. package=com.android.carrierconfig phoneId=0
01-17 02:32:31.489  2519  2519 W art     : Unexpected CPU variant for X86 using defaults: x86
01-17 02:32:31.497  1426  2150 I ActivityManager: Start proc 2519:com.android.camera2/u0a33 for broadcast com.android.camera2/com.android.camera.DisableCameraReceiver
01-17 02:32:31.497  2041  2041 D CarrierConfigLoader: mHandler: 5 phoneId: 0
01-17 02:32:31.500  1426  2498 I BootReceiver: Copying /data/tombstones/tombstone_01 to DropBox (SYSTEM_TOMBSTONE)
01-17 02:32:31.502  1426  1426 I Telecom : PhoneAccountRegistrar: SimCallManager queried, returning: null: TSI.gSCMFU@ADw
01-17 02:32:31.518  2519  2519 V CAM_Profiler: [  0.000ms][ui] GUARD: CameraApp onCreate() - START
01-17 02:32:31.518  2519  2519 V CAM_Profiler: [  0.000ms][ui] GUARD: FirstRunDetector getTimeOfFirstRun - START
01-17 02:32:31.518  2519  2519 V CAM_Profiler: [  0.310ms][ui] GUARD: FirstRunDetector getTimeOfFirstRun - [ 0.310ms] PreferenceManager.getDefaultSharedPreferences
01-17 02:32:31.519  2519  2519 V CAM_Profiler: [  1.302ms][ui] GUARD: FirstRunDetector getTimeOfFirstRun - [ 0.993ms] preferences.getLong
01-17 02:32:31.519  2519  2519 V CAM_Profiler: [  1.548ms][ui] GUARD: FirstRunDetector getTimeOfFirstRun - [ 0.245ms] getSharedPreferences
01-17 02:32:31.520  2519  2519 V CAM_Profiler: [  2.315ms][ui] GUARD: FirstRunDetector getTimeOfFirstRun - [ 0.768ms] preferences.edit()
01-17 02:32:31.520  2519  2519 V CAM_Profiler: [  2.424ms][ui] GUARD: FirstRunDetector getTimeOfFirstRun - STOP
01-17 02:32:31.520  2519  2519 V CAM_Profiler: [  3.521ms][ui] GUARD: CameraApp onCreate() - [ 3.521ms] initializeTimeOfFirstRun
01-17 02:32:31.521  2519  2519 V CAM_Profiler: [  3.829ms][ui] GUARD: CameraApp onCreate() - [ 0.308ms] UsageStatistics.initialize
01-17 02:32:31.522  2519  2519 V CAM_Profiler: [  5.018ms][ui] GUARD: CameraApp onCreate() - [ 1.189ms] clearNotifications
01-17 02:32:31.522  2519  2519 V CAM_Profiler: [  5.018ms][ui] GUARD: CameraApp onCreate() - STOP
01-17 02:32:31.525  1260  1532 V EmulatedCamera_Camera: getCameraInfo
01-17 02:32:31.525  1260  1532 V EmulatedCamera_BaseCamera: getCameraInfo
01-17 02:32:31.525  2519  2519 I CAM_DisableCamRcver: back camera found: 0
01-17 02:32:31.588  1426  2498 I BootReceiver: Copying /data/tombstones/tombstone_02 to DropBox (SYSTEM_TOMBSTONE)
01-17 02:32:31.588  2153  2153 I AlarmClock: AlarmInitReceiver android.intent.action.BOOT_COMPLETED
01-17 02:32:31.646  1426  2498 I BootReceiver: Copying /data/tombstones/tombstone_03 to DropBox (SYSTEM_TOMBSTONE)
01-17 02:32:31.649  2153  2170 V AlarmClock: AlarmInitReceiver finished
01-17 02:32:31.651  2538  2538 W art     : Unexpected CPU variant for X86 using defaults: x86
01-17 02:32:31.658  1426  1913 I ActivityManager: Start proc 2538:com.android.email/u0a39 for broadcast com.android.email/.service.EmailUpgradeBroadcastReceiver
01-17 02:32:31.664  2538  2538 W System  : ClassLoader referenced unknown path: /system/app/Email/lib/x86
01-17 02:32:31.693  1426  2150 W ActivityManager: Unable to start service Intent { act=com.android.email.EXCHANGE_INTENT pkg=com.android.exchange } U=0: not found
01-17 02:32:31.695  2538  2554 D ActivityThread: Loading provider com.android.email.provider;com.android.email.notifier: com.android.email.provider.EmailProvider
01-17 02:32:31.696  1426  1913 W ActivityManager: Unable to start service Intent { act=com.android.email.EXCHANGE_INTENT pkg=com.android.exchange } U=0: not found
01-17 02:32:31.699  2538  2538 D ActivityThread: Loading provider com.android.email.provider;com.android.email.notifier: com.android.email.provider.EmailProvider
01-17 02:32:31.700  1426  1539 W ActivityManager: Unable to start service Intent { act=com.android.email.EXCHANGE_INTENT pkg=com.android.exchange } U=0: not found
01-17 02:32:31.701  2538  2555 D ActivityThread: Loading provider com.android.email.provider;com.android.email.notifier: com.android.email.provider.EmailProvider
01-17 02:32:31.702  1426  2243 W ActivityManager: Unable to start service Intent { act=com.android.email.EXCHANGE_INTENT pkg=com.android.exchange } U=0: not found
01-17 02:32:31.711  1426  2498 I BootReceiver: Copying /data/tombstones/tombstone_04 to DropBox (SYSTEM_TOMBSTONE)
01-17 02:32:31.825  1426  2498 I BootReceiver: Copying /data/tombstones/tombstone_05 to DropBox (SYSTEM_TOMBSTONE)
01-17 02:32:31.935  1426  2498 I BootReceiver: Copying /data/tombstones/tombstone_06 to DropBox (SYSTEM_TOMBSTONE)
01-17 02:32:31.979  2424  2440 I ContactsProvider: Aggregation algorithm upgraded for 0 raw contacts in 837ms
01-17 02:32:31.986  2424  2440 I ContactsFTS: Rebuild contact search index in 5ms, 0 contacts
01-17 02:32:32.036  1426  2498 I BootReceiver: Copying /data/tombstones/tombstone_07 to DropBox (SYSTEM_TOMBSTONE)
01-17 02:32:32.103  1426  2498 I BootReceiver: Copying /data/tombstones/tombstone_08 to DropBox (SYSTEM_TOMBSTONE)
01-17 02:32:32.239  1426  2498 I BootReceiver: Copying /data/tombstones/tombstone_09 to DropBox (SYSTEM_TOMBSTONE)
01-17 02:32:32.271  2499  2499 I BlockedNumbersAuto: Auto-migrating: no blocked numbers.
01-17 02:32:32.519  1250  1250 I ServiceManager: service 'gpu' died
01-17 02:32:32.519  1250  1250 I ServiceManager: service 'SurfaceFlinger' died
01-17 02:32:32.519  1260  2028 W SurfaceComposerClient: ComposerService remote (surfaceflinger) died [0xb321b380]
01-17 02:32:32.522  1250  1250 I ServiceManager: service 'netd' died
01-17 02:32:32.527  1250  1250 I ServiceManager: service 'simphonebook' died
01-17 02:32:32.527  1250  1250 I ServiceManager: service 'iphonesubinfo' died
01-17 02:32:32.527  1250  1250 I ServiceManager: service 'isms' died
01-17 02:32:32.527  1250  1250 I ServiceManager: service 'phone' died
01-17 02:32:32.527  1250  1250 I ServiceManager: service 'carrier_config' died
01-17 02:32:32.527  1250  1250 I ServiceManager: service 'isub' died
01-17 02:32:32.583  1262  1262 E         : eof
01-17 02:32:32.583  1262  1262 E         : failed to read size
01-17 02:32:32.583  1262  1262 I         : closing connection
01-17 02:32:32.584  1250  1250 I ServiceManager: service 'telecom' died
01-17 02:32:32.584  1250  1250 I ServiceManager: service 'otadexopt' died
01-17 02:32:32.584  1250  1250 I ServiceManager: service 'user' died
01-17 02:32:32.584  1250  1250 I ServiceManager: service 'package' died
01-17 02:32:32.584  1250  1250 I ServiceManager: service 'activity' died
01-17 02:32:32.584  1250  1250 I ServiceManager: service 'procstats' died
01-17 02:32:32.584  1250  1250 I ServiceManager: service 'meminfo' died
01-17 02:32:32.584  1250  1250 I ServiceManager: service 'connectivity' died
01-17 02:32:32.584  1250  1250 I ServiceManager: service 'servicediscovery' died
01-17 02:32:32.584  1250  1250 I ServiceManager: service 'updatelock' died
01-17 02:32:32.584  1250  1250 I ServiceManager: service 'recovery' died
01-17 02:32:32.584  1250  1250 I ServiceManager: service 'notification' died
01-17 02:32:32.584  1250  1250 I ServiceManager: service 'devicestoragemonitor' died
01-17 02:32:32.584  1250  1250 I ServiceManager: service 'location' died
01-17 02:32:32.584  1250  1250 I ServiceManager: service 'country_detector' died
01-17 02:32:32.584  1250  1250 I ServiceManager: service 'search' died
01-17 02:32:32.584  1250  1250 I ServiceManager: service 'dropbox' died
01-17 02:32:32.584  1250  1250 I ServiceManager: service 'wallpaper' died
01-17 02:32:32.584  1250  1250 I ServiceManager: service 'audio' died
01-17 02:32:32.584  1250  1250 I ServiceManager: service 'DockObserver' died
01-17 02:32:32.584  1250  1250 I ServiceManager: service 'usb' died
01-17 02:32:32.584  1250  1250 I ServiceManager: service 'serial' died
01-17 02:32:32.584  1250  1250 I ServiceManager: service 'hardware_properties' died
01-17 02:32:32.584  1250  1250 I ServiceManager: service 'jobscheduler' died
01-17 02:32:32.584  1250  1250 I ServiceManager: service 'soundtrigger' died
01-17 02:32:32.584  1250  1250 I ServiceManager: service 'backup' died
01-17 02:32:32.584  1250  1250 I ServiceManager: service 'appwidget' died
01-17 02:32:32.584  1250  1250 I ServiceManager: service 'voiceinteraction' died
01-17 02:32:32.584  1250  1250 I ServiceManager: service 'diskstats' died
01-17 02:32:32.584  1250  1250 I ServiceManager: service 'samplingprofiler' died
01-17 02:32:32.584  1250  1250 I ServiceManager: service 'network_time_update_service' died
01-17 02:32:32.584  1250  1250 I ServiceManager: service 'commontime_management' died
01-17 02:32:32.584  1250  1250 I ServiceManager: service 'dreams' died
01-17 02:32:32.584  1250  1250 I ServiceManager: service 'assetatlas' died
01-17 02:32:32.584  1250  1250 I ServiceManager: service 'graphicsstats' died
01-17 02:32:32.584  1250  1250 I ServiceManager: service 'print' died
01-17 02:32:32.584  1250  1250 I ServiceManager: service 'restrictions' died
01-17 02:32:32.584  1250  1250 I ServiceManager: service 'media_session' died
01-17 02:32:32.584  1250  1250 I ServiceManager: service 'media_router' died
01-17 02:32:32.584  1250  1250 I ServiceManager: service 'trust' died
01-17 02:32:32.585  1250  1250 I ServiceManager: service 'shortcut' died
01-17 02:32:32.585  1250  1250 I ServiceManager: service 'launcherapps' died
01-17 02:32:32.585  1250  1250 I ServiceManager: service 'media_projection' died
01-17 02:32:32.585  1250  1250 I ServiceManager: service 'imms' died
01-17 02:32:32.585  1250  1250 I ServiceManager: service 'input_method' died
01-17 02:32:32.585  1250  1250 I ServiceManager: service 'gfxinfo' died
01-17 02:32:32.585  1250  1250 I ServiceManager: service 'dbinfo' died
01-17 02:32:32.585  1250  1250 I ServiceManager: service 'cpuinfo' died
01-17 02:32:32.585  1250  1250 I ServiceManager: service 'permission' died
01-17 02:32:32.585  1250  1250 I ServiceManager: service 'processinfo' died
01-17 02:32:32.585  1250  1250 I ServiceManager: service 'sensorservice' died
01-17 02:32:32.585  1250  1250 I ServiceManager: service 'battery' died
01-17 02:32:32.585  1250  1250 I ServiceManager: service 'usagestats' died
01-17 02:32:32.585  1250  1250 I ServiceManager: service 'webviewupdate' died
01-17 02:32:32.585  1250  1250 I ServiceManager: service 'scheduling_policy' died
01-17 02:32:32.585  1250  1250 I ServiceManager: service 'telephony.registry' died
01-17 02:32:32.585  1250  1250 I ServiceManager: service 'media.camera.proxy' died
01-17 02:32:32.585  1250  1250 I ServiceManager: service 'account' died
01-17 02:32:32.585  1250  1250 I ServiceManager: service 'content' died
01-17 02:32:32.585  1250  1250 I ServiceManager: service 'vibrator' died
01-17 02:32:32.585  1250  1250 I ServiceManager: service 'connectivity_metrics_logger' died
01-17 02:32:32.585  1250  1250 I ServiceManager: service 'connmetrics' died
01-17 02:32:32.585  1250  1250 I ServiceManager: service 'dns_listener' died
01-17 02:32:32.585  1250  1250 I ServiceManager: service 'contexthub_service' died
01-17 02:32:32.585  1250  1250 I ServiceManager: service 'consumer_ir' died
01-17 02:32:32.585  1250  1250 I ServiceManager: service 'alarm' died
01-17 02:32:32.585  1250  1250 I ServiceManager: service 'accessibility' died
01-17 02:32:32.585  1250  1250 I ServiceManager: service 'mount' died
01-17 02:32:32.585  1250  1250 I ServiceManager: service 'window' died
01-17 02:32:32.585  1250  1250 I ServiceManager: service 'input' died
01-17 02:32:32.585  1250  1250 I ServiceManager: service 'vrmanager' died
01-17 02:32:32.585  1250  1250 I ServiceManager: service 'pinner' died
01-17 02:32:32.585  1250  1250 I ServiceManager: service 'uimode' died
01-17 02:32:32.585  1250  1250 I ServiceManager: service 'lock_settings' died
01-17 02:32:32.585  1250  1250 I ServiceManager: service 'deviceidle' died
01-17 02:32:32.585  1250  1250 I ServiceManager: service 'device_policy' died
01-17 02:32:32.585  1250  1250 I ServiceManager: service 'statusbar' died
01-17 02:32:32.585  1250  1250 I ServiceManager: service 'clipboard' died
01-17 02:32:32.585  1250  1250 I ServiceManager: service 'network_management' died
01-17 02:32:32.585  1250  1250 I ServiceManager: service 'textservices' died
01-17 02:32:32.585  1250  1250 I ServiceManager: service 'network_score' died
01-17 02:32:32.585  1250  1250 I ServiceManager: service 'netstats' died
01-17 02:32:32.585  1250  1250 I ServiceManager: service 'netpolicy' died
01-17 02:32:32.585  1250  1250 I ServiceManager: service 'wifip2p' died
01-17 02:32:32.585  1250  1250 I ServiceManager: service 'wifi' died
01-17 02:32:32.585  1250  1250 I ServiceManager: service 'wifiscanner' died
01-17 02:32:32.585  1250  1250 I ServiceManager: service 'rttmanager' died
01-17 02:32:32.585  1250  1250 I ServiceManager: service 'batterystats' died
01-17 02:32:32.585  1250  1250 I ServiceManager: service 'appops' died
01-17 02:32:32.585  1250  1250 I ServiceManager: service 'power' died
01-17 02:32:32.585  1249  1249 I lowmemorykiller: ActivityManager disconnected
01-17 02:32:32.585  1249  1249 I lowmemorykiller: Closing Activity Manager data connection
01-17 02:32:32.585  1250  1250 I ServiceManager: service 'display' died
