01-17 02:22:34.914  1354  1354 V EmulatedCamera_Preview: setPreviewWindow: current: 0xae4c3150 -> new: 0x0
01-17 02:22:34.914  1354  1354 V EmulatedCamera_Camera: releaseCamera
01-17 02:22:34.914  1354  1354 V EmulatedCamera_Camera: doStopPreview
01-17 02:22:34.914  1354  1354 V EmulatedCamera_FakeDevice: disconnectDevice
01-17 02:22:34.914  1354  1354 I CameraFlashlight: Destroying camera 1
01-17 02:22:34.914  1354  1354 V EmulatedCamera_Camera: closeCamera
01-17 02:22:34.914  1354  1354 V EmulatedCamera_Camera: doStopPreview
01-17 02:22:34.914  1354  1354 V EmulatedCamera_Camera: getCameraInfo
01-17 02:22:34.914  1354  1354 V EmulatedCamera_BaseCamera: getCameraInfo
01-17 02:22:34.914  1354  1354 V EmulatedCamera_Camera: getCameraInfo
01-17 02:22:34.914  1354  1354 V EmulatedCamera_BaseCamera: getCameraInfo
01-17 02:22:34.914  1354  1354 I ServiceManager: Waiting for service media.camera.proxy...
01-17 02:22:34.932  1353  1353 I         : sMaxFastTracks = 8
01-17 02:22:34.940  1353  1353 I audioserver: ServiceManager: 0xadc9afe0
01-17 02:22:34.940  1353  1353 W BatteryNotifier: batterystats service unavailable!
01-17 02:22:34.940  1353  1353 I AudioFlinger: Using default 3000 mSec as standby time.
01-17 02:22:34.940  1353  1353 I AudioPolicyService: AudioPolicyService CSTOR in new mode
01-17 02:22:34.940  1353  1353 I APM::ConfigParsingUtils: loadAudioPolicyConfig() loaded /system/etc/audio_policy.conf
01-17 02:22:34.940  1355  1355 I mediaserver: ServiceManager: 0xac73c060
01-17 02:22:34.940  1355  1355 W BatteryNotifier: batterystats service unavailable!
01-17 02:22:34.942  1353  1353 I AudioFlinger: loadHwModule() Loaded primary audio interface from Generic audio HW HAL (audio) handle 10
01-17 02:22:34.942  1353  1353 I AudioFlinger: openOutput(), module 10 Device 2, SamplingRate 44100, Format 0x000001, Channels 3, flags 2
01-17 02:22:34.942  1353  1353 I AudioFlinger: HAL output buffer size 1024 frames, normal sink buffer size 1024 frames
01-17 02:22:34.943  1353  1353 I BufferProvider: found effect "Multichannel Downmix To Stereo" from The Android Open Source Project
01-17 02:22:34.943  1353  1353 I AudioFlinger: Using module 10 has the primary audio interface
01-17 02:22:34.950  1353  1366 I AudioFlinger: AudioFlinger's thread 0xad803ec0 ready to run
01-17 02:22:34.950  1353  1366 W BatteryNotifier: batterystats service unavailable!
01-17 02:22:34.950  1353  1366 W BatteryNotifier: batterystats service unavailable!
01-17 02:22:34.950  1353  1366 W BatteryNotifier: batterystats service unavailable!
01-17 02:22:34.950  1353  1366 W AudioFlinger: no wake lock to update, system not ready yet
01-17 02:22:34.950  1353  1366 E cutils-trace: Error opening trace file: Permission denied (13)
01-17 02:22:34.950  1353  1353 E audio_hw_generic: Error opening input stream format 1, channel_mask 0010, sample_rate 16000
01-17 02:22:34.960  1353  1367 I AudioFlinger: AudioFlinger's thread 0xad603bc0 ready to run
01-17 02:22:34.960  1353  1353 E AudioFlinger: int android::load_audio_interface(const char *, audio_hw_device_t **) couldn't load audio hw module audio.r_submix (No such file or directory)
01-17 02:22:34.960  1353  1353 E AudioFlinger: loadHwModule() error -2 loading module r_submix
01-17 02:22:34.960  1353  1353 W APM_AudioPolicyManager: could not open HW module r_submix
01-17 02:22:34.960  1353  1353 W APM_AudioPolicyManager: Input device 80000100 unreachable
01-17 02:22:34.960  1353  1353 I RadioService: RadioService
01-17 02:22:34.960  1353  1353 I RadioService: onFirstRef
01-17 02:22:34.960  1353  1353 E RadioService: couldn't load radio module radio.primary (No such file or directory)
01-17 02:22:34.960  1353  1353 E SoundTriggerHwService: couldn't load sound trigger module sound_trigger.primary (No such file or directory)
01-17 02:22:35.061  1352  1352 I chatty  : uid=0(root) expire 135 lines
01-17 02:22:35.359  1352  1387 I chatty  : uid=0(root) expire 1 line
01-17 02:22:35.380  1352  1352 F art     : art/runtime/runtime.cc:422] DALVIK THREADS (1):
01-17 02:22:35.380  1352  1352 F art     : art/runtime/runtime.cc:422] "main" prio=5 tid=1 Runnable
01-17 02:22:35.380  1352  1352 F art     : art/runtime/runtime.cc:422]   | group="" sCount=0 dsCount=0 obj=0x741b3610 self=0xacd8b400
01-17 02:22:35.380  1352  1352 F art     : art/runtime/runtime.cc:422]   | sysTid=1352 nice=0 cgrp=default sched=0/0 handle=0xb119c534
01-17 02:22:35.380  1352  1352 F art     : art/runtime/runtime.cc:422]   | state=R schedstat=( 0 0 0 ) utm=39 stm=6 core=0 HZ=100
01-17 02:22:35.380  1352  1352 F art     : art/runtime/runtime.cc:422]   | stack=0xbf2ee000-0xbf2f0000 stackSize=8MB
01-17 02:22:35.380  1352  1352 F art     : art/runtime/runtime.cc:422]   | held mutexes= "abort lock" "mutator lock"(shared held)
01-17 02:22:35.380  1352  1352 F art     : art/runtime/runtime.cc:422]   native: #00 pc 00572f1e  /android/system/lib/libart.so (???)
01-17 02:22:35.380  1352  1352 F art     : art/runtime/runtime.cc:422]   native: #01 pc 0053f30e  /android/system/lib/libart.so (???)
01-17 02:22:35.380  1352  1352 F art     : art/runtime/runtime.cc:422]   native: #02 pc 0053c30b  /android/system/lib/libart.so (???)
01-17 02:22:35.380  1352  1352 F art     : art/runtime/runtime.cc:422]   native: #03 pc 0055befb  /android/system/lib/libart.so (???)
01-17 02:22:35.380  1352  1352 F art     : art/runtime/runtime.cc:422]   native: #04 pc 005521be  /android/system/lib/libart.so (???)
01-17 02:22:35.380  1352  1352 F art     : art/runtime/runtime.cc:422]   native: #05 pc 00551d32  /android/system/lib/libart.so (???)
01-17 02:22:35.380  1352  1352 F art     : art/runtime/runtime.cc:422]   native: #06 pc 00528168  /android/system/lib/libart.so (???)
01-17 02:22:35.380  1352  1352 F art     : art/runtime/runtime.cc:422]   native: #07 pc 00527eb6  /android/system/lib/libart.so (???)
01-17 02:22:35.380  1352  1352 F art     : art/runtime/runtime.cc:422]   native: #08 pc 0051822b  /android/system/lib/libart.so (???)
01-17 02:22:35.380  1352  1352 F art     : art/runtime/runtime.cc:422]   native: #09 pc 0011a5b3  /android/system/lib/libart.so (???)
01-17 02:22:35.380  1352  1352 F art     : art/runtime/runtime.cc:422]   native: #10 pc 003d8650  /android/system/lib/libart.so (???)
01-17 02:22:35.380  1352  1352 F art     : art/runtime/runtime.cc:422]   native: #11 pc 0012c4c1  /android/system/lib/libart.so (???)
01-17 02:22:35.380  1352  1352 F art     : art/runtime/runtime.cc:422]   native: #12 pc 001471d5  /android/system/lib/libandroid_runtime.so (???)
01-17 02:22:35.380  1352  1352 F art     : art/runtime/runtime.cc:422]   native: #13 pc 00149980  /android/system/lib/libandroid_runtime.so (???)
01-17 02:22:35.380  1352  1352 F art     : art/runtime/runtime.cc:422]   native: #14 pc 0014a2ba  /android/system/lib/libandroid_runtime.so (???)
01-17 02:22:35.380  1352  1352 F art     : art/runtime/runtime.cc:422]   native: #15 pc 00df8c08  /android/system/framework/x86/boot-framework.oat (Java_com_android_internal_os_Zygote_nativeForkSystemServer__II_3II_3_3IJJ+228)
01-17 02:22:35.380  1352  1352 F art     : art/runtime/runtime.cc:422]   at com.android.internal.os.Zygote.nativeForkSystemServer(Native method)
01-17 02:22:35.380  1352  1352 F art     : art/runtime/runtime.cc:422]   at com.android.internal.os.Zygote.forkSystemServer(Zygote.java:139)
01-17 02:22:35.380  1352  1352 F art     : art/runtime/runtime.cc:422]   at com.android.internal.os.ZygoteInit.startSystemServer(ZygoteInit.java:672)
01-17 02:22:35.380  1352  1352 F art     : art/runtime/runtime.cc:422]   at com.android.internal.os.ZygoteInit.main(ZygoteInit.java:768)
01-17 02:22:35.380  1352  1352 F art     : art/runtime/runtime.cc:422] 
01-17 02:22:35.380  1352  1352 F art     : art/runtime/runtime.cc:422] 
01-17 02:22:35.380  1352  1352 F libc    : Fatal signal 6 (SIGABRT), code -6 in tid 1352 (main)
01-17 02:22:35.380   983   983 W         : debuggerd: handling request: pid=1352 uid=0 gid=0 tid=1352
01-17 02:22:35.383  1414  1414 E         : debuggerd: Unable to connect to activity manager (connect failed: No such file or directory)
01-17 02:22:35.433  1414  1414 F DEBUG   : *** *** *** *** *** *** *** *** *** *** *** *** *** *** *** ***
01-17 02:22:35.433  1414  1414 F DEBUG   : Build fingerprint: 'x86emu_x86/x86emu_x86/x86emu:7.1.1/NMF26O/sgye01142037:eng/test-keys'
01-17 02:22:35.433  1414  1414 F DEBUG   : Revision: '0'
01-17 02:22:35.433  1414  1414 F DEBUG   : ABI: 'x86'
01-17 02:22:35.433  1414  1414 F DEBUG   : pid: 1352, tid: 1352, name: main  >>> zygote <<<
01-17 02:22:35.433  1414  1414 F DEBUG   : signal 6 (SIGABRT), code -6 (SI_TKILL), fault addr --------
01-17 02:22:35.433  1414  1414 F DEBUG   : Abort message: 'art/runtime/jni_internal.cc:492] JNI FatalError called: frameworks/base/core/jni/com_android_internal_os_Zygote.cpp:467: Unable to construct file descriptor table.'
01-17 02:22:35.433  1414  1414 F DEBUG   :     eax 00000000  ebx 00000548  ecx 00000548  edx 00000006
01-17 02:22:35.433  1414  1414 F DEBUG   :     esi b119c58c  edi b119c534
01-17 02:22:35.434  1414  1414 F DEBUG   :     xcs 00000073  xds 0000007b  xes 0000007b  xfs 0000003b  xss 0000007b
01-17 02:22:35.434  1414  1414 F DEBUG   :     eip b10c8424  ebp bfaea698  esp bfaea63c  flags 00000296
01-17 02:22:35.645  1414  1414 F DEBUG   : 
01-17 02:22:35.645  1414  1414 F DEBUG   : backtrace:
01-17 02:22:35.645  1414  1414 F DEBUG   :     #00 pc ffffe424  [vdso:b10c8000] (__kernel_vsyscall+16)
01-17 02:22:35.645  1414  1414 F DEBUG   :     #01 pc 0007a0dc  /system/lib/libc.so (tgkill+28)
01-17 02:22:35.645  1414  1414 F DEBUG   :     #02 pc 00075925  /system/lib/libc.so (pthread_kill+85)
01-17 02:22:35.645  1414  1414 F DEBUG   :     #03 pc 0002785a  /system/lib/libc.so (raise+42)
01-17 02:22:35.645  1414  1414 F DEBUG   :     #04 pc 0001ee36  /system/lib/libc.so (abort+86)
01-17 02:22:35.645  1414  1414 F DEBUG   :     #05 pc 005183c5  /system/lib/libart.so (_ZN3art7Runtime5AbortEPKc+565)
01-17 02:22:35.645  1414  1414 F DEBUG   :     #06 pc 0011a5b3  /system/lib/libart.so (_ZN3art10LogMessageD1Ev+1747)
01-17 02:22:35.645  1414  1414 F DEBUG   :     #07 pc 003d8650  /system/lib/libart.so (_ZN3art3JNI10FatalErrorEP7_JNIEnvPKc+176)
01-17 02:22:35.645  1414  1414 F DEBUG   :     #08 pc 0012c4c1  /system/lib/libart.so (_ZN3art8CheckJNI10FatalErrorEP7_JNIEnvPKc+993)
01-17 02:22:35.645  1414  1414 F DEBUG   :     #09 pc 001471d5  /system/lib/libandroid_runtime.so
01-17 02:22:35.645  1414  1414 F DEBUG   :     #10 pc 00149980  /system/lib/libandroid_runtime.so
01-17 02:22:35.645  1414  1414 F DEBUG   :     #11 pc 0014a2ba  /system/lib/libandroid_runtime.so
01-17 02:22:35.645  1414  1414 F DEBUG   :     #12 pc 0237cc08  /system/framework/x86/boot-framework.oat (offset 0x1584000) (com.android.internal.os.Zygote.nativeForkSystemServer+228)
01-17 02:22:35.645  1414  1414 F DEBUG   :     #13 pc 0237c8dc  /system/framework/x86/boot-framework.oat (offset 0x1584000) (com.android.internal.os.Zygote.forkSystemServer+152)
01-17 02:22:35.645  1414  1414 F DEBUG   :     #14 pc 02384555  /system/framework/x86/boot-framework.oat (offset 0x1584000) (com.android.internal.os.ZygoteInit.startSystemServer+929)
01-17 02:22:35.645  1414  1414 F DEBUG   :     #15 pc 02381554  /system/framework/x86/boot-framework.oat (offset 0x1584000) (com.android.internal.os.ZygoteInit.main+1120)
01-17 02:22:35.645  1414  1414 F DEBUG   :     #16 pc 00109432  /system/lib/libart.so (art_quick_invoke_static_stub+418)
01-17 02:22:35.645  1414  1414 F DEBUG   :     #17 pc 00112de9  /system/lib/libart.so (_ZN3art9ArtMethod6InvokeEPNS_6ThreadEPjjPNS_6JValueEPKc+313)
01-17 02:22:35.645  1414  1414 F DEBUG   :     #18 pc 005105d5  /system/lib/libart.so (_ZN3artL18InvokeWithArgArrayERKNS_33ScopedObjectAccessAlreadyRunnableEPNS_9ArtMethodEPNS_8ArgArrayEPNS_6JValueEPKc+101)
01-17 02:22:35.645  1414  1414 F DEBUG   :     #19 pc 00510299  /system/lib/libart.so (_ZN3art17InvokeWithVarArgsERKNS_33ScopedObjectAccessAlreadyRunnableEP8_jobjectP10_jmethodIDPc+393)
01-17 02:22:35.645  1414  1414 F DEBUG   :     #20 pc 003f807e  /system/lib/libart.so (_ZN3art3JNI21CallStaticVoidMethodVEP7_JNIEnvP7_jclassP10_jmethodIDPc+958)
01-17 02:22:35.645  1414  1414 F DEBUG   :     #21 pc 001417d1  /system/lib/libart.so (_ZN3art8CheckJNI11CallMethodVEPKcP7_JNIEnvP8_jobjectP7_jclassP10_jmethodIDPcNS_9Primitive4TypeENS_10InvokeTypeE+4513)
01-17 02:22:35.645  1414  1414 F DEBUG   :     #22 pc 00132f8c  /system/lib/libart.so (_ZN3art8CheckJNI21CallStaticVoidMethodVEP7_JNIEnvP7_jclassP10_jmethodIDPc+108)
01-17 02:22:35.645  1414  1414 F DEBUG   :     #23 pc 000701a1  /system/lib/libandroid_runtime.so (_ZN7_JNIEnv20CallStaticVoidMethodEP7_jclassP10_jmethodIDz+41)
01-17 02:22:35.645  1414  1414 F DEBUG   :     #24 pc 00073a5e  /system/lib/libandroid_runtime.so (_ZN7android14AndroidRuntime5startEPKcRKNS_6VectorINS_7String8EEEb+782)
01-17 02:22:35.645  1414  1414 F DEBUG   :     #25 pc 00001b55  /system/bin/app_process32
01-17 02:22:35.645  1414  1414 F DEBUG   :     #26 pc 0001532c  /system/lib/libc.so (__libc_init+108)
01-17 02:22:35.645  1414  1414 F DEBUG   :     #27 pc 0000144c  /system/bin/app_process32
01-17 02:22:35.645  1414  1414 F DEBUG   :     #28 pc 00000004  <unknown>
01-17 02:22:35.666   983   983 W         : debuggerd: resuming target 1352
01-17 02:22:35.693   997   997 I ServiceManager: service 'media.audio_flinger' died
01-17 02:22:35.693   997   997 I ServiceManager: service 'media.audio_policy' died
01-17 02:22:35.693   997   997 I ServiceManager: service 'media.sound_trigger_hw' died
01-17 02:22:35.693   997   997 I ServiceManager: service 'media.radio' died
01-17 02:22:35.694   997   997 I ServiceManager: service 'media.player' died
01-17 02:22:35.694   997   997 I ServiceManager: service 'media.resource_manager' died
01-17 02:22:39.754  1455  1455 I Netd    : Netd 1.0 starting
01-17 02:22:39.754  1455  1455 D TetherController: Setting IP forward enable = 0
01-17 02:22:39.800  1453  1453 I cameraserver: ServiceManager: 0xa899afe0
01-17 02:22:39.800  1453  1453 I CameraService: CameraService started (pid=1453)
01-17 02:22:39.800  1453  1453 I CameraService: CameraService process starting
01-17 02:22:39.807  1452  1452 I         : sMaxFastTracks = 8
01-17 02:22:39.810  1453  1453 W BatteryNotifier: batterystats service unavailable!
01-17 02:22:39.810  1453  1453 W BatteryNotifier: batterystats service unavailable!
01-17 02:22:39.810  1453  1453 D EmulatedCamera_QemuClient: Emulated camera list: 
01-17 02:22:39.810  1452  1452 I audioserver: ServiceManager: 0xa6b1afe0
01-17 02:22:39.810  1453  1453 D EmulatedCamera_FakeCamera: Initialize: Fake camera is facing back
01-17 02:22:39.810  1452  1452 W BatteryNotifier: batterystats service unavailable!
01-17 02:22:39.810  1452  1452 I AudioFlinger: Using default 3000 mSec as standby time.
01-17 02:22:39.810  1453  1453 V EmulatedCamera_Device: initializeWhiteBalanceModes with auto, 1.000000, 1.000000
01-17 02:22:39.810  1453  1453 V EmulatedCamera_Device: initializeWhiteBalanceModes with incandescent, 1.380000, 0.600000
01-17 02:22:39.810  1453  1453 V EmulatedCamera_Device: initializeWhiteBalanceModes with daylight, 1.090000, 0.920000
01-17 02:22:39.810  1453  1453 V EmulatedCamera_Device: initializeWhiteBalanceModes with twilight, 0.920000, 1.220000
01-17 02:22:39.810  1453  1453 V EmulatedCamera_Device: setWhiteBalanceMode with white balance auto
01-17 02:22:39.810  1453  1453 D EmulatedCamera_FakeCamera: Initialize: Fake camera is facing front
01-17 02:22:39.810  1453  1453 V EmulatedCamera_Device: initializeWhiteBalanceModes with auto, 1.000000, 1.000000
01-17 02:22:39.810  1453  1453 V EmulatedCamera_Device: initializeWhiteBalanceModes with incandescent, 1.380000, 0.600000
01-17 02:22:39.810  1453  1453 V EmulatedCamera_Device: initializeWhiteBalanceModes with daylight, 1.090000, 0.920000
01-17 02:22:39.810  1453  1453 V EmulatedCamera_Device: initializeWhiteBalanceModes with twilight, 0.920000, 1.220000
01-17 02:22:39.810  1453  1453 V EmulatedCamera_Device: setWhiteBalanceMode with white balance auto
01-17 02:22:39.810  1453  1453 E EmulatedCamera_HotplugThread: createFileIfNotExists: Could not create file '/data/misc/media/emulator.camera.hotplug.0', error: 'Permission denied' (13)
01-17 02:22:39.810  1452  1452 I AudioPolicyService: AudioPolicyService CSTOR in new mode
01-17 02:22:39.810  1453  1453 E EmulatedCamera_HotplugThread: createFileIfNotExists: Could not create file '/data/misc/media/emulator.camera.hotplug.1', error: 'Permission denied' (13)
01-17 02:22:39.810  1453  1453 E cutils-trace: Error opening trace file: Permission denied (13)
01-17 02:22:39.810  1453  1453 I CameraService: Loaded "Emulated Camera Module" camera module
01-17 02:22:39.810  1453  1453 E CameraService: setUpVendorTags: Vendor tag operations not fully defined. Ignoring definitions.
01-17 02:22:39.810  1453  1453 V EmulatedCamera_Camera: getCameraInfo
01-17 02:22:39.810  1453  1453 V EmulatedCamera_BaseCamera: getCameraInfo
01-17 02:22:39.810  1453  1453 I CameraFlashlight: Opening camera 0
01-17 02:22:39.810  1453  1453 V EmulatedCamera_Camera: getCameraInfo
01-17 02:22:39.810  1453  1453 V EmulatedCamera_BaseCamera: getCameraInfo
01-17 02:22:39.811  1453  1453 V EmulatedCamera_Camera: connectCamera
01-17 02:22:39.811  1453  1453 V EmulatedCamera_FakeDevice: connectDevice
01-17 02:22:39.811  1453  1453 V EmulatedCamera_CallbackNotifier: setCallbacks: 0xa8bc8000, 0xa8bc8050, 0xa8bc8170, 0xa8bc8290 (0xa89c3140)
01-17 02:22:39.811  1452  1452 I APM::ConfigParsingUtils: loadAudioPolicyConfig() loaded /system/etc/audio_policy.conf
01-17 02:22:39.811  1452  1452 I AudioFlinger: loadHwModule() Loaded primary audio interface from Generic audio HW HAL (audio) handle 10
01-17 02:22:39.811  1452  1452 I AudioFlinger: openOutput(), module 10 Device 2, SamplingRate 44100, Format 0x000001, Channels 3, flags 2
01-17 02:22:39.811  1452  1452 I AudioFlinger: HAL output buffer size 1024 frames, normal sink buffer size 1024 frames
01-17 02:22:39.811  1452  1452 I BufferProvider: found effect "Multichannel Downmix To Stereo" from The Android Open Source Project
01-17 02:22:39.811  1452  1452 I AudioFlinger: Using module 10 has the primary audio interface
01-17 02:22:39.812  1453  1453 V EmulatedCamera_Preview: setPreviewWindow: current: 0x0 -> new: 0xa89c3150
01-17 02:22:39.812  1453  1453 V EmulatedCamera_Camera: doStopPreview
01-17 02:22:39.812  1453  1453 V EmulatedCamera_Preview: setPreviewWindow: current: 0xa89c3150 -> new: 0x0
01-17 02:22:39.812  1453  1453 V EmulatedCamera_Camera: releaseCamera
01-17 02:22:39.812  1453  1453 V EmulatedCamera_Camera: doStopPreview
01-17 02:22:39.812  1453  1453 V EmulatedCamera_FakeDevice: disconnectDevice
01-17 02:22:39.812  1453  1453 I CameraFlashlight: Destroying camera 0
01-17 02:22:39.812  1453  1453 V EmulatedCamera_Camera: closeCamera
01-17 02:22:39.812  1453  1453 V EmulatedCamera_Camera: doStopPreview
01-17 02:22:39.812  1453  1453 V EmulatedCamera_Camera: getCameraInfo
01-17 02:22:39.812  1453  1453 V EmulatedCamera_BaseCamera: getCameraInfo
01-17 02:22:39.812  1453  1453 I CameraFlashlight: Opening camera 1
01-17 02:22:39.812  1453  1453 V EmulatedCamera_Camera: getCameraInfo
01-17 02:22:39.812  1453  1453 V EmulatedCamera_BaseCamera: getCameraInfo
01-17 02:22:39.812  1453  1453 V EmulatedCamera_Camera: connectCamera
01-17 02:22:39.812  1453  1453 V EmulatedCamera_FakeDevice: connectDevice
01-17 02:22:39.812  1453  1453 V EmulatedCamera_CallbackNotifier: setCallbacks: 0xa8bc8000, 0xa8bc8050, 0xa8bc8170, 0xa8bc8290 (0xa89c3140)
01-17 02:22:39.813  1453  1453 V EmulatedCamera_Preview: setPreviewWindow: current: 0x0 -> new: 0xa89c3150
01-17 02:22:39.813  1453  1453 V EmulatedCamera_Camera: doStopPreview
01-17 02:22:39.813  1453  1453 V EmulatedCamera_Preview: setPreviewWindow: current: 0xa89c3150 -> new: 0x0
01-17 02:22:39.813  1453  1453 V EmulatedCamera_Camera: releaseCamera
01-17 02:22:39.813  1453  1453 V EmulatedCamera_Camera: doStopPreview
01-17 02:22:39.813  1453  1453 V EmulatedCamera_FakeDevice: disconnectDevice
01-17 02:22:39.813  1453  1453 I CameraFlashlight: Destroying camera 1
01-17 02:22:39.813  1453  1453 V EmulatedCamera_Camera: closeCamera
01-17 02:22:39.813  1453  1453 V EmulatedCamera_Camera: doStopPreview
01-17 02:22:39.813  1453  1453 V EmulatedCamera_Camera: getCameraInfo
01-17 02:22:39.813  1453  1453 V EmulatedCamera_BaseCamera: getCameraInfo
01-17 02:22:39.813  1453  1453 V EmulatedCamera_Camera: getCameraInfo
01-17 02:22:39.813  1453  1453 V EmulatedCamera_BaseCamera: getCameraInfo
01-17 02:22:39.813  1453  1453 I ServiceManager: Waiting for service media.camera.proxy...
01-17 02:22:39.818  1452  1462 I AudioFlinger: AudioFlinger's thread 0xa6683c80 ready to run
01-17 02:22:39.818  1452  1462 W BatteryNotifier: batterystats service unavailable!
01-17 02:22:39.818  1452  1462 W BatteryNotifier: batterystats service unavailable!
01-17 02:22:39.820  1452  1462 W BatteryNotifier: batterystats service unavailable!
01-17 02:22:39.820  1452  1462 W AudioFlinger: no wake lock to update, system not ready yet
01-17 02:22:39.820  1452  1462 E cutils-trace: Error opening trace file: Permission denied (13)
01-17 02:22:39.820  1452  1452 E audio_hw_generic: Error opening input stream format 1, channel_mask 0010, sample_rate 16000
01-17 02:22:39.840  1452  1464 I AudioFlinger: AudioFlinger's thread 0xa6483000 ready to run
01-17 02:22:39.840  1452  1452 E AudioFlinger: int android::load_audio_interface(const char *, audio_hw_device_t **) couldn't load audio hw module audio.r_submix (No such file or directory)
01-17 02:22:39.840  1452  1452 E AudioFlinger: loadHwModule() error -2 loading module r_submix
01-17 02:22:39.840  1452  1452 W APM_AudioPolicyManager: could not open HW module r_submix
01-17 02:22:39.840  1452  1452 W APM_AudioPolicyManager: Input device 80000100 unreachable
01-17 02:22:39.840  1452  1452 I RadioService: RadioService
01-17 02:22:39.840  1452  1452 I RadioService: onFirstRef
01-17 02:22:39.840  1452  1452 E RadioService: couldn't load radio module radio.primary (No such file or directory)
01-17 02:22:39.840  1452  1452 E SoundTriggerHwService: couldn't load sound trigger module sound_trigger.primary (No such file or directory)
01-17 02:22:39.854  1454  1454 I mediaserver: ServiceManager: 0xaef3c060
01-17 02:22:39.854  1454  1454 W BatteryNotifier: batterystats service unavailable!
01-17 02:22:39.963  1451  1451 D AndroidRuntime: >>>>>> START com.android.internal.os.ZygoteInit uid 0 <<<<<<
01-17 02:22:39.964  1451  1451 D AndroidRuntime: CheckJNI is ON
01-17 02:22:39.964  1451  1451 I art     : option[0]=-Xzygote
01-17 02:22:39.964  1451  1451 I art     : option[1]=-Xcheck:jni
01-17 02:22:39.964  1451  1451 I art     : option[2]=-Xstacktracefile:/data/anr/traces.txt
01-17 02:22:39.964  1451  1451 I art     : option[3]=exit
01-17 02:22:39.964  1451  1451 I art     : option[4]=vfprintf
01-17 02:22:39.964  1451  1451 I art     : option[5]=sensitiveThread
01-17 02:22:39.964  1451  1451 I art     : option[6]=-verbose:gc
01-17 02:22:39.964  1451  1451 I art     : option[7]=-Xms4m
01-17 02:22:39.964  1451  1451 I art     : option[8]=-Xmx192m
01-17 02:22:39.964  1451  1451 I art     : option[9]=-Xusejit:true
01-17 02:22:39.964  1451  1451 I art     : option[10]=-Xjitsaveprofilinginfo
01-17 02:22:39.964  1451  1451 I art     : option[11]=-agentlib:jdwp=transport=dt_android_adb,suspend=n,server=y
01-17 02:22:39.964  1451  1451 I art     : option[12]=-Xlockprofthreshold:500
01-17 02:22:39.964  1451  1451 I art     : option[13]=-Ximage-compiler-option
01-17 02:22:39.964  1451  1451 I art     : option[14]=--runtime-arg
01-17 02:22:39.964  1451  1451 I art     : option[15]=-Ximage-compiler-option
01-17 02:22:39.964  1451  1451 I art     : option[16]=-Xms64m
01-17 02:22:39.964  1451  1451 I art     : option[17]=-Ximage-compiler-option
01-17 02:22:39.964  1451  1451 I art     : option[18]=--runtime-arg
01-17 02:22:39.964  1451  1451 I art     : option[19]=-Ximage-compiler-option
01-17 02:22:39.964  1451  1451 I art     : option[20]=-Xmx64m
01-17 02:22:39.964  1451  1451 I art     : option[21]=-Ximage-compiler-option
01-17 02:22:39.964  1451  1451 I art     : option[22]=--compiler-filter=verify-at-runtime
01-17 02:22:39.964  1451  1451 I art     : option[23]=-Ximage-compiler-option
01-17 02:22:39.964  1451  1451 I art     : option[24]=--image-classes=/system/etc/preloaded-classes
01-17 02:22:39.964  1451  1451 I art     : option[25]=-Ximage-compiler-option
01-17 02:22:39.964  1451  1451 I art     : option[26]=--compiled-classes=/system/etc/compiled-classes
01-17 02:22:39.964  1451  1451 I art     : option[27]=-Xcompiler-option
01-17 02:22:39.964  1451  1451 I art     : option[28]=--runtime-arg
01-17 02:22:39.964  1451  1451 I art     : option[29]=-Xcompiler-option
01-17 02:22:39.964  1451  1451 I art     : option[30]=-Xms64m
01-17 02:22:39.964  1451  1451 I art     : option[31]=-Xcompiler-option
01-17 02:22:39.964  1451  1451 I art     : option[32]=--runtime-arg
01-17 02:22:39.964  1451  1451 I art     : option[33]=-Xcompiler-option
01-17 02:22:39.964  1451  1451 I art     : option[34]=-Xmx512m
01-17 02:22:39.964  1451  1451 I art     : option[35]=-Ximage-compiler-option
01-17 02:22:39.964  1451  1451 I art     : option[36]=--instruction-set-variant=x86
01-17 02:22:39.964  1451  1451 I art     : option[37]=-Xcompiler-option
01-17 02:22:39.964  1451  1451 I art     : option[38]=--instruction-set-variant=x86
01-17 02:22:39.964  1451  1451 I art     : option[39]=-Ximage-compiler-option
01-17 02:22:39.964  1451  1451 I art     : option[40]=--instruction-set-features=default
01-17 02:22:39.964  1451  1451 I art     : option[41]=-Xcompiler-option
01-17 02:22:39.964  1451  1451 I art     : option[42]=--instruction-set-features=default
01-17 02:22:39.964  1451  1451 I art     : option[43]=-Duser.locale=en-US
01-17 02:22:39.964  1451  1451 I art     : option[44]=--cpu-abilist=x86
01-17 02:22:39.964  1451  1451 I art     : option[45]=-Xfingerprint:x86emu_x86/x86emu_x86/x86emu:7.1.1/NMF26O/sgye01142037:eng/test-keys
01-17 02:22:40.012  1451  1451 D ICU     : No timezone override file found: /data/misc/zoneinfo/current/icu/icu_tzdata.dat
01-17 02:22:40.020  1451  1451 E memtrack: Couldn't load memtrack module (No such file or directory)
01-17 02:22:40.020  1451  1451 E android.os.Debug: failed to load memtrack module: -2
01-17 02:22:40.020  1451  1451 I Radio-JNI: register_android_hardware_Radio DONE
01-17 02:22:40.021  1451  1451 I SamplingProfilerIntegration: Profiling disabled.
01-17 02:22:40.021  1451  1451 D Zygote  : begin preload
01-17 02:22:40.021  1451  1451 I Zygote  : Installing ICU cache reference pinning...
01-17 02:22:40.021  1451  1451 I Zygote  : Preloading ICU data...
01-17 02:22:40.027  1451  1451 I Zygote  : Preloading classes...
01-17 02:22:40.027  1451  1451 W Zygote  : Class not found for preloading: [Landroid.view.Display$ColorTransform;
01-17 02:22:40.055  1451  1451 E Typeface: Error mapping font file /system/fonts/DroidSansFallback.ttf
01-17 02:22:40.102  1451  1451 I art     : Thread[1,tid=1451,Native,Thread*=0xabe8b400,peer=0x12c060d0,"main"] recursive attempt to load library "/system/lib/libmedia_jni.so"
01-17 02:22:40.102  1451  1451 D MtpDeviceJNI: register_android_mtp_MtpDevice
01-17 02:22:40.102  1451  1451 I art     : Thread[1,tid=1451,Native,Thread*=0xabe8b400,peer=0x12c060d0,"main"] recursive attempt to load library "/system/lib/libmedia_jni.so"
01-17 02:22:40.102  1451  1451 I art     : Thread[1,tid=1451,Native,Thread*=0xabe8b400,peer=0x12c060d0,"main"] recursive attempt to load library "/system/lib/libmedia_jni.so"
01-17 02:22:40.114  1451  1451 W Zygote  : Class not found for preloading: android.view.Display$ColorTransform
01-17 02:22:40.114  1451  1451 W Zygote  : Class not found for preloading: android.view.Display$ColorTransform$1
01-17 02:22:40.144  1451  1451 I System  : Loaded time zone names for "" in 11ms (10ms in ICU)
01-17 02:22:40.149  1451  1451 I System  : Loaded time zone names for "en_US" in 5ms (4ms in ICU)
01-17 02:22:40.164  1451  1451 I Zygote  : ...preloaded 4158 classes in 137ms.
01-17 02:22:40.164  1451  1451 I art     : VMRuntime.preloadDexCaches starting
01-17 02:22:40.190  1451  1451 I art     : VMRuntime.preloadDexCaches strings total=283709 before=39625 after=39625
01-17 02:22:40.190  1451  1451 I art     : VMRuntime.preloadDexCaches types total=23582 before=7877 after=7904
01-17 02:22:40.190  1451  1451 I art     : VMRuntime.preloadDexCaches fields total=111999 before=40899 after=41113
01-17 02:22:40.190  1451  1451 I art     : VMRuntime.preloadDexCaches methods total=197525 before=82451 after=83011
01-17 02:22:40.190  1451  1451 I art     : VMRuntime.preloadDexCaches finished
01-17 02:22:40.191  1451  1451 I Zygote  : Preloading resources...
01-17 02:22:40.197  1451  1451 W Resources: Preloaded drawable resource #0x108025c (android:drawable/dialog_background_material) that varies with configuration!!
01-17 02:22:40.197  1451  1451 W Resources: Preloaded drawable resource #0x1080298 (android:drawable/editbox_dropdown_background_dark) that varies with configuration!!
01-17 02:22:40.198  1451  1451 W Resources: Preloaded color resource #0x10600e2 (android:color/material_grey_800) that varies with configuration!!
01-17 02:22:40.198  1451  1451 W Resources: Preloaded drawable resource #0x10802c9 (android:drawable/floating_popup_background_dark) that varies with configuration!!
01-17 02:22:40.200  1451  1451 W Resources: Preloaded drawable resource #0x108030b (android:drawable/ic_clear_disabled) that varies with configuration!!
01-17 02:22:40.200  1451  1451 W Resources: Preloaded drawable resource #0x1080310 (android:drawable/ic_clear_normal) that varies with configuration!!
01-17 02:22:40.201  1451  1451 W Resources: Preloaded drawable resource #0x1080359 (android:drawable/ic_go) that varies with configuration!!
01-17 02:22:40.205  1451  1451 W Resources: Preloaded drawable resource #0x1080038 (android:drawable/ic_menu_close_clear_cancel) that varies with configuration!!
01-17 02:22:40.206  1451  1451 W Resources: Preloaded drawable resource #0x1080045 (android:drawable/ic_menu_more) that varies with configuration!!
01-17 02:22:40.208  1451  1451 W Resources: Preloaded drawable resource #0x10804e8 (android:drawable/menu_background_fill_parent_width) that varies with configuration!!
01-17 02:22:40.223  1451  1451 W Resources: Preloaded drawable resource #0x108077e (android:drawable/text_edit_paste_window) that varies with configuration!!
01-17 02:22:40.224  1451  1451 W Resources: Preloaded drawable resource #0x1080096 (android:drawable/toast_frame) that varies with configuration!!
01-17 02:22:40.224  1451  1451 I Zygote  : ...preloaded 114 resources in 33ms.
01-17 02:22:40.226  1451  1451 W Resources: Preloaded color resource #0x106010b (android:color/background_cache_hint_selector_material_dark) that varies with configuration!!
01-17 02:22:40.226  1451  1451 W Resources: Preloaded color resource #0x1060110 (android:color/btn_default_material_dark) that varies with configuration!!
01-17 02:22:40.227  1451  1451 I Zygote  : ...preloaded 41 resources in 3ms.
01-17 02:22:40.227  1451  1451 D libEGL  : Emulator has host GPU support, qemu.gles is set to 1.
01-17 02:22:40.227  1451  1451 E libEGL  : load_driver(/system/lib/egl/libGLES_emulation.so): dlopen failed: library "/system/lib/egl/libGLES_emulation.so" not found
01-17 02:22:40.228  1451  1451 D libEGL  : loaded /system/lib/egl/libEGL_emulation.so
01-17 02:22:40.228  1451  1451 D libEGL  : loaded /system/lib/egl/libGLESv1_CM_emulation.so
01-17 02:22:40.233  1451  1451 D libEGL  : loaded /system/lib/egl/libGLESv2_emulation.so
01-17 02:22:40.238  1451  1451 I Zygote  : Preloading shared libraries...
01-17 02:22:40.241  1451  1451 I Zygote  : Uninstalled ICU cache reference pinning...
01-17 02:22:40.241  1451  1451 I Zygote  : Installed AndroidKeyStoreProvider in 0ms.
01-17 02:22:40.248  1451  1451 I Zygote  : Warmed up JCA providers in 7ms.
01-17 02:22:40.248  1451  1451 D Zygote  : end preload
01-17 02:22:40.248  1451  1451 I art     : Starting a blocking GC Explicit
01-17 02:22:40.252  1451  1451 I art     : Explicit concurrent mark sweep GC freed 7268(406KB) AllocSpace objects, 0(0B) LOS objects, 57% free, 2MB/6MB, paused 40us total 3.643ms
01-17 02:22:40.252  1451  1451 I art     : Starting a blocking GC Explicit
01-17 02:22:40.255  1451  1451 I art     : Explicit concurrent mark sweep GC freed 1538(62KB) AllocSpace objects, 1(24KB) LOS objects, 58% free, 2MB/6MB, paused 33us total 3.137ms
01-17 02:22:40.255  1451  1496 I art     : Starting a blocking GC HeapTrim
01-17 02:22:40.264  1451  1451 I art     : Starting a blocking GC Background
01-17 02:22:40.278  1451  1451 E Zygote  : Not whitelisted : /android/sys/kernel/debug/tracing/trace_marker
01-17 02:22:40.278  1451  1451 F art     : art/runtime/jni_internal.cc:492] JNI FatalError called: frameworks/base/core/jni/com_android_internal_os_Zygote.cpp:467: Unable to construct file descriptor table.
01-17 02:22:40.283  1451  1451 F art     : art/runtime/runtime.cc:422] Runtime aborting...
01-17 02:22:40.283  1451  1451 F art     : art/runtime/runtime.cc:422] Aborting thread:
01-17 02:22:40.283  1451  1451 F art     : art/runtime/runtime.cc:422] "main" prio=5 tid=1 Runnable
01-17 02:22:40.283  1451  1451 F art     : art/runtime/runtime.cc:422]   | group="" sCount=0 dsCount=0 obj=0x741be550 self=0xabe8b400
01-17 02:22:40.283  1451  1451 F art     : art/runtime/runtime.cc:422]   | sysTid=1451 nice=0 cgrp=default sched=0/0 handle=0xac5a4534
01-17 02:22:40.283  1451  1451 F art     : art/runtime/runtime.cc:422]   | state=R schedstat=( 0 0 0 ) utm=44 stm=0 core=0 HZ=100
01-17 02:22:40.283  1451  1451 F art     : art/runtime/runtime.cc:422]   | stack=0xbf6a1000-0xbf6a3000 stackSize=8MB
01-17 02:22:40.283  1451  1451 F art     : art/runtime/runtime.cc:422]   | held mutexes= "abort lock" "mutator lock"(shared held)
01-17 02:22:40.283  1451  1451 F art     : art/runtime/runtime.cc:422]   native: #00 pc 00572f1e  /android/system/lib/libart.so (???)
01-17 02:22:40.283  1451  1451 F art     : art/runtime/runtime.cc:422]   native: #01 pc 0053f30e  /android/system/lib/libart.so (???)
01-17 02:22:40.283  1451  1451 F art     : art/runtime/runtime.cc:422]   native: #02 pc 0053c30b  /android/system/lib/libart.so (???)
01-17 02:22:40.283  1451  1451 F art     : art/runtime/runtime.cc:422]   native: #03 pc 00527f13  /android/system/lib/libart.so (???)
01-17 02:22:40.283  1451  1451 F art     : art/runtime/runtime.cc:422]   native: #04 pc 00527bca  /android/system/lib/libart.so (???)
01-17 02:22:40.283  1451  1451 F art     : art/runtime/runtime.cc:422]   native: #05 pc 0051822b  /android/system/lib/libart.so (???)
01-17 02:22:40.283  1451  1451 F art     : art/runtime/runtime.cc:422]   native: #06 pc 0011a5b3  /android/system/lib/libart.so (???)
01-17 02:22:40.283  1451  1451 F art     : art/runtime/runtime.cc:422]   native: #07 pc 003d8650  /android/system/lib/libart.so (???)
01-17 02:22:40.283  1451  1451 F art     : art/runtime/runtime.cc:422]   native: #08 pc 0012c4c1  /android/system/lib/libart.so (???)
01-17 02:22:40.283  1451  1451 F art     : art/runtime/runtime.cc:422]   native: #09 pc 001471d5  /android/system/lib/libandroid_runtime.so (???)
01-17 02:22:40.283  1451  1451 F art     : art/runtime/runtime.cc:422]   native: #10 pc 00149980  /android/system/lib/libandroid_runtime.so (???)
01-17 02:22:40.283  1451  1451 F art     : art/runtime/runtime.cc:422]   native: #11 pc 0014a2ba  /android/system/lib/libandroid_runtime.so (???)
01-17 02:22:40.283  1451  1451 F art     : art/runtime/runtime.cc:422]   native: #12 pc 00df8c08  /android/system/framework/x86/boot-framework.oat (Java_com_android_internal_os_Zygote_nativeForkSystemServer__II_3II_3_3IJJ+228)
01-17 02:22:40.283  1451  1451 F art     : art/runtime/runtime.cc:422]   at com.android.internal.os.Zygote.nativeForkSystemServer(Native method)
01-17 02:22:40.283  1451  1451 F art     : art/runtime/runtime.cc:422]   at com.android.internal.os.Zygote.forkSystemServer(Zygote.java:139)
01-17 02:22:40.283  1451  1451 F art     : art/runtime/runtime.cc:422]   at com.android.internal.os.ZygoteInit.startSystemServer(ZygoteInit.java:672)
01-17 02:22:40.283  1451  1451 F art     : art/runtime/runtime.cc:422]   at com.android.internal.os.ZygoteInit.main(ZygoteInit.java:768)
01-17 02:22:40.283  1451  1451 F art     : art/runtime/runtime.cc:422] Dumping all threads without appropriate locks held: thread list lock
01-17 02:22:40.283  1451  1451 F art     : art/runtime/runtime.cc:422] All threads:
01-17 02:22:40.283  1451  1451 F art     : art/runtime/runtime.cc:422] DALVIK THREADS (1):
01-17 02:22:40.283  1451  1451 F art     : art/runtime/runtime.cc:422] "main" prio=5 tid=1 Runnable
01-17 02:22:40.283  1451  1451 F art     : art/runtime/runtime.cc:422]   | group="" sCount=0 dsCount=0 obj=0x741be550 self=0xabe8b400
01-17 02:22:40.283  1451  1451 F art     : art/runtime/runtime.cc:422]   | sysTid=1451 nice=0 cgrp=default sched=0/0 handle=0xac5a4534
01-17 02:22:40.283  1451  1451 F art     : art/runtime/runtime.cc:422]   | state=R schedstat=( 0 0 0 ) utm=45 stm=0 core=0 HZ=100
01-17 02:22:40.283  1451  1451 F art     : art/runtime/runtime.cc:422]   | stack=0xbf6a1000-0xbf6a3000 stackSize=8MB
01-17 02:22:40.283  1451  1451 F art     : art/runtime/runtime.cc:422]   | held mutexes= "abort lock" "mutator lock"(shared held)
01-17 02:22:40.283  1451  1451 F art     : art/runtime/runtime.cc:422]   native: #00 pc 00572f1e  /android/system/lib/libart.so (???)
01-17 02:22:40.283  1451  1451 F art     : art/runtime/runtime.cc:422]   native: #01 pc 0053f30e  /android/system/lib/libart.so (???)
01-17 02:22:40.283  1451  1451 F art     : art/runtime/runtime.cc:422]   native: #02 pc 0053c30b  /android/system/lib/libart.so (???)
01-17 02:22:40.283  1451  1451 F art     : art/runtime/runtime.cc:422]   native: #03 pc 0055befb  /android/system/lib/libart.so (???)
01-17 02:22:40.283  1451  1451 F art     : art/runtime/runtime.cc:422]   native: #04 pc 005521be  /android/system/lib/libart.so (???)
01-17 02:22:40.283  1451  1451 F art     : art/runtime/runtime.cc:422]   native: #05 pc 00551d32  /android/system/lib/libart.so (???)
01-17 02:22:40.283  1451  1451 F art     : art/runtime/runtime.cc:422]   native: #06 pc 00528168  /android/system/lib/libart.so (???)
01-17 02:22:40.283  1451  1451 F art     : art/runtime/runtime.cc:422]   native: #07 pc 00527eb6  /android/system/lib/libart.so (???)
01-17 02:22:40.283  1451  1451 F art     : art/runtime/runtime.cc:422]   native: #08 pc 0051822b  /android/system/lib/libart.so (???)
01-17 02:22:40.283  1451  1451 F art     : art/runtime/runtime.cc:422]   native: #09 pc 0011a5b3  /android/system/lib/libart.so (???)
01-17 02:22:40.283  1451  1451 F art     : art/runtime/runtime.cc:422]   native: #10 pc 003d8650  /android/system/lib/libart.so (???)
01-17 02:22:40.283  1451  1451 F art     : art/runtime/runtime.cc:422]   native: #11 pc 0012c4c1  /android/system/lib/libart.so (???)
01-17 02:22:40.283  1451  1451 F art     : art/runtime/runtime.cc:422]   native: #12 pc 001471d5  /android/system/lib/libandroid_runtime.so (???)
01-17 02:22:40.283  1451  1451 F art     : art/runtime/runtime.cc:422]   native: #13 pc 00149980  /android/system/lib/libandroid_runtime.so (???)
01-17 02:22:40.283  1451  1451 F art     : art/runtime/runtime.cc:422]   native: #14 pc 0014a2ba  /android/system/lib/libandroid_runtime.so (???)
01-17 02:22:40.283  1451  1451 F art     : art/runtime/runtime.cc:422]   native: #15 pc 00df8c08  /android/system/framework/x86/boot-framework.oat (Java_com_android_internal_os_Zygote_nativeForkSystemServer__II_3II_3_3IJJ+228)
01-17 02:22:40.283  1451  1451 F art     : art/runtime/runtime.cc:422]   at com.android.internal.os.Zygote.nativeForkSystemServer(Native method)
01-17 02:22:40.283  1451  1451 F art     : art/runtime/runtime.cc:422]   at com.android.internal.os.Zygote.forkSystemServer(Zygote.java:139)
01-17 02:22:40.283  1451  1451 F art     : art/runtime/runtime.cc:422]   at com.android.internal.os.ZygoteInit.startSystemServer(ZygoteInit.java:672)
01-17 02:22:40.283  1451  1451 F art     : art/runtime/runtime.cc:422]   at com.android.internal.os.ZygoteInit.main(ZygoteInit.java:768)
01-17 02:22:40.283  1451  1451 F art     : art/runtime/runtime.cc:422] 
01-17 02:22:40.283  1451  1451 F art     : art/runtime/runtime.cc:422] 
01-17 02:22:40.283  1451  1451 F libc    : Fatal signal 6 (SIGABRT), code -6 in tid 1451 (main)
01-17 02:22:40.284   983   983 W         : debuggerd: handling request: pid=1451 uid=0 gid=0 tid=1451
01-17 02:22:40.288  1521  1521 E         : debuggerd: Unable to connect to activity manager (connect failed: No such file or directory)
01-17 02:22:40.288  1521  1521 F DEBUG   : *** *** *** *** *** *** *** *** *** *** *** *** *** *** *** ***
01-17 02:22:40.288  1521  1521 F DEBUG   : Build fingerprint: 'x86emu_x86/x86emu_x86/x86emu:7.1.1/NMF26O/sgye01142037:eng/test-keys'
01-17 02:22:40.288  1521  1521 F DEBUG   : Revision: '0'
01-17 02:22:40.288  1521  1521 F DEBUG   : ABI: 'x86'
01-17 02:22:40.288  1521  1521 F DEBUG   : pid: 1451, tid: 1451, name: main  >>> zygote <<<
01-17 02:22:40.288  1521  1521 F DEBUG   : signal 6 (SIGABRT), code -6 (SI_TKILL), fault addr --------
01-17 02:22:40.289  1521  1521 F DEBUG   : Abort message: 'art/runtime/jni_internal.cc:492] JNI FatalError called: frameworks/base/core/jni/com_android_internal_os_Zygote.cpp:467: Unable to construct file descriptor table.'
01-17 02:22:40.289  1521  1521 F DEBUG   :     eax 00000000  ebx 000005ab  ecx 000005ab  edx 00000006
01-17 02:22:40.289  1521  1521 F DEBUG   :     esi ac5a458c  edi ac5a4534
01-17 02:22:40.289  1521  1521 F DEBUG   :     xcs 00000073  xds 0000007b  xes 0000007b  xfs 0000003b  xss 0000007b
01-17 02:22:40.289  1521  1521 F DEBUG   :     eip ac4d0424  ebp bfe9c5f8  esp bfe9c59c  flags 00000296
01-17 02:22:40.483  1521  1521 F DEBUG   : 
01-17 02:22:40.483  1521  1521 F DEBUG   : backtrace:
01-17 02:22:40.483  1521  1521 F DEBUG   :     #00 pc ffffe424  [vdso:ac4d0000] (__kernel_vsyscall+16)
01-17 02:22:40.483  1521  1521 F DEBUG   :     #01 pc 0007a0dc  /system/lib/libc.so (tgkill+28)
01-17 02:22:40.483  1521  1521 F DEBUG   :     #02 pc 00075925  /system/lib/libc.so (pthread_kill+85)
01-17 02:22:40.483  1521  1521 F DEBUG   :     #03 pc 0002785a  /system/lib/libc.so (raise+42)
01-17 02:22:40.483  1521  1521 F DEBUG   :     #04 pc 0001ee36  /system/lib/libc.so (abort+86)
01-17 02:22:40.483  1521  1521 F DEBUG   :     #05 pc 005183c5  /system/lib/libart.so (_ZN3art7Runtime5AbortEPKc+565)
01-17 02:22:40.483  1521  1521 F DEBUG   :     #06 pc 0011a5b3  /system/lib/libart.so (_ZN3art10LogMessageD1Ev+1747)
01-17 02:22:40.483  1521  1521 F DEBUG   :     #07 pc 003d8650  /system/lib/libart.so (_ZN3art3JNI10FatalErrorEP7_JNIEnvPKc+176)
01-17 02:22:40.483  1521  1521 F DEBUG   :     #08 pc 0012c4c1  /system/lib/libart.so (_ZN3art8CheckJNI10FatalErrorEP7_JNIEnvPKc+993)
01-17 02:22:40.483  1521  1521 F DEBUG   :     #09 pc 001471d5  /system/lib/libandroid_runtime.so
01-17 02:22:40.483  1521  1521 F DEBUG   :     #10 pc 00149980  /system/lib/libandroid_runtime.so
01-17 02:22:40.483  1521  1521 F DEBUG   :     #11 pc 0014a2ba  /system/lib/libandroid_runtime.so
01-17 02:22:40.483  1521  1521 F DEBUG   :     #12 pc 0237cc08  /system/framework/x86/boot-framework.oat (offset 0x1584000) (com.android.internal.os.Zygote.nativeForkSystemServer+228)
01-17 02:22:40.483  1521  1521 F DEBUG   :     #13 pc 0237c8dc  /system/framework/x86/boot-framework.oat (offset 0x1584000) (com.android.internal.os.Zygote.forkSystemServer+152)
01-17 02:22:40.483  1521  1521 F DEBUG   :     #14 pc 02384555  /system/framework/x86/boot-framework.oat (offset 0x1584000) (com.android.internal.os.ZygoteInit.startSystemServer+929)
01-17 02:22:40.483  1521  1521 F DEBUG   :     #15 pc 02381554  /system/framework/x86/boot-framework.oat (offset 0x1584000) (com.android.internal.os.ZygoteInit.main+1120)
01-17 02:22:40.483  1521  1521 F DEBUG   :     #16 pc 00109432  /system/lib/libart.so (art_quick_invoke_static_stub+418)
01-17 02:22:40.483  1521  1521 F DEBUG   :     #17 pc 00112de9  /system/lib/libart.so (_ZN3art9ArtMethod6InvokeEPNS_6ThreadEPjjPNS_6JValueEPKc+313)
01-17 02:22:40.483  1521  1521 F DEBUG   :     #18 pc 005105d5  /system/lib/libart.so (_ZN3artL18InvokeWithArgArrayERKNS_33ScopedObjectAccessAlreadyRunnableEPNS_9ArtMethodEPNS_8ArgArrayEPNS_6JValueEPKc+101)
01-17 02:22:40.483  1521  1521 F DEBUG   :     #19 pc 00510299  /system/lib/libart.so (_ZN3art17InvokeWithVarArgsERKNS_33ScopedObjectAccessAlreadyRunnableEP8_jobjectP10_jmethodIDPc+393)
01-17 02:22:40.483  1521  1521 F DEBUG   :     #20 pc 003f807e  /system/lib/libart.so (_ZN3art3JNI21CallStaticVoidMethodVEP7_JNIEnvP7_jclassP10_jmethodIDPc+958)
01-17 02:22:40.483  1521  1521 F DEBUG   :     #21 pc 001417d1  /system/lib/libart.so (_ZN3art8CheckJNI11CallMethodVEPKcP7_JNIEnvP8_jobjectP7_jclassP10_jmethodIDPcNS_9Primitive4TypeENS_10InvokeTypeE+4513)
01-17 02:22:40.483  1521  1521 F DEBUG   :     #22 pc 00132f8c  /system/lib/libart.so (_ZN3art8CheckJNI21CallStaticVoidMethodVEP7_JNIEnvP7_jclassP10_jmethodIDPc+108)
01-17 02:22:40.483  1521  1521 F DEBUG   :     #23 pc 000701a1  /system/lib/libandroid_runtime.so (_ZN7_JNIEnv20CallStaticVoidMethodEP7_jclassP10_jmethodIDz+41)
01-17 02:22:40.483  1521  1521 F DEBUG   :     #24 pc 00073a5e  /system/lib/libandroid_runtime.so (_ZN7android14AndroidRuntime5startEPKcRKNS_6VectorINS_7String8EEEb+782)
01-17 02:22:40.483  1521  1521 F DEBUG   :     #25 pc 00001b55  /system/bin/app_process32
01-17 02:22:40.483  1521  1521 F DEBUG   :     #26 pc 0001532c  /system/lib/libc.so (__libc_init+108)
01-17 02:22:40.483  1521  1521 F DEBUG   :     #27 pc 0000144c  /system/bin/app_process32
01-17 02:22:40.483  1521  1521 F DEBUG   :     #28 pc 00000004  <unknown>
01-17 02:22:40.502   983   983 W         : debuggerd: resuming target 1451
01-17 02:22:40.525   997   997 I ServiceManager: service 'media.audio_flinger' died
01-17 02:22:40.525   997   997 I ServiceManager: service 'media.audio_policy' died
01-17 02:22:40.525   997   997 I ServiceManager: service 'media.sound_trigger_hw' died
01-17 02:22:40.525   997   997 I ServiceManager: service 'media.radio' died
01-17 02:22:40.526   997   997 I ServiceManager: service 'media.player' died
01-17 02:22:40.526   997   997 I ServiceManager: service 'media.resource_manager' died
01-17 02:22:44.577  1555  1555 I Netd    : Netd 1.0 starting
01-17 02:22:44.577  1555  1555 D TetherController: Setting IP forward enable = 0
01-17 02:22:44.690  1553  1553 I cameraserver: ServiceManager: 0xb661afe0
01-17 02:22:44.690  1553  1553 I CameraService: CameraService started (pid=1553)
01-17 02:22:44.690  1553  1553 I CameraService: CameraService process starting
01-17 02:22:44.690  1553  1553 W BatteryNotifier: batterystats service unavailable!
01-17 02:22:44.690  1553  1553 W BatteryNotifier: batterystats service unavailable!
01-17 02:22:44.690  1553  1553 D EmulatedCamera_QemuClient: Emulated camera list: 
01-17 02:22:44.690  1553  1553 D EmulatedCamera_FakeCamera: Initialize: Fake camera is facing back
01-17 02:22:44.691  1553  1553 V EmulatedCamera_Device: initializeWhiteBalanceModes with auto, 1.000000, 1.000000
01-17 02:22:44.691  1553  1553 V EmulatedCamera_Device: initializeWhiteBalanceModes with incandescent, 1.380000, 0.600000
01-17 02:22:44.691  1553  1553 V EmulatedCamera_Device: initializeWhiteBalanceModes with daylight, 1.090000, 0.920000
01-17 02:22:44.691  1553  1553 V EmulatedCamera_Device: initializeWhiteBalanceModes with twilight, 0.920000, 1.220000
01-17 02:22:44.691  1553  1553 V EmulatedCamera_Device: setWhiteBalanceMode with white balance auto
01-17 02:22:44.691  1553  1553 D EmulatedCamera_FakeCamera: Initialize: Fake camera is facing front
01-17 02:22:44.691  1553  1553 V EmulatedCamera_Device: initializeWhiteBalanceModes with auto, 1.000000, 1.000000
01-17 02:22:44.691  1553  1553 V EmulatedCamera_Device: initializeWhiteBalanceModes with incandescent, 1.380000, 0.600000
01-17 02:22:44.691  1553  1553 V EmulatedCamera_Device: initializeWhiteBalanceModes with daylight, 1.090000, 0.920000
01-17 02:22:44.691  1553  1553 V EmulatedCamera_Device: initializeWhiteBalanceModes with twilight, 0.920000, 1.220000
01-17 02:22:44.691  1553  1553 V EmulatedCamera_Device: setWhiteBalanceMode with white balance auto
01-17 02:22:44.691  1553  1553 E EmulatedCamera_HotplugThread: createFileIfNotExists: Could not create file '/data/misc/media/emulator.camera.hotplug.0', error: 'Permission denied' (13)
01-17 02:22:44.691  1553  1553 E EmulatedCamera_HotplugThread: createFileIfNotExists: Could not create file '/data/misc/media/emulator.camera.hotplug.1', error: 'Permission denied' (13)
01-17 02:22:44.691  1553  1553 E cutils-trace: Error opening trace file: Permission denied (13)
01-17 02:22:44.691  1553  1553 I CameraService: Loaded "Emulated Camera Module" camera module
01-17 02:22:44.691  1553  1553 E CameraService: setUpVendorTags: Vendor tag operations not fully defined. Ignoring definitions.
01-17 02:22:44.691  1553  1553 V EmulatedCamera_Camera: getCameraInfo
01-17 02:22:44.691  1553  1553 V EmulatedCamera_BaseCamera: getCameraInfo
01-17 02:22:44.691  1553  1553 I CameraFlashlight: Opening camera 0
01-17 02:22:44.691  1553  1553 V EmulatedCamera_Camera: getCameraInfo
01-17 02:22:44.691  1553  1553 V EmulatedCamera_BaseCamera: getCameraInfo
01-17 02:22:44.691  1553  1553 V EmulatedCamera_Camera: connectCamera
01-17 02:22:44.691  1553  1553 V EmulatedCamera_FakeDevice: connectDevice
01-17 02:22:44.691  1553  1553 V EmulatedCamera_CallbackNotifier: setCallbacks: 0xb6f94000, 0xb6f94050, 0xb6f94170, 0xb6f94290 (0xb6643140)
01-17 02:22:44.691  1553  1553 V EmulatedCamera_Preview: setPreviewWindow: current: 0x0 -> new: 0xb6643150
