--------- beginning of main
01-17 02:40:38.220   974   974 W auditd  : type=2000 audit(0.0:1): initialized
01-17 02:41:09.050   974   974 I auditd  : type=1403 audit(0.0:2): policy loaded auid=4294967295 ses=4294967295
01-17 02:41:09.050     1     1 I init    : type=1400 audit(0.0:3): avc: denied { open } for path="/selinux_version" dev="tmpfs" ino=3561 scontext=u:r:kernel:s0 tcontext=u:object_r:tmpfs:s0 tclass=file permissive=1
01-17 02:41:09.060     1     1 I init    : type=1400 audit(0.0:4): avc: denied { relabelfrom } for name="init" dev="tmpfs" ino=3541 scontext=u:r:kernel:s0 tcontext=u:object_r:tmpfs:s0 tclass=file permissive=1
01-17 02:41:09.060     1     1 I init    : type=1400 audit(0.0:5): avc: denied { relabelfrom } for name="property_contexts" dev="tmpfs" ino=3552 scontext=u:r:init:s0 tcontext=u:object_r:tmpfs:s0 tclass=file permissive=1
01-17 02:41:09.080     1     1 I init    : type=1400 audit(0.0:6): avc: denied { mounton } for path="/sys/kernel/debug" dev="debugfs" ino=1 scontext=u:r:init:s0 tcontext=u:object_r:debugfs:s0 tclass=dir permissive=1
01-17 02:41:09.080   964   964 I ueventd : type=1400 audit(0.0:7): avc: denied { open } for path="/ueventd.rc" dev="tmpfs" ino=3569 scontext=u:r:ueventd:s0 tcontext=u:object_r:tmpfs:s0 tclass=file permissive=1
01-17 02:41:09.160   966   966 I init    : type=1400 audit(0.0:8): avc: denied { mounton } for path="/data" dev="sda" ino=13 scontext=u:r:init:s0 tcontext=u:object_r:unlabeled:s0 tclass=dir permissive=1
01-17 02:41:09.340   927   927 I loop0   : type=1400 audit(0.0:9): avc: denied { read } for path="/mnt/x86emu_x86/system.img" dev="sda" ino=17 scontext=u:r:kernel:s0 tcontext=u:object_r:unlabeled:s0 tclass=file permissive=1
01-17 02:41:09.450     1     1 I init    : type=1400 audit(0.0:10): avc: denied { write } for name="tracing_on" dev="debugfs" ino=28 scontext=u:r:init:s0 tcontext=u:object_r:debugfs:s0 tclass=file permissive=1
01-17 02:41:09.470   974   974 I logd    : type=1400 audit(0.0:11): avc: denied { dac_override } for capability=1 scontext=u:r:logd:s0 tcontext=u:r:logd:s0 tclass=capability permissive=1
01-17 02:41:09.525   982   982 I         : debuggerd: starting
01-17 02:41:09.550   983   983 I vold    : type=1400 audit(0.0:12): avc: denied { open } for path="/selinux_version" dev="tmpfs" ino=3561 scontext=u:r:vold:s0 tcontext=u:object_r:tmpfs:s0 tclass=file permissive=1
--------- beginning of system
01-17 02:41:09.557   983   983 I vold    : Vold 3.0 (the awakening) firing up
01-17 02:41:09.557   983   983 V vold    : Detected support for: ext4 vfat
01-17 02:41:09.813   983   986 D vold    : Recognized experimental block major ID 253 as virtio-blk (emulator's virtual SD card device)
01-17 02:41:09.813   983   986 V vold    : /system/bin/sgdisk
01-17 02:41:09.813   983   986 V vold    :     --android-dump
01-17 02:41:09.813   983   986 V vold    :     /dev/block/vold/disk:253,48
01-17 02:41:09.823   983   989 D vold    : e4crypt_init_user0
01-17 02:41:09.823   983   989 D vold    : e4crypt_prepare_user_storage for volume null, user 0, serial 0, flags 1
01-17 02:41:09.823   983   989 D vold    : Preparing: /data/system/users/0
01-17 02:41:09.823   983   989 D vold    : Preparing: /data/misc/profiles/cur/0
01-17 02:41:09.823   983   986 V vold    : DISK mbr
01-17 02:41:09.823   983   986 V vold    : 
01-17 02:41:09.823   983   989 D vold    : Preparing: /data/misc/profiles/cur/0/foreign-dex
01-17 02:41:09.824   983   989 D vold    : Preparing: /data/system_de/0
01-17 02:41:09.824   983   989 D vold    : Preparing: /data/misc_de/0
01-17 02:41:09.824   983   986 W vold    : disk:253,48 has unknown partition table; trying entire device
01-17 02:41:09.824   983   986 V vold    : /system/bin/blkid
01-17 02:41:09.824   983   986 V vold    :     -c
01-17 02:41:09.824   983   986 V vold    :     /dev/null
01-17 02:41:09.824   983   986 V vold    :     -s
01-17 02:41:09.824   983   986 V vold    :     TYPE
01-17 02:41:09.824   983   986 V vold    :     -s
01-17 02:41:09.824   983   986 V vold    :     UUID
01-17 02:41:09.824   983   986 V vold    :     -s
01-17 02:41:09.824   983   986 V vold    :     LABEL
01-17 02:41:09.824   983   989 D vold    : Preparing: /data/user_de/0
01-17 02:41:09.824   983   986 V vold    :     /dev/block/vold/disk:253,48
01-17 02:41:09.824   983   989 D vold    : e4crypt_unlock_user_key 0 serial=0 token_present=0
01-17 02:41:09.824     1     1 I vdc     : 200 984 Command succeeded
01-17 02:41:09.829   983   986 V vold    : /dev/block/vold/disk:253,48: LABEL="SDCARD" UUID="09EA-370E" TYPE="vfat" 
01-17 02:41:09.829   983   986 V vold    : 
01-17 02:41:09.833   991   991 I /system/bin/tzdatacheck: tzdata file /data/misc/zoneinfo/current/tzdata does not exist. No action required.
01-17 02:41:10.040   993   993 I init    : type=1400 audit(0.0:13): avc: denied { execute } for name="healthd" dev="tmpfs" ino=3555 scontext=u:r:init:s0 tcontext=u:object_r:tmpfs:s0 tclass=file permissive=1
01-17 02:41:10.050   993   993 I init    : type=1400 audit(0.0:14): avc: denied { entrypoint } for path="/sbin/healthd" dev="tmpfs" ino=3555 scontext=u:r:healthd:s0 tcontext=u:object_r:tmpfs:s0 tclass=file permissive=1
01-17 02:41:10.052   994   994 I qemu-props: connected to 'boot-properties' qemud service.
01-17 02:41:10.052   994   994 I qemu-props: receiving..
01-17 02:41:10.052   994   994 I qemu-props: received: qemu.sf.fake_camera=both
01-17 02:41:10.055   994   994 I qemu-props: receiving..
01-17 02:41:10.055   994   994 I qemu-props: received: ro.opengles.version=131072
01-17 02:41:10.056   994   994 I qemu-props: receiving..
01-17 02:41:10.056   994   994 I qemu-props: received: dalvik.vm.heapsize=192m
01-17 02:41:10.056   994   994 I qemu-props: receiving..
01-17 02:41:10.056   994   994 I qemu-props: received: qemu.hw.mainkeys=1
01-17 02:41:10.056   994   994 I qemu-props: receiving..
01-17 02:41:10.056   994   994 I qemu-props: received: qemu.sf.lcd_density=240
01-17 02:41:10.056   994   994 I qemu-props: receiving..
01-17 02:41:10.057   994   994 I qemu-props: exiting (5 properties set).
01-17 02:41:10.120  1001  1001 I init    : type=1400 audit(0.0:15): avc: denied { entrypoint } for path="/sbin/adbd" dev="tmpfs" ino=3554 scontext=u:r:adbd:s0 tcontext=u:object_r:tmpfs:s0 tclass=file permissive=1
01-17 02:41:10.120  1001  1001 I adbd    : type=1400 audit(0.0:16): avc: denied { read } for path="/sbin/adbd" dev="tmpfs" ino=3554 scontext=u:r:adbd:s0 tcontext=u:object_r:tmpfs:s0 tclass=file permissive=1
01-17 02:41:10.120  1003  1003 I audioserver: type=1400 audit(0.0:17): avc: denied { getattr } for path="/vendor" dev="tmpfs" ino=3570 scontext=u:r:audioserver:s0 tcontext=u:object_r:tmpfs:s0 tclass=lnk_file permissive=1
01-17 02:41:10.120  1003  1003 I audioserver: type=1400 audit(0.0:18): avc: denied { read } for name="vendor" dev="tmpfs" ino=3570 scontext=u:r:audioserver:s0 tcontext=u:object_r:tmpfs:s0 tclass=lnk_file permissive=1
01-17 02:41:10.130  1009  1009 I mediadrmserver: type=1400 audit(0.0:19): avc: denied { getattr } for path="/vendor" dev="tmpfs" ino=3570 scontext=u:r:mediadrmserver:s0 tcontext=u:object_r:tmpfs:s0 tclass=lnk_file permissive=1
01-17 02:41:10.130  1009  1009 I mediadrmserver: type=1400 audit(0.0:20): avc: denied { read } for name="vendor" dev="tmpfs" ino=3570 scontext=u:r:mediadrmserver:s0 tcontext=u:object_r:tmpfs:s0 tclass=lnk_file permissive=1
01-17 02:41:10.140  1008  1008 I mediacodec: type=1400 audit(0.0:21): avc: denied { getattr } for path="/vendor" dev="tmpfs" ino=3570 scontext=u:r:mediacodec:s0 tcontext=u:object_r:tmpfs:s0 tclass=lnk_file permissive=1
01-17 02:41:10.140  1008  1008 I mediacodec: type=1400 audit(0.0:22): avc: denied { read } for name="vendor" dev="tmpfs" ino=3570 scontext=u:r:mediacodec:s0 tcontext=u:object_r:tmpfs:s0 tclass=lnk_file permissive=1
01-17 02:41:10.140  1004  1004 I cameraserver: type=1400 audit(0.0:23): avc: denied { getattr } for path="/vendor" dev="tmpfs" ino=3570 scontext=u:r:cameraserver:s0 tcontext=u:object_r:tmpfs:s0 tclass=lnk_file permissive=1
01-17 02:41:10.140  1004  1004 I cameraserver: type=1400 audit(0.0:24): avc: denied { read } for name="vendor" dev="tmpfs" ino=3570 scontext=u:r:cameraserver:s0 tcontext=u:object_r:tmpfs:s0 tclass=lnk_file permissive=1
01-17 02:41:10.171   995   995 I lowmemorykiller: Using in-kernel low memory killer interface
01-17 02:41:10.177  1014  1014 I fingerprintd: Starting fingerprintd
01-17 02:41:10.190   996   996 I servicemanager: type=1400 audit(0.0:25): avc: denied { open } for path="/selinux_version" dev="tmpfs" ino=3561 scontext=u:r:servicemanager:s0 tcontext=u:object_r:tmpfs:s0 tclass=file permissive=1
01-17 02:41:10.197  1016  1016 I perfprofd: starting Android Wide Profiling daemon
01-17 02:41:10.197  1006  1006 I         : installd firing up
01-17 02:41:10.197  1016  1016 E perfprofd: unable to open configuration file /data/data/com.google.android.gms/files/perfprofd.conf
01-17 02:41:10.197  1016  1016 I perfprofd: random seed set to 2805145731
01-17 02:41:10.229  1015  1015 I gatekeeperd: Starting gatekeeperd...
01-17 02:41:10.229  1015  1015 W gatekeeperd: falling back to software GateKeeper
01-17 02:41:10.238  1007  1007 I keystore: Found keymaster0 module Keymaster OpenSSL HAL, version 2
01-17 02:41:10.238  1007  1007 I SoftKeymaster: system/keymaster/soft_keymaster_device.cpp, Line 131: Creating device
01-17 02:41:10.238  1007  1007 D SoftKeymaster: system/keymaster/soft_keymaster_device.cpp, Line 132: Device address: 0xb40b0000
01-17 02:41:10.238  1007  1007 I keystore: Keymaster0 module is software-only.  Using SoftKeymasterDevice instead.
01-17 02:41:10.238  1007  1007 I SoftKeymaster: system/keymaster/soft_keymaster_device.cpp, Line 131: Creating device
01-17 02:41:10.238  1007  1007 D SoftKeymaster: system/keymaster/soft_keymaster_device.cpp, Line 132: Device address: 0xb40b0200
01-17 02:41:10.254  1012  1012 I Netd    : Netd 1.0 starting
01-17 02:41:10.255  1012  1012 D TetherController: Setting IP forward enable = 0
01-17 02:41:10.340   927   927 I loop0   : type=1400 audit(0.0:26): avc: denied { read } for path="/mnt/x86emu_x86/system.img" dev="sda" ino=17 scontext=u:r:kernel:s0 tcontext=u:object_r:unlabeled:s0 tclass=file permissive=1
01-17 02:41:10.365   997   997 I SurfaceFlinger: SurfaceFlinger is starting
01-17 02:41:10.365   997   997 I SurfaceFlinger: SurfaceFlinger's main thread ready to run. Initializing graphics H/W...
01-17 02:41:10.365   997   997 D libEGL  : Emulator has host GPU support, qemu.gles is set to 1.
01-17 02:41:10.370   997   997 E libEGL  : load_driver(/system/lib/egl/libGLES_emulation.so): dlopen failed: library "/system/lib/egl/libGLES_emulation.so" not found
01-17 02:41:10.390   997   997 D libEGL  : loaded /system/lib/egl/libEGL_emulation.so
01-17 02:41:10.392   997   997 D libEGL  : loaded /system/lib/egl/libGLESv1_CM_emulation.so
01-17 02:41:10.417   997   997 D libEGL  : loaded /system/lib/egl/libGLESv2_emulation.so
01-17 02:41:10.430   997   997 D         : HostConnection::get() New Host Connection established 0xad01b100, tid 997
01-17 02:41:10.432   997   997 W         : Process pipe failed
01-17 02:41:10.452   997   997 E SurfaceFlinger: hwcomposer module not found
01-17 02:41:10.455   997   997 W SurfaceFlinger: no suitable EGLConfig found, trying a simpler query
01-17 02:41:10.455   997   997 I SurfaceFlinger: EGL information:
01-17 02:41:10.455   997   997 I SurfaceFlinger: vendor    : Android
01-17 02:41:10.455   997   997 I SurfaceFlinger: version   : 1.4 Android META-EGL
01-17 02:41:10.455   997   997 I SurfaceFlinger: extensions: EGL_KHR_get_all_proc_addresses EGL_ANDROID_presentation_time EGL_KHR_swap_buffers_with_damage EGL_ANDROID_create_native_client_buffer EGL_ANDROID_front_buffer_auto_refresh EGL_KHR_image_base EGL_KHR_gl_texture_2D_image EGL_KHR_fence_sync EGL_ANDROID_image_native_buffer EGL_ANDROID_recordable 
01-17 02:41:10.455   997   997 I SurfaceFlinger: Client API: OpenGL_ES
01-17 02:41:10.455   997   997 I SurfaceFlinger: EGLSurface: 8-8-8-8, config=0xb
01-17 02:41:10.471   997   997 I SurfaceFlinger: OpenGL ES informations:
01-17 02:41:10.471   997   997 I SurfaceFlinger: vendor    : Google (Intel Open Source Technology Center)
01-17 02:41:10.471   997   997 I SurfaceFlinger: renderer  : Android Emulator OpenGL ES Translator (Mesa DRI Intel(R) Haswell Mobile )
01-17 02:41:10.471   997   997 I SurfaceFlinger: version   : OpenGL ES 2.0 (3.0 Mesa 11.0.2)
01-17 02:41:10.471   997   997 I SurfaceFlinger: extensions: GL_EXT_debug_marker GL_OES_EGL_image GL_OES_EGL_image_external GL_OES_depth24 GL_OES_depth32 GL_OES_element_index_uint GL_OES_texture_float GL_OES_texture_float_linear GL_OES_compressed_paletted_texture GL_OES_compressed_ETC1_RGB8_texture GL_OES_depth_texture GL_OES_texture_half_float GL_OES_texture_half_float_linear GL_OES_packed_depth_stencil GL_OES_vertex_half_float GL_OES_texture_npot GL_OES_rgb8_rgba8 ANDROID_EMU_CHECKSUM_HELPER_v1 
01-17 02:41:10.471   997   997 I SurfaceFlinger: GL_MAX_TEXTURE_SIZE = 8192
01-17 02:41:10.471   997   997 I SurfaceFlinger: GL_MAX_VIEWPORT_DIMS = 16384
01-17 02:41:10.474   997   997 E cutils-trace: Error opening trace file: Permission denied (13)
01-17 02:41:10.474   997   997 D gralloc_ranchu: gralloc_alloc: format 1 and usage 0x1a00 imply creation of host color buffer
01-17 02:41:10.510  1004  1004 I cameraserver: type=1400 audit(0.0:27): avc: denied { read } for name="vendor" dev="tmpfs" ino=3570 scontext=u:r:cameraserver:s0 tcontext=u:object_r:tmpfs:s0 tclass=lnk_file permissive=1
01-17 02:41:10.515  1004  1004 I cameraserver: ServiceManager: 0xadd9afe0
01-17 02:41:10.518  1004  1004 I CameraService: CameraService started (pid=1004)
01-17 02:41:10.518  1004  1004 I CameraService: CameraService process starting
01-17 02:41:10.518  1004  1004 W BatteryNotifier: batterystats service unavailable!
01-17 02:41:10.518  1004  1004 W BatteryNotifier: batterystats service unavailable!
01-17 02:41:10.528  1004  1004 D EmulatedCamera_QemuClient: Emulated camera list: 
01-17 02:41:10.528  1004  1004 D EmulatedCamera_FakeCamera: Initialize: Fake camera is facing back
01-17 02:41:10.528  1004  1004 V EmulatedCamera_Device: initializeWhiteBalanceModes with auto, 1.000000, 1.000000
01-17 02:41:10.528  1004  1004 V EmulatedCamera_Device: initializeWhiteBalanceModes with incandescent, 1.380000, 0.600000
01-17 02:41:10.528  1004  1004 V EmulatedCamera_Device: initializeWhiteBalanceModes with daylight, 1.090000, 0.920000
01-17 02:41:10.528  1004  1004 V EmulatedCamera_Device: initializeWhiteBalanceModes with twilight, 0.920000, 1.220000
01-17 02:41:10.528  1004  1004 V EmulatedCamera_Device: setWhiteBalanceMode with white balance auto
01-17 02:41:10.528  1004  1004 D EmulatedCamera_FakeCamera: Initialize: Fake camera is facing front
01-17 02:41:10.528  1004  1004 V EmulatedCamera_Device: initializeWhiteBalanceModes with auto, 1.000000, 1.000000
01-17 02:41:10.528  1004  1004 V EmulatedCamera_Device: initializeWhiteBalanceModes with incandescent, 1.380000, 0.600000
01-17 02:41:10.528  1004  1004 V EmulatedCamera_Device: initializeWhiteBalanceModes with daylight, 1.090000, 0.920000
01-17 02:41:10.528  1004  1004 V EmulatedCamera_Device: initializeWhiteBalanceModes with twilight, 0.920000, 1.220000
01-17 02:41:10.528  1004  1004 V EmulatedCamera_Device: setWhiteBalanceMode with white balance auto
01-17 02:41:10.528  1004  1004 E EmulatedCamera_HotplugThread: createFileIfNotExists: Could not create file '/data/misc/media/emulator.camera.hotplug.0', error: 'Permission denied' (13)
01-17 02:41:10.528  1004  1004 E EmulatedCamera_HotplugThread: createFileIfNotExists: Could not create file '/data/misc/media/emulator.camera.hotplug.1', error: 'Permission denied' (13)
01-17 02:41:10.529  1004  1004 E cutils-trace: Error opening trace file: Permission denied (13)
01-17 02:41:10.529  1004  1004 I CameraService: Loaded "Emulated Camera Module" camera module
01-17 02:41:10.529  1004  1004 E CameraService: setUpVendorTags: Vendor tag operations not fully defined. Ignoring definitions.
01-17 02:41:10.529  1004  1004 V EmulatedCamera_Camera: getCameraInfo
01-17 02:41:10.529  1004  1004 V EmulatedCamera_BaseCamera: getCameraInfo
01-17 02:41:10.529  1004  1004 I CameraFlashlight: Opening camera 0
01-17 02:41:10.529  1004  1004 V EmulatedCamera_Camera: getCameraInfo
01-17 02:41:10.529  1004  1004 V EmulatedCamera_BaseCamera: getCameraInfo
01-17 02:41:10.529  1004  1004 V EmulatedCamera_Camera: connectCamera
01-17 02:41:10.529  1004  1004 V EmulatedCamera_FakeDevice: connectDevice
01-17 02:41:10.529  1004  1004 V EmulatedCamera_CallbackNotifier: setCallbacks: 0xae510000, 0xae510050, 0xae510170, 0xae510290 (0xaddc3140)
01-17 02:41:10.529  1004  1004 I ServiceManager: Waiting for service SurfaceFlinger...
01-17 02:41:10.579   997   997 D SurfaceFlinger: shader cache generated - 24 shaders in 92.867592 ms
01-17 02:41:10.579   997   997 D SurfaceFlinger: Set power mode=2, type=0 flinger=0xad030000
01-17 02:41:10.590  1050  1050 I bootanimation: type=1400 audit(0.0:28): avc: denied { getattr } for path="/vendor" dev="tmpfs" ino=3570 scontext=u:r:bootanim:s0 tcontext=u:object_r:tmpfs:s0 tclass=lnk_file permissive=1
01-17 02:41:10.590  1050  1050 I bootanimation: type=1400 audit(0.0:29): avc: denied { read } for name="vendor" dev="tmpfs" ino=3570 scontext=u:r:bootanim:s0 tcontext=u:object_r:tmpfs:s0 tclass=lnk_file permissive=1
01-17 02:41:10.590   997   997 D gralloc_ranchu: gralloc_alloc: format 1 and usage 0x1a00 imply creation of host color buffer
01-17 02:41:10.607  1008  1008 I mediacodec: @@@ mediacodecservice starting
01-17 02:41:10.626  1008  1008 W         : No seccomp filter defined for this architecture.
01-17 02:41:10.640  1010  1010 V MediaUtils: physMem: 1055424512
01-17 02:41:10.640  1010  1010 V MediaUtils: requested limit: 211084900
01-17 02:41:10.640  1010  1010 V MediaUtils: actual limit: 211084900
01-17 02:41:10.640  1010  1010 V MediaUtils: original limits: 4294967295/4294967295
01-17 02:41:10.640  1010  1010 V MediaUtils: new limits: 211084900/4294967295
01-17 02:41:10.640  1010  1010 W /system/bin/mediaextractor: libminijail: allowing syscall: socketcall
01-17 02:41:10.640  1010  1010 W /system/bin/mediaextractor: libminijail: allowing syscall: writev
01-17 02:41:10.640  1010  1010 W /system/bin/mediaextractor: libminijail: allowing syscall: fcntl64
01-17 02:41:10.640  1010  1010 W /system/bin/mediaextractor: libminijail: allowing syscall: clock_gettime
01-17 02:41:10.640  1010  1010 W /system/bin/mediaextractor: libminijail: logging seccomp filter failures
01-17 02:41:10.702  1003  1003 I         : sMaxFastTracks = 8
01-17 02:41:10.702  1003  1003 I audioserver: ServiceManager: 0xb081afe0
01-17 02:41:10.702  1003  1003 W BatteryNotifier: batterystats service unavailable!
01-17 02:41:10.702  1003  1003 I AudioFlinger: Using default 3000 mSec as standby time.
01-17 02:41:10.702  1003  1003 I AudioPolicyService: AudioPolicyService CSTOR in new mode
01-17 02:41:10.705  1003  1003 I APM::ConfigParsingUtils: loadAudioPolicyConfig() loaded /system/etc/audio_policy.conf
01-17 02:41:10.708  1003  1003 I AudioFlinger: loadHwModule() Loaded primary audio interface from Generic audio HW HAL (audio) handle 10
01-17 02:41:10.708  1003  1003 I AudioFlinger: openOutput(), module 10 Device 2, SamplingRate 44100, Format 0x000001, Channels 3, flags 2
01-17 02:41:10.708  1003  1003 I AudioFlinger: HAL output buffer size 1024 frames, normal sink buffer size 1024 frames
01-17 02:41:10.710  1009  1009 I mediaserver: ServiceManager: 0xa8cbc060
01-17 02:41:10.713  1003  1003 I BufferProvider: found effect "Multichannel Downmix To Stereo" from The Android Open Source Project
01-17 02:41:10.713  1003  1003 I AudioFlinger: Using module 10 has the primary audio interface
01-17 02:41:10.717  1003  1060 I AudioFlinger: AudioFlinger's thread 0xb0383c40 ready to run
01-17 02:41:10.717  1003  1060 W BatteryNotifier: batterystats service unavailable!
01-17 02:41:10.717  1003  1060 W BatteryNotifier: batterystats service unavailable!
01-17 02:41:10.717  1003  1060 W BatteryNotifier: batterystats service unavailable!
01-17 02:41:10.717  1003  1060 W AudioFlinger: no wake lock to update, system not ready yet
01-17 02:41:10.717  1003  1060 E cutils-trace: Error opening trace file: Permission denied (13)
01-17 02:41:10.718  1003  1003 E audio_hw_generic: Error opening input stream format 1, channel_mask 0010, sample_rate 16000
01-17 02:41:10.721  1011  1011 I mediaserver: ServiceManager: 0xaf43c060
01-17 02:41:10.721  1011  1011 W BatteryNotifier: batterystats service unavailable!
01-17 02:41:10.721  1003  1062 I AudioFlinger: AudioFlinger's thread 0xb0183b40 ready to run
01-17 02:41:10.721  1003  1003 E AudioFlinger: int android::load_audio_interface(const char *, audio_hw_device_t **) couldn't load audio hw module audio.r_submix (No such file or directory)
01-17 02:41:10.721  1003  1003 E AudioFlinger: loadHwModule() error -2 loading module r_submix
01-17 02:41:10.721  1003  1003 W APM_AudioPolicyManager: could not open HW module r_submix
01-17 02:41:10.721  1003  1003 W APM_AudioPolicyManager: Input device 80000100 unreachable
01-17 02:41:10.721  1003  1003 I RadioService: RadioService
01-17 02:41:10.721  1003  1003 I RadioService: onFirstRef
01-17 02:41:10.722  1003  1003 E RadioService: couldn't load radio module radio.primary (No such file or directory)
01-17 02:41:10.729  1003  1003 E SoundTriggerHwService: couldn't load sound trigger module sound_trigger.primary (No such file or directory)
01-17 02:41:11.180   997  1033 E SurfaceFlinger: ro.sf.lcd_density must be defined as a build property
01-17 02:41:11.182  1050  1113 D libEGL  : Emulator has host GPU support, qemu.gles is set to 1.
01-17 02:41:11.182  1050  1113 E libEGL  : load_driver(/system/lib/egl/libGLES_emulation.so): dlopen failed: library "/system/lib/egl/libGLES_emulation.so" not found
01-17 02:41:11.183  1050  1113 D libEGL  : loaded /system/lib/egl/libEGL_emulation.so
01-17 02:41:11.184  1050  1113 D libEGL  : loaded /system/lib/egl/libGLESv1_CM_emulation.so
01-17 02:41:11.186  1002  1002 D AndroidRuntime: >>>>>> START com.android.internal.os.ZygoteInit uid 0 <<<<<<
01-17 02:41:11.192  1050  1113 D libEGL  : loaded /system/lib/egl/libGLESv2_emulation.so
01-17 02:41:11.201  1050  1113 D         : HostConnection::get() New Host Connection established 0xb0384100, tid 1113
01-17 02:41:11.201  1050  1113 W         : Process pipe failed
01-17 02:41:11.209  1002  1002 D AndroidRuntime: CheckJNI is ON
01-17 02:41:11.213  1050  1113 E cutils-trace: Error opening trace file: Permission denied (13)
01-17 02:41:11.213   997  1033 D gralloc_ranchu: gralloc_alloc: format 2 and usage 0x900 imply creation of host color buffer
01-17 02:41:11.213   997  1033 D         : HostConnection::get() New Host Connection established 0xacd9c100, tid 1033
01-17 02:41:11.223  1002  1002 I art     : option[0]=-Xzygote
01-17 02:41:11.223  1002  1002 I art     : option[1]=-Xcheck:jni
01-17 02:41:11.223  1002  1002 I art     : option[2]=-Xstacktracefile:/data/anr/traces.txt
01-17 02:41:11.223  1002  1002 I art     : option[3]=exit
01-17 02:41:11.223  1002  1002 I art     : option[4]=vfprintf
01-17 02:41:11.223  1002  1002 I art     : option[5]=sensitiveThread
01-17 02:41:11.223  1002  1002 I art     : option[6]=-verbose:gc
01-17 02:41:11.223  1002  1002 I art     : option[7]=-Xms4m
01-17 02:41:11.223  1002  1002 I art     : option[8]=-Xmx192m
01-17 02:41:11.223  1002  1002 I art     : option[9]=-Xusejit:true
01-17 02:41:11.223  1002  1002 I art     : option[10]=-Xjitsaveprofilinginfo
01-17 02:41:11.223  1002  1002 I art     : option[11]=-agentlib:jdwp=transport=dt_android_adb,suspend=n,server=y
01-17 02:41:11.223  1002  1002 I art     : option[12]=-Xlockprofthreshold:500
01-17 02:41:11.223  1002  1002 I art     : option[13]=-Ximage-compiler-option
01-17 02:41:11.223  1002  1002 I art     : option[14]=--runtime-arg
01-17 02:41:11.223  1002  1002 I art     : option[15]=-Ximage-compiler-option
01-17 02:41:11.223  1002  1002 I art     : option[16]=-Xms64m
01-17 02:41:11.223  1002  1002 I art     : option[17]=-Ximage-compiler-option
01-17 02:41:11.223  1002  1002 I art     : option[18]=--runtime-arg
01-17 02:41:11.223  1002  1002 I art     : option[19]=-Ximage-compiler-option
01-17 02:41:11.223  1002  1002 I art     : option[20]=-Xmx64m
01-17 02:41:11.223  1002  1002 I art     : option[21]=-Ximage-compiler-option
01-17 02:41:11.223  1002  1002 I art     : option[22]=--compiler-filter=verify-at-runtime
01-17 02:41:11.223  1002  1002 I art     : option[23]=-Ximage-compiler-option
01-17 02:41:11.223  1002  1002 I art     : option[24]=--image-classes=/system/etc/preloaded-classes
01-17 02:41:11.223  1002  1002 I art     : option[25]=-Ximage-compiler-option
01-17 02:41:11.223  1002  1002 I art     : option[26]=--compiled-classes=/system/etc/compiled-classes
01-17 02:41:11.223  1002  1002 I art     : option[27]=-Xcompiler-option
01-17 02:41:11.223  1002  1002 I art     : option[28]=--runtime-arg
01-17 02:41:11.223  1002  1002 I art     : option[29]=-Xcompiler-option
01-17 02:41:11.223  1002  1002 I art     : option[30]=-Xms64m
01-17 02:41:11.223  1002  1002 I art     : option[31]=-Xcompiler-option
01-17 02:41:11.223  1002  1002 I art     : option[32]=--runtime-arg
01-17 02:41:11.223  1002  1002 I art     : option[33]=-Xcompiler-option
01-17 02:41:11.223  1002  1002 I art     : option[34]=-Xmx512m
01-17 02:41:11.223  1002  1002 I art     : option[35]=-Ximage-compiler-option
01-17 02:41:11.223  1002  1002 I art     : option[36]=--instruction-set-variant=x86
01-17 02:41:11.223  1002  1002 I art     : option[37]=-Xcompiler-option
01-17 02:41:11.223  1002  1002 I art     : option[38]=--instruction-set-variant=x86
01-17 02:41:11.223  1002  1002 I art     : option[39]=-Ximage-compiler-option
01-17 02:41:11.223  1002  1002 I art     : option[40]=--instruction-set-features=default
01-17 02:41:11.223  1002  1002 I art     : option[41]=-Xcompiler-option
01-17 02:41:11.223  1002  1002 I art     : option[42]=--instruction-set-features=default
01-17 02:41:11.223  1002  1002 I art     : option[43]=-Duser.locale=en-US
01-17 02:41:11.223  1002  1002 I art     : option[44]=--cpu-abilist=x86
01-17 02:41:11.223  1002  1002 I art     : option[45]=-Xfingerprint:x86emu_x86/x86emu_x86/x86emu:7.1.1/NMF26O/sgye01142037:eng/test-keys
01-17 02:41:11.405   997  1034 D gralloc_ranchu: gralloc_alloc: format 2 and usage 0x900 imply creation of host color buffer
01-17 02:41:11.406   997  1034 D         : HostConnection::get() New Host Connection established 0xad01bb00, tid 1034
01-17 02:41:11.424   997  1121 D gralloc_ranchu: gralloc_alloc: format 2 and usage 0x900 imply creation of host color buffer
01-17 02:41:11.424   997  1121 D         : HostConnection::get() New Host Connection established 0xad01bc00, tid 1121
01-17 02:41:11.524  1002  1002 D ICU     : No timezone override file found: /data/misc/zoneinfo/current/icu/icu_tzdata.dat
01-17 02:41:11.529  1004  1004 V EmulatedCamera_Preview: setPreviewWindow: current: 0x0 -> new: 0xaddc3150
01-17 02:41:11.529  1004  1004 V EmulatedCamera_Camera: doStopPreview
01-17 02:41:11.529  1004  1004 V EmulatedCamera_Preview: setPreviewWindow: current: 0xaddc3150 -> new: 0x0
01-17 02:41:11.529  1004  1004 V EmulatedCamera_Camera: releaseCamera
01-17 02:41:11.529  1004  1004 V EmulatedCamera_Camera: doStopPreview
01-17 02:41:11.529  1004  1004 V EmulatedCamera_FakeDevice: disconnectDevice
01-17 02:41:11.529  1004  1004 I CameraFlashlight: Destroying camera 0
01-17 02:41:11.529  1004  1004 V EmulatedCamera_Camera: closeCamera
01-17 02:41:11.529  1004  1004 V EmulatedCamera_Camera: doStopPreview
01-17 02:41:11.529  1004  1004 V EmulatedCamera_Camera: getCameraInfo
01-17 02:41:11.529  1004  1004 V EmulatedCamera_BaseCamera: getCameraInfo
01-17 02:41:11.529  1004  1004 I CameraFlashlight: Opening camera 1
01-17 02:41:11.529  1004  1004 V EmulatedCamera_Camera: getCameraInfo
01-17 02:41:11.529  1004  1004 V EmulatedCamera_BaseCamera: getCameraInfo
01-17 02:41:11.529  1004  1004 V EmulatedCamera_Camera: connectCamera
01-17 02:41:11.529  1004  1004 V EmulatedCamera_FakeDevice: connectDevice
01-17 02:41:11.529  1004  1004 V EmulatedCamera_CallbackNotifier: setCallbacks: 0xae510000, 0xae510050, 0xae510170, 0xae510290 (0xaddc3140)
01-17 02:41:11.530  1004  1004 V EmulatedCamera_Preview: setPreviewWindow: current: 0x0 -> new: 0xaddc3150
01-17 02:41:11.530  1004  1004 V EmulatedCamera_Camera: doStopPreview
01-17 02:41:11.530  1004  1004 V EmulatedCamera_Preview: setPreviewWindow: current: 0xaddc3150 -> new: 0x0
01-17 02:41:11.530  1004  1004 V EmulatedCamera_Camera: releaseCamera
01-17 02:41:11.530  1004  1004 V EmulatedCamera_Camera: doStopPreview
01-17 02:41:11.530  1004  1004 V EmulatedCamera_FakeDevice: disconnectDevice
01-17 02:41:11.530  1004  1004 I CameraFlashlight: Destroying camera 1
01-17 02:41:11.530  1004  1004 V EmulatedCamera_Camera: closeCamera
01-17 02:41:11.530  1004  1004 V EmulatedCamera_Camera: doStopPreview
01-17 02:41:11.530  1004  1004 V EmulatedCamera_Camera: getCameraInfo
01-17 02:41:11.530  1004  1004 V EmulatedCamera_BaseCamera: getCameraInfo
01-17 02:41:11.530  1004  1004 V EmulatedCamera_Camera: getCameraInfo
01-17 02:41:11.530  1004  1004 V EmulatedCamera_BaseCamera: getCameraInfo
01-17 02:41:11.530  1004  1004 I ServiceManager: Waiting for service media.camera.proxy...
01-17 02:41:11.600  1002  1002 I main    : type=1400 audit(0.0:30): avc: denied { mounton } for path="/" dev="tmpfs" ino=3525 scontext=u:r:zygote:s0 tcontext=u:object_r:tmpfs:s0 tclass=dir permissive=1
01-17 02:41:11.735  1002  1002 E memtrack: Couldn't load memtrack module (No such file or directory)
01-17 02:41:11.735  1002  1002 E android.os.Debug: failed to load memtrack module: -2
01-17 02:41:11.737  1002  1002 I Radio-JNI: register_android_hardware_Radio DONE
01-17 02:41:11.753  1002  1002 I SamplingProfilerIntegration: Profiling disabled.
01-17 02:41:11.756  1002  1002 D Zygote  : begin preload
01-17 02:41:11.756  1002  1002 I Zygote  : Installing ICU cache reference pinning...
01-17 02:41:11.758  1002  1002 I Zygote  : Preloading ICU data...
01-17 02:41:11.837  1002  1002 I Zygote  : Preloading classes...
01-17 02:41:11.845  1002  1002 W Zygote  : Class not found for preloading: [Landroid.view.Display$ColorTransform;
01-17 02:41:11.919  1012  1012 I iptables: iptables v1.4.20: can't initialize iptables table `nat': Table does not exist (do you need to insmod?)
01-17 02:41:11.921  1012  1012 I iptables: Perhaps iptables or your kernel needs to be upgraded.
01-17 02:41:11.921  1012  1012 I iptables: iptables terminated by exit(3)
01-17 02:41:11.921  1012  1012 E Netd    : exec() res=0, status=768 for /system/bin/iptables -w -t nat -N oem_nat_pre 
01-17 02:41:11.924  1012  1012 I iptables: iptables v1.4.20: can't initialize iptables table `nat': Table does not exist (do you need to insmod?)
01-17 02:41:11.924  1012  1012 I iptables: Perhaps iptables or your kernel needs to be upgraded.
01-17 02:41:11.930  1012  1012 I iptables: iptables terminated by exit(3)
01-17 02:41:11.930  1012  1012 E Netd    : exec() res=0, status=768 for /system/bin/iptables -w -t nat -A PREROUTING -j oem_nat_pre 
01-17 02:41:11.962  1012  1012 I iptables: iptables v1.4.20: can't initialize iptables table `nat': Table does not exist (do you need to insmod?)
01-17 02:41:11.962  1012  1012 I iptables: Perhaps iptables or your kernel needs to be upgraded.
01-17 02:41:11.970  1012  1012 I iptables: iptables terminated by exit(3)
01-17 02:41:11.970  1012  1012 E Netd    : exec() res=0, status=768 for /system/bin/iptables -w -t nat -N natctrl_nat_POSTROUTING 
01-17 02:41:11.972  1012  1012 I iptables: iptables v1.4.20: can't initialize iptables table `nat': Table does not exist (do you need to insmod?)
01-17 02:41:11.972  1012  1012 I iptables: Perhaps iptables or your kernel needs to be upgraded.
01-17 02:41:11.980  1012  1012 I iptables: iptables terminated by exit(3)
01-17 02:41:11.980  1012  1012 E Netd    : exec() res=0, status=768 for /system/bin/iptables -w -t nat -A POSTROUTING -j natctrl_nat_POSTROUTING 
01-17 02:41:12.054  1012  1012 V NatController: runCmd(/system/bin/iptables -w -F natctrl_FORWARD) res=0
01-17 02:41:12.060  1012  1012 V NatController: runCmd(/system/bin/ip6tables -w -F natctrl_FORWARD) res=0
01-17 02:41:12.064  1012  1012 V NatController: runCmd(/system/bin/iptables -w -A natctrl_FORWARD -j DROP) res=0
01-17 02:41:12.069  1012  1012 V NatController: runCmd(/system/bin/iptables -w -t nat -F natctrl_nat_POSTROUTING) res=3
01-17 02:41:12.105  1002  1002 E Typeface: Error mapping font file /system/fonts/DroidSansFallback.ttf
01-17 02:41:12.141  1012  1012 E Netd    : cannot find interface dummy0
01-17 02:41:12.142  1012  1012 D MDnsDS  : MDnsSdListener::Hander starting up
01-17 02:41:12.142  1012  1260 D MDnsDS  : MDnsSdListener starting to monitor
01-17 02:41:12.142  1012  1260 D MDnsDS  : Going to poll with pollCount 1
01-17 02:41:12.227  1002  1002 I art     : Thread[1,tid=1002,Native,Thread*=0xb260b400,peer=0x12c060d0,"main"] recursive attempt to load library "/system/lib/libmedia_jni.so"
01-17 02:41:12.229  1002  1002 D MtpDeviceJNI: register_android_mtp_MtpDevice
01-17 02:41:12.229  1002  1002 I art     : Thread[1,tid=1002,Native,Thread*=0xb260b400,peer=0x12c060d0,"main"] recursive attempt to load library "/system/lib/libmedia_jni.so"
01-17 02:41:12.230  1002  1002 I art     : Thread[1,tid=1002,Native,Thread*=0xb260b400,peer=0x12c060d0,"main"] recursive attempt to load library "/system/lib/libmedia_jni.so"
01-17 02:41:12.327  1002  1002 W Zygote  : Class not found for preloading: android.view.Display$ColorTransform
01-17 02:41:12.327  1002  1002 W Zygote  : Class not found for preloading: android.view.Display$ColorTransform$1
01-17 02:41:12.396  1002  1002 I System  : Loaded time zone names for "" in 20ms (19ms in ICU)
01-17 02:41:12.401  1002  1002 I System  : Loaded time zone names for "en_US" in 4ms (4ms in ICU)
01-17 02:41:12.414  1002  1002 I Zygote  : ...preloaded 4158 classes in 577ms.
01-17 02:41:12.414  1002  1002 I art     : VMRuntime.preloadDexCaches starting
01-17 02:41:12.452  1002  1002 I art     : VMRuntime.preloadDexCaches strings total=283709 before=39625 after=39625
01-17 02:41:12.452  1002  1002 I art     : VMRuntime.preloadDexCaches types total=23582 before=7877 after=7904
01-17 02:41:12.452  1002  1002 I art     : VMRuntime.preloadDexCaches fields total=111999 before=40899 after=41113
01-17 02:41:12.452  1002  1002 I art     : VMRuntime.preloadDexCaches methods total=197525 before=82451 after=83011
01-17 02:41:12.452  1002  1002 I art     : VMRuntime.preloadDexCaches finished
01-17 02:41:12.452  1002  1002 I Zygote  : Preloading resources...
01-17 02:41:12.482  1002  1002 W Resources: Preloaded drawable resource #0x108025c (android:drawable/dialog_background_material) that varies with configuration!!
01-17 02:41:12.483  1002  1002 W Resources: Preloaded drawable resource #0x1080298 (android:drawable/editbox_dropdown_background_dark) that varies with configuration!!
01-17 02:41:12.486  1002  1002 W Resources: Preloaded color resource #0x10600e2 (android:color/material_grey_800) that varies with configuration!!
01-17 02:41:12.486  1002  1002 W Resources: Preloaded drawable resource #0x10802c9 (android:drawable/floating_popup_background_dark) that varies with configuration!!
01-17 02:41:12.490  1002  1002 W Resources: Preloaded drawable resource #0x108030b (android:drawable/ic_clear_disabled) that varies with configuration!!
01-17 02:41:12.490  1002  1002 W Resources: Preloaded drawable resource #0x1080310 (android:drawable/ic_clear_normal) that varies with configuration!!
01-17 02:41:12.491  1002  1002 W Resources: Preloaded drawable resource #0x1080359 (android:drawable/ic_go) that varies with configuration!!
01-17 02:41:12.492  1002  1002 W Resources: Preloaded drawable resource #0x1080038 (android:drawable/ic_menu_close_clear_cancel) that varies with configuration!!
01-17 02:41:12.493  1002  1002 W Resources: Preloaded drawable resource #0x1080045 (android:drawable/ic_menu_more) that varies with configuration!!
01-17 02:41:12.497  1002  1002 W Resources: Preloaded drawable resource #0x10804e8 (android:drawable/menu_background_fill_parent_width) that varies with configuration!!
01-17 02:41:12.513  1002  1002 W Resources: Preloaded drawable resource #0x108077e (android:drawable/text_edit_paste_window) that varies with configuration!!
01-17 02:41:12.514  1002  1002 W Resources: Preloaded drawable resource #0x1080096 (android:drawable/toast_frame) that varies with configuration!!
01-17 02:41:12.514  1002  1002 I Zygote  : ...preloaded 114 resources in 62ms.
01-17 02:41:12.515  1002  1002 W Resources: Preloaded color resource #0x106010b (android:color/background_cache_hint_selector_material_dark) that varies with configuration!!
01-17 02:41:12.515  1002  1002 W Resources: Preloaded color resource #0x1060110 (android:color/btn_default_material_dark) that varies with configuration!!
01-17 02:41:12.516  1002  1002 I Zygote  : ...preloaded 41 resources in 2ms.
01-17 02:41:12.516  1002  1002 D libEGL  : Emulator has host GPU support, qemu.gles is set to 1.
01-17 02:41:12.516  1002  1002 E libEGL  : load_driver(/system/lib/egl/libGLES_emulation.so): dlopen failed: library "/system/lib/egl/libGLES_emulation.so" not found
01-17 02:41:12.517  1002  1002 D libEGL  : loaded /system/lib/egl/libEGL_emulation.so
01-17 02:41:12.517  1002  1002 D libEGL  : loaded /system/lib/egl/libGLESv1_CM_emulation.so
01-17 02:41:12.521  1002  1002 D libEGL  : loaded /system/lib/egl/libGLESv2_emulation.so
01-17 02:41:12.526  1002  1002 I Zygote  : Preloading shared libraries...
01-17 02:41:12.530  1004  1004 I ServiceManager: Waiting for service media.camera.proxy...
01-17 02:41:12.539  1002  1002 I Zygote  : Uninstalled ICU cache reference pinning...
01-17 02:41:12.545  1002  1002 I Zygote  : Installed AndroidKeyStoreProvider in 6ms.
01-17 02:41:12.555  1002  1002 I Zygote  : Warmed up JCA providers in 10ms.
01-17 02:41:12.555  1002  1002 D Zygote  : end preload
01-17 02:41:12.555  1002  1002 I art     : Starting a blocking GC Explicit
01-17 02:41:12.559  1002  1002 I art     : Explicit concurrent mark sweep GC freed 7393(394KB) AllocSpace objects, 2(44KB) LOS objects, 58% free, 2MB/6MB, paused 43us total 3.876ms
01-17 02:41:12.559  1002  1002 I art     : Starting a blocking GC Explicit
01-17 02:41:12.562  1002  1002 I art     : Explicit concurrent mark sweep GC freed 24(688B) AllocSpace objects, 0(0B) LOS objects, 58% free, 2MB/6MB, paused 33us total 3.594ms
01-17 02:41:12.563  1002  1177 I art     : Starting a blocking GC HeapTrim
01-17 02:41:12.563  1002  1002 I art     : Starting a blocking GC Background
01-17 02:41:12.573  1002  1002 E Zygote  : Not whitelisted : /android/sys/kernel/debug/tracing/trace_marker
01-17 02:41:12.573  1002  1002 F art     : art/runtime/jni_internal.cc:492] JNI FatalError called: frameworks/base/core/jni/com_android_internal_os_Zygote.cpp:467: Unable to construct file descriptor table.
01-17 02:41:12.585  1002  1002 F art     : art/runtime/runtime.cc:422] Runtime aborting...
01-17 02:41:12.585  1002  1002 F art     : art/runtime/runtime.cc:422] Aborting thread:
01-17 02:41:12.585  1002  1002 F art     : art/runtime/runtime.cc:422] "main" prio=5 tid=1 Runnable
01-17 02:41:12.585  1002  1002 F art     : art/runtime/runtime.cc:422]   | group="" sCount=0 dsCount=0 obj=0x74979f08 self=0xb260b400
01-17 02:41:12.585  1002  1002 F art     : art/runtime/runtime.cc:422]   | sysTid=1002 nice=0 cgrp=default sched=0/0 handle=0xb6a3a534
01-17 02:41:12.585  1002  1002 F art     : art/runtime/runtime.cc:422]   | state=R schedstat=( 0 0 0 ) utm=42 stm=13 core=1 HZ=100
01-17 02:41:12.585  1002  1002 F art     : art/runtime/runtime.cc:422]   | stack=0xbf3c5000-0xbf3c7000 stackSize=8MB
01-17 02:41:12.585  1002  1002 F art     : art/runtime/runtime.cc:422]   | held mutexes= "abort lock" "mutator lock"(shared held)
01-17 02:41:12.585  1002  1002 F art     : art/runtime/runtime.cc:422]   native: #00 pc 00572f1e  /android/system/lib/libart.so (???)
01-17 02:41:12.585  1002  1002 F art     : art/runtime/runtime.cc:422]   native: #01 pc 0053f30e  /android/system/lib/libart.so (???)
01-17 02:41:12.585  1002  1002 F art     : art/runtime/runtime.cc:422]   native: #02 pc 0053c30b  /android/system/lib/libart.so (???)
01-17 02:41:12.585  1002  1002 F art     : art/runtime/runtime.cc:422]   native: #03 pc 00527f13  /android/system/lib/libart.so (???)
01-17 02:41:12.585  1002  1002 F art     : art/runtime/runtime.cc:422]   native: #04 pc 00527bca  /android/system/lib/libart.so (???)
01-17 02:41:12.585  1002  1002 F art     : art/runtime/runtime.cc:422]   native: #05 pc 0051822b  /android/system/lib/libart.so (???)
01-17 02:41:12.585  1002  1002 F art     : art/runtime/runtime.cc:422]   native: #06 pc 0011a5b3  /android/system/lib/libart.so (???)
01-17 02:41:12.585  1002  1002 F art     : art/runtime/runtime.cc:422]   native: #07 pc 003d8650  /android/system/lib/libart.so (???)
01-17 02:41:12.585  1002  1002 F art     : art/runtime/runtime.cc:422]   native: #08 pc 0012c4c1  /android/system/lib/libart.so (???)
01-17 02:41:12.585  1002  1002 F art     : art/runtime/runtime.cc:422]   native: #09 pc 001471d5  /android/system/lib/libandroid_runtime.so (???)
01-17 02:41:12.585  1002  1002 F art     : art/runtime/runtime.cc:422]   native: #10 pc 00149980  /android/system/lib/libandroid_runtime.so (???)
01-17 02:41:12.585  1002  1002 F art     : art/runtime/runtime.cc:422]   native: #11 pc 0014a2ba  /android/system/lib/libandroid_runtime.so (???)
01-17 02:41:12.585  1002  1002 F art     : art/runtime/runtime.cc:422]   native: #12 pc 00df8c08  /android/system/framework/x86/boot-framework.oat (Java_com_android_internal_os_Zygote_nativeForkSystemServer__II_3II_3_3IJJ+228)
01-17 02:41:12.585  1002  1002 F art     : art/runtime/runtime.cc:422]   at com.android.internal.os.Zygote.nativeForkSystemServer(Native method)
01-17 02:41:12.585  1002  1002 F art     : art/runtime/runtime.cc:422]   at com.android.internal.os.Zygote.forkSystemServer(Zygote.java:139)
01-17 02:41:12.585  1002  1002 F art     : art/runtime/runtime.cc:422]   at com.android.internal.os.ZygoteInit.startSystemServer(ZygoteInit.java:672)
01-17 02:41:12.585  1002  1002 F art     : art/runtime/runtime.cc:422]   at com.android.internal.os.ZygoteInit.main(ZygoteInit.java:768)
01-17 02:41:12.585  1002  1002 F art     : art/runtime/runtime.cc:422] Dumping all threads without appropriate locks held: thread list lock
01-17 02:41:12.585  1002  1002 F art     : art/runtime/runtime.cc:422] All threads:
01-17 02:41:12.585  1002  1002 F art     : art/runtime/runtime.cc:422] DALVIK THREADS (1):
01-17 02:41:12.585  1002  1002 F art     : art/runtime/runtime.cc:422] "main" prio=5 tid=1 Runnable
01-17 02:41:12.585  1002  1002 F art     : art/runtime/runtime.cc:422]   | group="" sCount=0 dsCount=0 obj=0x74979f08 self=0xb260b400
01-17 02:41:12.585  1002  1002 F art     : art/runtime/runtime.cc:422]   | sysTid=1002 nice=0 cgrp=default sched=0/0 handle=0xb6a3a534
01-17 02:41:12.585  1002  1002 F art     : art/runtime/runtime.cc:422]   | state=R schedstat=( 0 0 0 ) utm=42 stm=13 core=1 HZ=100
01-17 02:41:12.585  1002  1002 F art     : art/runtime/runtime.cc:422]   | stack=0xbf3c5000-0xbf3c7000 stackSize=8MB
01-17 02:41:12.585  1002  1002 F art     : art/runtime/runtime.cc:422]   | held mutexes= "abort lock" "mutator lock"(shared held)
01-17 02:41:12.585  1002  1002 F art     : art/runtime/runtime.cc:422]   native: #00 pc 00572f1e  /android/system/lib/libart.so (???)
01-17 02:41:12.585  1002  1002 F art     : art/runtime/runtime.cc:422]   native: #01 pc 0053f30e  /android/system/lib/libart.so (???)
01-17 02:41:12.585  1002  1002 F art     : art/runtime/runtime.cc:422]   native: #02 pc 0053c30b  /android/system/lib/libart.so (???)
01-17 02:41:12.585  1002  1002 F art     : art/runtime/runtime.cc:422]   native: #03 pc 0055befb  /android/system/lib/libart.so (???)
01-17 02:41:12.585  1002  1002 F art     : art/runtime/runtime.cc:422]   native: #04 pc 005521be  /android/system/lib/libart.so (???)
01-17 02:41:12.585  1002  1002 F art     : art/runtime/runtime.cc:422]   native: #05 pc 00551d32  /android/system/lib/libart.so (???)
01-17 02:41:12.585  1002  1002 F art     : art/runtime/runtime.cc:422]   native: #06 pc 00528168  /android/system/lib/libart.so (???)
01-17 02:41:12.585  1002  1002 F art     : art/runtime/runtime.cc:422]   native: #07 pc 00527eb6  /android/system/lib/libart.so (???)
01-17 02:41:12.585  1002  1002 F art     : art/runtime/runtime.cc:422]   native: #08 pc 0051822b  /android/system/lib/libart.so (???)
01-17 02:41:12.585  1002  1002 F art     : art/runtime/runtime.cc:422]   native: #09 pc 0011a5b3  /android/system/lib/libart.so (???)
01-17 02:41:12.585  1002  1002 F art     : art/runtime/runtime.cc:422]   native: #10 pc 003d8650  /android/system/lib/libart.so (???)
01-17 02:41:12.585  1002  1002 F art     : art/runtime/runtime.cc:422]   native: #11 pc 0012c4c1  /android/system/lib/libart.so (???)
01-17 02:41:12.585  1002  1002 F art     : art/runtime/runtime.cc:422]   native: #12 pc 001471d5  /android/system/lib/libandroid_runtime.so (???)
01-17 02:41:12.585  1002  1002 F art     : art/runtime/runtime.cc:422]   native: #13 pc 00149980  /android/system/lib/libandroid_runtime.so (???)
01-17 02:41:12.585  1002  1002 F art     : art/runtime/runtime.cc:422]   native: #14 pc 0014a2ba  /android/system/lib/libandroid_runtime.so (???)
01-17 02:41:12.585  1002  1002 F art     : art/runtime/runtime.cc:422]   native: #15 pc 00df8c08  /android/system/framework/x86/boot-framework.oat (Java_com_android_internal_os_Zygote_nativeForkSystemServer__II_3II_3_3IJJ+228)
01-17 02:41:12.585  1002  1002 F art     : art/runtime/runtime.cc:422]   at com.android.internal.os.Zygote.nativeForkSystemServer(Native method)
01-17 02:41:12.585  1002  1002 F art     : art/runtime/runtime.cc:422]   at com.android.internal.os.Zygote.forkSystemServer(Zygote.java:139)
01-17 02:41:12.585  1002  1002 F art     : art/runtime/runtime.cc:422]   at com.android.internal.os.ZygoteInit.startSystemServer(ZygoteInit.java:672)
01-17 02:41:12.585  1002  1002 F art     : art/runtime/runtime.cc:422]   at com.android.internal.os.ZygoteInit.main(ZygoteInit.java:768)
01-17 02:41:12.585  1002  1002 F art     : art/runtime/runtime.cc:422] 
01-17 02:41:12.585  1002  1002 F art     : art/runtime/runtime.cc:422] 
--------- beginning of crash
01-17 02:41:12.585  1002  1002 F libc    : Fatal signal 6 (SIGABRT), code -6 in tid 1002 (main)
01-17 02:41:12.585   982   982 W         : debuggerd: handling request: pid=1002 uid=0 gid=0 tid=1002
01-17 02:41:12.589  1267  1267 E         : debuggerd: Unable to connect to activity manager (connect failed: Connection refused)
01-17 02:41:12.589  1267  1267 F DEBUG   : *** *** *** *** *** *** *** *** *** *** *** *** *** *** *** ***
01-17 02:41:12.589  1267  1267 F DEBUG   : Build fingerprint: 'x86emu_x86/x86emu_x86/x86emu:7.1.1/NMF26O/sgye01142037:eng/test-keys'
01-17 02:41:12.589  1267  1267 F DEBUG   : Revision: '0'
01-17 02:41:12.589  1267  1267 F DEBUG   : ABI: 'x86'
01-17 02:41:12.589  1267  1267 F DEBUG   : pid: 1002, tid: 1002, name: main  >>> zygote <<<
01-17 02:41:12.589  1267  1267 F DEBUG   : signal 6 (SIGABRT), code -6 (SI_TKILL), fault addr --------
01-17 02:41:12.589  1267  1267 F DEBUG   : Abort message: 'art/runtime/jni_internal.cc:492] JNI FatalError called: frameworks/base/core/jni/com_android_internal_os_Zygote.cpp:467: Unable to construct file descriptor table.'
01-17 02:41:12.589  1267  1267 F DEBUG   :     eax 00000000  ebx 000003ea  ecx 000003ea  edx 00000006
01-17 02:41:12.589  1267  1267 F DEBUG   :     esi b6a3a58c  edi b6a3a534
01-17 02:41:12.590  1267  1267 F DEBUG   :     xcs 00000073  xds 0000007b  xes 0000007b  xfs 0000003b  xss 0000007b
01-17 02:41:12.590  1267  1267 F DEBUG   :     eip b6966424  ebp bfbc0188  esp bfbc012c  flags 00000296
01-17 02:41:12.773  1267  1267 F DEBUG   : 
01-17 02:41:12.773  1267  1267 F DEBUG   : backtrace:
01-17 02:41:12.773  1267  1267 F DEBUG   :     #00 pc ffffe424  [vdso:b6966000] (__kernel_vsyscall+16)
01-17 02:41:12.773  1267  1267 F DEBUG   :     #01 pc 0007a0dc  /system/lib/libc.so (tgkill+28)
01-17 02:41:12.773  1267  1267 F DEBUG   :     #02 pc 00075925  /system/lib/libc.so (pthread_kill+85)
01-17 02:41:12.773  1267  1267 F DEBUG   :     #03 pc 0002785a  /system/lib/libc.so (raise+42)
01-17 02:41:12.773  1267  1267 F DEBUG   :     #04 pc 0001ee36  /system/lib/libc.so (abort+86)
01-17 02:41:12.773  1267  1267 F DEBUG   :     #05 pc 005183c5  /system/lib/libart.so (_ZN3art7Runtime5AbortEPKc+565)
01-17 02:41:12.773  1267  1267 F DEBUG   :     #06 pc 0011a5b3  /system/lib/libart.so (_ZN3art10LogMessageD1Ev+1747)
01-17 02:41:12.773  1267  1267 F DEBUG   :     #07 pc 003d8650  /system/lib/libart.so (_ZN3art3JNI10FatalErrorEP7_JNIEnvPKc+176)
01-17 02:41:12.773  1267  1267 F DEBUG   :     #08 pc 0012c4c1  /system/lib/libart.so (_ZN3art8CheckJNI10FatalErrorEP7_JNIEnvPKc+993)
01-17 02:41:12.773  1267  1267 F DEBUG   :     #09 pc 001471d5  /system/lib/libandroid_runtime.so
01-17 02:41:12.773  1267  1267 F DEBUG   :     #10 pc 00149980  /system/lib/libandroid_runtime.so
01-17 02:41:12.773  1267  1267 F DEBUG   :     #11 pc 0014a2ba  /system/lib/libandroid_runtime.so
01-17 02:41:12.773  1267  1267 F DEBUG   :     #12 pc 0237cc08  /system/framework/x86/boot-framework.oat (offset 0x1584000) (com.android.internal.os.Zygote.nativeForkSystemServer+228)
01-17 02:41:12.773  1267  1267 F DEBUG   :     #13 pc 0237c8dc  /system/framework/x86/boot-framework.oat (offset 0x1584000) (com.android.internal.os.Zygote.forkSystemServer+152)
