--------- beginning of main
01-17 04:43:13.370   973   973 W auditd  : type=2000 audit(0.0:1): initialized
01-17 04:43:28.930   973   973 I auditd  : type=1403 audit(0.0:2): policy loaded auid=4294967295 ses=4294967295
01-17 04:43:28.930     1     1 I init    : type=1400 audit(0.0:3): avc: denied { open } for path="/selinux_version" dev="tmpfs" ino=3508 scontext=u:r:kernel:s0 tcontext=u:object_r:tmpfs:s0 tclass=file permissive=1
01-17 04:43:28.930     1     1 I init    : type=1400 audit(0.0:4): avc: denied { relabelfrom } for name="init" dev="tmpfs" ino=3488 scontext=u:r:kernel:s0 tcontext=u:object_r:tmpfs:s0 tclass=file permissive=1
01-17 04:43:28.930     1     1 I init    : type=1400 audit(0.0:5): avc: denied { relabelfrom } for name="property_contexts" dev="tmpfs" ino=3499 scontext=u:r:init:s0 tcontext=u:object_r:tmpfs:s0 tclass=file permissive=1
01-17 04:43:28.950     1     1 I init    : type=1400 audit(0.0:6): avc: denied { mounton } for path="/sys/kernel/debug" dev="debugfs" ino=1 scontext=u:r:init:s0 tcontext=u:object_r:debugfs:s0 tclass=dir permissive=1
01-17 04:43:28.950   963   963 I ueventd : type=1400 audit(0.0:7): avc: denied { open } for path="/ueventd.rc" dev="tmpfs" ino=3516 scontext=u:r:ueventd:s0 tcontext=u:object_r:tmpfs:s0 tclass=file permissive=1
01-17 04:43:29.230   965   965 I init    : type=1400 audit(0.0:8): avc: denied { mounton } for path="/data" dev="sda" ino=13 scontext=u:r:init:s0 tcontext=u:object_r:unlabeled:s0 tclass=dir permissive=1
01-17 04:43:29.520   928   928 I loop0   : type=1400 audit(0.0:9): avc: denied { read } for path="/mnt/x86emu_x86/system.img" dev="sda" ino=17 scontext=u:r:kernel:s0 tcontext=u:object_r:unlabeled:s0 tclass=file permissive=1
01-17 04:43:30.000     1     1 I init    : type=1400 audit(0.0:10): avc: denied { write } for name="tracing_on" dev="debugfs" ino=28 scontext=u:r:init:s0 tcontext=u:object_r:debugfs:s0 tclass=file permissive=1
01-17 04:43:30.010   973   973 I logd    : type=1400 audit(0.0:11): avc: denied { dac_override } for capability=1 scontext=u:r:logd:s0 tcontext=u:r:logd:s0 tclass=capability permissive=1
01-17 04:43:30.113   981   981 I         : debuggerd: starting
01-17 04:43:30.140   982   982 I vold    : type=1400 audit(0.0:12): avc: denied { open } for path="/selinux_version" dev="tmpfs" ino=3508 scontext=u:r:vold:s0 tcontext=u:object_r:tmpfs:s0 tclass=file permissive=1
--------- beginning of system
01-17 04:43:30.146   982   982 I vold    : Vold 3.0 (the awakening) firing up
01-17 04:43:30.146   982   982 V vold    : Detected support for: ext4 vfat
01-17 04:43:30.401   982   985 D vold    : Recognized experimental block major ID 253 as virtio-blk (emulator's virtual SD card device)
01-17 04:43:30.401   982   985 V vold    : /system/bin/sgdisk
01-17 04:43:30.401   982   985 V vold    :     --android-dump
01-17 04:43:30.401   982   985 V vold    :     /dev/block/vold/disk:253,48
01-17 04:43:30.407   982   988 D vold    : e4crypt_init_user0
01-17 04:43:30.407   982   988 D vold    : e4crypt_prepare_user_storage for volume null, user 0, serial 0, flags 1
01-17 04:43:30.407   982   988 D vold    : Preparing: /data/system/users/0
01-17 04:43:30.407   982   988 D vold    : Preparing: /data/misc/profiles/cur/0
01-17 04:43:30.407   982   988 D vold    : Preparing: /data/misc/profiles/cur/0/foreign-dex
01-17 04:43:30.407   982   988 D vold    : Preparing: /data/system_de/0
01-17 04:43:30.407   982   988 D vold    : Preparing: /data/misc_de/0
01-17 04:43:30.408   982   988 D vold    : Preparing: /data/user_de/0
01-17 04:43:30.408   982   988 D vold    : e4crypt_unlock_user_key 0 serial=0 token_present=0
01-17 04:43:30.408     1     1 I vdc     : 200 983 Command succeeded
01-17 04:43:30.409   982   985 V vold    : DISK mbr
01-17 04:43:30.409   982   985 V vold    : 
01-17 04:43:30.409   982   985 W vold    : disk:253,48 has unknown partition table; trying entire device
01-17 04:43:30.409   982   985 V vold    : /system/bin/blkid
01-17 04:43:30.409   982   985 V vold    :     -c
01-17 04:43:30.409   982   985 V vold    :     /dev/null
01-17 04:43:30.409   982   985 V vold    :     -s
01-17 04:43:30.409   982   985 V vold    :     TYPE
01-17 04:43:30.409   982   985 V vold    :     -s
01-17 04:43:30.409   982   985 V vold    :     UUID
01-17 04:43:30.409   982   985 V vold    :     -s
01-17 04:43:30.409   982   985 V vold    :     LABEL
01-17 04:43:30.409   982   985 V vold    :     /dev/block/vold/disk:253,48
01-17 04:43:30.416   990   990 I /system/bin/tzdatacheck: tzdata file /data/misc/zoneinfo/current/tzdata does not exist. No action required.
01-17 04:43:30.443   982   985 V vold    : /dev/block/vold/disk:253,48: LABEL="SDCARD" UUID="09EA-370E" TYPE="vfat" 
01-17 04:43:30.443   982   985 V vold    : 
01-17 04:43:30.630   928   928 I loop0   : type=1400 audit(0.0:13): avc: denied { read } for path="/mnt/x86emu_x86/system.img" dev="sda" ino=17 scontext=u:r:kernel:s0 tcontext=u:object_r:unlabeled:s0 tclass=file permissive=1
01-17 04:43:30.630   992   992 I init    : type=1400 audit(0.0:14): avc: denied { execute } for name="healthd" dev="tmpfs" ino=3502 scontext=u:r:init:s0 tcontext=u:object_r:tmpfs:s0 tclass=file permissive=1
01-17 04:43:30.630   992   992 I init    : type=1400 audit(0.0:15): avc: denied { entrypoint } for path="/sbin/healthd" dev="tmpfs" ino=3502 scontext=u:r:healthd:s0 tcontext=u:object_r:tmpfs:s0 tclass=file permissive=1
01-17 04:43:30.637   993   993 I qemu-props: connected to 'boot-properties' qemud service.
01-17 04:43:30.637   993   993 I qemu-props: receiving..
01-17 04:43:30.637   993   993 I qemu-props: received: qemu.sf.fake_camera=both
01-17 04:43:30.640  1000  1000 I init    : type=1400 audit(0.0:16): avc: denied { entrypoint } for path="/sbin/adbd" dev="tmpfs" ino=3501 scontext=u:r:adbd:s0 tcontext=u:object_r:tmpfs:s0 tclass=file permissive=1
01-17 04:43:30.640  1000  1000 I adbd    : type=1400 audit(0.0:17): avc: denied { read } for path="/sbin/adbd" dev="tmpfs" ino=3501 scontext=u:r:adbd:s0 tcontext=u:object_r:tmpfs:s0 tclass=file permissive=1
01-17 04:43:30.641   993   993 I qemu-props: receiving..
01-17 04:43:30.641   993   993 I qemu-props: received: ro.opengles.version=131072
01-17 04:43:30.641   993   993 I qemu-props: receiving..
01-17 04:43:30.641   993   993 I qemu-props: received: dalvik.vm.heapsize=192m
01-17 04:43:30.641   993   993 I qemu-props: receiving..
01-17 04:43:30.642   993   993 I qemu-props: received: qemu.hw.mainkeys=1
01-17 04:43:30.642   993   993 I qemu-props: receiving..
01-17 04:43:30.642   993   993 I qemu-props: received: qemu.sf.lcd_density=240
01-17 04:43:30.642   993   993 I qemu-props: receiving..
01-17 04:43:30.642   993   993 I qemu-props: exiting (5 properties set).
01-17 04:43:30.670  1008  1008 I mediadrmserver: type=1400 audit(0.0:18): avc: denied { getattr } for path="/vendor" dev="tmpfs" ino=3517 scontext=u:r:mediadrmserver:s0 tcontext=u:object_r:tmpfs:s0 tclass=lnk_file permissive=1
01-17 04:43:30.670  1008  1008 I mediadrmserver: type=1400 audit(0.0:19): avc: denied { read } for name="vendor" dev="tmpfs" ino=3517 scontext=u:r:mediadrmserver:s0 tcontext=u:object_r:tmpfs:s0 tclass=lnk_file permissive=1
01-17 04:43:30.680  1002  1002 I audioserver: type=1400 audit(0.0:20): avc: denied { getattr } for path="/vendor" dev="tmpfs" ino=3517 scontext=u:r:audioserver:s0 tcontext=u:object_r:tmpfs:s0 tclass=lnk_file permissive=1
01-17 04:43:30.680  1002  1002 I audioserver: type=1400 audit(0.0:21): avc: denied { read } for name="vendor" dev="tmpfs" ino=3517 scontext=u:r:audioserver:s0 tcontext=u:object_r:tmpfs:s0 tclass=lnk_file permissive=1
01-17 04:43:30.680  1003  1003 I cameraserver: type=1400 audit(0.0:22): avc: denied { getattr } for path="/vendor" dev="tmpfs" ino=3517 scontext=u:r:cameraserver:s0 tcontext=u:object_r:tmpfs:s0 tclass=lnk_file permissive=1
01-17 04:43:30.680  1003  1003 I cameraserver: type=1400 audit(0.0:23): avc: denied { read } for name="vendor" dev="tmpfs" ino=3517 scontext=u:r:cameraserver:s0 tcontext=u:object_r:tmpfs:s0 tclass=lnk_file permissive=1
01-17 04:43:30.680   995   995 I servicemanager: type=1400 audit(0.0:24): avc: denied { open } for path="/selinux_version" dev="tmpfs" ino=3508 scontext=u:r:servicemanager:s0 tcontext=u:object_r:tmpfs:s0 tclass=file permissive=1
01-17 04:43:30.680  1007  1007 I mediacodec: type=1400 audit(0.0:25): avc: denied { getattr } for path="/vendor" dev="tmpfs" ino=3517 scontext=u:r:mediacodec:s0 tcontext=u:object_r:tmpfs:s0 tclass=lnk_file permissive=1
01-17 04:43:30.680  1007  1007 I mediacodec: type=1400 audit(0.0:26): avc: denied { read } for name="vendor" dev="tmpfs" ino=3517 scontext=u:r:mediacodec:s0 tcontext=u:object_r:tmpfs:s0 tclass=lnk_file permissive=1
01-17 04:43:30.693   994   994 I lowmemorykiller: Using in-kernel low memory killer interface
01-17 04:43:30.722  1013  1013 I fingerprintd: Starting fingerprintd
01-17 04:43:30.737  1015  1015 I perfprofd: starting Android Wide Profiling daemon
01-17 04:43:30.737  1015  1015 E perfprofd: unable to open configuration file /data/data/com.google.android.gms/files/perfprofd.conf
01-17 04:43:30.737  1015  1015 I perfprofd: random seed set to 1748114470
01-17 04:43:30.738  1005  1005 I         : installd firing up
01-17 04:43:30.765  1014  1014 I gatekeeperd: Starting gatekeeperd...
01-17 04:43:30.768  1014  1014 W gatekeeperd: falling back to software GateKeeper
01-17 04:43:30.780  1006  1006 I keystore: Found keymaster0 module Keymaster OpenSSL HAL, version 2
01-17 04:43:30.781  1006  1006 I SoftKeymaster: system/keymaster/soft_keymaster_device.cpp, Line 131: Creating device
01-17 04:43:30.781  1006  1006 D SoftKeymaster: system/keymaster/soft_keymaster_device.cpp, Line 132: Device address: 0xb1130000
01-17 04:43:30.781  1006  1006 I keystore: Keymaster0 module is software-only.  Using SoftKeymasterDevice instead.
01-17 04:43:30.781  1006  1006 I SoftKeymaster: system/keymaster/soft_keymaster_device.cpp, Line 131: Creating device
01-17 04:43:30.781  1006  1006 D SoftKeymaster: system/keymaster/soft_keymaster_device.cpp, Line 132: Device address: 0xb1130200
01-17 04:43:30.795  1011  1011 I Netd    : Netd 1.0 starting
01-17 04:43:30.795  1011  1011 D TetherController: Setting IP forward enable = 0
01-17 04:43:30.925   996   996 I SurfaceFlinger: SurfaceFlinger is starting
01-17 04:43:30.925   996   996 I SurfaceFlinger: SurfaceFlinger's main thread ready to run. Initializing graphics H/W...
01-17 04:43:30.925   996   996 D libEGL  : Emulator has host GPU support, qemu.gles is set to 1.
01-17 04:43:30.930   928   928 I loop0   : type=1400 audit(0.0:27): avc: denied { read } for path="/mnt/x86emu_x86/system.img" dev="sda" ino=17 scontext=u:r:kernel:s0 tcontext=u:object_r:unlabeled:s0 tclass=file permissive=1
01-17 04:43:30.945   996   996 E libEGL  : load_driver(/system/lib/egl/libGLES_emulation.so): dlopen failed: library "/system/lib/egl/libGLES_emulation.so" not found
01-17 04:43:30.960   996   996 D libEGL  : loaded /system/lib/egl/libEGL_emulation.so
01-17 04:43:30.960   996   996 D libEGL  : loaded /system/lib/egl/libGLESv1_CM_emulation.so
01-17 04:43:30.969   996   996 D libEGL  : loaded /system/lib/egl/libGLESv2_emulation.so
01-17 04:43:30.982   996   996 D         : HostConnection::get() New Host Connection established 0xabf9b100, tid 996
01-17 04:43:31.021   996   996 W         : Process pipe failed
01-17 04:43:31.029   996   996 E SurfaceFlinger: hwcomposer module not found
01-17 04:43:31.029   996   996 W SurfaceFlinger: no suitable EGLConfig found, trying a simpler query
01-17 04:43:31.029   996   996 I SurfaceFlinger: EGL information:
01-17 04:43:31.029   996   996 I SurfaceFlinger: vendor    : Android
01-17 04:43:31.029   996   996 I SurfaceFlinger: version   : 1.4 Android META-EGL
01-17 04:43:31.029   996   996 I SurfaceFlinger: extensions: EGL_KHR_get_all_proc_addresses EGL_ANDROID_presentation_time EGL_KHR_swap_buffers_with_damage EGL_ANDROID_create_native_client_buffer EGL_ANDROID_front_buffer_auto_refresh EGL_KHR_image_base EGL_KHR_gl_texture_2D_image EGL_KHR_fence_sync EGL_ANDROID_image_native_buffer EGL_ANDROID_recordable 
01-17 04:43:31.029   996   996 I SurfaceFlinger: Client API: OpenGL_ES
01-17 04:43:31.029   996   996 I SurfaceFlinger: EGLSurface: 8-8-8-8, config=0xb
01-17 04:43:31.045   996   996 I SurfaceFlinger: OpenGL ES informations:
01-17 04:43:31.045   996   996 I SurfaceFlinger: vendor    : Google (Intel Open Source Technology Center)
01-17 04:43:31.045   996   996 I SurfaceFlinger: renderer  : Android Emulator OpenGL ES Translator (Mesa DRI Intel(R) Haswell Mobile )
01-17 04:43:31.045   996   996 I SurfaceFlinger: version   : OpenGL ES 2.0 (3.0 Mesa 11.0.2)
01-17 04:43:31.045   996   996 I SurfaceFlinger: extensions: GL_EXT_debug_marker GL_OES_EGL_image GL_OES_EGL_image_external GL_OES_depth24 GL_OES_depth32 GL_OES_element_index_uint GL_OES_texture_float GL_OES_texture_float_linear GL_OES_compressed_paletted_texture GL_OES_compressed_ETC1_RGB8_texture GL_OES_depth_texture GL_OES_texture_half_float GL_OES_texture_half_float_linear GL_OES_packed_depth_stencil GL_OES_vertex_half_float GL_OES_texture_npot GL_OES_rgb8_rgba8 ANDROID_EMU_CHECKSUM_HELPER_v1 
01-17 04:43:31.045   996   996 I SurfaceFlinger: GL_MAX_TEXTURE_SIZE = 8192
01-17 04:43:31.045   996   996 I SurfaceFlinger: GL_MAX_VIEWPORT_DIMS = 16384
01-17 04:43:31.049   996   996 E cutils-trace: Error opening trace file: Permission denied (13)
01-17 04:43:31.050   996   996 D gralloc_ranchu: gralloc_alloc: format 1 and usage 0x1a00 imply creation of host color buffer
01-17 04:43:31.060  1003  1003 I cameraserver: type=1400 audit(0.0:28): avc: denied { read } for name="vendor" dev="tmpfs" ino=3517 scontext=u:r:cameraserver:s0 tcontext=u:object_r:tmpfs:s0 tclass=lnk_file permissive=1
01-17 04:43:31.063  1003  1003 I cameraserver: ServiceManager: 0xae51afe0
01-17 04:43:31.068  1003  1003 I CameraService: CameraService started (pid=1003)
01-17 04:43:31.068  1003  1003 I CameraService: CameraService process starting
01-17 04:43:31.068  1003  1003 W BatteryNotifier: batterystats service unavailable!
01-17 04:43:31.068  1003  1003 W BatteryNotifier: batterystats service unavailable!
01-17 04:43:31.073  1003  1003 D EmulatedCamera_QemuClient: Emulated camera list: 
01-17 04:43:31.073  1003  1003 D EmulatedCamera_FakeCamera: Initialize: Fake camera is facing back
01-17 04:43:31.073  1003  1003 V EmulatedCamera_Device: initializeWhiteBalanceModes with auto, 1.000000, 1.000000
01-17 04:43:31.073  1003  1003 V EmulatedCamera_Device: initializeWhiteBalanceModes with incandescent, 1.380000, 0.600000
01-17 04:43:31.073  1003  1003 V EmulatedCamera_Device: initializeWhiteBalanceModes with daylight, 1.090000, 0.920000
01-17 04:43:31.073  1003  1003 V EmulatedCamera_Device: initializeWhiteBalanceModes with twilight, 0.920000, 1.220000
01-17 04:43:31.073  1003  1003 V EmulatedCamera_Device: setWhiteBalanceMode with white balance auto
01-17 04:43:31.073  1003  1003 D EmulatedCamera_FakeCamera: Initialize: Fake camera is facing front
01-17 04:43:31.073  1003  1003 V EmulatedCamera_Device: initializeWhiteBalanceModes with auto, 1.000000, 1.000000
01-17 04:43:31.073  1003  1003 V EmulatedCamera_Device: initializeWhiteBalanceModes with incandescent, 1.380000, 0.600000
01-17 04:43:31.073  1003  1003 V EmulatedCamera_Device: initializeWhiteBalanceModes with daylight, 1.090000, 0.920000
01-17 04:43:31.073  1003  1003 V EmulatedCamera_Device: initializeWhiteBalanceModes with twilight, 0.920000, 1.220000
01-17 04:43:31.073  1003  1003 V EmulatedCamera_Device: setWhiteBalanceMode with white balance auto
01-17 04:43:31.073  1003  1003 E EmulatedCamera_HotplugThread: createFileIfNotExists: Could not create file '/data/misc/media/emulator.camera.hotplug.0', error: 'Permission denied' (13)
01-17 04:43:31.073  1003  1003 E EmulatedCamera_HotplugThread: createFileIfNotExists: Could not create file '/data/misc/media/emulator.camera.hotplug.1', error: 'Permission denied' (13)
01-17 04:43:31.073  1003  1003 E cutils-trace: Error opening trace file: Permission denied (13)
01-17 04:43:31.073  1003  1003 I CameraService: Loaded "Emulated Camera Module" camera module
01-17 04:43:31.074  1003  1003 E CameraService: setUpVendorTags: Vendor tag operations not fully defined. Ignoring definitions.
01-17 04:43:31.074  1003  1003 V EmulatedCamera_Camera: getCameraInfo
01-17 04:43:31.074  1003  1003 V EmulatedCamera_BaseCamera: getCameraInfo
01-17 04:43:31.074  1003  1003 I CameraFlashlight: Opening camera 0
01-17 04:43:31.074  1003  1003 V EmulatedCamera_Camera: getCameraInfo
01-17 04:43:31.074  1003  1003 V EmulatedCamera_BaseCamera: getCameraInfo
01-17 04:43:31.074  1003  1003 V EmulatedCamera_Camera: connectCamera
01-17 04:43:31.074  1003  1003 V EmulatedCamera_FakeDevice: connectDevice
01-17 04:43:31.074  1003  1003 V EmulatedCamera_CallbackNotifier: setCallbacks: 0xaeb3e000, 0xaeb3e050, 0xaeb3e170, 0xaeb3e290 (0xae543140)
01-17 04:43:31.074  1003  1003 I ServiceManager: Waiting for service SurfaceFlinger...
01-17 04:43:31.091  1007  1007 I mediacodec: @@@ mediacodecservice starting
01-17 04:43:31.111  1007  1007 W         : No seccomp filter defined for this architecture.
01-17 04:43:31.185   996   996 D SurfaceFlinger: shader cache generated - 24 shaders in 122.483849 ms
01-17 04:43:31.185   996   996 D SurfaceFlinger: Set power mode=2, type=0 flinger=0xabfb0000
01-17 04:43:31.190  1059  1059 I bootanimation: type=1400 audit(0.0:29): avc: denied { getattr } for path="/vendor" dev="tmpfs" ino=3517 scontext=u:r:bootanim:s0 tcontext=u:object_r:tmpfs:s0 tclass=lnk_file permissive=1
01-17 04:43:31.190  1059  1059 I bootanimation: type=1400 audit(0.0:30): avc: denied { read } for name="vendor" dev="tmpfs" ino=3517 scontext=u:r:bootanim:s0 tcontext=u:object_r:tmpfs:s0 tclass=lnk_file permissive=1
01-17 04:43:31.209   996   996 D gralloc_ranchu: gralloc_alloc: format 1 and usage 0x1a00 imply creation of host color buffer
01-17 04:43:31.210  1002  1002 I audioserver: type=1400 audit(0.0:31): avc: denied { read } for name="vendor" dev="tmpfs" ino=3517 scontext=u:r:audioserver:s0 tcontext=u:object_r:tmpfs:s0 tclass=lnk_file permissive=1
01-17 04:43:31.210  1002  1002 I         : sMaxFastTracks = 8
01-17 04:43:31.211  1002  1002 I audioserver: ServiceManager: 0xb2c1afe0
01-17 04:43:31.211  1002  1002 W BatteryNotifier: batterystats service unavailable!
01-17 04:43:31.211  1002  1002 I AudioFlinger: Using default 3000 mSec as standby time.
01-17 04:43:31.211  1002  1002 I AudioPolicyService: AudioPolicyService CSTOR in new mode
01-17 04:43:31.212  1002  1002 I APM::ConfigParsingUtils: loadAudioPolicyConfig() loaded /system/etc/audio_policy.conf
01-17 04:43:31.212  1002  1002 I AudioFlinger: loadHwModule() Loaded primary audio interface from Generic audio HW HAL (audio) handle 10
01-17 04:43:31.212  1002  1002 I AudioFlinger: openOutput(), module 10 Device 2, SamplingRate 44100, Format 0x000001, Channels 3, flags 2
01-17 04:43:31.212  1002  1002 I AudioFlinger: HAL output buffer size 1024 frames, normal sink buffer size 1024 frames
01-17 04:43:31.216  1002  1002 I BufferProvider: found effect "Multichannel Downmix To Stereo" from The Android Open Source Project
01-17 04:43:31.216  1002  1002 I AudioFlinger: Using module 10 has the primary audio interface
01-17 04:43:31.217  1009  1009 V MediaUtils: physMem: 1055424512
01-17 04:43:31.217  1009  1009 V MediaUtils: requested limit: 211084900
01-17 04:43:31.217  1009  1009 V MediaUtils: actual limit: 211084900
01-17 04:43:31.217  1009  1009 V MediaUtils: original limits: 4294967295/4294967295
01-17 04:43:31.217  1009  1009 V MediaUtils: new limits: 211084900/4294967295
01-17 04:43:31.217  1009  1009 W /system/bin/mediaextractor: libminijail: allowing syscall: socketcall
01-17 04:43:31.218  1009  1009 W /system/bin/mediaextractor: libminijail: allowing syscall: writev
01-17 04:43:31.218  1009  1009 W /system/bin/mediaextractor: libminijail: allowing syscall: fcntl64
01-17 04:43:31.218  1009  1009 W /system/bin/mediaextractor: libminijail: allowing syscall: clock_gettime
01-17 04:43:31.220  1009  1009 W /system/bin/mediaextractor: libminijail: logging seccomp filter failures
01-17 04:43:31.221  1002  1065 I AudioFlinger: AudioFlinger's thread 0xb27832c0 ready to run
01-17 04:43:31.221  1002  1065 W BatteryNotifier: batterystats service unavailable!
01-17 04:43:31.221  1002  1065 W BatteryNotifier: batterystats service unavailable!
01-17 04:43:31.221  1002  1002 E audio_hw_generic: Error opening input stream format 1, channel_mask 0010, sample_rate 16000
01-17 04:43:31.221  1002  1065 W BatteryNotifier: batterystats service unavailable!
01-17 04:43:31.221  1002  1065 W AudioFlinger: no wake lock to update, system not ready yet
01-17 04:43:31.221  1002  1065 E cutils-trace: Error opening trace file: Permission denied (13)
01-17 04:43:31.221  1002  1066 I AudioFlinger: AudioFlinger's thread 0xb2583200 ready to run
01-17 04:43:31.222  1002  1002 E AudioFlinger: int android::load_audio_interface(const char *, audio_hw_device_t **) couldn't load audio hw module audio.r_submix (No such file or directory)
01-17 04:43:31.222  1002  1002 E AudioFlinger: loadHwModule() error -2 loading module r_submix
01-17 04:43:31.222  1002  1002 W APM_AudioPolicyManager: could not open HW module r_submix
01-17 04:43:31.222  1002  1002 W APM_AudioPolicyManager: Input device 80000100 unreachable
01-17 04:43:31.222  1002  1002 I RadioService: RadioService
01-17 04:43:31.222  1002  1002 I RadioService: onFirstRef
01-17 04:43:31.222  1002  1002 E RadioService: couldn't load radio module radio.primary (No such file or directory)
01-17 04:43:31.223  1002  1002 E SoundTriggerHwService: couldn't load sound trigger module sound_trigger.primary (No such file or directory)
01-17 04:43:31.245  1008  1008 I mediaserver: ServiceManager: 0xb4abc060
01-17 04:43:31.260  1010  1010 I mediaserver: ServiceManager: 0xaef3c060
01-17 04:43:31.260  1010  1010 W BatteryNotifier: batterystats service unavailable!
01-17 04:43:31.570   996  1032 E SurfaceFlinger: ro.sf.lcd_density must be defined as a build property
01-17 04:43:31.573  1059  1099 D libEGL  : Emulator has host GPU support, qemu.gles is set to 1.
01-17 04:43:31.574  1059  1099 E libEGL  : load_driver(/system/lib/egl/libGLES_emulation.so): dlopen failed: library "/system/lib/egl/libGLES_emulation.so" not found
01-17 04:43:31.575  1059  1099 D libEGL  : loaded /system/lib/egl/libEGL_emulation.so
01-17 04:43:31.575  1059  1099 D libEGL  : loaded /system/lib/egl/libGLESv1_CM_emulation.so
01-17 04:43:31.578  1001  1001 D AndroidRuntime: >>>>>> START com.android.internal.os.ZygoteInit uid 0 <<<<<<
01-17 04:43:31.593  1059  1099 D libEGL  : loaded /system/lib/egl/libGLESv2_emulation.so
01-17 04:43:31.607  1059  1099 D         : HostConnection::get() New Host Connection established 0xa9304100, tid 1099
01-17 04:43:31.608  1001  1001 D AndroidRuntime: CheckJNI is ON
01-17 04:43:31.610  1059  1099 W         : Process pipe failed
01-17 04:43:31.618  1059  1099 E cutils-trace: Error opening trace file: Permission denied (13)
01-17 04:43:31.618   996  1032 D gralloc_ranchu: gralloc_alloc: format 2 and usage 0x900 imply creation of host color buffer
01-17 04:43:31.620   996  1032 D         : HostConnection::get() New Host Connection established 0xabc1c100, tid 1032
01-17 04:43:31.622  1001  1001 I art     : option[0]=-Xzygote
01-17 04:43:31.622  1001  1001 I art     : option[1]=-Xcheck:jni
01-17 04:43:31.622  1001  1001 I art     : option[2]=-Xstacktracefile:/data/anr/traces.txt
01-17 04:43:31.622  1001  1001 I art     : option[3]=exit
01-17 04:43:31.622  1001  1001 I art     : option[4]=vfprintf
01-17 04:43:31.622  1001  1001 I art     : option[5]=sensitiveThread
01-17 04:43:31.622  1001  1001 I art     : option[6]=-verbose:gc
01-17 04:43:31.622  1001  1001 I art     : option[7]=-Xms4m
01-17 04:43:31.622  1001  1001 I art     : option[8]=-Xmx192m
01-17 04:43:31.622  1001  1001 I art     : option[9]=-Xusejit:true
01-17 04:43:31.622  1001  1001 I art     : option[10]=-Xjitsaveprofilinginfo
01-17 04:43:31.622  1001  1001 I art     : option[11]=-agentlib:jdwp=transport=dt_android_adb,suspend=n,server=y
01-17 04:43:31.622  1001  1001 I art     : option[12]=-Xlockprofthreshold:500
01-17 04:43:31.622  1001  1001 I art     : option[13]=-Ximage-compiler-option
01-17 04:43:31.622  1001  1001 I art     : option[14]=--runtime-arg
01-17 04:43:31.622  1001  1001 I art     : option[15]=-Ximage-compiler-option
01-17 04:43:31.622  1001  1001 I art     : option[16]=-Xms64m
01-17 04:43:31.622  1001  1001 I art     : option[17]=-Ximage-compiler-option
01-17 04:43:31.622  1001  1001 I art     : option[18]=--runtime-arg
01-17 04:43:31.622  1001  1001 I art     : option[19]=-Ximage-compiler-option
01-17 04:43:31.622  1001  1001 I art     : option[20]=-Xmx64m
01-17 04:43:31.622  1001  1001 I art     : option[21]=-Ximage-compiler-option
01-17 04:43:31.622  1001  1001 I art     : option[22]=--compiler-filter=verify-at-runtime
01-17 04:43:31.622  1001  1001 I art     : option[23]=-Ximage-compiler-option
01-17 04:43:31.622  1001  1001 I art     : option[24]=--image-classes=/system/etc/preloaded-classes
01-17 04:43:31.622  1001  1001 I art     : option[25]=-Ximage-compiler-option
01-17 04:43:31.622  1001  1001 I art     : option[26]=--compiled-classes=/system/etc/compiled-classes
01-17 04:43:31.622  1001  1001 I art     : option[27]=-Xcompiler-option
01-17 04:43:31.622  1001  1001 I art     : option[28]=--runtime-arg
01-17 04:43:31.622  1001  1001 I art     : option[29]=-Xcompiler-option
01-17 04:43:31.622  1001  1001 I art     : option[30]=-Xms64m
01-17 04:43:31.622  1001  1001 I art     : option[31]=-Xcompiler-option
01-17 04:43:31.622  1001  1001 I art     : option[32]=--runtime-arg
01-17 04:43:31.622  1001  1001 I art     : option[33]=-Xcompiler-option
01-17 04:43:31.622  1001  1001 I art     : option[34]=-Xmx512m
01-17 04:43:31.622  1001  1001 I art     : option[35]=-Ximage-compiler-option
01-17 04:43:31.622  1001  1001 I art     : option[36]=--instruction-set-variant=x86
01-17 04:43:31.622  1001  1001 I art     : option[37]=-Xcompiler-option
01-17 04:43:31.622  1001  1001 I art     : option[38]=--instruction-set-variant=x86
01-17 04:43:31.622  1001  1001 I art     : option[39]=-Ximage-compiler-option
01-17 04:43:31.622  1001  1001 I art     : option[40]=--instruction-set-features=default
01-17 04:43:31.622  1001  1001 I art     : option[41]=-Xcompiler-option
01-17 04:43:31.622  1001  1001 I art     : option[42]=--instruction-set-features=default
01-17 04:43:31.622  1001  1001 I art     : option[43]=-Duser.locale=en-US
01-17 04:43:31.622  1001  1001 I art     : option[44]=--cpu-abilist=x86
01-17 04:43:31.622  1001  1001 I art     : option[45]=-Xfingerprint:x86emu_x86/x86emu_x86/x86emu:7.1.1/NMF26O/sgye01142037:eng/test-keys
01-17 04:43:31.785  1001  1001 E art     : Cannot patch secondary image '/system/framework/boot-bouncycastle.art', clearing dalvik_cache and restarting zygote.
01-17 04:43:31.788   996  1121 D gralloc_ranchu: gralloc_alloc: format 2 and usage 0x900 imply creation of host color buffer
01-17 04:43:31.788   996  1121 D         : HostConnection::get() New Host Connection established 0xabf9bb00, tid 1121
01-17 04:43:31.794   995   995 I ServiceManager: service 'media.audio_flinger' died
01-17 04:43:31.794   995   995 I ServiceManager: service 'media.audio_policy' died
01-17 04:43:31.794   995   995 I ServiceManager: service 'media.sound_trigger_hw' died
01-17 04:43:31.794   995   995 I ServiceManager: service 'media.radio' died
01-17 04:43:31.796   995   995 I ServiceManager: service 'media.player' died
01-17 04:43:31.796   995   995 I ServiceManager: service 'media.resource_manager' died
01-17 04:43:31.800   996  1032 D gralloc_ranchu: gralloc_alloc: format 2 and usage 0x900 imply creation of host color buffer
01-17 04:43:35.820  1140  1140 I cameraserver: type=1400 audit(0.0:32): avc: denied { getattr } for path="/vendor" dev="tmpfs" ino=3517 scontext=u:r:cameraserver:s0 tcontext=u:object_r:tmpfs:s0 tclass=lnk_file permissive=1
01-17 04:43:35.840  1139  1139 I audioserver: type=1400 audit(0.0:33): avc: denied { getattr } for path="/vendor" dev="tmpfs" ino=3517 scontext=u:r:audioserver:s0 tcontext=u:object_r:tmpfs:s0 tclass=lnk_file permissive=1
01-17 04:43:35.850  1142  1142 I Netd    : Netd 1.0 starting
01-17 04:43:35.851  1142  1142 D TetherController: Setting IP forward enable = 0
01-17 04:43:35.870  1140  1140 I cameraserver: ServiceManager: 0xac89afe0
01-17 04:43:35.870  1140  1140 I CameraService: CameraService started (pid=1140)
01-17 04:43:35.870  1140  1140 I CameraService: CameraService process starting
01-17 04:43:35.870  1140  1140 W BatteryNotifier: batterystats service unavailable!
01-17 04:43:35.870  1140  1140 W BatteryNotifier: batterystats service unavailable!
01-17 04:43:35.870  1140  1140 D EmulatedCamera_QemuClient: Emulated camera list: 
01-17 04:43:35.870  1140  1140 D EmulatedCamera_FakeCamera: Initialize: Fake camera is facing back
01-17 04:43:35.871  1140  1140 V EmulatedCamera_Device: initializeWhiteBalanceModes with auto, 1.000000, 1.000000
01-17 04:43:35.871  1140  1140 V EmulatedCamera_Device: initializeWhiteBalanceModes with incandescent, 1.380000, 0.600000
01-17 04:43:35.871  1140  1140 V EmulatedCamera_Device: initializeWhiteBalanceModes with daylight, 1.090000, 0.920000
01-17 04:43:35.871  1140  1140 V EmulatedCamera_Device: initializeWhiteBalanceModes with twilight, 0.920000, 1.220000
01-17 04:43:35.871  1140  1140 V EmulatedCamera_Device: setWhiteBalanceMode with white balance auto
01-17 04:43:35.871  1140  1140 D EmulatedCamera_FakeCamera: Initialize: Fake camera is facing front
01-17 04:43:35.871  1140  1140 V EmulatedCamera_Device: initializeWhiteBalanceModes with auto, 1.000000, 1.000000
01-17 04:43:35.871  1140  1140 V EmulatedCamera_Device: initializeWhiteBalanceModes with incandescent, 1.380000, 0.600000
01-17 04:43:35.871  1140  1140 V EmulatedCamera_Device: initializeWhiteBalanceModes with daylight, 1.090000, 0.920000
01-17 04:43:35.871  1140  1140 V EmulatedCamera_Device: initializeWhiteBalanceModes with twilight, 0.920000, 1.220000
01-17 04:43:35.871  1140  1140 V EmulatedCamera_Device: setWhiteBalanceMode with white balance auto
01-17 04:43:35.871  1140  1140 E EmulatedCamera_HotplugThread: createFileIfNotExists: Could not create file '/data/misc/media/emulator.camera.hotplug.0', error: 'Permission denied' (13)
01-17 04:43:35.871  1140  1140 E EmulatedCamera_HotplugThread: createFileIfNotExists: Could not create file '/data/misc/media/emulator.camera.hotplug.1', error: 'Permission denied' (13)
01-17 04:43:35.871  1140  1140 E cutils-trace: Error opening trace file: Permission denied (13)
01-17 04:43:35.871  1140  1140 I CameraService: Loaded "Emulated Camera Module" camera module
01-17 04:43:35.871  1140  1140 E CameraService: setUpVendorTags: Vendor tag operations not fully defined. Ignoring definitions.
01-17 04:43:35.871  1140  1140 V EmulatedCamera_Camera: getCameraInfo
01-17 04:43:35.871  1140  1140 V EmulatedCamera_BaseCamera: getCameraInfo
01-17 04:43:35.871  1140  1140 I CameraFlashlight: Opening camera 0
01-17 04:43:35.871  1140  1140 V EmulatedCamera_Camera: getCameraInfo
01-17 04:43:35.871  1140  1140 V EmulatedCamera_BaseCamera: getCameraInfo
01-17 04:43:35.871  1140  1140 V EmulatedCamera_Camera: connectCamera
01-17 04:43:35.871  1140  1140 V EmulatedCamera_FakeDevice: connectDevice
01-17 04:43:35.871  1140  1140 V EmulatedCamera_CallbackNotifier: setCallbacks: 0xacacc000, 0xacacc050, 0xacacc170, 0xacacc290 (0xac8c3140)
01-17 04:43:35.880  1140  1140 V EmulatedCamera_Preview: setPreviewWindow: current: 0x0 -> new: 0xac8c3150
01-17 04:43:35.880  1140  1140 V EmulatedCamera_Camera: doStopPreview
01-17 04:43:35.880  1140  1140 V EmulatedCamera_Preview: setPreviewWindow: current: 0xac8c3150 -> new: 0x0
01-17 04:43:35.880  1140  1140 V EmulatedCamera_Camera: releaseCamera
01-17 04:43:35.880  1140  1140 V EmulatedCamera_Camera: doStopPreview
01-17 04:43:35.880  1140  1140 V EmulatedCamera_FakeDevice: disconnectDevice
01-17 04:43:35.880  1140  1140 I CameraFlashlight: Destroying camera 0
01-17 04:43:35.880  1140  1140 V EmulatedCamera_Camera: closeCamera
01-17 04:43:35.880  1140  1140 V EmulatedCamera_Camera: doStopPreview
01-17 04:43:35.880  1140  1140 V EmulatedCamera_Camera: getCameraInfo
01-17 04:43:35.880  1140  1140 V EmulatedCamera_BaseCamera: getCameraInfo
01-17 04:43:35.880  1140  1140 I CameraFlashlight: Opening camera 1
01-17 04:43:35.880  1140  1140 V EmulatedCamera_Camera: getCameraInfo
01-17 04:43:35.880  1140  1140 V EmulatedCamera_BaseCamera: getCameraInfo
01-17 04:43:35.880  1140  1140 V EmulatedCamera_Camera: connectCamera
01-17 04:43:35.880  1140  1140 V EmulatedCamera_FakeDevice: connectDevice
01-17 04:43:35.880  1140  1140 V EmulatedCamera_CallbackNotifier: setCallbacks: 0xacacc000, 0xacacc050, 0xacacc170, 0xacacc290 (0xac8c3140)
01-17 04:43:35.880  1140  1140 V EmulatedCamera_Preview: setPreviewWindow: current: 0x0 -> new: 0xac8c3150
01-17 04:43:35.880  1140  1140 V EmulatedCamera_Camera: doStopPreview
01-17 04:43:35.880  1140  1140 V EmulatedCamera_Preview: setPreviewWindow: current: 0xac8c3150 -> new: 0x0
01-17 04:43:35.880  1140  1140 V EmulatedCamera_Camera: releaseCamera
01-17 04:43:35.880  1140  1140 V EmulatedCamera_Camera: doStopPreview
01-17 04:43:35.880  1140  1140 V EmulatedCamera_FakeDevice: disconnectDevice
01-17 04:43:35.880  1140  1140 I CameraFlashlight: Destroying camera 1
01-17 04:43:35.880  1140  1140 V EmulatedCamera_Camera: closeCamera
01-17 04:43:35.880  1140  1140 V EmulatedCamera_Camera: doStopPreview
01-17 04:43:35.880  1140  1140 V EmulatedCamera_Camera: getCameraInfo
01-17 04:43:35.880  1140  1140 V EmulatedCamera_BaseCamera: getCameraInfo
01-17 04:43:35.880  1140  1140 V EmulatedCamera_Camera: getCameraInfo
01-17 04:43:35.880  1140  1140 V EmulatedCamera_BaseCamera: getCameraInfo
01-17 04:43:35.880  1140  1140 I ServiceManager: Waiting for service media.camera.proxy...
01-17 04:43:35.886  1141  1141 I mediaserver: ServiceManager: 0xaf6bc060
01-17 04:43:35.886  1141  1141 W BatteryNotifier: batterystats service unavailable!
01-17 04:43:35.914  1139  1139 I         : sMaxFastTracks = 8
01-17 04:43:35.914  1139  1139 I audioserver: ServiceManager: 0xb389afe0
01-17 04:43:35.914  1139  1139 W BatteryNotifier: batterystats service unavailable!
01-17 04:43:35.914  1139  1139 I AudioFlinger: Using default 3000 mSec as standby time.
01-17 04:43:35.914  1139  1139 I AudioPolicyService: AudioPolicyService CSTOR in new mode
01-17 04:43:35.914  1139  1139 I APM::ConfigParsingUtils: loadAudioPolicyConfig() loaded /system/etc/audio_policy.conf
01-17 04:43:35.914  1139  1139 I AudioFlinger: loadHwModule() Loaded primary audio interface from Generic audio HW HAL (audio) handle 10
01-17 04:43:35.915  1139  1139 I AudioFlinger: openOutput(), module 10 Device 2, SamplingRate 44100, Format 0x000001, Channels 3, flags 2
01-17 04:43:35.915  1139  1139 I AudioFlinger: HAL output buffer size 1024 frames, normal sink buffer size 1024 frames
01-17 04:43:35.915  1139  1139 I BufferProvider: found effect "Multichannel Downmix To Stereo" from The Android Open Source Project
01-17 04:43:35.915  1139  1139 I AudioFlinger: Using module 10 has the primary audio interface
01-17 04:43:35.917  1139  1152 I AudioFlinger: AudioFlinger's thread 0xb3403f00 ready to run
01-17 04:43:35.917  1139  1152 W BatteryNotifier: batterystats service unavailable!
01-17 04:43:35.917  1139  1152 W BatteryNotifier: batterystats service unavailable!
01-17 04:43:35.924  1139  1152 W BatteryNotifier: batterystats service unavailable!
01-17 04:43:35.924  1139  1152 W AudioFlinger: no wake lock to update, system not ready yet
01-17 04:43:35.924  1139  1152 E cutils-trace: Error opening trace file: Permission denied (13)
01-17 04:43:35.927  1139  1139 E audio_hw_generic: Error opening input stream format 1, channel_mask 0010, sample_rate 16000
01-17 04:43:35.927  1139  1155 I AudioFlinger: AudioFlinger's thread 0xb3203600 ready to run
01-17 04:43:35.927  1139  1139 E AudioFlinger: int android::load_audio_interface(const char *, audio_hw_device_t **) couldn't load audio hw module audio.r_submix (No such file or directory)
01-17 04:43:35.927  1139  1139 E AudioFlinger: loadHwModule() error -2 loading module r_submix
01-17 04:43:35.927  1139  1139 W APM_AudioPolicyManager: could not open HW module r_submix
01-17 04:43:35.927  1139  1139 W APM_AudioPolicyManager: Input device 80000100 unreachable
01-17 04:43:35.927  1139  1139 I RadioService: RadioService
01-17 04:43:35.927  1139  1139 I RadioService: onFirstRef
01-17 04:43:35.927  1139  1139 E RadioService: couldn't load radio module radio.primary (No such file or directory)
01-17 04:43:35.927  1139  1139 E SoundTriggerHwService: couldn't load sound trigger module sound_trigger.primary (No such file or directory)
01-17 04:43:36.057  1138  1138 D AndroidRuntime: >>>>>> START com.android.internal.os.ZygoteInit uid 0 <<<<<<
01-17 04:43:36.058  1138  1138 D AndroidRuntime: CheckJNI is ON
01-17 04:43:36.058  1138  1138 I art     : option[0]=-Xzygote
01-17 04:43:36.058  1138  1138 I art     : option[1]=-Xcheck:jni
01-17 04:43:36.058  1138  1138 I art     : option[2]=-Xstacktracefile:/data/anr/traces.txt
01-17 04:43:36.058  1138  1138 I art     : option[3]=exit
01-17 04:43:36.058  1138  1138 I art     : option[4]=vfprintf
01-17 04:43:36.058  1138  1138 I art     : option[5]=sensitiveThread
01-17 04:43:36.058  1138  1138 I art     : option[6]=-verbose:gc
01-17 04:43:36.058  1138  1138 I art     : option[7]=-Xms4m
01-17 04:43:36.058  1138  1138 I art     : option[8]=-Xmx192m
01-17 04:43:36.058  1138  1138 I art     : option[9]=-Xusejit:true
01-17 04:43:36.058  1138  1138 I art     : option[10]=-Xjitsaveprofilinginfo
01-17 04:43:36.058  1138  1138 I art     : option[11]=-agentlib:jdwp=transport=dt_android_adb,suspend=n,server=y
01-17 04:43:36.058  1138  1138 I art     : option[12]=-Xlockprofthreshold:500
01-17 04:43:36.058  1138  1138 I art     : option[13]=-Ximage-compiler-option
01-17 04:43:36.058  1138  1138 I art     : option[14]=--runtime-arg
01-17 04:43:36.058  1138  1138 I art     : option[15]=-Ximage-compiler-option
01-17 04:43:36.058  1138  1138 I art     : option[16]=-Xms64m
01-17 04:43:36.058  1138  1138 I art     : option[17]=-Ximage-compiler-option
01-17 04:43:36.058  1138  1138 I art     : option[18]=--runtime-arg
01-17 04:43:36.058  1138  1138 I art     : option[19]=-Ximage-compiler-option
01-17 04:43:36.058  1138  1138 I art     : option[20]=-Xmx64m
01-17 04:43:36.058  1138  1138 I art     : option[21]=-Ximage-compiler-option
01-17 04:43:36.058  1138  1138 I art     : option[22]=--compiler-filter=verify-at-runtime
01-17 04:43:36.058  1138  1138 I art     : option[23]=-Ximage-compiler-option
01-17 04:43:36.058  1138  1138 I art     : option[24]=--image-classes=/system/etc/preloaded-classes
01-17 04:43:36.058  1138  1138 I art     : option[25]=-Ximage-compiler-option
01-17 04:43:36.058  1138  1138 I art     : option[26]=--compiled-classes=/system/etc/compiled-classes
01-17 04:43:36.058  1138  1138 I art     : option[27]=-Xcompiler-option
01-17 04:43:36.058  1138  1138 I art     : option[28]=--runtime-arg
01-17 04:43:36.058  1138  1138 I art     : option[29]=-Xcompiler-option
01-17 04:43:36.058  1138  1138 I art     : option[30]=-Xms64m
01-17 04:43:36.058  1138  1138 I art     : option[31]=-Xcompiler-option
01-17 04:43:36.058  1138  1138 I art     : option[32]=--runtime-arg
01-17 04:43:36.058  1138  1138 I art     : option[33]=-Xcompiler-option
01-17 04:43:36.058  1138  1138 I art     : option[34]=-Xmx512m
01-17 04:43:36.058  1138  1138 I art     : option[35]=-Ximage-compiler-option
01-17 04:43:36.058  1138  1138 I art     : option[36]=--instruction-set-variant=x86
01-17 04:43:36.058  1138  1138 I art     : option[37]=-Xcompiler-option
01-17 04:43:36.058  1138  1138 I art     : option[38]=--instruction-set-variant=x86
01-17 04:43:36.058  1138  1138 I art     : option[39]=-Ximage-compiler-option
01-17 04:43:36.058  1138  1138 I art     : option[40]=--instruction-set-features=default
01-17 04:43:36.058  1138  1138 I art     : option[41]=-Xcompiler-option
01-17 04:43:36.058  1138  1138 I art     : option[42]=--instruction-set-features=default
01-17 04:43:36.058  1138  1138 I art     : option[43]=-Duser.locale=en-US
01-17 04:43:36.058  1138  1138 I art     : option[44]=--cpu-abilist=x86
01-17 04:43:36.058  1138  1138 I art     : option[45]=-Xfingerprint:x86emu_x86/x86emu_x86/x86emu:7.1.1/NMF26O/sgye01142037:eng/test-keys
01-17 04:43:36.201  1138  1138 I art     : Pruning dalvik-cache since we are relocating an image and will need to recompile
01-17 04:43:36.201  1138  1138 I art     : RelocateImage: /system/bin/patchoat --input-image-location=/system/framework/boot.art --output-image-file=/data/dalvik-cache/x86/system@framework@boot.art --instruction-set=x86 --base-offset-delta=-10088448
01-17 04:43:36.596  1142  1142 I iptables: iptables v1.4.20: can't initialize iptables table `nat': Table does not exist (do you need to insmod?)
01-17 04:43:36.596  1142  1142 I iptables: Perhaps iptables or your kernel needs to be upgraded.
01-17 04:43:36.598  1142  1142 I iptables: iptables terminated by exit(3)
01-17 04:43:36.598  1142  1142 E Netd    : exec() res=0, status=768 for /system/bin/iptables -w -t nat -N oem_nat_pre 
01-17 04:43:36.601  1142  1142 I iptables: iptables v1.4.20: can't initialize iptables table `nat': Table does not exist (do you need to insmod?)
01-17 04:43:36.601  1142  1142 I iptables: Perhaps iptables or your kernel needs to be upgraded.
01-17 04:43:36.610  1142  1142 I iptables: iptables terminated by exit(3)
01-17 04:43:36.610  1142  1142 E Netd    : exec() res=0, status=768 for /system/bin/iptables -w -t nat -A PREROUTING -j oem_nat_pre 
01-17 04:43:36.636  1142  1142 I iptables: iptables v1.4.20: can't initialize iptables table `nat': Table does not exist (do you need to insmod?)
01-17 04:43:36.636  1142  1142 I iptables: Perhaps iptables or your kernel needs to be upgraded.
01-17 04:43:36.640  1142  1142 I iptables: iptables terminated by exit(3)
01-17 04:43:36.640  1142  1142 E Netd    : exec() res=0, status=768 for /system/bin/iptables -w -t nat -N natctrl_nat_POSTROUTING 
01-17 04:43:36.642  1142  1142 I iptables: iptables v1.4.20: can't initialize iptables table `nat': Table does not exist (do you need to insmod?)
01-17 04:43:36.642  1142  1142 I iptables: Perhaps iptables or your kernel needs to be upgraded.
01-17 04:43:36.644  1142  1142 I iptables: iptables terminated by exit(3)
01-17 04:43:36.644  1142  1142 E Netd    : exec() res=0, status=768 for /system/bin/iptables -w -t nat -A POSTROUTING -j natctrl_nat_POSTROUTING 
01-17 04:43:36.744  1142  1142 V NatController: runCmd(/system/bin/iptables -w -F natctrl_FORWARD) res=0
01-17 04:43:36.750  1142  1142 V NatController: runCmd(/system/bin/ip6tables -w -F natctrl_FORWARD) res=0
01-17 04:43:36.752  1142  1142 V NatController: runCmd(/system/bin/iptables -w -A natctrl_FORWARD -j DROP) res=0
01-17 04:43:36.760  1142  1142 V NatController: runCmd(/system/bin/iptables -w -t nat -F natctrl_nat_POSTROUTING) res=3
01-17 04:43:36.800  1142  1142 E Netd    : cannot find interface dummy0
01-17 04:43:36.800  1142  1142 D MDnsDS  : MDnsSdListener::Hander starting up
01-17 04:43:36.800  1142  1353 D MDnsDS  : MDnsSdListener starting to monitor
01-17 04:43:36.800  1142  1353 D MDnsDS  : Going to poll with pollCount 1
01-17 04:43:36.880  1140  1140 I ServiceManager: Waiting for service media.camera.proxy...
01-17 04:43:37.566  1138  1138 D ICU     : No timezone override file found: /data/misc/zoneinfo/current/icu/icu_tzdata.dat
01-17 04:43:37.640  1138  1138 I main    : type=1400 audit(0.0:34): avc: denied { mounton } for path="/" dev="tmpfs" ino=3472 scontext=u:r:zygote:s0 tcontext=u:object_r:tmpfs:s0 tclass=dir permissive=1
01-17 04:43:37.762  1138  1138 E memtrack: Couldn't load memtrack module (No such file or directory)
01-17 04:43:37.762  1138  1138 E android.os.Debug: failed to load memtrack module: -2
01-17 04:43:37.763  1138  1138 I Radio-JNI: register_android_hardware_Radio DONE
01-17 04:43:37.880  1140  1140 I ServiceManager: Waiting for service media.camera.proxy...
01-17 04:43:37.967  1138  1138 I SamplingProfilerIntegration: Profiling disabled.
01-17 04:43:37.972  1138  1138 D Zygote  : begin preload
01-17 04:43:37.972  1138  1138 I Zygote  : Installing ICU cache reference pinning...
01-17 04:43:37.974  1138  1138 I Zygote  : Preloading ICU data...
01-17 04:43:38.053  1138  1138 I Zygote  : Preloading classes...
01-17 04:43:38.063  1138  1138 W Zygote  : Class not found for preloading: [Landroid.view.Display$ColorTransform;
01-17 04:43:38.311  1138  1138 E Typeface: Error mapping font file /system/fonts/DroidSansFallback.ttf
01-17 04:43:38.431  1138  1138 I art     : Thread[1,tid=1138,Native,Thread*=0xab80b400,peer=0x12c060d0,"main"] recursive attempt to load library "/system/lib/libmedia_jni.so"
01-17 04:43:38.434  1138  1138 D MtpDeviceJNI: register_android_mtp_MtpDevice
01-17 04:43:38.434  1138  1138 I art     : Thread[1,tid=1138,Native,Thread*=0xab80b400,peer=0x12c060d0,"main"] recursive attempt to load library "/system/lib/libmedia_jni.so"
01-17 04:43:38.434  1138  1138 I art     : Thread[1,tid=1138,Native,Thread*=0xab80b400,peer=0x12c060d0,"main"] recursive attempt to load library "/system/lib/libmedia_jni.so"
01-17 04:43:38.538  1138  1138 W Zygote  : Class not found for preloading: android.view.Display$ColorTransform
01-17 04:43:38.538  1138  1138 W Zygote  : Class not found for preloading: android.view.Display$ColorTransform$1
01-17 04:43:38.608  1138  1138 I System  : Loaded time zone names for "" in 17ms (16ms in ICU)
01-17 04:43:38.613  1138  1138 I System  : Loaded time zone names for "en_US" in 4ms (4ms in ICU)
01-17 04:43:38.628  1138  1138 I Zygote  : ...preloaded 4158 classes in 575ms.
01-17 04:43:38.628  1138  1138 I art     : VMRuntime.preloadDexCaches starting
01-17 04:43:38.663  1138  1138 I art     : VMRuntime.preloadDexCaches strings total=283734 before=39639 after=39639
01-17 04:43:38.663  1138  1138 I art     : VMRuntime.preloadDexCaches types total=23582 before=7877 after=7904
01-17 04:43:38.663  1138  1138 I art     : VMRuntime.preloadDexCaches fields total=112010 before=40900 after=41114
01-17 04:43:38.663  1138  1138 I art     : VMRuntime.preloadDexCaches methods total=197525 before=82451 after=83011
01-17 04:43:38.663  1138  1138 I art     : VMRuntime.preloadDexCaches finished
01-17 04:43:38.663  1138  1138 I Zygote  : Preloading resources...
01-17 04:43:38.697  1138  1138 W Resources: Preloaded drawable resource #0x108025c (android:drawable/dialog_background_material) that varies with configuration!!
01-17 04:43:38.698  1138  1138 W Resources: Preloaded drawable resource #0x1080298 (android:drawable/editbox_dropdown_background_dark) that varies with configuration!!
01-17 04:43:38.700  1138  1138 W Resources: Preloaded color resource #0x10600e2 (android:color/material_grey_800) that varies with configuration!!
01-17 04:43:38.700  1138  1138 W Resources: Preloaded drawable resource #0x10802c9 (android:drawable/floating_popup_background_dark) that varies with configuration!!
01-17 04:43:38.706  1138  1138 W Resources: Preloaded drawable resource #0x108030b (android:drawable/ic_clear_disabled) that varies with configuration!!
01-17 04:43:38.706  1138  1138 W Resources: Preloaded drawable resource #0x1080310 (android:drawable/ic_clear_normal) that varies with configuration!!
01-17 04:43:38.707  1138  1138 W Resources: Preloaded drawable resource #0x1080359 (android:drawable/ic_go) that varies with configuration!!
01-17 04:43:38.709  1138  1138 W Resources: Preloaded drawable resource #0x1080038 (android:drawable/ic_menu_close_clear_cancel) that varies with configuration!!
01-17 04:43:38.709  1138  1138 W Resources: Preloaded drawable resource #0x1080045 (android:drawable/ic_menu_more) that varies with configuration!!
01-17 04:43:38.713  1138  1138 W Resources: Preloaded drawable resource #0x10804e8 (android:drawable/menu_background_fill_parent_width) that varies with configuration!!
01-17 04:43:38.729  1138  1138 W Resources: Preloaded drawable resource #0x108077e (android:drawable/text_edit_paste_window) that varies with configuration!!
01-17 04:43:38.731  1138  1138 W Resources: Preloaded drawable resource #0x1080096 (android:drawable/toast_frame) that varies with configuration!!
01-17 04:43:38.731  1138  1138 I Zygote  : ...preloaded 114 resources in 68ms.
01-17 04:43:38.732  1138  1138 W Resources: Preloaded color resource #0x106010b (android:color/background_cache_hint_selector_material_dark) that varies with configuration!!
01-17 04:43:38.732  1138  1138 W Resources: Preloaded color resource #0x1060110 (android:color/btn_default_material_dark) that varies with configuration!!
01-17 04:43:38.732  1138  1138 I Zygote  : ...preloaded 41 resources in 1ms.
01-17 04:43:38.732  1138  1138 D libEGL  : Emulator has host GPU support, qemu.gles is set to 1.
01-17 04:43:38.733  1138  1138 E libEGL  : load_driver(/system/lib/egl/libGLES_emulation.so): dlopen failed: library "/system/lib/egl/libGLES_emulation.so" not found
01-17 04:43:38.733  1138  1138 D libEGL  : loaded /system/lib/egl/libEGL_emulation.so
01-17 04:43:38.734  1138  1138 D libEGL  : loaded /system/lib/egl/libGLESv1_CM_emulation.so
01-17 04:43:38.738  1138  1138 D libEGL  : loaded /system/lib/egl/libGLESv2_emulation.so
01-17 04:43:38.743  1138  1138 I Zygote  : Preloading shared libraries...
01-17 04:43:38.758  1138  1138 I Zygote  : Uninstalled ICU cache reference pinning...
01-17 04:43:38.762  1138  1138 I Zygote  : Installed AndroidKeyStoreProvider in 4ms.
01-17 04:43:38.769  1138  1138 I Zygote  : Warmed up JCA providers in 7ms.
01-17 04:43:38.769  1138  1138 D Zygote  : end preload
01-17 04:43:38.769  1138  1138 I art     : Waiting for a blocking GC Explicit
