--------- beginning of main
01-17 04:55:24.000   974   974 W auditd  : type=2000 audit(0.0:1): initialized
01-17 04:55:30.270   974   974 I auditd  : type=1403 audit(0.0:2): policy loaded auid=4294967295 ses=4294967295
01-17 04:55:30.270     1     1 I init    : type=1400 audit(0.0:3): avc: denied { open } for path="/selinux_version" dev="tmpfs" ino=3611 scontext=u:r:kernel:s0 tcontext=u:object_r:tmpfs:s0 tclass=file permissive=1
01-17 04:55:30.270     1     1 I init    : type=1400 audit(0.0:4): avc: denied { relabelfrom } for name="init" dev="tmpfs" ino=3591 scontext=u:r:kernel:s0 tcontext=u:object_r:tmpfs:s0 tclass=file permissive=1
01-17 04:55:30.280     1     1 I init    : type=1400 audit(0.0:5): avc: denied { relabelfrom } for name="property_contexts" dev="tmpfs" ino=3602 scontext=u:r:init:s0 tcontext=u:object_r:tmpfs:s0 tclass=file permissive=1
01-17 04:55:30.290     1     1 I init    : type=1400 audit(0.0:6): avc: denied { mounton } for path="/sys/kernel/debug" dev="debugfs" ino=1 scontext=u:r:init:s0 tcontext=u:object_r:debugfs:s0 tclass=dir permissive=1
01-17 04:55:30.290   962   962 I ueventd : type=1400 audit(0.0:7): avc: denied { open } for path="/ueventd.rc" dev="tmpfs" ino=3619 scontext=u:r:ueventd:s0 tcontext=u:object_r:tmpfs:s0 tclass=file permissive=1
01-17 04:55:30.380   964   964 I init    : type=1400 audit(0.0:8): avc: denied { mounton } for path="/data" dev="sda" ino=13 scontext=u:r:init:s0 tcontext=u:object_r:unlabeled:s0 tclass=dir permissive=1
01-17 04:55:30.630     1     1 I init    : type=1400 audit(0.0:9): avc: denied { write } for name="tracing_on" dev="debugfs" ino=28 scontext=u:r:init:s0 tcontext=u:object_r:debugfs:s0 tclass=file permissive=1
01-17 04:55:30.650   974   974 I logd    : type=1400 audit(0.0:10): avc: denied { dac_override } for capability=1 scontext=u:r:logd:s0 tcontext=u:r:logd:s0 tclass=capability permissive=1
01-17 04:55:30.700   982   982 I         : debuggerd: starting
01-17 04:55:30.710   983   983 I vold    : type=1400 audit(0.0:11): avc: denied { open } for path="/selinux_version" dev="tmpfs" ino=3611 scontext=u:r:vold:s0 tcontext=u:object_r:tmpfs:s0 tclass=file permissive=1
--------- beginning of system
01-17 04:55:30.714   983   983 I vold    : Vold 3.0 (the awakening) firing up
01-17 04:55:30.714   983   983 V vold    : Detected support for: ext4 vfat
01-17 04:55:30.969   983   986 D vold    : Recognized experimental block major ID 253 as virtio-blk (emulator's virtual SD card device)
01-17 04:55:30.969   983   986 V vold    : /system/bin/sgdisk
01-17 04:55:30.969   983   986 V vold    :     --android-dump
01-17 04:55:30.969   983   986 V vold    :     /dev/block/vold/disk:253,48
01-17 04:55:30.974   983   988 D vold    : e4crypt_init_user0
01-17 04:55:30.974   983   988 D vold    : e4crypt_prepare_user_storage for volume null, user 0, serial 0, flags 1
01-17 04:55:30.974   983   988 D vold    : Preparing: /data/system/users/0
01-17 04:55:30.974   983   988 D vold    : Preparing: /data/misc/profiles/cur/0
01-17 04:55:30.975   983   988 D vold    : Preparing: /data/misc/profiles/cur/0/foreign-dex
01-17 04:55:30.975   983   988 D vold    : Preparing: /data/system_de/0
01-17 04:55:30.975   983   988 D vold    : Preparing: /data/misc_de/0
01-17 04:55:30.975   983   988 D vold    : Preparing: /data/user_de/0
01-17 04:55:30.976   983   988 D vold    : e4crypt_unlock_user_key 0 serial=0 token_present=0
01-17 04:55:30.976     1     1 I vdc     : 200 984 Command succeeded
01-17 04:55:30.979   983   986 V vold    : DISK mbr
01-17 04:55:30.979   983   986 V vold    : 
01-17 04:55:30.979   983   986 W vold    : disk:253,48 has unknown partition table; trying entire device
01-17 04:55:30.979   983   986 V vold    : /system/bin/blkid
01-17 04:55:30.979   983   986 V vold    :     -c
01-17 04:55:30.979   983   986 V vold    :     /dev/null
01-17 04:55:30.979   983   986 V vold    :     -s
01-17 04:55:30.979   983   986 V vold    :     TYPE
01-17 04:55:30.979   983   986 V vold    :     -s
01-17 04:55:30.979   983   986 V vold    :     UUID
01-17 04:55:30.979   983   986 V vold    :     -s
01-17 04:55:30.979   983   986 V vold    :     LABEL
01-17 04:55:30.979   983   986 V vold    :     /dev/block/vold/disk:253,48
01-17 04:55:30.986   983   986 V vold    : /dev/block/vold/disk:253,48: LABEL="SDCARD" UUID="09EA-370E" TYPE="vfat" 
01-17 04:55:30.986   983   986 V vold    : 
01-17 04:55:30.989   991   991 I /system/bin/tzdatacheck: tzdata file /data/misc/zoneinfo/current/tzdata does not exist. No action required.
01-17 04:55:31.167   994   994 I qemu-props: connected to 'boot-properties' qemud service.
01-17 04:55:31.167   994   994 I qemu-props: receiving..
01-17 04:55:31.167   994   994 I qemu-props: received: qemu.sf.fake_camera=both
01-17 04:55:31.170   993   993 I init    : type=1400 audit(0.0:12): avc: denied { execute } for name="healthd" dev="tmpfs" ino=3605 scontext=u:r:init:s0 tcontext=u:object_r:tmpfs:s0 tclass=file permissive=1
01-17 04:55:31.170  1001  1001 I init    : type=1400 audit(0.0:13): avc: denied { entrypoint } for path="/sbin/adbd" dev="tmpfs" ino=3604 scontext=u:r:adbd:s0 tcontext=u:object_r:tmpfs:s0 tclass=file permissive=1
01-17 04:55:31.170  1001  1001 I adbd    : type=1400 audit(0.0:14): avc: denied { read } for path="/sbin/adbd" dev="tmpfs" ino=3604 scontext=u:r:adbd:s0 tcontext=u:object_r:tmpfs:s0 tclass=file permissive=1
01-17 04:55:31.170   996   996 I servicemanager: type=1400 audit(0.0:15): avc: denied { open } for path="/selinux_version" dev="tmpfs" ino=3611 scontext=u:r:servicemanager:s0 tcontext=u:object_r:tmpfs:s0 tclass=file permissive=1
01-17 04:55:31.170   993   993 I init    : type=1400 audit(0.0:16): avc: denied { entrypoint } for path="/sbin/healthd" dev="tmpfs" ino=3605 scontext=u:r:healthd:s0 tcontext=u:object_r:tmpfs:s0 tclass=file permissive=1
01-17 04:55:31.170   994   994 I qemu-props: receiving..
01-17 04:55:31.170   994   994 I qemu-props: received: ro.opengles.version=131072
01-17 04:55:31.174   994   994 I qemu-props: receiving..
01-17 04:55:31.174   994   994 I qemu-props: received: dalvik.vm.heapsize=192m
01-17 04:55:31.176   994   994 I qemu-props: receiving..
01-17 04:55:31.176   994   994 I qemu-props: received: qemu.hw.mainkeys=1
01-17 04:55:31.177   994   994 I qemu-props: receiving..
01-17 04:55:31.177   994   994 I qemu-props: received: qemu.sf.lcd_density=240
01-17 04:55:31.178   994   994 I qemu-props: receiving..
01-17 04:55:31.178   994   994 I qemu-props: exiting (5 properties set).
01-17 04:55:31.180  1006  1006 I audioserver: type=1400 audit(0.0:17): avc: denied { getattr } for path="/vendor" dev="tmpfs" ino=3620 scontext=u:r:audioserver:s0 tcontext=u:object_r:tmpfs:s0 tclass=lnk_file permissive=1
01-17 04:55:31.180  1006  1006 I audioserver: type=1400 audit(0.0:18): avc: denied { read } for name="vendor" dev="tmpfs" ino=3620 scontext=u:r:audioserver:s0 tcontext=u:object_r:tmpfs:s0 tclass=lnk_file permissive=1
01-17 04:55:31.184   995   995 I lowmemorykiller: Using in-kernel low memory killer interface
01-17 04:55:31.190  1012  1012 I mediadrmserver: type=1400 audit(0.0:19): avc: denied { getattr } for path="/vendor" dev="tmpfs" ino=3620 scontext=u:r:mediadrmserver:s0 tcontext=u:object_r:tmpfs:s0 tclass=lnk_file permissive=1
01-17 04:55:31.190  1012  1012 I mediadrmserver: type=1400 audit(0.0:20): avc: denied { read } for name="vendor" dev="tmpfs" ino=3620 scontext=u:r:mediadrmserver:s0 tcontext=u:object_r:tmpfs:s0 tclass=lnk_file permissive=1
01-17 04:55:31.200  1011  1011 I mediacodec: type=1400 audit(0.0:21): avc: denied { getattr } for path="/vendor" dev="tmpfs" ino=3620 scontext=u:r:mediacodec:s0 tcontext=u:object_r:tmpfs:s0 tclass=lnk_file permissive=1
01-17 04:55:31.200  1011  1011 I mediacodec: type=1400 audit(0.0:22): avc: denied { read } for name="vendor" dev="tmpfs" ino=3620 scontext=u:r:mediacodec:s0 tcontext=u:object_r:tmpfs:s0 tclass=lnk_file permissive=1
01-17 04:55:31.200  1007  1007 I cameraserver: type=1400 audit(0.0:23): avc: denied { getattr } for path="/vendor" dev="tmpfs" ino=3620 scontext=u:r:cameraserver:s0 tcontext=u:object_r:tmpfs:s0 tclass=lnk_file permissive=1
01-17 04:55:31.200  1007  1007 I cameraserver: type=1400 audit(0.0:24): avc: denied { read } for name="vendor" dev="tmpfs" ino=3620 scontext=u:r:cameraserver:s0 tcontext=u:object_r:tmpfs:s0 tclass=lnk_file permissive=1
01-17 04:55:31.356  1007  1007 I cameraserver: ServiceManager: 0xaa09afe0
01-17 04:55:31.357  1007  1007 I CameraService: CameraService started (pid=1007)
01-17 04:55:31.357  1007  1007 I CameraService: CameraService process starting
01-17 04:55:31.357  1007  1007 W BatteryNotifier: batterystats service unavailable!
01-17 04:55:31.357  1007  1007 W BatteryNotifier: batterystats service unavailable!
01-17 04:55:31.358  1007  1007 D EmulatedCamera_QemuClient: Emulated camera list: 
01-17 04:55:31.358  1007  1007 D EmulatedCamera_FakeCamera: Initialize: Fake camera is facing back
01-17 04:55:31.358  1007  1007 V EmulatedCamera_Device: initializeWhiteBalanceModes with auto, 1.000000, 1.000000
01-17 04:55:31.358  1007  1007 V EmulatedCamera_Device: initializeWhiteBalanceModes with incandescent, 1.380000, 0.600000
01-17 04:55:31.358  1007  1007 V EmulatedCamera_Device: initializeWhiteBalanceModes with daylight, 1.090000, 0.920000
01-17 04:55:31.358  1007  1007 V EmulatedCamera_Device: initializeWhiteBalanceModes with twilight, 0.920000, 1.220000
01-17 04:55:31.358  1007  1007 V EmulatedCamera_Device: setWhiteBalanceMode with white balance auto
01-17 04:55:31.358  1007  1007 D EmulatedCamera_FakeCamera: Initialize: Fake camera is facing front
01-17 04:55:31.358  1007  1007 V EmulatedCamera_Device: initializeWhiteBalanceModes with auto, 1.000000, 1.000000
01-17 04:55:31.358  1007  1007 V EmulatedCamera_Device: initializeWhiteBalanceModes with incandescent, 1.380000, 0.600000
01-17 04:55:31.358  1007  1007 V EmulatedCamera_Device: initializeWhiteBalanceModes with daylight, 1.090000, 0.920000
01-17 04:55:31.358  1007  1007 V EmulatedCamera_Device: initializeWhiteBalanceModes with twilight, 0.920000, 1.220000
01-17 04:55:31.358  1007  1007 V EmulatedCamera_Device: setWhiteBalanceMode with white balance auto
01-17 04:55:31.358  1007  1007 E EmulatedCamera_HotplugThread: createFileIfNotExists: Could not create file '/data/misc/media/emulator.camera.hotplug.0', error: 'Permission denied' (13)
01-17 04:55:31.358  1007  1007 E EmulatedCamera_HotplugThread: createFileIfNotExists: Could not create file '/data/misc/media/emulator.camera.hotplug.1', error: 'Permission denied' (13)
01-17 04:55:31.358  1007  1007 E cutils-trace: Error opening trace file: Permission denied (13)
01-17 04:55:31.358  1007  1007 I CameraService: Loaded "Emulated Camera Module" camera module
01-17 04:55:31.358  1007  1007 E CameraService: setUpVendorTags: Vendor tag operations not fully defined. Ignoring definitions.
01-17 04:55:31.358  1007  1007 V EmulatedCamera_Camera: getCameraInfo
01-17 04:55:31.358  1007  1007 V EmulatedCamera_BaseCamera: getCameraInfo
01-17 04:55:31.358  1007  1007 I CameraFlashlight: Opening camera 0
01-17 04:55:31.358  1007  1007 V EmulatedCamera_Camera: getCameraInfo
01-17 04:55:31.358  1007  1007 V EmulatedCamera_BaseCamera: getCameraInfo
01-17 04:55:31.358  1007  1007 V EmulatedCamera_Camera: connectCamera
01-17 04:55:31.358  1007  1007 V EmulatedCamera_FakeDevice: connectDevice
01-17 04:55:31.358  1007  1007 V EmulatedCamera_CallbackNotifier: setCallbacks: 0xaa53c000, 0xaa53c050, 0xaa53c170, 0xaa53c290 (0xaa0c3140)
01-17 04:55:31.358  1011  1011 I mediacodec: @@@ mediacodecservice starting
01-17 04:55:31.358  1007  1007 I ServiceManager: Waiting for service SurfaceFlinger...
01-17 04:55:31.360  1011  1011 W         : No seccomp filter defined for this architecture.
01-17 04:55:31.374  1009  1009 I         : installd firing up
01-17 04:55:31.385  1017  1017 I fingerprintd: Starting fingerprintd
01-17 04:55:31.389  1018  1018 I gatekeeperd: Starting gatekeeperd...
01-17 04:55:31.389  1018  1018 W gatekeeperd: falling back to software GateKeeper
01-17 04:55:31.399  1006  1006 I         : sMaxFastTracks = 8
01-17 04:55:31.402  1010  1010 I keystore: Found keymaster0 module Keymaster OpenSSL HAL, version 2
01-17 04:55:31.404  1010  1010 I SoftKeymaster: system/keymaster/soft_keymaster_device.cpp, Line 131: Creating device
01-17 04:55:31.404  1010  1010 D SoftKeymaster: system/keymaster/soft_keymaster_device.cpp, Line 132: Device address: 0xa7a30000
01-17 04:55:31.404  1010  1010 I keystore: Keymaster0 module is software-only.  Using SoftKeymasterDevice instead.
01-17 04:55:31.404  1010  1010 I SoftKeymaster: system/keymaster/soft_keymaster_device.cpp, Line 131: Creating device
01-17 04:55:31.404  1010  1010 D SoftKeymaster: system/keymaster/soft_keymaster_device.cpp, Line 132: Device address: 0xa7a30200
01-17 04:55:31.407  1006  1006 I audioserver: ServiceManager: 0xb311afe0
01-17 04:55:31.407  1006  1006 W BatteryNotifier: batterystats service unavailable!
01-17 04:55:31.407  1006  1006 I AudioFlinger: Using default 3000 mSec as standby time.
01-17 04:55:31.407  1006  1006 I AudioPolicyService: AudioPolicyService CSTOR in new mode
01-17 04:55:31.410  1006  1006 I audioserver: type=1400 audit(0.0:25): avc: denied { read } for name="vendor" dev="tmpfs" ino=3620 scontext=u:r:audioserver:s0 tcontext=u:object_r:tmpfs:s0 tclass=lnk_file permissive=1
01-17 04:55:31.411  1015  1015 I Netd    : Netd 1.0 starting
01-17 04:55:31.413  1006  1006 I APM::ConfigParsingUtils: loadAudioPolicyConfig() loaded /system/etc/audio_policy.conf
01-17 04:55:31.415  1015  1015 D TetherController: Setting IP forward enable = 0
01-17 04:55:31.420  1006  1006 I AudioFlinger: loadHwModule() Loaded primary audio interface from Generic audio HW HAL (audio) handle 10
01-17 04:55:31.420  1006  1006 I AudioFlinger: openOutput(), module 10 Device 2, SamplingRate 44100, Format 0x000001, Channels 3, flags 2
01-17 04:55:31.420  1006  1006 I AudioFlinger: HAL output buffer size 1024 frames, normal sink buffer size 1024 frames
01-17 04:55:31.431  1013  1013 V MediaUtils: physMem: 1055424512
01-17 04:55:31.431  1013  1013 V MediaUtils: requested limit: 211084900
01-17 04:55:31.431  1013  1013 V MediaUtils: actual limit: 211084900
01-17 04:55:31.431  1013  1013 V MediaUtils: original limits: 4294967295/4294967295
01-17 04:55:31.431  1013  1013 V MediaUtils: new limits: 211084900/4294967295
01-17 04:55:31.431  1013  1013 W /system/bin/mediaextractor: libminijail: allowing syscall: socketcall
01-17 04:55:31.431  1013  1013 W /system/bin/mediaextractor: libminijail: allowing syscall: writev
01-17 04:55:31.431  1013  1013 W /system/bin/mediaextractor: libminijail: allowing syscall: fcntl64
01-17 04:55:31.431  1013  1013 W /system/bin/mediaextractor: libminijail: allowing syscall: clock_gettime
01-17 04:55:31.433  1013  1013 W /system/bin/mediaextractor: libminijail: logging seccomp filter failures
01-17 04:55:31.434  1006  1006 I BufferProvider: found effect "Multichannel Downmix To Stereo" from The Android Open Source Project
01-17 04:55:31.434  1006  1006 I AudioFlinger: Using module 10 has the primary audio interface
01-17 04:55:31.440  1006  1029 I AudioFlinger: AudioFlinger's thread 0xb2c837c0 ready to run
01-17 04:55:31.440  1006  1029 W BatteryNotifier: batterystats service unavailable!
01-17 04:55:31.441  1006  1029 W BatteryNotifier: batterystats service unavailable!
01-17 04:55:31.441  1006  1029 W BatteryNotifier: batterystats service unavailable!
01-17 04:55:31.441  1006  1029 W AudioFlinger: no wake lock to update, system not ready yet
01-17 04:55:31.441  1006  1029 E cutils-trace: Error opening trace file: Permission denied (13)
01-17 04:55:31.441  1006  1006 E audio_hw_generic: Error opening input stream format 1, channel_mask 0010, sample_rate 16000
01-17 04:55:31.441  1006  1032 I AudioFlinger: AudioFlinger's thread 0xb2a83d40 ready to run
01-17 04:55:31.442  1006  1006 E AudioFlinger: int android::load_audio_interface(const char *, audio_hw_device_t **) couldn't load audio hw module audio.r_submix (No such file or directory)
01-17 04:55:31.442  1006  1006 E AudioFlinger: loadHwModule() error -2 loading module r_submix
01-17 04:55:31.442  1006  1006 W APM_AudioPolicyManager: could not open HW module r_submix
01-17 04:55:31.442  1006  1006 W APM_AudioPolicyManager: Input device 80000100 unreachable
01-17 04:55:31.442  1012  1012 I mediaserver: ServiceManager: 0xafdbc060
01-17 04:55:31.443  1006  1006 I RadioService: RadioService
01-17 04:55:31.443  1006  1006 I RadioService: onFirstRef
01-17 04:55:31.443  1006  1006 E RadioService: couldn't load radio module radio.primary (No such file or directory)
01-17 04:55:31.443  1006  1006 E SoundTriggerHwService: couldn't load sound trigger module sound_trigger.primary (No such file or directory)
01-17 04:55:31.454  1014  1014 I mediaserver: ServiceManager: 0xb513c060
01-17 04:55:31.455  1014  1014 W BatteryNotifier: batterystats service unavailable!
01-17 04:55:31.470  1024  1024 I perfprofd: starting Android Wide Profiling daemon
01-17 04:55:31.470  1024  1024 E perfprofd: unable to open configuration file /data/data/com.google.android.gms/files/perfprofd.conf
01-17 04:55:31.470  1024  1024 I perfprofd: random seed set to 1310467425
01-17 04:55:31.493   997   997 I SurfaceFlinger: SurfaceFlinger is starting
01-17 04:55:31.493   997   997 I SurfaceFlinger: SurfaceFlinger's main thread ready to run. Initializing graphics H/W...
01-17 04:55:31.493   997   997 D libEGL  : Emulator has host GPU support, qemu.gles is set to 1.
01-17 04:55:31.494   997   997 E libEGL  : load_driver(/system/lib/egl/libGLES_emulation.so): dlopen failed: library "/system/lib/egl/libGLES_emulation.so" not found
01-17 04:55:31.502   997   997 D libEGL  : loaded /system/lib/egl/libEGL_emulation.so
01-17 04:55:31.503   997   997 D libEGL  : loaded /system/lib/egl/libGLESv1_CM_emulation.so
01-17 04:55:31.510   997   997 D libEGL  : loaded /system/lib/egl/libGLESv2_emulation.so
01-17 04:55:31.514   997   997 D         : HostConnection::get() New Host Connection established 0xac19b100, tid 997
01-17 04:55:31.515   997   997 W         : Process pipe failed
01-17 04:55:31.516   997   997 E SurfaceFlinger: hwcomposer module not found
01-17 04:55:31.516   997   997 W SurfaceFlinger: no suitable EGLConfig found, trying a simpler query
01-17 04:55:31.516   997   997 I SurfaceFlinger: EGL information:
01-17 04:55:31.516   997   997 I SurfaceFlinger: vendor    : Android
01-17 04:55:31.516   997   997 I SurfaceFlinger: version   : 1.4 Android META-EGL
01-17 04:55:31.516   997   997 I SurfaceFlinger: extensions: EGL_KHR_get_all_proc_addresses EGL_ANDROID_presentation_time EGL_KHR_swap_buffers_with_damage EGL_ANDROID_create_native_client_buffer EGL_ANDROID_front_buffer_auto_refresh EGL_KHR_image_base EGL_KHR_gl_texture_2D_image EGL_KHR_fence_sync EGL_ANDROID_image_native_buffer EGL_ANDROID_recordable 
01-17 04:55:31.516   997   997 I SurfaceFlinger: Client API: OpenGL_ES
01-17 04:55:31.516   997   997 I SurfaceFlinger: EGLSurface: 8-8-8-8, config=0xb
01-17 04:55:31.562   997   997 I SurfaceFlinger: OpenGL ES informations:
01-17 04:55:31.562   997   997 I SurfaceFlinger: vendor    : Google (Intel Open Source Technology Center)
01-17 04:55:31.562   997   997 I SurfaceFlinger: renderer  : Android Emulator OpenGL ES Translator (Mesa DRI Intel(R) Haswell Mobile )
01-17 04:55:31.562   997   997 I SurfaceFlinger: version   : OpenGL ES 2.0 (3.0 Mesa 11.0.2)
01-17 04:55:31.562   997   997 I SurfaceFlinger: extensions: GL_EXT_debug_marker GL_OES_EGL_image GL_OES_EGL_image_external GL_OES_depth24 GL_OES_depth32 GL_OES_element_index_uint GL_OES_texture_float GL_OES_texture_float_linear GL_OES_compressed_paletted_texture GL_OES_compressed_ETC1_RGB8_texture GL_OES_depth_texture GL_OES_texture_half_float GL_OES_texture_half_float_linear GL_OES_packed_depth_stencil GL_OES_vertex_half_float GL_OES_texture_npot GL_OES_rgb8_rgba8 ANDROID_EMU_CHECKSUM_HELPER_v1 
01-17 04:55:31.562   997   997 I SurfaceFlinger: GL_MAX_TEXTURE_SIZE = 8192
01-17 04:55:31.562   997   997 I SurfaceFlinger: GL_MAX_VIEWPORT_DIMS = 16384
01-17 04:55:31.565   997   997 E cutils-trace: Error opening trace file: Permission denied (13)
01-17 04:55:31.565   997   997 D gralloc_ranchu: gralloc_alloc: format 1 and usage 0x1a00 imply creation of host color buffer
01-17 04:55:31.661   997   997 D SurfaceFlinger: shader cache generated - 24 shaders in 86.292603 ms
01-17 04:55:31.661   997   997 D SurfaceFlinger: Set power mode=2, type=0 flinger=0xac1b0000
01-17 04:55:31.670  1068  1068 I bootanimation: type=1400 audit(0.0:26): avc: denied { getattr } for path="/vendor" dev="tmpfs" ino=3620 scontext=u:r:bootanim:s0 tcontext=u:object_r:tmpfs:s0 tclass=lnk_file permissive=1
01-17 04:55:31.670  1068  1068 I bootanimation: type=1400 audit(0.0:27): avc: denied { read } for name="vendor" dev="tmpfs" ino=3620 scontext=u:r:bootanim:s0 tcontext=u:object_r:tmpfs:s0 tclass=lnk_file permissive=1
01-17 04:55:31.691   997   997 D gralloc_ranchu: gralloc_alloc: format 1 and usage 0x1a00 imply creation of host color buffer
01-17 04:55:31.793  1005  1005 D AndroidRuntime: >>>>>> START com.android.internal.os.ZygoteInit uid 0 <<<<<<
01-17 04:55:31.796  1005  1005 D AndroidRuntime: CheckJNI is ON
01-17 04:55:31.797  1005  1005 I art     : option[0]=-Xzygote
01-17 04:55:31.797  1005  1005 I art     : option[1]=-Xcheck:jni
01-17 04:55:31.797  1005  1005 I art     : option[2]=-Xstacktracefile:/data/anr/traces.txt
01-17 04:55:31.797  1005  1005 I art     : option[3]=exit
01-17 04:55:31.797  1005  1005 I art     : option[4]=vfprintf
01-17 04:55:31.797  1005  1005 I art     : option[5]=sensitiveThread
01-17 04:55:31.797  1005  1005 I art     : option[6]=-verbose:gc
01-17 04:55:31.797  1005  1005 I art     : option[7]=-Xms4m
01-17 04:55:31.797  1005  1005 I art     : option[8]=-Xmx192m
01-17 04:55:31.797  1005  1005 I art     : option[9]=-Xusejit:true
01-17 04:55:31.797  1005  1005 I art     : option[10]=-Xjitsaveprofilinginfo
01-17 04:55:31.797  1005  1005 I art     : option[11]=-agentlib:jdwp=transport=dt_android_adb,suspend=n,server=y
01-17 04:55:31.797  1005  1005 I art     : option[12]=-Xlockprofthreshold:500
01-17 04:55:31.797  1005  1005 I art     : option[13]=-Ximage-compiler-option
01-17 04:55:31.797  1005  1005 I art     : option[14]=--runtime-arg
01-17 04:55:31.797  1005  1005 I art     : option[15]=-Ximage-compiler-option
01-17 04:55:31.797  1005  1005 I art     : option[16]=-Xms64m
01-17 04:55:31.797  1005  1005 I art     : option[17]=-Ximage-compiler-option
01-17 04:55:31.797  1005  1005 I art     : option[18]=--runtime-arg
01-17 04:55:31.797  1005  1005 I art     : option[19]=-Ximage-compiler-option
01-17 04:55:31.797  1005  1005 I art     : option[20]=-Xmx64m
01-17 04:55:31.797  1005  1005 I art     : option[21]=-Ximage-compiler-option
01-17 04:55:31.797  1005  1005 I art     : option[22]=--compiler-filter=verify-at-runtime
01-17 04:55:31.797  1005  1005 I art     : option[23]=-Ximage-compiler-option
01-17 04:55:31.797  1005  1005 I art     : option[24]=--image-classes=/system/etc/preloaded-classes
01-17 04:55:31.797  1005  1005 I art     : option[25]=-Ximage-compiler-option
01-17 04:55:31.797  1005  1005 I art     : option[26]=--compiled-classes=/system/etc/compiled-classes
01-17 04:55:31.797  1005  1005 I art     : option[27]=-Xcompiler-option
01-17 04:55:31.797  1005  1005 I art     : option[28]=--runtime-arg
01-17 04:55:31.797  1005  1005 I art     : option[29]=-Xcompiler-option
01-17 04:55:31.797  1005  1005 I art     : option[30]=-Xms64m
01-17 04:55:31.797  1005  1005 I art     : option[31]=-Xcompiler-option
01-17 04:55:31.797  1005  1005 I art     : option[32]=--runtime-arg
01-17 04:55:31.797  1005  1005 I art     : option[33]=-Xcompiler-option
01-17 04:55:31.797  1005  1005 I art     : option[34]=-Xmx512m
01-17 04:55:31.797  1005  1005 I art     : option[35]=-Ximage-compiler-option
01-17 04:55:31.797  1005  1005 I art     : option[36]=--instruction-set-variant=x86
01-17 04:55:31.797  1005  1005 I art     : option[37]=-Xcompiler-option
01-17 04:55:31.797  1005  1005 I art     : option[38]=--instruction-set-variant=x86
01-17 04:55:31.797  1005  1005 I art     : option[39]=-Ximage-compiler-option
01-17 04:55:31.797  1005  1005 I art     : option[40]=--instruction-set-features=default
01-17 04:55:31.797  1005  1005 I art     : option[41]=-Xcompiler-option
01-17 04:55:31.797  1005  1005 I art     : option[42]=--instruction-set-features=default
01-17 04:55:31.797  1005  1005 I art     : option[43]=-Duser.locale=en-US
01-17 04:55:31.797  1005  1005 I art     : option[44]=--cpu-abilist=x86
01-17 04:55:31.797  1005  1005 I art     : option[45]=-Xfingerprint:x86emu_x86/x86emu_x86/x86emu:7.1.1/NMF26O/sgye01142037:eng/test-keys
01-17 04:55:31.889   997  1040 E SurfaceFlinger: ro.sf.lcd_density must be defined as a build property
01-17 04:55:31.889  1068  1091 D libEGL  : Emulator has host GPU support, qemu.gles is set to 1.
01-17 04:55:31.890  1068  1091 E libEGL  : load_driver(/system/lib/egl/libGLES_emulation.so): dlopen failed: library "/system/lib/egl/libGLES_emulation.so" not found
01-17 04:55:31.890  1068  1091 D libEGL  : loaded /system/lib/egl/libEGL_emulation.so
01-17 04:55:31.891  1068  1091 D libEGL  : loaded /system/lib/egl/libGLESv1_CM_emulation.so
01-17 04:55:31.896  1068  1091 D libEGL  : loaded /system/lib/egl/libGLESv2_emulation.so
01-17 04:55:31.900  1068  1091 D         : HostConnection::get() New Host Connection established 0xadf84100, tid 1091
01-17 04:55:31.901  1068  1091 W         : Process pipe failed
01-17 04:55:31.902  1068  1091 E cutils-trace: Error opening trace file: Permission denied (13)
01-17 04:55:31.902   997  1040 D gralloc_ranchu: gralloc_alloc: format 2 and usage 0x900 imply creation of host color buffer
01-17 04:55:31.902   997  1040 D         : HostConnection::get() New Host Connection established 0xabd9c100, tid 1040
01-17 04:55:31.958   997  1040 D gralloc_ranchu: gralloc_alloc: format 2 and usage 0x900 imply creation of host color buffer
01-17 04:55:31.969   997  1043 D gralloc_ranchu: gralloc_alloc: format 2 and usage 0x900 imply creation of host color buffer
01-17 04:55:31.969   997  1043 D         : HostConnection::get() New Host Connection established 0xac19bb00, tid 1043
01-17 04:55:32.081  1005  1005 D ICU     : No timezone override file found: /data/misc/zoneinfo/current/icu/icu_tzdata.dat
01-17 04:55:32.090  1005  1005 I main    : type=1400 audit(0.0:28): avc: denied { mounton } for path="/" dev="tmpfs" ino=3575 scontext=u:r:zygote:s0 tcontext=u:object_r:tmpfs:s0 tclass=dir permissive=1
01-17 04:55:32.125  1005  1005 E memtrack: Couldn't load memtrack module (No such file or directory)
01-17 04:55:32.125  1005  1005 E android.os.Debug: failed to load memtrack module: -2
01-17 04:55:32.127  1005  1005 I Radio-JNI: register_android_hardware_Radio DONE
01-17 04:55:32.130  1005  1005 I SamplingProfilerIntegration: Profiling disabled.
01-17 04:55:32.130  1005  1005 D Zygote  : begin preload
01-17 04:55:32.130  1005  1005 I Zygote  : Installing ICU cache reference pinning...
01-17 04:55:32.131  1005  1005 I Zygote  : Preloading ICU data...
01-17 04:55:32.146  1005  1005 I Zygote  : Preloading classes...
01-17 04:55:32.147  1005  1005 W Zygote  : Class not found for preloading: [Landroid.view.Display$ColorTransform;
01-17 04:55:32.202  1005  1005 E Typeface: Error mapping font file /system/fonts/DroidSansFallback.ttf
01-17 04:55:32.263  1005  1005 I art     : Thread[1,tid=1005,Native,Thread*=0xaf30b400,peer=0x12c060d0,"main"] recursive attempt to load library "/system/lib/libmedia_jni.so"
01-17 04:55:32.263  1005  1005 D MtpDeviceJNI: register_android_mtp_MtpDevice
01-17 04:55:32.263  1005  1005 I art     : Thread[1,tid=1005,Native,Thread*=0xaf30b400,peer=0x12c060d0,"main"] recursive attempt to load library "/system/lib/libmedia_jni.so"
01-17 04:55:32.264  1005  1005 I art     : Thread[1,tid=1005,Native,Thread*=0xaf30b400,peer=0x12c060d0,"main"] recursive attempt to load library "/system/lib/libmedia_jni.so"
01-17 04:55:32.297  1005  1005 W Zygote  : Class not found for preloading: android.view.Display$ColorTransform
01-17 04:55:32.297  1005  1005 W Zygote  : Class not found for preloading: android.view.Display$ColorTransform$1
01-17 04:55:32.333  1005  1005 I System  : Loaded time zone names for "" in 12ms (12ms in ICU)
01-17 04:55:32.341  1005  1005 I System  : Loaded time zone names for "en_US" in 8ms (4ms in ICU)
01-17 04:55:32.354  1005  1005 I Zygote  : ...preloaded 4158 classes in 208ms.
01-17 04:55:32.354  1005  1005 I art     : VMRuntime.preloadDexCaches starting
01-17 04:55:32.359  1007  1007 V EmulatedCamera_Preview: setPreviewWindow: current: 0x0 -> new: 0xaa0c3150
01-17 04:55:32.359  1007  1007 V EmulatedCamera_Camera: doStopPreview
01-17 04:55:32.359  1007  1007 V EmulatedCamera_Preview: setPreviewWindow: current: 0xaa0c3150 -> new: 0x0
01-17 04:55:32.359  1007  1007 V EmulatedCamera_Camera: releaseCamera
01-17 04:55:32.359  1007  1007 V EmulatedCamera_Camera: doStopPreview
01-17 04:55:32.359  1007  1007 V EmulatedCamera_FakeDevice: disconnectDevice
01-17 04:55:32.359  1007  1007 I CameraFlashlight: Destroying camera 0
01-17 04:55:32.359  1007  1007 V EmulatedCamera_Camera: closeCamera
01-17 04:55:32.359  1007  1007 V EmulatedCamera_Camera: doStopPreview
01-17 04:55:32.359  1007  1007 V EmulatedCamera_Camera: getCameraInfo
01-17 04:55:32.359  1007  1007 V EmulatedCamera_BaseCamera: getCameraInfo
01-17 04:55:32.359  1007  1007 I CameraFlashlight: Opening camera 1
01-17 04:55:32.359  1007  1007 V EmulatedCamera_Camera: getCameraInfo
01-17 04:55:32.359  1007  1007 V EmulatedCamera_BaseCamera: getCameraInfo
01-17 04:55:32.359  1007  1007 V EmulatedCamera_Camera: connectCamera
01-17 04:55:32.359  1007  1007 V EmulatedCamera_FakeDevice: connectDevice
01-17 04:55:32.359  1007  1007 V EmulatedCamera_CallbackNotifier: setCallbacks: 0xaa53c000, 0xaa53c050, 0xaa53c170, 0xaa53c290 (0xaa0c3140)
01-17 04:55:32.359  1007  1007 V EmulatedCamera_Preview: setPreviewWindow: current: 0x0 -> new: 0xaa0c3150
01-17 04:55:32.359  1007  1007 V EmulatedCamera_Camera: doStopPreview
01-17 04:55:32.359  1007  1007 V EmulatedCamera_Preview: setPreviewWindow: current: 0xaa0c3150 -> new: 0x0
01-17 04:55:32.359  1007  1007 V EmulatedCamera_Camera: releaseCamera
01-17 04:55:32.359  1007  1007 V EmulatedCamera_Camera: doStopPreview
01-17 04:55:32.359  1007  1007 V EmulatedCamera_FakeDevice: disconnectDevice
01-17 04:55:32.359  1007  1007 I CameraFlashlight: Destroying camera 1
01-17 04:55:32.359  1007  1007 V EmulatedCamera_Camera: closeCamera
01-17 04:55:32.359  1007  1007 V EmulatedCamera_Camera: doStopPreview
01-17 04:55:32.359  1007  1007 V EmulatedCamera_Camera: getCameraInfo
01-17 04:55:32.359  1007  1007 V EmulatedCamera_BaseCamera: getCameraInfo
01-17 04:55:32.359  1007  1007 V EmulatedCamera_Camera: getCameraInfo
01-17 04:55:32.359  1007  1007 V EmulatedCamera_BaseCamera: getCameraInfo
01-17 04:55:32.359  1007  1007 I ServiceManager: Waiting for service media.camera.proxy...
01-17 04:55:32.383  1005  1005 I art     : VMRuntime.preloadDexCaches strings total=283734 before=39639 after=39639
01-17 04:55:32.383  1005  1005 I art     : VMRuntime.preloadDexCaches types total=23582 before=7877 after=7904
01-17 04:55:32.383  1005  1005 I art     : VMRuntime.preloadDexCaches fields total=112010 before=40900 after=41114
01-17 04:55:32.383  1005  1005 I art     : VMRuntime.preloadDexCaches methods total=197525 before=82451 after=83011
01-17 04:55:32.383  1005  1005 I art     : VMRuntime.preloadDexCaches finished
01-17 04:55:32.383  1005  1005 I Zygote  : Preloading resources...
01-17 04:55:32.393  1005  1005 W Resources: Preloaded drawable resource #0x108025c (android:drawable/dialog_background_material) that varies with configuration!!
01-17 04:55:32.394  1005  1005 W Resources: Preloaded drawable resource #0x1080298 (android:drawable/editbox_dropdown_background_dark) that varies with configuration!!
01-17 04:55:32.395  1005  1005 W Resources: Preloaded color resource #0x10600e2 (android:color/material_grey_800) that varies with configuration!!
01-17 04:55:32.395  1005  1005 W Resources: Preloaded drawable resource #0x10802c9 (android:drawable/floating_popup_background_dark) that varies with configuration!!
01-17 04:55:32.401  1005  1005 W Resources: Preloaded drawable resource #0x108030b (android:drawable/ic_clear_disabled) that varies with configuration!!
01-17 04:55:32.401  1005  1005 W Resources: Preloaded drawable resource #0x1080310 (android:drawable/ic_clear_normal) that varies with configuration!!
01-17 04:55:32.402  1005  1005 W Resources: Preloaded drawable resource #0x1080359 (android:drawable/ic_go) that varies with configuration!!
01-17 04:55:32.403  1005  1005 W Resources: Preloaded drawable resource #0x1080038 (android:drawable/ic_menu_close_clear_cancel) that varies with configuration!!
01-17 04:55:32.404  1005  1005 W Resources: Preloaded drawable resource #0x1080045 (android:drawable/ic_menu_more) that varies with configuration!!
01-17 04:55:32.413  1005  1005 W Resources: Preloaded drawable resource #0x10804e8 (android:drawable/menu_background_fill_parent_width) that varies with configuration!!
01-17 04:55:32.426  1005  1005 W Resources: Preloaded drawable resource #0x108077e (android:drawable/text_edit_paste_window) that varies with configuration!!
01-17 04:55:32.427  1005  1005 W Resources: Preloaded drawable resource #0x1080096 (android:drawable/toast_frame) that varies with configuration!!
01-17 04:55:32.427  1005  1005 I Zygote  : ...preloaded 114 resources in 44ms.
01-17 04:55:32.428  1005  1005 W Resources: Preloaded color resource #0x106010b (android:color/background_cache_hint_selector_material_dark) that varies with configuration!!
01-17 04:55:32.428  1005  1005 W Resources: Preloaded color resource #0x1060110 (android:color/btn_default_material_dark) that varies with configuration!!
01-17 04:55:32.429  1005  1005 I Zygote  : ...preloaded 41 resources in 2ms.
01-17 04:55:32.429  1005  1005 D libEGL  : Emulator has host GPU support, qemu.gles is set to 1.
01-17 04:55:32.429  1005  1005 E libEGL  : load_driver(/system/lib/egl/libGLES_emulation.so): dlopen failed: library "/system/lib/egl/libGLES_emulation.so" not found
01-17 04:55:32.430  1005  1005 D libEGL  : loaded /system/lib/egl/libEGL_emulation.so
01-17 04:55:32.430  1005  1005 D libEGL  : loaded /system/lib/egl/libGLESv1_CM_emulation.so
01-17 04:55:32.435  1005  1005 D libEGL  : loaded /system/lib/egl/libGLESv2_emulation.so
01-17 04:55:32.440  1005  1005 I Zygote  : Preloading shared libraries...
01-17 04:55:32.444  1005  1005 I Zygote  : Uninstalled ICU cache reference pinning...
01-17 04:55:32.445  1005  1005 I Zygote  : Installed AndroidKeyStoreProvider in 1ms.
01-17 04:55:32.452  1005  1005 I Zygote  : Warmed up JCA providers in 7ms.
01-17 04:55:32.452  1005  1005 D Zygote  : end preload
01-17 04:55:32.452  1005  1005 I art     : Starting a blocking GC Explicit
01-17 04:55:32.457  1005  1005 I art     : Explicit concurrent mark sweep GC freed 7512(412KB) AllocSpace objects, 0(0B) LOS objects, 57% free, 2MB/6MB, paused 36us total 4.201ms
01-17 04:55:32.461  1005  1005 I art     : Starting a blocking GC Explicit
01-17 04:55:32.465  1005  1005 I art     : Explicit concurrent mark sweep GC freed 1739(75KB) AllocSpace objects, 1(24KB) LOS objects, 58% free, 2MB/6MB, paused 34us total 3.180ms
01-17 04:55:32.465  1005  1132 I art     : Starting a blocking GC HeapTrim
01-17 04:55:32.470  1005  1005 I art     : Starting a blocking GC Background
01-17 04:55:32.481  1005  1005 I Zygote  : System server process 1210 has been created
01-17 04:55:32.481  1005  1005 I Zygote  : Accepting command socket connections
01-17 04:55:32.481  1210  1210 E Zygote  : Failed open(/android/sys/kernel/debug/tracing/trace_marker, 1) : No such file or directory
01-17 04:55:32.482  1210  1210 F art     : art/runtime/jni_internal.cc:492] JNI FatalError called: frameworks/base/core/jni/com_android_internal_os_Zygote.cpp:485: Unable to reopen whitelisted descriptors.
01-17 04:55:32.487  1210  1210 F art     : art/runtime/runtime.cc:422] Runtime aborting...
01-17 04:55:32.487  1210  1210 F art     : art/runtime/runtime.cc:422] Aborting thread:
01-17 04:55:32.487  1210  1210 F art     : art/runtime/runtime.cc:422] "main" prio=5 tid=1 Runnable
01-17 04:55:32.487  1210  1210 F art     : art/runtime/runtime.cc:422]   | group="" sCount=0 dsCount=0 obj=0x742424f0 self=0xaf30b400
01-17 04:55:32.487  1210  1210 F art     : art/runtime/runtime.cc:422]   | sysTid=1005 nice=0 cgrp=default sched=0/0 handle=0xb375d534
01-17 04:55:32.487  1210  1210 F art     : art/runtime/runtime.cc:422]   | state=? schedstat=( 0 0 0 ) utm=0 stm=0 core=0 HZ=100
01-17 04:55:32.487  1210  1210 F art     : art/runtime/runtime.cc:422]   | stack=0xbf2c3000-0xbf2c5000 stackSize=8MB
01-17 04:55:32.487  1210  1210 F art     : art/runtime/runtime.cc:422]   | held mutexes= "abort lock" "mutator lock"(shared held)
01-17 04:55:32.487  1210  1210 F art     : art/runtime/runtime.cc:422]   kernel: (couldn't read /proc/self/task/1005/stack)
01-17 04:55:32.487  1210  1210 F art     : art/runtime/runtime.cc:422]   native: (backtrace::Unwind failed for thread 1005: Thread doesn't exist)
01-17 04:55:32.487  1210  1210 F art     : art/runtime/runtime.cc:422]   at com.android.internal.os.Zygote.nativeForkSystemServer(Native method)
01-17 04:55:32.487  1210  1210 F art     : art/runtime/runtime.cc:422]   at com.android.internal.os.Zygote.forkSystemServer(Zygote.java:139)
01-17 04:55:32.487  1210  1210 F art     : art/runtime/runtime.cc:422]   at com.android.internal.os.ZygoteInit.startSystemServer(ZygoteInit.java:673)
01-17 04:55:32.487  1210  1210 F art     : art/runtime/runtime.cc:422]   at com.android.internal.os.ZygoteInit.main(ZygoteInit.java:769)
01-17 04:55:32.487  1210  1210 F art     : art/runtime/runtime.cc:422] Dumping all threads without appropriate locks held: thread list lock
01-17 04:55:32.487  1210  1210 F art     : art/runtime/runtime.cc:422] All threads:
01-17 04:55:32.487  1210  1210 F art     : art/runtime/runtime.cc:422] DALVIK THREADS (1):
01-17 04:55:32.487  1210  1210 F art     : art/runtime/runtime.cc:422] "main" prio=5 tid=1 Runnable
01-17 04:55:32.487  1210  1210 F art     : art/runtime/runtime.cc:422]   | group="" sCount=0 dsCount=0 obj=0x742424f0 self=0xaf30b400
01-17 04:55:32.487  1210  1210 F art     : art/runtime/runtime.cc:422]   | sysTid=1005 nice=0 cgrp=default sched=0/0 handle=0xb375d534
01-17 04:55:32.487  1210  1210 F art     : art/runtime/runtime.cc:422]   | state=? schedstat=( 0 0 0 ) utm=0 stm=0 core=0 HZ=100
01-17 04:55:32.487  1210  1210 F art     : art/runtime/runtime.cc:422]   | stack=0xbf2c3000-0xbf2c5000 stackSize=8MB
01-17 04:55:32.487  1210  1210 F art     : art/runtime/runtime.cc:422]   | held mutexes= "abort lock" "mutator lock"(shared held)
01-17 04:55:32.487  1210  1210 F art     : art/runtime/runtime.cc:422]   kernel: (couldn't read /proc/self/task/1005/stack)
01-17 04:55:32.487  1210  1210 F art     : art/runtime/runtime.cc:422]   native: (backtrace::Unwind failed for thread 1005: Thread doesn't exist)
01-17 04:55:32.487  1210  1210 F art     : art/runtime/runtime.cc:422]   at com.android.internal.os.Zygote.nativeForkSystemServer(Native method)
01-17 04:55:32.487  1210  1210 F art     : art/runtime/runtime.cc:422]   at com.android.internal.os.Zygote.forkSystemServer(Zygote.java:139)
01-17 04:55:32.487  1210  1210 F art     : art/runtime/runtime.cc:422]   at com.android.internal.os.ZygoteInit.startSystemServer(ZygoteInit.java:673)
01-17 04:55:32.487  1210  1210 F art     : art/runtime/runtime.cc:422]   at com.android.internal.os.ZygoteInit.main(ZygoteInit.java:769)
01-17 04:55:32.487  1210  1210 F art     : art/runtime/runtime.cc:422] 
01-17 04:55:32.487  1210  1210 F art     : art/runtime/runtime.cc:422] 
--------- beginning of crash
01-17 04:55:32.487  1210  1210 F libc    : Fatal signal 6 (SIGABRT), code -6 in tid 1210 (main)
01-17 04:55:32.487   982   982 W         : debuggerd: handling request: pid=1210 uid=0 gid=0 tid=1210
01-17 04:55:32.490  1216  1216 E         : debuggerd: Unable to connect to activity manager (connect failed: Connection refused)
01-17 04:55:32.491  1216  1216 F DEBUG   : *** *** *** *** *** *** *** *** *** *** *** *** *** *** *** ***
01-17 04:55:32.491  1216  1216 F DEBUG   : Build fingerprint: 'x86emu_x86/x86emu_x86/x86emu:7.1.1/NMF26O/sgye01142037:eng/test-keys'
01-17 04:55:32.491  1216  1216 F DEBUG   : Revision: '0'
01-17 04:55:32.491  1216  1216 F DEBUG   : ABI: 'x86'
01-17 04:55:32.491  1216  1216 F DEBUG   : pid: 1210, tid: 1210, name: main  >>> zygote <<<
01-17 04:55:32.491  1216  1216 F DEBUG   : signal 6 (SIGABRT), code -6 (SI_TKILL), fault addr --------
01-17 04:55:32.492  1216  1216 F DEBUG   : Abort message: 'art/runtime/jni_internal.cc:492] JNI FatalError called: frameworks/base/core/jni/com_android_internal_os_Zygote.cpp:485: Unable to reopen whitelisted descriptors.'
01-17 04:55:32.492  1216  1216 F DEBUG   :     eax 00000000  ebx 000004ba  ecx 000004ba  edx 00000006
01-17 04:55:32.492  1216  1216 F DEBUG   :     esi b375d58c  edi b375d534
01-17 04:55:32.492  1216  1216 F DEBUG   :     xcs 00000073  xds 0000007b  xes 0000007b  xfs 0000003b  xss 0000007b
01-17 04:55:32.492  1216  1216 F DEBUG   :     eip b3689424  ebp bfabe828  esp bfabe7cc  flags 00000296
01-17 04:55:32.612  1015  1015 I iptables: iptables v1.4.20: can't initialize iptables table `nat': Table does not exist (do you need to insmod?)
01-17 04:55:32.612  1015  1015 I iptables: Perhaps iptables or your kernel needs to be upgraded.
01-17 04:55:32.620  1015  1015 I iptables: iptables terminated by exit(3)
01-17 04:55:32.620  1015  1015 E Netd    : exec() res=0, status=768 for /system/bin/iptables -w -t nat -N oem_nat_pre 
01-17 04:55:32.622  1015  1015 I iptables: iptables v1.4.20: can't initialize iptables table `nat': Table does not exist (do you need to insmod?)
01-17 04:55:32.622  1015  1015 I iptables: Perhaps iptables or your kernel needs to be upgraded.
01-17 04:55:32.630  1015  1015 I iptables: iptables terminated by exit(3)
01-17 04:55:32.630  1015  1015 E Netd    : exec() res=0, status=768 for /system/bin/iptables -w -t nat -A PREROUTING -j oem_nat_pre 
01-17 04:55:32.669  1015  1015 I iptables: iptables v1.4.20: can't initialize iptables table `nat': Table does not exist (do you need to insmod?)
01-17 04:55:32.669  1015  1015 I iptables: Perhaps iptables or your kernel needs to be upgraded.
01-17 04:55:32.680  1015  1015 I iptables: iptables terminated by exit(3)
01-17 04:55:32.680  1015  1015 E Netd    : exec() res=0, status=768 for /system/bin/iptables -w -t nat -N natctrl_nat_POSTROUTING 
01-17 04:55:32.682  1015  1015 I iptables: iptables v1.4.20: can't initialize iptables table `nat': Table does not exist (do you need to insmod?)
01-17 04:55:32.682  1015  1015 I iptables: Perhaps iptables or your kernel needs to be upgraded.
01-17 04:55:32.688  1216  1216 F DEBUG   : 
01-17 04:55:32.688  1216  1216 F DEBUG   : backtrace:
01-17 04:55:32.688  1216  1216 F DEBUG   :     #00 pc ffffe424  [vdso:b3689000] (__kernel_vsyscall+16)
01-17 04:55:32.688  1216  1216 F DEBUG   :     #01 pc 0007a0dc  /system/lib/libc.so (tgkill+28)
01-17 04:55:32.688  1216  1216 F DEBUG   :     #02 pc 00075925  /system/lib/libc.so (pthread_kill+85)
01-17 04:55:32.688  1216  1216 F DEBUG   :     #03 pc 0002785a  /system/lib/libc.so (raise+42)
01-17 04:55:32.688  1216  1216 F DEBUG   :     #04 pc 0001ee36  /system/lib/libc.so (abort+86)
01-17 04:55:32.688  1216  1216 F DEBUG   :     #05 pc 005183c5  /system/lib/libart.so (_ZN3art7Runtime5AbortEPKc+565)
01-17 04:55:32.688  1216  1216 F DEBUG   :     #06 pc 0011a5b3  /system/lib/libart.so (_ZN3art10LogMessageD1Ev+1747)
01-17 04:55:32.688  1216  1216 F DEBUG   :     #07 pc 003d8650  /system/lib/libart.so (_ZN3art3JNI10FatalErrorEP7_JNIEnvPKc+176)
01-17 04:55:32.688  1216  1216 F DEBUG   :     #08 pc 0012c4c1  /system/lib/libart.so (_ZN3art8CheckJNI10FatalErrorEP7_JNIEnvPKc+993)
01-17 04:55:32.688  1216  1216 F DEBUG   :     #09 pc 001476e5  /system/lib/libandroid_runtime.so
01-17 04:55:32.688  1216  1216 F DEBUG   :     #10 pc 00149509  /system/lib/libandroid_runtime.so
01-17 04:55:32.688  1216  1216 F DEBUG   :     #11 pc 0014a7ca  /system/lib/libandroid_runtime.so
01-17 04:55:32.688  1216  1216 F DEBUG   :     #12 pc 0237cc88  /system/framework/x86/boot-framework.oat (offset 0x1584000) (com.android.internal.os.Zygote.nativeForkSystemServer+228)
01-17 04:55:32.688  1216  1216 F DEBUG   :     #13 pc 0237c95c  /system/framework/x86/boot-framework.oat (offset 0x1584000) (com.android.internal.os.Zygote.forkSystemServer+152)
01-17 04:55:32.688  1216  1216 F DEBUG   :     #14 pc 023845de  /system/framework/x86/boot-framework.oat (offset 0x1584000) (com.android.internal.os.ZygoteInit.startSystemServer+938)
01-17 04:55:32.688  1216  1216 F DEBUG   :     #15 pc 023815d4  /system/framework/x86/boot-framework.oat (offset 0x1584000) (com.android.internal.os.ZygoteInit.main+1120)
01-17 04:55:32.688  1216  1216 F DEBUG   :     #16 pc 00109432  /system/lib/libart.so (art_quick_invoke_static_stub+418)
01-17 04:55:32.688  1216  1216 F DEBUG   :     #17 pc 00112de9  /system/lib/libart.so (_ZN3art9ArtMethod6InvokeEPNS_6ThreadEPjjPNS_6JValueEPKc+313)
01-17 04:55:32.688  1216  1216 F DEBUG   :     #18 pc 005105d5  /system/lib/libart.so (_ZN3artL18InvokeWithArgArrayERKNS_33ScopedObjectAccessAlreadyRunnableEPNS_9ArtMethodEPNS_8ArgArrayEPNS_6JValueEPKc+101)
01-17 04:55:32.688  1216  1216 F DEBUG   :     #19 pc 00510299  /system/lib/libart.so (_ZN3art17InvokeWithVarArgsERKNS_33ScopedObjectAccessAlreadyRunnableEP8_jobjectP10_jmethodIDPc+393)
01-17 04:55:32.688  1216  1216 F DEBUG   :     #20 pc 003f807e  /system/lib/libart.so (_ZN3art3JNI21CallStaticVoidMethodVEP7_JNIEnvP7_jclassP10_jmethodIDPc+958)
01-17 04:55:32.688  1216  1216 F DEBUG   :     #21 pc 001417d1  /system/lib/libart.so (_ZN3art8CheckJNI11CallMethodVEPKcP7_JNIEnvP8_jobjectP7_jclassP10_jmethodIDPcNS_9Primitive4TypeENS_10InvokeTypeE+4513)
01-17 04:55:32.688  1216  1216 F DEBUG   :     #22 pc 00132f8c  /system/lib/libart.so (_ZN3art8CheckJNI21CallStaticVoidMethodVEP7_JNIEnvP7_jclassP10_jmethodIDPc+108)
01-17 04:55:32.688  1216  1216 F DEBUG   :     #23 pc 00070181  /system/lib/libandroid_runtime.so (_ZN7_JNIEnv20CallStaticVoidMethodEP7_jclassP10_jmethodIDz+41)
01-17 04:55:32.688  1216  1216 F DEBUG   :     #24 pc 00073a3e  /system/lib/libandroid_runtime.so (_ZN7android14AndroidRuntime5startEPKcRKNS_6VectorINS_7String8EEEb+782)
01-17 04:55:32.688  1216  1216 F DEBUG   :     #25 pc 00001b55  /system/bin/app_process32
01-17 04:55:32.688  1216  1216 F DEBUG   :     #26 pc 0001532c  /system/lib/libc.so (__libc_init+108)
01-17 04:55:32.688  1216  1216 F DEBUG   :     #27 pc 0000144c  /system/bin/app_process32
01-17 04:55:32.688  1216  1216 F DEBUG   :     #28 pc 00000004  <unknown>
01-17 04:55:32.688  1015  1015 I iptables: iptables terminated by exit(3)
01-17 04:55:32.688  1015  1015 E Netd    : exec() res=0, status=768 for /system/bin/iptables -w -t nat -A POSTROUTING -j natctrl_nat_POSTROUTING 
01-17 04:55:32.708  1005  1005 I Zygote  : Process 1210 exited due to signal (6)
01-17 04:55:32.708  1005  1005 E Zygote  : Exit zygote because system server (1210) has terminated
01-17 04:55:32.711   982   982 W         : debuggerd: resuming target 1210
01-17 04:55:32.711   982   982 E         : debuggerd: failed to send signal 18 to target: No such process
01-17 04:55:32.736   996   996 I ServiceManager: service 'media.audio_flinger' died
01-17 04:55:32.736   996   996 I ServiceManager: service 'media.audio_policy' died
01-17 04:55:32.736   996   996 I ServiceManager: service 'media.sound_trigger_hw' died
01-17 04:55:32.736   996   996 I ServiceManager: service 'media.radio' died
01-17 04:55:32.784   996   996 I ServiceManager: service 'media.player' died
01-17 04:55:32.784   996   996 I ServiceManager: service 'media.resource_manager' died
01-17 04:55:36.800  1253  1253 I audioserver: type=1400 audit(0.0:29): avc: denied { getattr } for path="/vendor" dev="tmpfs" ino=3620 scontext=u:r:audioserver:s0 tcontext=u:object_r:tmpfs:s0 tclass=lnk_file permissive=1
01-17 04:55:36.800  1254  1254 I cameraserver: type=1400 audit(0.0:30): avc: denied { getattr } for path="/vendor" dev="tmpfs" ino=3620 scontext=u:r:cameraserver:s0 tcontext=u:object_r:tmpfs:s0 tclass=lnk_file permissive=1
01-17 04:55:36.800  1254  1254 I cameraserver: type=1400 audit(0.0:31): avc: denied { read } for name="vendor" dev="tmpfs" ino=3620 scontext=u:r:cameraserver:s0 tcontext=u:object_r:tmpfs:s0 tclass=lnk_file permissive=1
01-17 04:55:36.813  1256  1256 I Netd    : Netd 1.0 starting
01-17 04:55:36.813  1256  1256 D TetherController: Setting IP forward enable = 0
01-17 04:55:36.898  1253  1253 I         : sMaxFastTracks = 8
01-17 04:55:36.910  1254  1254 I cameraserver: ServiceManager: 0xb161afe0
01-17 04:55:36.910  1254  1254 I CameraService: CameraService started (pid=1254)
01-17 04:55:36.910  1254  1254 I CameraService: CameraService process starting
01-17 04:55:36.910  1254  1254 W BatteryNotifier: batterystats service unavailable!
01-17 04:55:36.910  1254  1254 W BatteryNotifier: batterystats service unavailable!
01-17 04:55:36.910  1254  1254 D EmulatedCamera_QemuClient: Emulated camera list: 
01-17 04:55:36.910  1254  1254 D EmulatedCamera_FakeCamera: Initialize: Fake camera is facing back
01-17 04:55:36.910  1254  1254 V EmulatedCamera_Device: initializeWhiteBalanceModes with auto, 1.000000, 1.000000
01-17 04:55:36.910  1254  1254 V EmulatedCamera_Device: initializeWhiteBalanceModes with incandescent, 1.380000, 0.600000
01-17 04:55:36.910  1254  1254 V EmulatedCamera_Device: initializeWhiteBalanceModes with daylight, 1.090000, 0.920000
