01-17 04:55:42.460  1514  1514 F art     : art/runtime/runtime.cc:422]   native: (backtrace::Unwind failed for thread 1426: Thread doesn't exist)
01-17 04:55:42.460  1514  1514 F art     : art/runtime/runtime.cc:422]   at com.android.internal.os.Zygote.nativeForkSystemServer(Native method)
01-17 04:55:42.460  1514  1514 F art     : art/runtime/runtime.cc:422]   at com.android.internal.os.Zygote.forkSystemServer(Zygote.java:139)
01-17 04:55:42.460  1514  1514 F art     : art/runtime/runtime.cc:422]   at com.android.internal.os.ZygoteInit.startSystemServer(ZygoteInit.java:673)
01-17 04:55:42.460  1514  1514 F art     : art/runtime/runtime.cc:422]   at com.android.internal.os.ZygoteInit.main(ZygoteInit.java:769)
01-17 04:55:42.460  1514  1514 F art     : art/runtime/runtime.cc:422] Dumping all threads without appropriate locks held: thread list lock
01-17 04:55:42.460  1514  1514 F art     : art/runtime/runtime.cc:422] All threads:
01-17 04:55:42.460  1514  1514 F art     : art/runtime/runtime.cc:422] DALVIK THREADS (1):
01-17 04:55:42.460  1514  1514 F art     : art/runtime/runtime.cc:422] "main" prio=5 tid=1 Runnable
01-17 04:55:42.460  1514  1514 F art     : art/runtime/runtime.cc:422]   | group="" sCount=0 dsCount=0 obj=0x742424f0 self=0xb338b400
01-17 04:55:42.460  1514  1514 F art     : art/runtime/runtime.cc:422]   | sysTid=1426 nice=0 cgrp=default sched=0/0 handle=0xb77cd534
01-17 04:55:42.460  1514  1514 F art     : art/runtime/runtime.cc:422]   | state=? schedstat=( 0 0 0 ) utm=0 stm=0 core=0 HZ=100
01-17 04:55:42.460  1514  1514 F art     : art/runtime/runtime.cc:422]   | stack=0xbf4e1000-0xbf4e3000 stackSize=8MB
01-17 04:55:42.460  1514  1514 F art     : art/runtime/runtime.cc:422]   | held mutexes= "abort lock" "mutator lock"(shared held)
01-17 04:55:42.460  1514  1514 F art     : art/runtime/runtime.cc:422]   kernel: (couldn't read /proc/self/task/1426/stack)
01-17 04:55:42.460  1514  1514 F art     : art/runtime/runtime.cc:422]   native: (backtrace::Unwind failed for thread 1426: Thread doesn't exist)
01-17 04:55:42.460  1514  1514 F art     : art/runtime/runtime.cc:422]   at com.android.internal.os.Zygote.nativeForkSystemServer(Native method)
01-17 04:55:42.460  1514  1514 F art     : art/runtime/runtime.cc:422]   at com.android.internal.os.Zygote.forkSystemServer(Zygote.java:139)
01-17 04:55:42.460  1514  1514 F art     : art/runtime/runtime.cc:422]   at com.android.internal.os.ZygoteInit.startSystemServer(ZygoteInit.java:673)
01-17 04:55:42.460  1514  1514 F art     : art/runtime/runtime.cc:422]   at com.android.internal.os.ZygoteInit.main(ZygoteInit.java:769)
01-17 04:55:42.460  1514  1514 F art     : art/runtime/runtime.cc:422] 
01-17 04:55:42.460  1514  1514 F art     : art/runtime/runtime.cc:422] 
01-17 04:55:42.460  1514  1514 F libc    : Fatal signal 6 (SIGABRT), code -6 in tid 1514 (main)
01-17 04:55:42.460   982   982 W         : debuggerd: handling request: pid=1514 uid=0 gid=0 tid=1514
01-17 04:55:42.463  1520  1520 E         : debuggerd: Unable to connect to activity manager (connect failed: Connection refused)
01-17 04:55:42.513  1520  1520 F DEBUG   : *** *** *** *** *** *** *** *** *** *** *** *** *** *** *** ***
01-17 04:55:42.513  1520  1520 F DEBUG   : Build fingerprint: 'x86emu_x86/x86emu_x86/x86emu:7.1.1/NMF26O/sgye01142037:eng/test-keys'
01-17 04:55:42.513  1520  1520 F DEBUG   : Revision: '0'
01-17 04:55:42.513  1520  1520 F DEBUG   : ABI: 'x86'
01-17 04:55:42.513  1520  1520 F DEBUG   : pid: 1514, tid: 1514, name: main  >>> zygote <<<
01-17 04:55:42.513  1520  1520 F DEBUG   : signal 6 (SIGABRT), code -6 (SI_TKILL), fault addr --------
01-17 04:55:42.514  1520  1520 F DEBUG   : Abort message: 'art/runtime/jni_internal.cc:492] JNI FatalError called: frameworks/base/core/jni/com_android_internal_os_Zygote.cpp:485: Unable to reopen whitelisted descriptors.'
01-17 04:55:42.514  1520  1520 F DEBUG   :     eax 00000000  ebx 000005ea  ecx 000005ea  edx 00000006
01-17 04:55:42.514  1520  1520 F DEBUG   :     esi b77cd58c  edi b77cd534
01-17 04:55:42.514  1520  1520 F DEBUG   :     xcs 00000073  xds 0000007b  xes 0000007b  xfs 0000003b  xss 0000007b
01-17 04:55:42.514  1520  1520 F DEBUG   :     eip b76f9424  ebp bfcdd248  esp bfcdd1ec  flags 00000296
01-17 04:55:42.786  1520  1520 F DEBUG   : 
01-17 04:55:42.786  1520  1520 F DEBUG   : backtrace:
01-17 04:55:42.786  1520  1520 F DEBUG   :     #00 pc ffffe424  [vdso:b76f9000] (__kernel_vsyscall+16)
01-17 04:55:42.786  1520  1520 F DEBUG   :     #01 pc 0007a0dc  /system/lib/libc.so (tgkill+28)
01-17 04:55:42.786  1520  1520 F DEBUG   :     #02 pc 00075925  /system/lib/libc.so (pthread_kill+85)
01-17 04:55:42.786  1520  1520 F DEBUG   :     #03 pc 0002785a  /system/lib/libc.so (raise+42)
01-17 04:55:42.786  1520  1520 F DEBUG   :     #04 pc 0001ee36  /system/lib/libc.so (abort+86)
01-17 04:55:42.786  1520  1520 F DEBUG   :     #05 pc 005183c5  /system/lib/libart.so (_ZN3art7Runtime5AbortEPKc+565)
01-17 04:55:42.786  1520  1520 F DEBUG   :     #06 pc 0011a5b3  /system/lib/libart.so (_ZN3art10LogMessageD1Ev+1747)
01-17 04:55:42.786  1520  1520 F DEBUG   :     #07 pc 003d8650  /system/lib/libart.so (_ZN3art3JNI10FatalErrorEP7_JNIEnvPKc+176)
01-17 04:55:42.786  1520  1520 F DEBUG   :     #08 pc 0012c4c1  /system/lib/libart.so (_ZN3art8CheckJNI10FatalErrorEP7_JNIEnvPKc+993)
01-17 04:55:42.786  1520  1520 F DEBUG   :     #09 pc 001476e5  /system/lib/libandroid_runtime.so
01-17 04:55:42.786  1520  1520 F DEBUG   :     #10 pc 00149509  /system/lib/libandroid_runtime.so
01-17 04:55:42.786  1520  1520 F DEBUG   :     #11 pc 0014a7ca  /system/lib/libandroid_runtime.so
01-17 04:55:42.786  1520  1520 F DEBUG   :     #12 pc 0237cc88  /system/framework/x86/boot-framework.oat (offset 0x1584000) (com.android.internal.os.Zygote.nativeForkSystemServer+228)
01-17 04:55:42.786  1520  1520 F DEBUG   :     #13 pc 0237c95c  /system/framework/x86/boot-framework.oat (offset 0x1584000) (com.android.internal.os.Zygote.forkSystemServer+152)
01-17 04:55:42.786  1520  1520 F DEBUG   :     #14 pc 023845de  /system/framework/x86/boot-framework.oat (offset 0x1584000) (com.android.internal.os.ZygoteInit.startSystemServer+938)
01-17 04:55:42.786  1520  1520 F DEBUG   :     #15 pc 023815d4  /system/framework/x86/boot-framework.oat (offset 0x1584000) (com.android.internal.os.ZygoteInit.main+1120)
01-17 04:55:42.786  1520  1520 F DEBUG   :     #16 pc 00109432  /system/lib/libart.so (art_quick_invoke_static_stub+418)
01-17 04:55:42.786  1520  1520 F DEBUG   :     #17 pc 00112de9  /system/lib/libart.so (_ZN3art9ArtMethod6InvokeEPNS_6ThreadEPjjPNS_6JValueEPKc+313)
01-17 04:55:42.786  1520  1520 F DEBUG   :     #18 pc 005105d5  /system/lib/libart.so (_ZN3artL18InvokeWithArgArrayERKNS_33ScopedObjectAccessAlreadyRunnableEPNS_9ArtMethodEPNS_8ArgArrayEPNS_6JValueEPKc+101)
01-17 04:55:42.786  1520  1520 F DEBUG   :     #19 pc 00510299  /system/lib/libart.so (_ZN3art17InvokeWithVarArgsERKNS_33ScopedObjectAccessAlreadyRunnableEP8_jobjectP10_jmethodIDPc+393)
01-17 04:55:42.786  1520  1520 F DEBUG   :     #20 pc 003f807e  /system/lib/libart.so (_ZN3art3JNI21CallStaticVoidMethodVEP7_JNIEnvP7_jclassP10_jmethodIDPc+958)
01-17 04:55:42.786  1520  1520 F DEBUG   :     #21 pc 001417d1  /system/lib/libart.so (_ZN3art8CheckJNI11CallMethodVEPKcP7_JNIEnvP8_jobjectP7_jclassP10_jmethodIDPcNS_9Primitive4TypeENS_10InvokeTypeE+4513)
01-17 04:55:42.786  1520  1520 F DEBUG   :     #22 pc 00132f8c  /system/lib/libart.so (_ZN3art8CheckJNI21CallStaticVoidMethodVEP7_JNIEnvP7_jclassP10_jmethodIDPc+108)
01-17 04:55:42.786  1520  1520 F DEBUG   :     #23 pc 00070181  /system/lib/libandroid_runtime.so (_ZN7_JNIEnv20CallStaticVoidMethodEP7_jclassP10_jmethodIDz+41)
01-17 04:55:42.786  1520  1520 F DEBUG   :     #24 pc 00073a3e  /system/lib/libandroid_runtime.so (_ZN7android14AndroidRuntime5startEPKcRKNS_6VectorINS_7String8EEEb+782)
01-17 04:55:42.786  1520  1520 F DEBUG   :     #25 pc 00001b55  /system/bin/app_process32
01-17 04:55:42.786  1520  1520 F DEBUG   :     #26 pc 0001532c  /system/lib/libc.so (__libc_init+108)
01-17 04:55:42.786  1520  1520 F DEBUG   :     #27 pc 0000144c  /system/bin/app_process32
01-17 04:55:42.786  1520  1520 F DEBUG   :     #28 pc 00000004  <unknown>
01-17 04:55:42.809  1426  1426 I Zygote  : Process 1514 exited due to signal (6)
01-17 04:55:42.809  1426  1426 E Zygote  : Exit zygote because system server (1514) has terminated
01-17 04:55:42.810   982   982 W         : debuggerd: resuming target 1514
01-17 04:55:42.810   982   982 E         : debuggerd: failed to send signal 18 to target: No such process
01-17 04:55:42.844   996   996 I ServiceManager: service 'media.audio_flinger' died
01-17 04:55:42.844   996   996 I ServiceManager: service 'media.audio_policy' died
01-17 04:55:42.844   996   996 I ServiceManager: service 'media.radio' died
01-17 04:55:42.844   996   996 I ServiceManager: service 'media.sound_trigger_hw' died
01-17 04:55:42.845   996   996 I ServiceManager: service 'media.player' died
01-17 04:55:42.845   996   996 I ServiceManager: service 'media.resource_manager' died
01-17 04:55:46.861  1570  1570 I Netd    : Netd 1.0 starting
01-17 04:55:46.861  1570  1570 D TetherController: Setting IP forward enable = 0
01-17 04:55:46.927  1567  1567 I         : sMaxFastTracks = 8
01-17 04:55:46.940  1567  1567 I audioserver: ServiceManager: 0xb4b9afe0
01-17 04:55:46.940  1567  1567 W BatteryNotifier: batterystats service unavailable!
01-17 04:55:46.940  1567  1567 I AudioFlinger: Using default 3000 mSec as standby time.
01-17 04:55:46.940  1567  1567 I AudioPolicyService: AudioPolicyService CSTOR in new mode
01-17 04:55:46.940  1567  1567 I APM::ConfigParsingUtils: loadAudioPolicyConfig() loaded /system/etc/audio_policy.conf
01-17 04:55:46.940  1567  1567 I AudioFlinger: loadHwModule() Loaded primary audio interface from Generic audio HW HAL (audio) handle 10
01-17 04:55:46.940  1567  1567 I AudioFlinger: openOutput(), module 10 Device 2, SamplingRate 44100, Format 0x000001, Channels 3, flags 2
01-17 04:55:46.940  1567  1567 I AudioFlinger: HAL output buffer size 1024 frames, normal sink buffer size 1024 frames
01-17 04:55:46.941  1567  1567 I BufferProvider: found effect "Multichannel Downmix To Stereo" from The Android Open Source Project
01-17 04:55:46.941  1567  1567 I AudioFlinger: Using module 10 has the primary audio interface
01-17 04:55:46.941  1567  1578 I AudioFlinger: AudioFlinger's thread 0xb4703e40 ready to run
01-17 04:55:46.941  1567  1578 W BatteryNotifier: batterystats service unavailable!
01-17 04:55:46.941  1567  1578 W BatteryNotifier: batterystats service unavailable!
01-17 04:55:46.941  1567  1578 W BatteryNotifier: batterystats service unavailable!
01-17 04:55:46.941  1567  1578 W AudioFlinger: no wake lock to update, system not ready yet
01-17 04:55:46.941  1567  1578 E cutils-trace: Error opening trace file: Permission denied (13)
01-17 04:55:46.941  1567  1567 E audio_hw_generic: Error opening input stream format 1, channel_mask 0010, sample_rate 16000
01-17 04:55:46.950  1567  1580 I AudioFlinger: AudioFlinger's thread 0xb4503a00 ready to run
01-17 04:55:46.950  1567  1567 E AudioFlinger: int android::load_audio_interface(const char *, audio_hw_device_t **) couldn't load audio hw module audio.r_submix (No such file or directory)
01-17 04:55:46.950  1567  1567 E AudioFlinger: loadHwModule() error -2 loading module r_submix
01-17 04:55:46.950  1567  1567 W APM_AudioPolicyManager: could not open HW module r_submix
01-17 04:55:46.950  1567  1567 W APM_AudioPolicyManager: Input device 80000100 unreachable
01-17 04:55:46.950  1567  1567 I RadioService: RadioService
01-17 04:55:46.950  1567  1567 I RadioService: onFirstRef
01-17 04:55:46.950  1567  1567 E RadioService: couldn't load radio module radio.primary (No such file or directory)
01-17 04:55:46.950  1567  1567 E SoundTriggerHwService: couldn't load sound trigger module sound_trigger.primary (No such file or directory)
01-17 04:55:46.950  1568  1568 I cameraserver: ServiceManager: 0xb171afe0
01-17 04:55:46.950  1568  1568 I CameraService: CameraService started (pid=1568)
01-17 04:55:46.950  1568  1568 I CameraService: CameraService process starting
01-17 04:55:46.951  1568  1568 W BatteryNotifier: batterystats service unavailable!
01-17 04:55:46.951  1568  1568 W BatteryNotifier: batterystats service unavailable!
01-17 04:55:46.951  1568  1568 D EmulatedCamera_QemuClient: Emulated camera list: 
01-17 04:55:46.951  1568  1568 D EmulatedCamera_FakeCamera: Initialize: Fake camera is facing back
01-17 04:55:46.951  1568  1568 V EmulatedCamera_Device: initializeWhiteBalanceModes with auto, 1.000000, 1.000000
01-17 04:55:46.951  1568  1568 V EmulatedCamera_Device: initializeWhiteBalanceModes with incandescent, 1.380000, 0.600000
01-17 04:55:46.951  1568  1568 V EmulatedCamera_Device: initializeWhiteBalanceModes with daylight, 1.090000, 0.920000
01-17 04:55:46.951  1568  1568 V EmulatedCamera_Device: initializeWhiteBalanceModes with twilight, 0.920000, 1.220000
01-17 04:55:46.951  1568  1568 V EmulatedCamera_Device: setWhiteBalanceMode with white balance auto
01-17 04:55:46.951  1568  1568 D EmulatedCamera_FakeCamera: Initialize: Fake camera is facing front
01-17 04:55:46.951  1568  1568 V EmulatedCamera_Device: initializeWhiteBalanceModes with auto, 1.000000, 1.000000
01-17 04:55:46.951  1568  1568 V EmulatedCamera_Device: initializeWhiteBalanceModes with incandescent, 1.380000, 0.600000
01-17 04:55:46.951  1568  1568 V EmulatedCamera_Device: initializeWhiteBalanceModes with daylight, 1.090000, 0.920000
01-17 04:55:46.951  1568  1568 V EmulatedCamera_Device: initializeWhiteBalanceModes with twilight, 0.920000, 1.220000
01-17 04:55:46.951  1568  1568 V EmulatedCamera_Device: setWhiteBalanceMode with white balance auto
01-17 04:55:46.952  1568  1568 E EmulatedCamera_HotplugThread: createFileIfNotExists: Could not create file '/data/misc/media/emulator.camera.hotplug.0', error: 'Permission denied' (13)
01-17 04:55:46.952  1568  1568 E EmulatedCamera_HotplugThread: createFileIfNotExists: Could not create file '/data/misc/media/emulator.camera.hotplug.1', error: 'Permission denied' (13)
01-17 04:55:46.952  1568  1568 E cutils-trace: Error opening trace file: Permission denied (13)
01-17 04:55:46.952  1568  1568 I CameraService: Loaded "Emulated Camera Module" camera module
01-17 04:55:46.952  1568  1568 E CameraService: setUpVendorTags: Vendor tag operations not fully defined. Ignoring definitions.
01-17 04:55:46.952  1568  1568 V EmulatedCamera_Camera: getCameraInfo
01-17 04:55:46.952  1568  1568 V EmulatedCamera_BaseCamera: getCameraInfo
01-17 04:55:46.952  1568  1568 I CameraFlashlight: Opening camera 0
01-17 04:55:46.952  1568  1568 V EmulatedCamera_Camera: getCameraInfo
01-17 04:55:46.952  1568  1568 V EmulatedCamera_BaseCamera: getCameraInfo
01-17 04:55:46.952  1568  1568 V EmulatedCamera_Camera: connectCamera
01-17 04:55:46.952  1568  1568 V EmulatedCamera_FakeDevice: connectDevice
01-17 04:55:46.952  1568  1568 V EmulatedCamera_CallbackNotifier: setCallbacks: 0xb1d52000, 0xb1d52050, 0xb1d52170, 0xb1d52290 (0xb1743140)
01-17 04:55:46.952  1568  1568 V EmulatedCamera_Preview: setPreviewWindow: current: 0x0 -> new: 0xb1743150
01-17 04:55:46.952  1568  1568 V EmulatedCamera_Camera: doStopPreview
01-17 04:55:46.952  1568  1568 V EmulatedCamera_Preview: setPreviewWindow: current: 0xb1743150 -> new: 0x0
01-17 04:55:46.952  1568  1568 V EmulatedCamera_Camera: releaseCamera
01-17 04:55:46.952  1568  1568 V EmulatedCamera_Camera: doStopPreview
01-17 04:55:46.952  1568  1568 V EmulatedCamera_FakeDevice: disconnectDevice
01-17 04:55:46.952  1568  1568 I CameraFlashlight: Destroying camera 0
01-17 04:55:46.952  1568  1568 V EmulatedCamera_Camera: closeCamera
01-17 04:55:46.952  1568  1568 V EmulatedCamera_Camera: doStopPreview
01-17 04:55:46.952  1568  1568 V EmulatedCamera_Camera: getCameraInfo
01-17 04:55:46.952  1568  1568 V EmulatedCamera_BaseCamera: getCameraInfo
01-17 04:55:46.952  1568  1568 I CameraFlashlight: Opening camera 1
01-17 04:55:46.952  1568  1568 V EmulatedCamera_Camera: getCameraInfo
01-17 04:55:46.952  1568  1568 V EmulatedCamera_BaseCamera: getCameraInfo
01-17 04:55:46.952  1568  1568 V EmulatedCamera_Camera: connectCamera
01-17 04:55:46.952  1568  1568 V EmulatedCamera_FakeDevice: connectDevice
01-17 04:55:46.952  1568  1568 V EmulatedCamera_CallbackNotifier: setCallbacks: 0xb1d52000, 0xb1d52050, 0xb1d52170, 0xb1d52290 (0xb1743140)
01-17 04:55:46.952  1568  1568 V EmulatedCamera_Preview: setPreviewWindow: current: 0x0 -> new: 0xb1743150
01-17 04:55:46.952  1568  1568 V EmulatedCamera_Camera: doStopPreview
01-17 04:55:46.952  1568  1568 V EmulatedCamera_Preview: setPreviewWindow: current: 0xb1743150 -> new: 0x0
01-17 04:55:46.952  1568  1568 V EmulatedCamera_Camera: releaseCamera
01-17 04:55:46.952  1568  1568 V EmulatedCamera_Camera: doStopPreview
01-17 04:55:46.953  1568  1568 V EmulatedCamera_FakeDevice: disconnectDevice
01-17 04:55:46.953  1568  1568 I CameraFlashlight: Destroying camera 1
01-17 04:55:46.953  1568  1568 V EmulatedCamera_Camera: closeCamera
01-17 04:55:46.953  1568  1568 V EmulatedCamera_Camera: doStopPreview
01-17 04:55:46.953  1568  1568 V EmulatedCamera_Camera: getCameraInfo
01-17 04:55:46.953  1568  1568 V EmulatedCamera_BaseCamera: getCameraInfo
01-17 04:55:46.953  1568  1568 V EmulatedCamera_Camera: getCameraInfo
01-17 04:55:46.953  1568  1568 V EmulatedCamera_BaseCamera: getCameraInfo
01-17 04:55:46.953  1568  1568 I ServiceManager: Waiting for service media.camera.proxy...
01-17 04:55:47.004  1569  1569 I mediaserver: ServiceManager: 0xb22bc060
01-17 04:55:47.004  1569  1569 W BatteryNotifier: batterystats service unavailable!
01-17 04:55:47.205  1566  1566 D AndroidRuntime: >>>>>> START com.android.internal.os.ZygoteInit uid 0 <<<<<<
01-17 04:55:47.206  1566  1566 D AndroidRuntime: CheckJNI is ON
01-17 04:55:47.206  1566  1566 I art     : option[0]=-Xzygote
01-17 04:55:47.206  1566  1566 I art     : option[1]=-Xcheck:jni
01-17 04:55:47.206  1566  1566 I art     : option[2]=-Xstacktracefile:/data/anr/traces.txt
01-17 04:55:47.206  1566  1566 I art     : option[3]=exit
01-17 04:55:47.206  1566  1566 I art     : option[4]=vfprintf
01-17 04:55:47.206  1566  1566 I art     : option[5]=sensitiveThread
01-17 04:55:47.206  1566  1566 I art     : option[6]=-verbose:gc
01-17 04:55:47.206  1566  1566 I art     : option[7]=-Xms4m
01-17 04:55:47.206  1566  1566 I art     : option[8]=-Xmx192m
01-17 04:55:47.206  1566  1566 I art     : option[9]=-Xusejit:true
01-17 04:55:47.206  1566  1566 I art     : option[10]=-Xjitsaveprofilinginfo
01-17 04:55:47.206  1566  1566 I art     : option[11]=-agentlib:jdwp=transport=dt_android_adb,suspend=n,server=y
01-17 04:55:47.206  1566  1566 I art     : option[12]=-Xlockprofthreshold:500
01-17 04:55:47.206  1566  1566 I art     : option[13]=-Ximage-compiler-option
01-17 04:55:47.206  1566  1566 I art     : option[14]=--runtime-arg
01-17 04:55:47.206  1566  1566 I art     : option[15]=-Ximage-compiler-option
01-17 04:55:47.206  1566  1566 I art     : option[16]=-Xms64m
01-17 04:55:47.206  1566  1566 I art     : option[17]=-Ximage-compiler-option
01-17 04:55:47.206  1566  1566 I art     : option[18]=--runtime-arg
01-17 04:55:47.206  1566  1566 I art     : option[19]=-Ximage-compiler-option
01-17 04:55:47.206  1566  1566 I art     : option[20]=-Xmx64m
01-17 04:55:47.206  1566  1566 I art     : option[21]=-Ximage-compiler-option
01-17 04:55:47.206  1566  1566 I art     : option[22]=--compiler-filter=verify-at-runtime
01-17 04:55:47.206  1566  1566 I art     : option[23]=-Ximage-compiler-option
01-17 04:55:47.206  1566  1566 I art     : option[24]=--image-classes=/system/etc/preloaded-classes
01-17 04:55:47.206  1566  1566 I art     : option[25]=-Ximage-compiler-option
01-17 04:55:47.206  1566  1566 I art     : option[26]=--compiled-classes=/system/etc/compiled-classes
01-17 04:55:47.206  1566  1566 I art     : option[27]=-Xcompiler-option
01-17 04:55:47.206  1566  1566 I art     : option[28]=--runtime-arg
01-17 04:55:47.206  1566  1566 I art     : option[29]=-Xcompiler-option
01-17 04:55:47.206  1566  1566 I art     : option[30]=-Xms64m
01-17 04:55:47.206  1566  1566 I art     : option[31]=-Xcompiler-option
01-17 04:55:47.206  1566  1566 I art     : option[32]=--runtime-arg
01-17 04:55:47.206  1566  1566 I art     : option[33]=-Xcompiler-option
01-17 04:55:47.206  1566  1566 I art     : option[34]=-Xmx512m
01-17 04:55:47.206  1566  1566 I art     : option[35]=-Ximage-compiler-option
01-17 04:55:47.206  1566  1566 I art     : option[36]=--instruction-set-variant=x86
01-17 04:55:47.206  1566  1566 I art     : option[37]=-Xcompiler-option
01-17 04:55:47.206  1566  1566 I art     : option[38]=--instruction-set-variant=x86
01-17 04:55:47.206  1566  1566 I art     : option[39]=-Ximage-compiler-option
01-17 04:55:47.206  1566  1566 I art     : option[40]=--instruction-set-features=default
01-17 04:55:47.206  1566  1566 I art     : option[41]=-Xcompiler-option
01-17 04:55:47.206  1566  1566 I art     : option[42]=--instruction-set-features=default
01-17 04:55:47.206  1566  1566 I art     : option[43]=-Duser.locale=en-US
01-17 04:55:47.206  1566  1566 I art     : option[44]=--cpu-abilist=x86
01-17 04:55:47.206  1566  1566 I art     : option[45]=-Xfingerprint:x86emu_x86/x86emu_x86/x86emu:7.1.1/NMF26O/sgye01142037:eng/test-keys
01-17 04:55:47.270  1566  1566 D ICU     : No timezone override file found: /data/misc/zoneinfo/current/icu/icu_tzdata.dat
01-17 04:55:47.280  1566  1566 E memtrack: Couldn't load memtrack module (No such file or directory)
01-17 04:55:47.280  1566  1566 E android.os.Debug: failed to load memtrack module: -2
01-17 04:55:47.281  1566  1566 I Radio-JNI: register_android_hardware_Radio DONE
01-17 04:55:47.282  1566  1566 I SamplingProfilerIntegration: Profiling disabled.
01-17 04:55:47.282  1566  1566 D Zygote  : begin preload
01-17 04:55:47.282  1566  1566 I Zygote  : Installing ICU cache reference pinning...
01-17 04:55:47.282  1566  1566 I Zygote  : Preloading ICU data...
01-17 04:55:47.286  1566  1566 I Zygote  : Preloading classes...
01-17 04:55:47.288  1566  1566 W Zygote  : Class not found for preloading: [Landroid.view.Display$ColorTransform;
01-17 04:55:47.312  1566  1566 E Typeface: Error mapping font file /system/fonts/DroidSansFallback.ttf
01-17 04:55:47.356  1566  1566 I art     : Thread[1,tid=1566,Native,Thread*=0xa418b400,peer=0x12c060d0,"main"] recursive attempt to load library "/system/lib/libmedia_jni.so"
01-17 04:55:47.356  1566  1566 D MtpDeviceJNI: register_android_mtp_MtpDevice
01-17 04:55:47.356  1566  1566 I art     : Thread[1,tid=1566,Native,Thread*=0xa418b400,peer=0x12c060d0,"main"] recursive attempt to load library "/system/lib/libmedia_jni.so"
01-17 04:55:47.357  1566  1566 I art     : Thread[1,tid=1566,Native,Thread*=0xa418b400,peer=0x12c060d0,"main"] recursive attempt to load library "/system/lib/libmedia_jni.so"
01-17 04:55:47.368  1566  1566 W Zygote  : Class not found for preloading: android.view.Display$ColorTransform
01-17 04:55:47.368  1566  1566 W Zygote  : Class not found for preloading: android.view.Display$ColorTransform$1
01-17 04:55:47.395  1566  1566 I System  : Loaded time zone names for "" in 8ms (8ms in ICU)
01-17 04:55:47.401  1566  1566 I System  : Loaded time zone names for "en_US" in 5ms (5ms in ICU)
01-17 04:55:47.412  1566  1566 I Zygote  : ...preloaded 4158 classes in 126ms.
01-17 04:55:47.412  1566  1566 I art     : VMRuntime.preloadDexCaches starting
01-17 04:55:47.434  1566  1566 I art     : VMRuntime.preloadDexCaches strings total=283734 before=39639 after=39639
01-17 04:55:47.434  1566  1566 I art     : VMRuntime.preloadDexCaches types total=23582 before=7877 after=7904
01-17 04:55:47.434  1566  1566 I art     : VMRuntime.preloadDexCaches fields total=112010 before=40900 after=41114
01-17 04:55:47.434  1566  1566 I art     : VMRuntime.preloadDexCaches methods total=197525 before=82451 after=83011
01-17 04:55:47.434  1566  1566 I art     : VMRuntime.preloadDexCaches finished
01-17 04:55:47.434  1566  1566 I Zygote  : Preloading resources...
01-17 04:55:47.445  1566  1566 W Resources: Preloaded drawable resource #0x108025c (android:drawable/dialog_background_material) that varies with configuration!!
01-17 04:55:47.445  1566  1566 W Resources: Preloaded drawable resource #0x1080298 (android:drawable/editbox_dropdown_background_dark) that varies with configuration!!
01-17 04:55:47.446  1566  1566 W Resources: Preloaded color resource #0x10600e2 (android:color/material_grey_800) that varies with configuration!!
01-17 04:55:47.446  1566  1566 W Resources: Preloaded drawable resource #0x10802c9 (android:drawable/floating_popup_background_dark) that varies with configuration!!
01-17 04:55:47.449  1566  1566 W Resources: Preloaded drawable resource #0x108030b (android:drawable/ic_clear_disabled) that varies with configuration!!
01-17 04:55:47.450  1566  1566 W Resources: Preloaded drawable resource #0x1080310 (android:drawable/ic_clear_normal) that varies with configuration!!
01-17 04:55:47.452  1566  1566 W Resources: Preloaded drawable resource #0x1080359 (android:drawable/ic_go) that varies with configuration!!
01-17 04:55:47.456  1566  1566 W Resources: Preloaded drawable resource #0x1080038 (android:drawable/ic_menu_close_clear_cancel) that varies with configuration!!
01-17 04:55:47.457  1566  1566 W Resources: Preloaded drawable resource #0x1080045 (android:drawable/ic_menu_more) that varies with configuration!!
01-17 04:55:47.460  1566  1566 W Resources: Preloaded drawable resource #0x10804e8 (android:drawable/menu_background_fill_parent_width) that varies with configuration!!
01-17 04:55:47.480  1566  1566 W Resources: Preloaded drawable resource #0x108077e (android:drawable/text_edit_paste_window) that varies with configuration!!
01-17 04:55:47.481  1566  1566 W Resources: Preloaded drawable resource #0x1080096 (android:drawable/toast_frame) that varies with configuration!!
01-17 04:55:47.481  1566  1566 I Zygote  : ...preloaded 114 resources in 47ms.
01-17 04:55:47.483  1566  1566 W Resources: Preloaded color resource #0x106010b (android:color/background_cache_hint_selector_material_dark) that varies with configuration!!
01-17 04:55:47.483  1566  1566 W Resources: Preloaded color resource #0x1060110 (android:color/btn_default_material_dark) that varies with configuration!!
01-17 04:55:47.483  1566  1566 I Zygote  : ...preloaded 41 resources in 2ms.
01-17 04:55:47.483  1566  1566 D libEGL  : Emulator has host GPU support, qemu.gles is set to 1.
01-17 04:55:47.484  1566  1566 E libEGL  : load_driver(/system/lib/egl/libGLES_emulation.so): dlopen failed: library "/system/lib/egl/libGLES_emulation.so" not found
01-17 04:55:47.485  1566  1566 D libEGL  : loaded /system/lib/egl/libEGL_emulation.so
01-17 04:55:47.485  1566  1566 D libEGL  : loaded /system/lib/egl/libGLESv1_CM_emulation.so
01-17 04:55:47.490  1566  1566 D libEGL  : loaded /system/lib/egl/libGLESv2_emulation.so
01-17 04:55:47.495  1566  1566 I Zygote  : Preloading shared libraries...
01-17 04:55:47.498  1566  1566 I Zygote  : Uninstalled ICU cache reference pinning...
01-17 04:55:47.498  1566  1566 I Zygote  : Installed AndroidKeyStoreProvider in 0ms.
01-17 04:55:47.505  1566  1566 I Zygote  : Warmed up JCA providers in 7ms.
01-17 04:55:47.505  1566  1566 D Zygote  : end preload
01-17 04:55:47.505  1566  1566 I art     : Starting a blocking GC Explicit
01-17 04:55:47.509  1566  1566 I art     : Explicit concurrent mark sweep GC freed 7298(407KB) AllocSpace objects, 0(0B) LOS objects, 57% free, 2MB/6MB, paused 35us total 3.417ms
01-17 04:55:47.512  1566  1566 I art     : Starting a blocking GC Explicit
01-17 04:55:47.516  1566  1566 I art     : Explicit concurrent mark sweep GC freed 1538(62KB) AllocSpace objects, 1(24KB) LOS objects, 58% free, 2MB/6MB, paused 33us total 3.853ms
01-17 04:55:47.516  1566  1621 I art     : Starting a blocking GC HeapTrim
01-17 04:55:47.526  1566  1566 I art     : Starting a blocking GC Background
01-17 04:55:47.536  1566  1566 I Zygote  : System server process 1651 has been created
01-17 04:55:47.537  1566  1566 I Zygote  : Accepting command socket connections
01-17 04:55:47.537  1651  1651 E Zygote  : Failed open(/android/sys/kernel/debug/tracing/trace_marker, 1) : No such file or directory
01-17 04:55:47.537  1651  1651 F art     : art/runtime/jni_internal.cc:492] JNI FatalError called: frameworks/base/core/jni/com_android_internal_os_Zygote.cpp:485: Unable to reopen whitelisted descriptors.
01-17 04:55:47.541  1651  1651 F art     : art/runtime/runtime.cc:422] Runtime aborting...
01-17 04:55:47.541  1651  1651 F art     : art/runtime/runtime.cc:422] Aborting thread:
01-17 04:55:47.541  1651  1651 F art     : art/runtime/runtime.cc:422] "main" prio=5 tid=1 Runnable
01-17 04:55:47.542  1651  1651 F art     : art/runtime/runtime.cc:422]   | group="" sCount=0 dsCount=0 obj=0x74242550 self=0xa418b400
01-17 04:55:47.542  1651  1651 F art     : art/runtime/runtime.cc:422]   | sysTid=1566 nice=0 cgrp=default sched=0/0 handle=0xa8598534
01-17 04:55:47.542  1651  1651 F art     : art/runtime/runtime.cc:422]   | state=? schedstat=( 0 0 0 ) utm=0 stm=0 core=0 HZ=100
01-17 04:55:47.542  1651  1651 F art     : art/runtime/runtime.cc:422]   | stack=0xbf6ae000-0xbf6b0000 stackSize=8MB
01-17 04:55:47.542  1651  1651 F art     : art/runtime/runtime.cc:422]   | held mutexes= "abort lock" "mutator lock"(shared held)
01-17 04:55:47.542  1651  1651 F art     : art/runtime/runtime.cc:422]   kernel: (couldn't read /proc/self/task/1566/stack)
01-17 04:55:47.542  1651  1651 F art     : art/runtime/runtime.cc:422]   native: (backtrace::Unwind failed for thread 1566: Thread doesn't exist)
01-17 04:55:47.542  1651  1651 F art     : art/runtime/runtime.cc:422]   at com.android.internal.os.Zygote.nativeForkSystemServer(Native method)
01-17 04:55:47.542  1651  1651 F art     : art/runtime/runtime.cc:422]   at com.android.internal.os.Zygote.forkSystemServer(Zygote.java:139)
01-17 04:55:47.542  1651  1651 F art     : art/runtime/runtime.cc:422]   at com.android.internal.os.ZygoteInit.startSystemServer(ZygoteInit.java:673)
01-17 04:55:47.542  1651  1651 F art     : art/runtime/runtime.cc:422]   at com.android.internal.os.ZygoteInit.main(ZygoteInit.java:769)
01-17 04:55:47.542  1651  1651 F art     : art/runtime/runtime.cc:422] Dumping all threads without appropriate locks held: thread list lock
01-17 04:55:47.542  1651  1651 F art     : art/runtime/runtime.cc:422] All threads:
01-17 04:55:47.542  1651  1651 F art     : art/runtime/runtime.cc:422] DALVIK THREADS (1):
01-17 04:55:47.542  1651  1651 F art     : art/runtime/runtime.cc:422] "main" prio=5 tid=1 Runnable
01-17 04:55:47.542  1651  1651 F art     : art/runtime/runtime.cc:422]   | group="" sCount=0 dsCount=0 obj=0x74242550 self=0xa418b400
01-17 04:55:47.542  1651  1651 F art     : art/runtime/runtime.cc:422]   | sysTid=1566 nice=0 cgrp=default sched=0/0 handle=0xa8598534
01-17 04:55:47.542  1651  1651 F art     : art/runtime/runtime.cc:422]   | state=? schedstat=( 0 0 0 ) utm=0 stm=0 core=0 HZ=100
01-17 04:55:47.542  1651  1651 F art     : art/runtime/runtime.cc:422]   | stack=0xbf6ae000-0xbf6b0000 stackSize=8MB
01-17 04:55:47.542  1651  1651 F art     : art/runtime/runtime.cc:422]   | held mutexes= "abort lock" "mutator lock"(shared held)
01-17 04:55:47.542  1651  1651 F art     : art/runtime/runtime.cc:422]   kernel: (couldn't read /proc/self/task/1566/stack)
01-17 04:55:47.542  1651  1651 F art     : art/runtime/runtime.cc:422]   native: (backtrace::Unwind failed for thread 1566: Thread doesn't exist)
01-17 04:55:47.542  1651  1651 F art     : art/runtime/runtime.cc:422]   at com.android.internal.os.Zygote.nativeForkSystemServer(Native method)
01-17 04:55:47.542  1651  1651 F art     : art/runtime/runtime.cc:422]   at com.android.internal.os.Zygote.forkSystemServer(Zygote.java:139)
01-17 04:55:47.542  1651  1651 F art     : art/runtime/runtime.cc:422]   at com.android.internal.os.ZygoteInit.startSystemServer(ZygoteInit.java:673)
01-17 04:55:47.542  1651  1651 F art     : art/runtime/runtime.cc:422]   at com.android.internal.os.ZygoteInit.main(ZygoteInit.java:769)
01-17 04:55:47.542  1651  1651 F art     : art/runtime/runtime.cc:422] 
01-17 04:55:47.542  1651  1651 F art     : art/runtime/runtime.cc:422] 
01-17 04:55:47.542  1651  1651 F libc    : Fatal signal 6 (SIGABRT), code -6 in tid 1651 (main)
01-17 04:55:47.544   982   982 W         : debuggerd: handling request: pid=1651 uid=0 gid=0 tid=1651
01-17 04:55:47.549  1657  1657 E         : debuggerd: Unable to connect to activity manager (connect failed: Connection refused)
01-17 04:55:47.550  1657  1657 F DEBUG   : *** *** *** *** *** *** *** *** *** *** *** *** *** *** *** ***
01-17 04:55:47.550  1657  1657 F DEBUG   : Build fingerprint: 'x86emu_x86/x86emu_x86/x86emu:7.1.1/NMF26O/sgye01142037:eng/test-keys'
01-17 04:55:47.550  1657  1657 F DEBUG   : Revision: '0'
01-17 04:55:47.550  1657  1657 F DEBUG   : ABI: 'x86'
01-17 04:55:47.550  1657  1657 F DEBUG   : pid: 1651, tid: 1651, name: main  >>> zygote <<<
01-17 04:55:47.551  1657  1657 F DEBUG   : signal 6 (SIGABRT), code -6 (SI_TKILL), fault addr --------
01-17 04:55:47.552  1657  1657 F DEBUG   : Abort message: 'art/runtime/jni_internal.cc:492] JNI FatalError called: frameworks/base/core/jni/com_android_internal_os_Zygote.cpp:485: Unable to reopen whitelisted descriptors.'
01-17 04:55:47.552  1657  1657 F DEBUG   :     eax 00000000  ebx 00000673  ecx 00000673  edx 00000006
01-17 04:55:47.552  1657  1657 F DEBUG   :     esi a859858c  edi a8598534
01-17 04:55:47.552  1657  1657 F DEBUG   :     xcs 00000073  xds 0000007b  xes 0000007b  xfs 0000003b  xss 0000007b
01-17 04:55:47.552  1657  1657 F DEBUG   :     eip a84c4424  ebp bfea9498  esp bfea943c  flags 00000296
01-17 04:55:47.823  1657  1657 F DEBUG   : 
01-17 04:55:47.823  1657  1657 F DEBUG   : backtrace:
01-17 04:55:47.823  1657  1657 F DEBUG   :     #00 pc ffffe424  [vdso:a84c4000] (__kernel_vsyscall+16)
01-17 04:55:47.823  1657  1657 F DEBUG   :     #01 pc 0007a0dc  /system/lib/libc.so (tgkill+28)
01-17 04:55:47.823  1657  1657 F DEBUG   :     #02 pc 00075925  /system/lib/libc.so (pthread_kill+85)
01-17 04:55:47.823  1657  1657 F DEBUG   :     #03 pc 0002785a  /system/lib/libc.so (raise+42)
01-17 04:55:47.823  1657  1657 F DEBUG   :     #04 pc 0001ee36  /system/lib/libc.so (abort+86)
01-17 04:55:47.823  1657  1657 F DEBUG   :     #05 pc 005183c5  /system/lib/libart.so (_ZN3art7Runtime5AbortEPKc+565)
01-17 04:55:47.823  1657  1657 F DEBUG   :     #06 pc 0011a5b3  /system/lib/libart.so (_ZN3art10LogMessageD1Ev+1747)
01-17 04:55:47.823  1657  1657 F DEBUG   :     #07 pc 003d8650  /system/lib/libart.so (_ZN3art3JNI10FatalErrorEP7_JNIEnvPKc+176)
01-17 04:55:47.823  1657  1657 F DEBUG   :     #08 pc 0012c4c1  /system/lib/libart.so (_ZN3art8CheckJNI10FatalErrorEP7_JNIEnvPKc+993)
01-17 04:55:47.823  1657  1657 F DEBUG   :     #09 pc 001476e5  /system/lib/libandroid_runtime.so
01-17 04:55:47.823  1657  1657 F DEBUG   :     #10 pc 00149509  /system/lib/libandroid_runtime.so
01-17 04:55:47.823  1657  1657 F DEBUG   :     #11 pc 0014a7ca  /system/lib/libandroid_runtime.so
01-17 04:55:47.823  1657  1657 F DEBUG   :     #12 pc 0237cc88  /system/framework/x86/boot-framework.oat (offset 0x1584000) (com.android.internal.os.Zygote.nativeForkSystemServer+228)
01-17 04:55:47.823  1657  1657 F DEBUG   :     #13 pc 0237c95c  /system/framework/x86/boot-framework.oat (offset 0x1584000) (com.android.internal.os.Zygote.forkSystemServer+152)
01-17 04:55:47.823  1657  1657 F DEBUG   :     #14 pc 023845de  /system/framework/x86/boot-framework.oat (offset 0x1584000) (com.android.internal.os.ZygoteInit.startSystemServer+938)
01-17 04:55:47.823  1657  1657 F DEBUG   :     #15 pc 023815d4  /system/framework/x86/boot-framework.oat (offset 0x1584000) (com.android.internal.os.ZygoteInit.main+1120)
01-17 04:55:47.823  1657  1657 F DEBUG   :     #16 pc 00109432  /system/lib/libart.so (art_quick_invoke_static_stub+418)
01-17 04:55:47.823  1657  1657 F DEBUG   :     #17 pc 00112de9  /system/lib/libart.so (_ZN3art9ArtMethod6InvokeEPNS_6ThreadEPjjPNS_6JValueEPKc+313)
01-17 04:55:47.823  1657  1657 F DEBUG   :     #18 pc 005105d5  /system/lib/libart.so (_ZN3artL18InvokeWithArgArrayERKNS_33ScopedObjectAccessAlreadyRunnableEPNS_9ArtMethodEPNS_8ArgArrayEPNS_6JValueEPKc+101)
01-17 04:55:47.823  1657  1657 F DEBUG   :     #19 pc 00510299  /system/lib/libart.so (_ZN3art17InvokeWithVarArgsERKNS_33ScopedObjectAccessAlreadyRunnableEP8_jobjectP10_jmethodIDPc+393)
01-17 04:55:47.823  1657  1657 F DEBUG   :     #20 pc 003f807e  /system/lib/libart.so (_ZN3art3JNI21CallStaticVoidMethodVEP7_JNIEnvP7_jclassP10_jmethodIDPc+958)
01-17 04:55:47.823  1657  1657 F DEBUG   :     #21 pc 001417d1  /system/lib/libart.so (_ZN3art8CheckJNI11CallMethodVEPKcP7_JNIEnvP8_jobjectP7_jclassP10_jmethodIDPcNS_9Primitive4TypeENS_10InvokeTypeE+4513)
01-17 04:55:47.823  1657  1657 F DEBUG   :     #22 pc 00132f8c  /system/lib/libart.so (_ZN3art8CheckJNI21CallStaticVoidMethodVEP7_JNIEnvP7_jclassP10_jmethodIDPc+108)
01-17 04:55:47.823  1657  1657 F DEBUG   :     #23 pc 00070181  /system/lib/libandroid_runtime.so (_ZN7_JNIEnv20CallStaticVoidMethodEP7_jclassP10_jmethodIDz+41)
01-17 04:55:47.823  1657  1657 F DEBUG   :     #24 pc 00073a3e  /system/lib/libandroid_runtime.so (_ZN7android14AndroidRuntime5startEPKcRKNS_6VectorINS_7String8EEEb+782)
01-17 04:55:47.823  1657  1657 F DEBUG   :     #25 pc 00001b55  /system/bin/app_process32
01-17 04:55:47.823  1657  1657 F DEBUG   :     #26 pc 0001532c  /system/lib/libc.so (__libc_init+108)
01-17 04:55:47.823  1657  1657 F DEBUG   :     #27 pc 0000144c  /system/bin/app_process32
01-17 04:55:47.823  1657  1657 F DEBUG   :     #28 pc 00000004  <unknown>
01-17 04:55:47.844   982   982 W         : debuggerd: resuming target 1651
01-17 04:55:47.844  1566  1566 I Zygote  : Process 1651 exited due to signal (6)
01-17 04:55:47.844  1566  1566 E Zygote  : Exit zygote because system server (1651) has terminated
01-17 04:55:47.875   996   996 I ServiceManager: service 'media.audio_flinger' died
01-17 04:55:47.875   996   996 I ServiceManager: service 'media.audio_policy' died
01-17 04:55:47.875   996   996 I ServiceManager: service 'media.radio' died
01-17 04:55:47.875   996   996 I ServiceManager: service 'media.sound_trigger_hw' died
01-17 04:55:47.877   996   996 I ServiceManager: service 'media.player' died
01-17 04:55:47.877   996   996 I ServiceManager: service 'media.resource_manager' died
01-17 04:55:50.613   996   996 I ServiceManager: service 'SurfaceFlinger' died
01-17 04:55:50.613  1068  1090 W SurfaceComposerClient: ComposerService remote (surfaceflinger) died [0xae39b680]
01-17 04:55:50.613   996   996 I ServiceManager: service 'gpu' died
01-17 04:55:50.613  1068  1090 D BootAnimation: SurfaceFlinger died, exiting...
01-17 04:55:51.655  1699  1699 I cameraserver: ServiceManager: 0xb559afe0
01-17 04:55:51.656  1699  1699 I CameraService: CameraService started (pid=1699)
01-17 04:55:51.656  1699  1699 I CameraService: CameraService process starting
