01-17 02:32:11.445  1749  1749 W dex2oat : /system/bin/dex2oat --zip-fd=6 --zip-location=LiveWallpapersPicker.apk --oat-fd=7 --oat-location=/data/dalvik-cache/x86/system@app@LiveWallpapersPicker@LiveWallpapersPicker.apk@classes.dex --instruction-set=x86 --instruction-set-variant=x86 --instruction-set-features=default --runtime-arg -Xms64m --runtime-arg -Xmx512m --compiler-filter=verify-at-runtime --swap-fd=9
01-17 02:32:11.445  1749  1749 I dex2oat : /system/bin/dex2oat --compiler-filter=verify-at-runtime
01-17 02:32:11.706  1749  1749 I dex2oat : dex2oat took 260.514ms (threads: 2) arena alloc=0B (0B) java alloc=31KB (32208B) native alloc=695KB (712688B) free=2MB (2433040B)
01-17 02:32:11.707  1426  1426 I PackageManager.DexOptimizer: Running dexopt (dex2oat) on: /system/app/AndroidTerm/AndroidTerm.apk pkg=jackpal.androidterm isa=x86 vmSafeMode=false debuggable=false target-filter=verify-at-runtime oatDir = null sharedLibraries=null
01-17 02:32:11.714  1752  1752 W dex2oat : Unexpected CPU variant for X86 using defaults: x86
01-17 02:32:11.714  1752  1752 W dex2oat : Mismatch between dex2oat instruction set features (ISA: X86 Feature string: smp,-ssse3,-sse4.1,-sse4.2,-avx,-avx2,-lock_add,-popcnt) and those of dex2oat executable (ISA: X86 Feature string: smp,ssse3,-sse4.1,-sse4.2,-avx,-avx2,-lock_add,-popcnt) for the command line:
01-17 02:32:11.714  1752  1752 W dex2oat : /system/bin/dex2oat --zip-fd=6 --zip-location=AndroidTerm.apk --oat-fd=7 --oat-location=/data/dalvik-cache/x86/system@app@AndroidTerm@AndroidTerm.apk@classes.dex --instruction-set=x86 --instruction-set-variant=x86 --instruction-set-features=default --runtime-arg -Xms64m --runtime-arg -Xmx512m --compiler-filter=verify-at-runtime --swap-fd=9
01-17 02:32:11.714  1752  1752 I dex2oat : /system/bin/dex2oat --compiler-filter=verify-at-runtime
01-17 02:32:11.961  1752  1752 I dex2oat : dex2oat took 246.829ms (threads: 2) arena alloc=0B (0B) java alloc=27KB (28240B) native alloc=1051KB (1076528B) free=996KB (1020624B)
01-17 02:32:11.962  1426  1426 I PackageManager.DexOptimizer: Running dexopt (dex2oat) on: /system/priv-app/StorageManager/StorageManager.apk pkg=com.android.storagemanager isa=x86 vmSafeMode=false debuggable=false target-filter=verify-at-runtime oatDir = null sharedLibraries=null
01-17 02:32:11.969  1755  1755 W dex2oat : Unexpected CPU variant for X86 using defaults: x86
01-17 02:32:11.969  1755  1755 W dex2oat : Mismatch between dex2oat instruction set features (ISA: X86 Feature string: smp,-ssse3,-sse4.1,-sse4.2,-avx,-avx2,-lock_add,-popcnt) and those of dex2oat executable (ISA: X86 Feature string: smp,ssse3,-sse4.1,-sse4.2,-avx,-avx2,-lock_add,-popcnt) for the command line:
01-17 02:32:11.969  1755  1755 W dex2oat : /system/bin/dex2oat --zip-fd=6 --zip-location=StorageManager.apk --oat-fd=7 --oat-location=/data/dalvik-cache/x86/system@priv-app@StorageManager@StorageManager.apk@classes.dex --instruction-set=x86 --instruction-set-variant=x86 --instruction-set-features=default --runtime-arg -Xms64m --runtime-arg -Xmx512m --compiler-filter=verify-at-runtime --swap-fd=9
01-17 02:32:11.969  1755  1755 I dex2oat : /system/bin/dex2oat --compiler-filter=verify-at-runtime
01-17 02:32:12.253  1755  1755 I dex2oat : dex2oat took 283.654ms (threads: 2) arena alloc=0B (0B) java alloc=31KB (32216B) native alloc=632KB (647280B) free=2MB (2498448B)
01-17 02:32:12.254  1426  1426 I PackageManager.DexOptimizer: Running dexopt (dex2oat) on: /system/app/OpenWnn/OpenWnn.apk pkg=jp.co.omronsoft.openwnn isa=x86 vmSafeMode=false debuggable=false target-filter=verify-at-runtime oatDir = null sharedLibraries=null
01-17 02:32:12.261  1758  1758 W dex2oat : Unexpected CPU variant for X86 using defaults: x86
01-17 02:32:12.261  1758  1758 W dex2oat : Mismatch between dex2oat instruction set features (ISA: X86 Feature string: smp,-ssse3,-sse4.1,-sse4.2,-avx,-avx2,-lock_add,-popcnt) and those of dex2oat executable (ISA: X86 Feature string: smp,ssse3,-sse4.1,-sse4.2,-avx,-avx2,-lock_add,-popcnt) for the command line:
01-17 02:32:12.261  1758  1758 W dex2oat : /system/bin/dex2oat --zip-fd=6 --zip-location=OpenWnn.apk --oat-fd=7 --oat-location=/data/dalvik-cache/x86/system@app@OpenWnn@OpenWnn.apk@classes.dex --instruction-set=x86 --instruction-set-variant=x86 --instruction-set-features=default --runtime-arg -Xms64m --runtime-arg -Xmx512m --compiler-filter=verify-at-runtime --swap-fd=9
01-17 02:32:12.261  1758  1758 I dex2oat : /system/bin/dex2oat --compiler-filter=verify-at-runtime
01-17 02:32:12.498  1758  1758 I dex2oat : dex2oat took 236.522ms (threads: 2) arena alloc=0B (0B) java alloc=27KB (28240B) native alloc=930KB (953264B) free=1117KB (1143888B)
01-17 02:32:12.499  1426  1426 I PackageManager.DexOptimizer: Running dexopt (dex2oat) on: /system/app/BookmarkProvider/BookmarkProvider.apk pkg=com.android.bookmarkprovider isa=x86 vmSafeMode=false debuggable=false target-filter=verify-at-runtime oatDir = null sharedLibraries=null
01-17 02:32:12.506  1761  1761 W dex2oat : Unexpected CPU variant for X86 using defaults: x86
01-17 02:32:12.506  1761  1761 W dex2oat : Mismatch between dex2oat instruction set features (ISA: X86 Feature string: smp,-ssse3,-sse4.1,-sse4.2,-avx,-avx2,-lock_add,-popcnt) and those of dex2oat executable (ISA: X86 Feature string: smp,ssse3,-sse4.1,-sse4.2,-avx,-avx2,-lock_add,-popcnt) for the command line:
01-17 02:32:12.506  1761  1761 W dex2oat : /system/bin/dex2oat --zip-fd=6 --zip-location=BookmarkProvider.apk --oat-fd=7 --oat-location=/data/dalvik-cache/x86/system@app@BookmarkProvider@BookmarkProvider.apk@classes.dex --instruction-set=x86 --instruction-set-variant=x86 --instruction-set-features=default --runtime-arg -Xms64m --runtime-arg -Xmx512m --compiler-filter=verify-at-runtime --swap-fd=9
01-17 02:32:12.506  1761  1761 I dex2oat : /system/bin/dex2oat --compiler-filter=verify-at-runtime
01-17 02:32:12.799  1761  1761 I dex2oat : dex2oat took 292.646ms (threads: 2) arena alloc=0B (0B) java alloc=31KB (32216B) native alloc=736KB (754032B) free=1311KB (1343120B)
01-17 02:32:12.800  1426  1426 I PackageManager.DexOptimizer: Running dexopt (dex2oat) on: /system/app/ExactCalculator/ExactCalculator.apk pkg=com.android.calculator2 isa=x86 vmSafeMode=false debuggable=false target-filter=verify-at-runtime oatDir = null sharedLibraries=null
01-17 02:32:12.807  1764  1764 W dex2oat : Unexpected CPU variant for X86 using defaults: x86
01-17 02:32:12.807  1764  1764 W dex2oat : Mismatch between dex2oat instruction set features (ISA: X86 Feature string: smp,-ssse3,-sse4.1,-sse4.2,-avx,-avx2,-lock_add,-popcnt) and those of dex2oat executable (ISA: X86 Feature string: smp,ssse3,-sse4.1,-sse4.2,-avx,-avx2,-lock_add,-popcnt) for the command line:
01-17 02:32:12.807  1764  1764 W dex2oat : /system/bin/dex2oat --zip-fd=6 --zip-location=ExactCalculator.apk --oat-fd=7 --oat-location=/data/dalvik-cache/x86/system@app@ExactCalculator@ExactCalculator.apk@classes.dex --instruction-set=x86 --instruction-set-variant=x86 --instruction-set-features=default --runtime-arg -Xms64m --runtime-arg -Xmx512m --compiler-filter=verify-at-runtime --swap-fd=9
01-17 02:32:12.807  1764  1764 I dex2oat : /system/bin/dex2oat --compiler-filter=verify-at-runtime
01-17 02:32:13.055  1764  1764 I dex2oat : dex2oat took 247.908ms (threads: 2) arena alloc=0B (0B) java alloc=31KB (32216B) native alloc=955KB (978032B) free=1092KB (1119120B)
01-17 02:32:13.056  1426  1426 I PackageManager.DexOptimizer: Running dexopt (dex2oat) on: /system/priv-app/VpnDialogs/VpnDialogs.apk pkg=com.android.vpndialogs isa=x86 vmSafeMode=false debuggable=false target-filter=verify-at-runtime oatDir = null sharedLibraries=null
01-17 02:32:13.064  1767  1767 W dex2oat : Unexpected CPU variant for X86 using defaults: x86
01-17 02:32:13.064  1767  1767 W dex2oat : Mismatch between dex2oat instruction set features (ISA: X86 Feature string: smp,-ssse3,-sse4.1,-sse4.2,-avx,-avx2,-lock_add,-popcnt) and those of dex2oat executable (ISA: X86 Feature string: smp,ssse3,-sse4.1,-sse4.2,-avx,-avx2,-lock_add,-popcnt) for the command line:
01-17 02:32:13.064  1767  1767 W dex2oat : /system/bin/dex2oat --zip-fd=6 --zip-location=VpnDialogs.apk --oat-fd=7 --oat-location=/data/dalvik-cache/x86/system@priv-app@VpnDialogs@VpnDialogs.apk@classes.dex --instruction-set=x86 --instruction-set-variant=x86 --instruction-set-features=default --runtime-arg -Xms64m --runtime-arg -Xmx512m --compiler-filter=verify-at-runtime --swap-fd=9
01-17 02:32:13.064  1767  1767 I dex2oat : /system/bin/dex2oat --compiler-filter=verify-at-runtime
01-17 02:32:13.868  1426  1630 I InputDispatcher: Dropped event because input dispatch is disabled.
01-17 02:32:13.966  1767  1767 I dex2oat : dex2oat took 901.948ms (threads: 2) arena alloc=0B (0B) java alloc=27KB (28240B) native alloc=716KB (733424B) free=1331KB (1363728B)
01-17 02:32:13.967  1426  1426 I PackageManager.DexOptimizer: Running dexopt (dex2oat) on: /system/app/Email/Email.apk pkg=com.android.email isa=x86 vmSafeMode=false debuggable=false target-filter=verify-at-runtime oatDir = null sharedLibraries=null
01-17 02:32:13.975  1770  1770 W dex2oat : Unexpected CPU variant for X86 using defaults: x86
01-17 02:32:13.975  1770  1770 W dex2oat : Mismatch between dex2oat instruction set features (ISA: X86 Feature string: smp,-ssse3,-sse4.1,-sse4.2,-avx,-avx2,-lock_add,-popcnt) and those of dex2oat executable (ISA: X86 Feature string: smp,ssse3,-sse4.1,-sse4.2,-avx,-avx2,-lock_add,-popcnt) for the command line:
01-17 02:32:13.975  1770  1770 W dex2oat : /system/bin/dex2oat --zip-fd=6 --zip-location=Email.apk --oat-fd=7 --oat-location=/data/dalvik-cache/x86/system@app@Email@Email.apk@classes.dex --instruction-set=x86 --instruction-set-variant=x86 --instruction-set-features=default --runtime-arg -Xms64m --runtime-arg -Xmx512m --compiler-filter=verify-at-runtime --swap-fd=9
01-17 02:32:13.975  1770  1770 I dex2oat : /system/bin/dex2oat --compiler-filter=verify-at-runtime
01-17 02:32:14.357  1770  1770 I dex2oat : dex2oat took 382.257ms (threads: 2) arena alloc=0B (0B) java alloc=27KB (28240B) native alloc=530KB (542776B) free=2MB (2602952B)
01-17 02:32:14.358  1426  1426 I PackageManager.DexOptimizer: Running dexopt (dex2oat) on: /system/app/Music/Music.apk pkg=com.android.music isa=x86 vmSafeMode=false debuggable=false target-filter=verify-at-runtime oatDir = null sharedLibraries=null
01-17 02:32:14.365  1773  1773 W dex2oat : Unexpected CPU variant for X86 using defaults: x86
01-17 02:32:14.365  1773  1773 W dex2oat : Mismatch between dex2oat instruction set features (ISA: X86 Feature string: smp,-ssse3,-sse4.1,-sse4.2,-avx,-avx2,-lock_add,-popcnt) and those of dex2oat executable (ISA: X86 Feature string: smp,ssse3,-sse4.1,-sse4.2,-avx,-avx2,-lock_add,-popcnt) for the command line:
01-17 02:32:14.365  1773  1773 W dex2oat : /system/bin/dex2oat --zip-fd=6 --zip-location=Music.apk --oat-fd=7 --oat-location=/data/dalvik-cache/x86/system@app@Music@Music.apk@classes.dex --instruction-set=x86 --instruction-set-variant=x86 --instruction-set-features=default --runtime-arg -Xms64m --runtime-arg -Xmx512m --compiler-filter=verify-at-runtime --swap-fd=9
01-17 02:32:14.365  1773  1773 I dex2oat : /system/bin/dex2oat --compiler-filter=verify-at-runtime
01-17 02:32:14.679  1773  1773 I dex2oat : dex2oat took 314.057ms (threads: 2) arena alloc=0B (0B) java alloc=27KB (28240B) native alloc=933KB (956336B) free=1114KB (1140816B)
01-17 02:32:14.681  1426  1426 I PackageManager.DexOptimizer: Running dexopt (dex2oat) on: /system/app/WallpaperBackup/WallpaperBackup.apk pkg=com.android.wallpaperbackup isa=x86 vmSafeMode=false debuggable=false target-filter=verify-at-runtime oatDir = null sharedLibraries=null
01-17 02:32:14.689  1776  1776 W dex2oat : Unexpected CPU variant for X86 using defaults: x86
01-17 02:32:14.689  1776  1776 W dex2oat : Mismatch between dex2oat instruction set features (ISA: X86 Feature string: smp,-ssse3,-sse4.1,-sse4.2,-avx,-avx2,-lock_add,-popcnt) and those of dex2oat executable (ISA: X86 Feature string: smp,ssse3,-sse4.1,-sse4.2,-avx,-avx2,-lock_add,-popcnt) for the command line:
01-17 02:32:14.689  1776  1776 W dex2oat : /system/bin/dex2oat --zip-fd=6 --zip-location=WallpaperBackup.apk --oat-fd=7 --oat-location=/data/dalvik-cache/x86/system@app@WallpaperBackup@WallpaperBackup.apk@classes.dex --instruction-set=x86 --instruction-set-variant=x86 --instruction-set-features=default --runtime-arg -Xms64m --runtime-arg -Xmx512m --compiler-filter=verify-at-runtime --swap-fd=9
01-17 02:32:14.689  1776  1776 I dex2oat : /system/bin/dex2oat --compiler-filter=verify-at-runtime
01-17 02:32:14.924  1776  1776 I dex2oat : dex2oat took 235.625ms (threads: 2) arena alloc=0B (0B) java alloc=31KB (32216B) native alloc=716KB (733552B) free=1331KB (1363600B)
01-17 02:32:14.925  1426  1426 I PackageManager.DexOptimizer: Running dexopt (dex2oat) on: /system/priv-app/BlockedNumberProvider/BlockedNumberProvider.apk pkg=com.android.providers.blockednumber isa=x86 vmSafeMode=false debuggable=false target-filter=verify-at-runtime oatDir = null sharedLibraries=null
01-17 02:32:14.933  1779  1779 W dex2oat : Unexpected CPU variant for X86 using defaults: x86
01-17 02:32:14.933  1779  1779 W dex2oat : Mismatch between dex2oat instruction set features (ISA: X86 Feature string: smp,-ssse3,-sse4.1,-sse4.2,-avx,-avx2,-lock_add,-popcnt) and those of dex2oat executable (ISA: X86 Feature string: smp,ssse3,-sse4.1,-sse4.2,-avx,-avx2,-lock_add,-popcnt) for the command line:
01-17 02:32:14.933  1779  1779 W dex2oat : /system/bin/dex2oat --zip-fd=6 --zip-location=BlockedNumberProvider.apk --oat-fd=7 --oat-location=/data/dalvik-cache/x86/system@priv-app@BlockedNumberProvider@BlockedNumberProvider.apk@classes.dex --instruction-set=x86 --instruction-set-variant=x86 --instruction-set-features=default --runtime-arg -Xms64m --runtime-arg -Xmx512m --compiler-filter=verify-at-runtime --swap-fd=9
01-17 02:32:14.933  1779  1779 I dex2oat : /system/bin/dex2oat --compiler-filter=verify-at-runtime
01-17 02:32:15.250  1779  1779 I dex2oat : dex2oat took 317.046ms (threads: 2) arena alloc=0B (0B) java alloc=27KB (28240B) native alloc=943KB (966576B) free=1104KB (1130576B)
01-17 02:32:15.250  1426  1426 I PackageManager.DexOptimizer: Running dexopt (dex2oat) on: /system/app/UserDictionaryProvider/UserDictionaryProvider.apk pkg=com.android.providers.userdictionary isa=x86 vmSafeMode=false debuggable=false target-filter=verify-at-runtime oatDir = null sharedLibraries=null
01-17 02:32:15.263  1782  1782 W dex2oat : Unexpected CPU variant for X86 using defaults: x86
01-17 02:32:15.263  1782  1782 W dex2oat : Mismatch between dex2oat instruction set features (ISA: X86 Feature string: smp,-ssse3,-sse4.1,-sse4.2,-avx,-avx2,-lock_add,-popcnt) and those of dex2oat executable (ISA: X86 Feature string: smp,ssse3,-sse4.1,-sse4.2,-avx,-avx2,-lock_add,-popcnt) for the command line:
01-17 02:32:15.263  1782  1782 W dex2oat : /system/bin/dex2oat --zip-fd=6 --zip-location=UserDictionaryProvider.apk --oat-fd=7 --oat-location=/data/dalvik-cache/x86/system@app@UserDictionaryProvider@UserDictionaryProvider.apk@classes.dex --instruction-set=x86 --instruction-set-variant=x86 --instruction-set-features=default --runtime-arg -Xms64m --runtime-arg -Xmx512m --compiler-filter=verify-at-runtime --swap-fd=9
01-17 02:32:15.263  1782  1782 I dex2oat : /system/bin/dex2oat --compiler-filter=verify-at-runtime
01-17 02:32:15.473  1782  1782 I dex2oat : dex2oat took 211.676ms (threads: 2) arena alloc=0B (0B) java alloc=27KB (28240B) native alloc=743KB (761008B) free=1304KB (1336144B)
01-17 02:32:15.474  1426  1426 I PackageManager.DexOptimizer: Running dexopt (dex2oat) on: /system/priv-app/EmergencyInfo/EmergencyInfo.apk pkg=com.android.emergency isa=x86 vmSafeMode=false debuggable=false target-filter=verify-at-runtime oatDir = null sharedLibraries=null
01-17 02:32:15.483  1785  1785 W dex2oat : Unexpected CPU variant for X86 using defaults: x86
01-17 02:32:15.483  1785  1785 W dex2oat : Mismatch between dex2oat instruction set features (ISA: X86 Feature string: smp,-ssse3,-sse4.1,-sse4.2,-avx,-avx2,-lock_add,-popcnt) and those of dex2oat executable (ISA: X86 Feature string: smp,ssse3,-sse4.1,-sse4.2,-avx,-avx2,-lock_add,-popcnt) for the command line:
01-17 02:32:15.483  1785  1785 W dex2oat : /system/bin/dex2oat --zip-fd=6 --zip-location=EmergencyInfo.apk --oat-fd=7 --oat-location=/data/dalvik-cache/x86/system@priv-app@EmergencyInfo@EmergencyInfo.apk@classes.dex --instruction-set=x86 --instruction-set-variant=x86 --instruction-set-features=default --runtime-arg -Xms64m --runtime-arg -Xmx512m --compiler-filter=verify-at-runtime --swap-fd=9
01-17 02:32:15.483  1785  1785 I dex2oat : /system/bin/dex2oat --compiler-filter=verify-at-runtime
01-17 02:32:15.718  1785  1785 I dex2oat : dex2oat took 235.293ms (threads: 2) arena alloc=0B (0B) java alloc=31KB (32216B) native alloc=686KB (702704B) free=2MB (2443024B)
01-17 02:32:15.719  1426  1426 I PackageManager.DexOptimizer: Running dexopt (dex2oat) on: /system/app/DeskClock/DeskClock.apk pkg=com.android.deskclock isa=x86 vmSafeMode=false debuggable=false target-filter=verify-at-runtime oatDir = null sharedLibraries=null
01-17 02:32:15.726  1788  1788 W dex2oat : Unexpected CPU variant for X86 using defaults: x86
01-17 02:32:15.726  1788  1788 W dex2oat : Mismatch between dex2oat instruction set features (ISA: X86 Feature string: smp,-ssse3,-sse4.1,-sse4.2,-avx,-avx2,-lock_add,-popcnt) and those of dex2oat executable (ISA: X86 Feature string: smp,ssse3,-sse4.1,-sse4.2,-avx,-avx2,-lock_add,-popcnt) for the command line:
01-17 02:32:15.727  1788  1788 W dex2oat : /system/bin/dex2oat --zip-fd=6 --zip-location=DeskClock.apk --oat-fd=7 --oat-location=/data/dalvik-cache/x86/system@app@DeskClock@DeskClock.apk@classes.dex --instruction-set=x86 --instruction-set-variant=x86 --instruction-set-features=default --runtime-arg -Xms64m --runtime-arg -Xmx512m --compiler-filter=verify-at-runtime --swap-fd=9
01-17 02:32:15.727  1788  1788 I dex2oat : /system/bin/dex2oat --compiler-filter=verify-at-runtime
01-17 02:32:16.086  1788  1788 I dex2oat : dex2oat took 360.053ms (threads: 2) arena alloc=0B (0B) java alloc=27KB (28240B) native alloc=564KB (578128B) free=2MB (2567600B)
01-17 02:32:16.088  1426  1426 I PackageManager.DexOptimizer: Running dexopt (dex2oat) on: /system/app/BluetoothMidiService/BluetoothMidiService.apk pkg=com.android.bluetoothmidiservice isa=x86 vmSafeMode=false debuggable=false target-filter=verify-at-runtime oatDir = null sharedLibraries=null
01-17 02:32:16.099  1791  1791 W dex2oat : Unexpected CPU variant for X86 using defaults: x86
01-17 02:32:16.099  1791  1791 W dex2oat : Mismatch between dex2oat instruction set features (ISA: X86 Feature string: smp,-ssse3,-sse4.1,-sse4.2,-avx,-avx2,-lock_add,-popcnt) and those of dex2oat executable (ISA: X86 Feature string: smp,ssse3,-sse4.1,-sse4.2,-avx,-avx2,-lock_add,-popcnt) for the command line:
01-17 02:32:16.099  1791  1791 W dex2oat : /system/bin/dex2oat --zip-fd=6 --zip-location=BluetoothMidiService.apk --oat-fd=7 --oat-location=/data/dalvik-cache/x86/system@app@BluetoothMidiService@BluetoothMidiService.apk@classes.dex --instruction-set=x86 --instruction-set-variant=x86 --instruction-set-features=default --runtime-arg -Xms64m --runtime-arg -Xmx512m --compiler-filter=verify-at-runtime --swap-fd=9
01-17 02:32:16.099  1791  1791 I dex2oat : /system/bin/dex2oat --compiler-filter=verify-at-runtime
01-17 02:32:16.355  1791  1791 I dex2oat : dex2oat took 256.127ms (threads: 2) arena alloc=0B (0B) java alloc=31KB (32208B) native alloc=719KB (736688B) free=1328KB (1360464B)
01-17 02:32:16.356  1426  1426 I PackageManager.DexOptimizer: Running dexopt (dex2oat) on: /system/app/Bluetooth/Bluetooth.apk pkg=com.android.bluetooth isa=x86 vmSafeMode=false debuggable=false target-filter=verify-at-runtime oatDir = null sharedLibraries=/system/framework/javax.obex.jar
01-17 02:32:16.364  1794  1794 W dex2oat : Unexpected CPU variant for X86 using defaults: x86
01-17 02:32:16.364  1794  1794 W dex2oat : Mismatch between dex2oat instruction set features (ISA: X86 Feature string: smp,-ssse3,-sse4.1,-sse4.2,-avx,-avx2,-lock_add,-popcnt) and those of dex2oat executable (ISA: X86 Feature string: smp,ssse3,-sse4.1,-sse4.2,-avx,-avx2,-lock_add,-popcnt) for the command line:
01-17 02:32:16.364  1794  1794 W dex2oat : /system/bin/dex2oat --zip-fd=6 --zip-location=Bluetooth.apk --oat-fd=7 --oat-location=/data/dalvik-cache/x86/system@app@Bluetooth@Bluetooth.apk@classes.dex --instruction-set=x86 --instruction-set-variant=x86 --instruction-set-features=default --runtime-arg -Xms64m --runtime-arg -Xmx512m --compiler-filter=verify-at-runtime --swap-fd=9 --runtime-arg -classpath --runtime-arg /system/framework/javax.obex.jar
01-17 02:32:16.364  1794  1794 I dex2oat : /system/bin/dex2oat --compiler-filter=verify-at-runtime
01-17 02:32:16.721  1794  1794 I dex2oat : dex2oat took 357.747ms (threads: 2) arena alloc=0B (0B) java alloc=31KB (32240B) native alloc=504KB (516592B) free=2MB (2629136B)
01-17 02:32:16.722  1426  1426 I PackageManager.DexOptimizer: Running dexopt (dex2oat) on: /system/priv-app/ContactsProvider/ContactsProvider.apk pkg=com.android.providers.contacts isa=x86 vmSafeMode=false debuggable=false target-filter=verify-at-runtime oatDir = null sharedLibraries=null
01-17 02:32:16.730  1797  1797 W dex2oat : Unexpected CPU variant for X86 using defaults: x86
01-17 02:32:16.730  1797  1797 W dex2oat : Mismatch between dex2oat instruction set features (ISA: X86 Feature string: smp,-ssse3,-sse4.1,-sse4.2,-avx,-avx2,-lock_add,-popcnt) and those of dex2oat executable (ISA: X86 Feature string: smp,ssse3,-sse4.1,-sse4.2,-avx,-avx2,-lock_add,-popcnt) for the command line:
01-17 02:32:16.730  1797  1797 W dex2oat : /system/bin/dex2oat --zip-fd=6 --zip-location=ContactsProvider.apk --oat-fd=7 --oat-location=/data/dalvik-cache/x86/system@priv-app@ContactsProvider@ContactsProvider.apk@classes.dex --instruction-set=x86 --instruction-set-variant=x86 --instruction-set-features=default --runtime-arg -Xms64m --runtime-arg -Xmx512m --compiler-filter=verify-at-runtime --swap-fd=9
01-17 02:32:16.730  1797  1797 I dex2oat : /system/bin/dex2oat --compiler-filter=verify-at-runtime
01-17 02:32:17.011  1797  1797 I dex2oat : dex2oat took 281.448ms (threads: 2) arena alloc=0B (0B) java alloc=31KB (32216B) native alloc=888KB (909552B) free=2MB (2236176B)
01-17 02:32:17.012  1426  1426 I PackageManager.DexOptimizer: Running dexopt (dex2oat) on: /system/app/CaptivePortalLogin/CaptivePortalLogin.apk pkg=com.android.captiveportallogin isa=x86 vmSafeMode=false debuggable=false target-filter=verify-at-runtime oatDir = null sharedLibraries=null
01-17 02:32:17.020  1800  1800 W dex2oat : Unexpected CPU variant for X86 using defaults: x86
01-17 02:32:17.020  1800  1800 W dex2oat : Mismatch between dex2oat instruction set features (ISA: X86 Feature string: smp,-ssse3,-sse4.1,-sse4.2,-avx,-avx2,-lock_add,-popcnt) and those of dex2oat executable (ISA: X86 Feature string: smp,ssse3,-sse4.1,-sse4.2,-avx,-avx2,-lock_add,-popcnt) for the command line:
01-17 02:32:17.020  1800  1800 W dex2oat : /system/bin/dex2oat --zip-fd=6 --zip-location=CaptivePortalLogin.apk --oat-fd=7 --oat-location=/data/dalvik-cache/x86/system@app@CaptivePortalLogin@CaptivePortalLogin.apk@classes.dex --instruction-set=x86 --instruction-set-variant=x86 --instruction-set-features=default --runtime-arg -Xms64m --runtime-arg -Xmx512m --compiler-filter=verify-at-runtime --swap-fd=9
01-17 02:32:17.020  1800  1800 I dex2oat : /system/bin/dex2oat --compiler-filter=verify-at-runtime
01-17 02:32:17.323  1800  1800 I dex2oat : dex2oat took 303.381ms (threads: 2) arena alloc=0B (0B) java alloc=31KB (32208B) native alloc=719KB (736432B) free=1328KB (1360720B)
01-17 02:32:17.324  1426  1426 W PackageManager: No disk maintenance in 1484620337324; running immediately
01-17 02:32:17.324  1426  1426 I SystemServer: StartLockSettingsService
01-17 02:32:17.324  1426  1426 I SystemServiceManager: Starting com.android.server.LockSettingsService$Lifecycle
01-17 02:32:17.325  1426  1632 I MountService: Running fstrim idle maintenance
01-17 02:32:17.325  1426  1632 D VoldConnector: SND -> {3 fstrim dotrim}
01-17 02:32:17.325  1426  1633 D VoldConnector: RCV <- {200 3 Command succeeded}
01-17 02:32:17.326  1208  1803 D vold    : Starting trim of /cache
01-17 02:32:17.326  1208  1803 W vold    : Trim failed on /cache: Operation not supported on transport endpoint
01-17 02:32:17.326  1426  1633 D VoldConnector: RCV <- {662 /cache -1 -1}
01-17 02:32:17.326  1208  1803 D vold    : Starting trim of /data
01-17 02:32:17.326  1208  1803 W vold    : Trim failed on /data: Operation not supported on transport endpoint
01-17 02:32:17.326  1426  1633 D VoldConnector: RCV <- {662 /data -1 -1}
01-17 02:32:17.326  1426  1547 E VoldConnector: Error handling '662 /cache -1 -1': java.lang.NullPointerException: Attempt to invoke virtual method 'void android.os.DropBoxManager.addText(java.lang.String, java.lang.String)' on a null object reference
01-17 02:32:17.327  1426  1547 E VoldConnector: Error handling '662 /data -1 -1': java.lang.NullPointerException: Attempt to invoke virtual method 'void android.os.DropBoxManager.addText(java.lang.String, java.lang.String)' on a null object reference
01-17 02:32:17.327  1426  1426 I SystemServiceManager: Starting com.android.server.DeviceIdleController
01-17 02:32:17.328  1426  1426 I SystemServiceManager: Starting com.android.server.devicepolicy.DevicePolicyManagerService$Lifecycle
01-17 02:32:17.331  1426  1426 I SystemServer: StartStatusBarManagerService
01-17 02:32:17.331  1426  1426 I SystemServer: StartClipboardService
01-17 02:32:17.332  1426  1426 I SystemServer: StartNetworkManagementService
01-17 02:32:17.333  1426  1804 I NetworkManagement: onDaemonConnected()
01-17 02:32:17.334  1426  1426 I SystemServiceManager: Starting com.android.server.TextServicesManagerService$Lifecycle
01-17 02:32:17.336  1426  1426 I SystemServer: StartNetworkScoreService
01-17 02:32:17.337  1426  1426 I SystemServer: StartNetworkStatsService
01-17 02:32:17.338  1426  1426 I SystemServer: StartNetworkPolicyManagerService
01-17 02:32:17.341  1426  1426 I SystemServer: No Wi-Fi NAN Service (NAN support Not Present)
01-17 02:32:17.341  1426  1426 I SystemServiceManager: Starting com.android.server.wifi.p2p.WifiP2pService
01-17 02:32:17.345  1426  1426 I WifiP2pService: Registering wifip2p
01-17 02:32:17.346  1426  1426 I SystemServiceManager: Starting com.android.server.wifi.WifiService
01-17 02:32:17.350  1426  1426 D HS20    : Passpoint is disabled
01-17 02:32:17.353  1426  1810 E IpManager.wlan0: Failed to disable IPv6java.lang.IllegalStateException: command '1 interface ipv6 wlan0 disable' failed with '400 1 Failed to change IPv6 state (No such file or directory)'
01-17 02:32:17.353  1268  1531 D CommandListener: Clearing all IP addresses on wlan0
01-17 02:32:17.554  1426  1809 D WifiApConfigStore: 2G band allowed channels are:1,6,11
01-17 02:32:17.554  1426  1426 E WifiLogger: no ring buffers found
01-17 02:32:17.554  1426  1426 E WifiLogger: Failed to start packet fate monitoring
01-17 02:32:17.554  1426  1809 E WifiApConfigStore: Error reading hotspot configuration java.io.FileNotFoundException: /data/misc/wifi/softap.conf (No such file or directory)
01-17 02:32:17.554  1426  1809 D WifiApConfigStore: Fallback to use default AP configuration
01-17 02:32:17.555  1426  1426 D WifiController: isAirplaneModeOn = false, isWifiEnabled = false, isScanningAvailable = false
01-17 02:32:17.555  1426  1426 I WifiService: Registering wifi
01-17 02:32:17.555  1426  1426 I SystemServiceManager: Starting com.android.server.wifi.scanner.WifiScanningService
01-17 02:32:17.555  1426  1426 I WifiScanningService: Creating wifiscanner
01-17 02:32:17.556  1426  1426 I WifiScanningService: Publishing wifiscanner
01-17 02:32:17.556  1426  1426 I SystemServiceManager: Starting com.android.server.wifi.RttService
01-17 02:32:17.556  1426  1426 I RttService: Creating rttmanager
01-17 02:32:17.556  1426  1426 I RttService: Starting rttmanager
01-17 02:32:17.557  1426  1426 I SystemServer: StartConnectivityService
01-17 02:32:17.558  1426  1426 D ConnectivityService: ConnectivityService starting up
01-17 02:32:17.559  1426  1426 D ConnectivityService: wifiOnly=false
01-17 02:32:17.561  1426  1426 I SystemServer: StartNsdService
01-17 02:32:17.562  1426  1426 I SystemServer: StartUpdateLockService
01-17 02:32:17.562  1426  1426 I SystemServiceManager: Starting com.android.server.RecoverySystemService
01-17 02:32:17.562  1426  1426 I SystemServiceManager: Starting com.android.server.notification.NotificationManagerService
01-17 02:32:17.565  1426  1426 D ConditionProviders.SCP: new ScheduleConditionProvider()
01-17 02:32:17.569  1426  1426 D ZenLog  : set_zen_mode: off,init
01-17 02:32:17.570  1426  1426 I SystemServiceManager: Starting com.android.server.storage.DeviceStorageMonitorService
01-17 02:32:17.571  1426  1426 I SystemServer: StartLocationManagerService
01-17 02:32:17.572  1426  1426 I SystemServer: StartCountryDetectorService
01-17 02:32:17.572  1426  1426 I SystemServer: StartSearchManagerService
01-17 02:32:17.572  1426  1426 I SystemServiceManager: Starting com.android.server.search.SearchManagerService$Lifecycle
01-17 02:32:17.573  1426  1426 I SystemServiceManager: Starting com.android.server.DropBoxManagerService
01-17 02:32:17.575  1426  1426 I SystemServer: StartWallpaperManagerService
01-17 02:32:17.575  1426  1426 I SystemServiceManager: Starting com.android.server.wallpaper.WallpaperManagerService$Lifecycle
01-17 02:32:17.575  1426  1426 E BitmapFactory: Unable to decode stream: java.io.FileNotFoundException: /data/system/users/0/wallpaper_orig (No such file or directory)
01-17 02:32:17.575  1426  1426 E WallpaperManagerService: Invalid wallpaper data
01-17 02:32:17.575  1426  1426 E WallpaperManagerService: Unable to apply new wallpaper
01-17 02:32:17.575  1426  1426 W WallpaperManagerService: no current wallpaper -- first boot?
01-17 02:32:17.575  1426  1426 I SystemServer: StartAudioService
01-17 02:32:17.575  1426  1426 I SystemServiceManager: Starting com.android.server.audio.AudioService$Lifecycle
01-17 02:32:17.577  1259  1302 D PermissionCache: checking android.permission.MODIFY_AUDIO_SETTINGS for uid=1000 => granted (146 us)
01-17 02:32:17.577  1426  1426 W TelecomManager: Telecom Service not found.
01-17 02:32:17.578  1426  1540 E BatteryStatsService: power: Missing API
01-17 02:32:17.578  1259  1299 W AudioFlinger: no wake lock to update, system not ready yet
01-17 02:32:17.578  1426  1542 E KernelCpuSpeedReader: Failed to read cpu-freq: /sys/devices/system/cpu/cpu0/cpufreq/stats/time_in_state (No such file or directory)
01-17 02:32:17.579  1426  1542 E KernelUidCpuTimeReader: Failed to read uid_cputime: /proc/uid_cputime/show_uid_stat (No such file or directory)
01-17 02:32:17.582  1426  1426 I SystemServiceManager: Starting com.android.server.DockObserver
01-17 02:32:17.582  1426  1426 W DockObserver: This kernel does not have dock station support
01-17 02:32:17.583  1426  1426 I SystemServer: StartWiredAccessoryManager
01-17 02:32:17.584  1426  1426 W WiredAccessoryManager: This kernel does not have wired headset support
01-17 02:32:17.584  1426  1426 W WiredAccessoryManager: This kernel does not have usb audio support
01-17 02:32:17.584  1426  1426 W WiredAccessoryManager: This kernel does not have HDMI audio support
01-17 02:32:17.584  1426  1426 I SystemServiceManager: Starting com.android.server.usb.UsbService$Lifecycle
01-17 02:32:17.585  1426  1426 E AlsaCardRecord: Failed to parse line 0 of /proc/asound/cards: ---
01-17 02:32:17.586  1426  1426 I SystemServer: StartSerialService
01-17 02:32:17.586  1426  1426 E HardwarePropertiesManagerService-JNI: Couldn't load thermal module (No such file or directory)
01-17 02:32:17.586  1426  1426 I SystemServiceManager: Starting com.android.server.twilight.TwilightService
01-17 02:32:17.586  1426  1426 I SystemServiceManager: Starting com.android.server.job.JobSchedulerService
01-17 02:32:17.588  1426  1426 I SystemServiceManager: Starting com.android.server.soundtrigger.SoundTriggerService
01-17 02:32:17.588  1426  1426 I SystemServiceManager: Starting com.android.server.backup.BackupManagerService$Lifecycle
01-17 02:32:17.589  1426  1426 I SystemServiceManager: Starting com.android.server.appwidget.AppWidgetService
01-17 02:32:17.590  1426  1426 I SystemServiceManager: Starting com.android.server.voiceinteraction.VoiceInteractionManagerService
01-17 02:32:17.590  1426  1426 I SystemServer: Gesture Launcher Service
01-17 02:32:17.590  1426  1426 I SystemServiceManager: Starting com.android.server.GestureLauncherService
01-17 02:32:17.590  1426  1426 I SystemServiceManager: Starting com.android.server.SensorNotificationService
01-17 02:32:17.591  1426  1426 I SystemServiceManager: Starting com.android.server.ContextHubSystemService
01-17 02:32:17.591  1426  1426 E ContextHubService: ** Could not load context_hub module : err No such file or directory
01-17 02:32:17.591  1426  1426 W ContextHubService: No Context Hub Module present
01-17 02:32:17.591  1426  1426 I SystemServer: StartDiskStatsService
01-17 02:32:17.591  1426  1426 I SystemServer: StartSamplingProfilerService
01-17 02:32:17.624  1426  1426 I SystemServer: StartNetworkTimeUpdateService
01-17 02:32:17.625  1426  1426 I SystemServer: StartCommonTimeManagementService
01-17 02:32:17.625  1426  1426 I SystemServer: CertBlacklister
01-17 02:32:17.625  1426  1426 I SystemServiceManager: Starting com.android.server.emergency.EmergencyAffordanceService
01-17 02:32:17.626  1426  1426 I SystemServiceManager: Starting com.android.server.dreams.DreamManagerService
01-17 02:32:17.626  1426  1426 I SystemServer: StartAssetAtlasService
01-17 02:32:17.627  1426  1825 D AssetAtlas: Computing best atlas configuration...
01-17 02:32:17.627  1426  1426 I SystemServiceManager: Starting com.android.server.print.PrintManagerService
01-17 02:32:17.627  1426  1827 D AssetAtlas: Running Atlas Worker #2
01-17 02:32:17.627  1426  1826 D AssetAtlas: Running Atlas Worker #1
01-17 02:32:17.628  1426  1426 I SystemServiceManager: Starting com.android.server.restrictions.RestrictionsManagerService
01-17 02:32:17.628  1426  1426 I SystemServiceManager: Starting com.android.server.media.MediaSessionService
01-17 02:32:17.629  1426  1426 I SystemServer: StartMediaRouterService
01-17 02:32:17.630  1426  1426 I SystemServiceManager: Starting com.android.server.trust.TrustManagerService
01-17 02:32:17.630  1426  1426 I SystemServer: StartBackgroundDexOptService
01-17 02:32:17.636  1426  1426 I SystemServiceManager: Starting com.android.server.pm.ShortcutService$Lifecycle
01-17 02:32:17.638  1426  1426 I SystemServiceManager: Starting com.android.server.pm.LauncherAppsService
01-17 02:32:17.638  1426  1426 I SystemServiceManager: Starting com.android.server.media.projection.MediaProjectionManagerService
01-17 02:32:17.638  1426  1426 V MediaRouter: Adding route: RouteInfo{ name=Phone, description=null, status=null, category=RouteCategory{ name=null types=ROUTE_TYPE_LIVE_AUDIO ROUTE_TYPE_LIVE_VIDEO  groupable=false }, supportedTypes=ROUTE_TYPE_LIVE_AUDIO ROUTE_TYPE_LIVE_VIDEO , presentationDisplay=null }
01-17 02:32:17.639  1426  1426 V MediaRouter: Updating audio routes: AudioRoutesInfo{ type=SPEAKER }
01-17 02:32:17.639  1426  1426 V MediaRouter: Selecting route: RouteInfo{ name=Phone, description=null, status=null, category=RouteCategory{ name=null types=ROUTE_TYPE_LIVE_AUDIO ROUTE_TYPE_LIVE_VIDEO  groupable=false }, supportedTypes=ROUTE_TYPE_LIVE_AUDIO ROUTE_TYPE_LIVE_VIDEO , presentationDisplay=null }
01-17 02:32:17.639  1426  1426 I WindowManager: SAFE MODE not enabled
01-17 02:32:17.639  1426  1426 I SystemServiceManager: Starting com.android.server.MmsServiceBroker
01-17 02:32:17.640  1426  1426 I SystemServiceManager: Starting com.android.server.retaildemo.RetailDemoModeService
01-17 02:32:17.641  1426  1828 I ServiceThread: Enabled StrictMode logging for RetailDemoModeService looper.
01-17 02:32:17.641  1426  1426 W VibratorService: Tried to stop vibrating but there is no vibrator device.
01-17 02:32:17.648  1251  1280 D gralloc_ranchu: gralloc_alloc: format 1 and usage 0x933 imply creation of host color buffer
01-17 02:32:17.649  1426  1549 D         : HostConnection::get() New Host Connection established 0xa7c1dc40, tid 1549
01-17 02:32:17.650  1426  1825 D AssetAtlas: Found best atlas configuration (out of 576) in 0.02s
01-17 02:32:17.650  1426  1825 D AssetAtlas: Loaded configuration: SliceMinArea (576x576) flags=0x2 count=91
01-17 02:32:17.653  1251  1408 D gralloc_ranchu: gralloc_alloc: format 1 and usage 0x100 imply creation of host color buffer
01-17 02:32:17.657  1251  1408 D         : HostConnection::get() New Host Connection established 0xab79bf40, tid 1408
01-17 02:32:17.657  1426  1549 W         : Process pipe failed
01-17 02:32:17.712  1426  1825 D         : HostConnection::get() New Host Connection established 0x8e6b7380, tid 1825
01-17 02:32:17.893  1426  1426 E SQLiteLog: (1) no such table: locksettings
01-17 02:32:17.969  1426  1825 D AssetAtlas: Rendered atlas in 251.38ms (3.22+248.16ms)
01-17 02:32:17.982  1426  1426 I LockSettingsService: Migrated lock settings to new location
01-17 02:32:18.016  1426  1426 I LockSettingsService: Migrated per-user lock settings to new location
01-17 02:32:18.094  1426  1426 I LockSettingsService: Migrated biometric weak to use the fallback instead
01-17 02:32:18.127  1426  1426 I LockSettingsService: Migrated lockscreen disabled flag
01-17 02:32:18.129  1426  1426 E LockSettingsStorage: Cannot read file java.io.FileNotFoundException: /data/system/gatekeeper.password.key: open failed: ENOENT (No such file or directory)
01-17 02:32:18.129  1426  1426 E LockSettingsStorage: Cannot read file java.io.FileNotFoundException: /data/system/password.key: open failed: ENOENT (No such file or directory)
01-17 02:32:18.130  1426  1426 E LockSettingsStorage: Cannot read file java.io.FileNotFoundException: /data/system/gatekeeper.pattern.key: open failed: ENOENT (No such file or directory)
01-17 02:32:18.130  1426  1426 E LockSettingsStorage: Cannot read file java.io.FileNotFoundException: /data/system/gatekeeper.gesture.key: open failed: ENOENT (No such file or directory)
01-17 02:32:18.130  1426  1426 E LockSettingsStorage: Cannot read file java.io.FileNotFoundException: /data/system/gesture.key: open failed: ENOENT (No such file or directory)
01-17 02:32:18.130  1426  1426 I SystemServiceManager: Starting phase 480
01-17 02:32:18.131  1426  1426 I SystemServiceManager: Starting phase 500
01-17 02:32:18.131  1426  1426 D ConnectivityMetricsLoggerService: onBootPhase: PHASE_SYSTEM_SERVICES_READY
01-17 02:32:18.133  1426  1426 I WifiService: WifiService starting up with Wi-Fi disabled
01-17 02:32:18.134  1426  1426 I WifiScanningService: Starting wifiscanner
01-17 02:32:18.134  1426  1426 I RttService: Registering rttmanager
01-17 02:32:18.135  1426  1426 D ZenLog  : config: cleanUpZenRules,ZenModeConfig[user=0,allowCalls=true,allowRepeatCallers=false,allowMessages=false,allowCallsFrom=contacts,allowMessagesFrom=contacts,allowReminders=true,allowEvents=true,allowWhenScreenOff=true,allowWhenScreenOn=true,automaticRules={c617e2a72a6348829d25a7e7a35f9f80=ZenRule[enabled=false,snoozing=false,name=Weeknight,zenMode=ZEN_MODE_ALARMS,conditionId=condition://android/schedule?days=1.2.3.4.5&start=22.0&end=7.0&exitAtAlarm=false,condition=null,component=ComponentInfo{android/com.android.server.notification.ScheduleConditionProvider},id=c617e2a72a6348829d25a7e7a35f9f80,creationTime=1484620337565,enabler=null], 9054c95f0bad473db755a3f632ed8771=ZenRule[enabled=false,snoozing=false,name=Weekend,zenMode=ZEN_MODE_ALARMS,conditionId=condition://android/schedule?days=6.7&start=23.30&end=10.0&exitAtAlarm=false,condition=null,component=ComponentInfo{android/com.android.server.notification.ScheduleConditionProvider},id=9054c95f0bad473db755a3f632ed8771,creationTime=1484620337565,enabler=null], 554235459a5442f9a1a5e2e12d2955d9=ZenRule[enabled=false,snoozing=false,name=Event,zenMode=ZEN_MODE_ALARMS,conditionId=condition://android/event?userId=-10000&calendar=&reply=1,condition=null,component=ComponentInfo{android/com.android.server.notification.EventConditionProvider},id=554235459a5442f9a1a5e2e12d2955d9,creationTime=1484620337565,enabler=null]},manualRule=null],Diff[]
01-17 02:32:18.135  1426  1426 D ZenLog  : set_zen_mode: off,onSystemReady
01-17 02:32:18.136  1259  1822 D PermissionCache: checking android.permission.CAPTURE_AUDIO_HOTWORD for uid=1000 => granted (41 us)
01-17 02:32:18.136  1426  1426 W SoundTriggerHelper: listModules status=0, # of modules=0
01-17 02:32:18.136  1426  1426 D ContextHubSystemService: onBootPhase: PHASE_SYSTEM_SERVICES_READY
01-17 02:32:18.141  1426  1426 I DefaultPermGrantPolicy: Granting permissions to platform components for user 0
01-17 02:32:18.141  1426  1426 D VoldConnector: SND -> {4 volume remount_uid 1001 none}
01-17 02:32:18.141  1208  1242 D vold    : Remounting 1001 as mode none
01-17 02:32:18.141  1426  1551 W KeyguardServiceDelegate: onScreenTurningOn(): no keyguard service!
01-17 02:32:18.142  1208  1242 D vold    : Found matching PID 1270
01-17 02:32:18.142  1208  1242 W vold    : Skipping due to root namespace
01-17 02:32:18.142  1426  1633 D VoldConnector: RCV <- {200 4 Command succeeded}
01-17 02:32:18.142  1426  1426 D VoldConnector: SND -> {5 volume remount_uid 1001 none}
01-17 02:32:18.142  1208  1242 D vold    : Remounting 1001 as mode none
01-17 02:32:18.142  1208  1242 D vold    : Found matching PID 1270
01-17 02:32:18.142  1208  1242 W vold    : Skipping due to root namespace
01-17 02:32:18.143  1426  1633 D VoldConnector: RCV <- {200 5 Command succeeded}
01-17 02:32:18.143  1426  1426 D VoldConnector: SND -> {6 volume remount_uid 1000 none}
01-17 02:32:18.143  1208  1242 D vold    : Remounting 1000 as mode none
01-17 02:32:18.143  1208  1242 D vold    : Found matching PID 1250
01-17 02:32:18.143  1208  1242 W vold    : Skipping due to root namespace
01-17 02:32:18.143  1208  1242 D vold    : Found matching PID 1251
01-17 02:32:18.143  1208  1242 W vold    : Skipping due to root namespace
01-17 02:32:18.143  1208  1242 D vold    : Found matching PID 1271
01-17 02:32:18.143  1208  1242 W vold    : Skipping due to root namespace
01-17 02:32:18.143  1208  1242 D vold    : Found matching PID 1272
01-17 02:32:18.143  1208  1242 W vold    : Skipping due to root namespace
01-17 02:32:18.143  1208  1242 D vold    : Found matching PID 1426
01-17 02:32:18.230  1426  1633 D VoldConnector: RCV <- {200 6 Command succeeded}
01-17 02:32:18.230  1426  1426 D VoldConnector: SND -> {7 volume remount_uid 1000 none}
01-17 02:32:18.230  1208  1242 D vold    : Remounting 1000 as mode none
01-17 02:32:18.231  1208  1242 D vold    : Found matching PID 1250
01-17 02:32:18.231  1208  1242 W vold    : Skipping due to root namespace
01-17 02:32:18.231  1208  1242 D vold    : Found matching PID 1251
01-17 02:32:18.231  1208  1242 W vold    : Skipping due to root namespace
01-17 02:32:18.231  1208  1242 D vold    : Found matching PID 1271
01-17 02:32:18.231  1208  1242 W vold    : Skipping due to root namespace
01-17 02:32:18.231  1208  1242 D vold    : Found matching PID 1272
01-17 02:32:18.231  1208  1242 W vold    : Skipping due to root namespace
01-17 02:32:18.231  1208  1242 D vold    : Found matching PID 1426
01-17 02:32:18.280  1426  1633 D VoldConnector: RCV <- {200 7 Command succeeded}
01-17 02:32:18.280  1426  1426 D VoldConnector: SND -> {8 volume remount_uid 2000 none}
01-17 02:32:18.281  1208  1242 D vold    : Remounting 2000 as mode none
01-17 02:32:18.281  1426  1633 D VoldConnector: RCV <- {200 8 Command succeeded}
01-17 02:32:18.281  1426  1426 D VoldConnector: SND -> {9 volume remount_uid 2000 none}
01-17 02:32:18.281  1208  1242 D vold    : Remounting 2000 as mode none
01-17 02:32:18.282  1426  1633 D VoldConnector: RCV <- {200 9 Command succeeded}
01-17 02:32:18.282  1426  1426 D VoldConnector: SND -> {10 volume remount_uid 10024 none}
01-17 02:32:18.282  1208  1242 D vold    : Remounting 10024 as mode none
01-17 02:32:18.283  1426  1633 D VoldConnector: RCV <- {200 10 Command succeeded}
01-17 02:32:18.283  1426  1426 D VoldConnector: SND -> {11 volume remount_uid 10024 none}
01-17 02:32:18.283  1208  1242 D vold    : Remounting 10024 as mode none
01-17 02:32:18.283  1426  1633 D VoldConnector: RCV <- {200 11 Command succeeded}
01-17 02:32:18.284  1426  1426 D VoldConnector: SND -> {12 volume remount_uid 1002 none}
01-17 02:32:18.284  1208  1242 D vold    : Remounting 1002 as mode none
01-17 02:32:18.284  1426  1633 D VoldConnector: RCV <- {200 12 Command succeeded}
01-17 02:32:18.284  1426  1426 D VoldConnector: SND -> {13 volume remount_uid 1002 none}
01-17 02:32:18.284  1208  1242 D vold    : Remounting 1002 as mode none
01-17 02:32:18.285  1426  1633 D VoldConnector: RCV <- {200 13 Command succeeded}
01-17 02:32:18.285  1426  1426 I DefaultPermGrantPolicy: Granting permissions to default platform handlers for user 0
01-17 02:32:18.285  1426  1426 W VoiceInteractionManagerService: no available voice interaction services found for user 0
01-17 02:32:18.285  1426  1426 W VoiceInteractionManagerService: no available voice recognition services found for user 0
01-17 02:32:18.286  1426  1426 I SyncManager: No initial accounts
01-17 02:32:18.286  1426  1426 I SyncManager: No initial status
01-17 02:32:18.286  1426  1426 I SyncManager: No initial statistics
01-17 02:32:18.407  1426  1426 D VoldConnector: SND -> {14 volume remount_uid 10018 none}
01-17 02:32:18.407  1208  1242 D vold    : Remounting 10018 as mode none
01-17 02:32:18.408  1426  1633 D VoldConnector: RCV <- {200 14 Command succeeded}
01-17 02:32:18.408  1426  1426 D VoldConnector: SND -> {15 volume remount_uid 10033 none}
01-17 02:32:18.408  1208  1242 D vold    : Remounting 10033 as mode none
01-17 02:32:18.409  1426  1633 D VoldConnector: RCV <- {200 15 Command succeeded}
01-17 02:32:18.409  1426  1426 D VoldConnector: SND -> {16 volume remount_uid 10033 none}
01-17 02:32:18.409  1208  1242 D vold    : Remounting 10033 as mode none
01-17 02:32:18.409  1426  1633 D VoldConnector: RCV <- {200 16 Command succeeded}
01-17 02:32:18.409  1426  1426 D VoldConnector: SND -> {17 volume remount_uid 10010 none}
01-17 02:32:18.409  1208  1242 D vold    : Remounting 10010 as mode none
01-17 02:32:18.410  1426  1633 D VoldConnector: RCV <- {200 17 Command succeeded}
01-17 02:32:18.410  1426  1426 D VoldConnector: SND -> {18 volume remount_uid 10010 none}
01-17 02:32:18.410  1208  1242 D vold    : Remounting 10010 as mode none
01-17 02:32:18.411  1426  1633 D VoldConnector: RCV <- {200 18 Command succeeded}
01-17 02:32:18.411  1426  1426 D VoldConnector: SND -> {19 volume remount_uid 10013 none}
01-17 02:32:18.411  1208  1242 D vold    : Remounting 10013 as mode none
01-17 02:32:18.411  1426  1633 D VoldConnector: RCV <- {200 19 Command succeeded}
01-17 02:32:18.411  1426  1426 D VoldConnector: SND -> {20 volume remount_uid 10013 none}
01-17 02:32:18.412  1208  1242 D vold    : Remounting 10013 as mode none
01-17 02:32:18.412  1426  1633 D VoldConnector: RCV <- {200 20 Command succeeded}
01-17 02:32:18.413  1426  1426 D VoldConnector: SND -> {21 volume remount_uid 10002 none}
01-17 02:32:18.413  1208  1242 D vold    : Remounting 10002 as mode none
01-17 02:32:18.414  1426  1633 D VoldConnector: RCV <- {200 21 Command succeeded}
01-17 02:32:18.414  1426  1426 D VoldConnector: SND -> {22 volume remount_uid 10002 none}
01-17 02:32:18.414  1208  1242 D vold    : Remounting 10002 as mode none
01-17 02:32:18.415  1426  1633 D VoldConnector: RCV <- {200 22 Command succeeded}
01-17 02:32:18.420  1426  1426 D VoldConnector: SND -> {23 volume remount_uid 10042 none}
01-17 02:32:18.420  1208  1242 D vold    : Remounting 10042 as mode none
01-17 02:32:18.420  1426  1633 D VoldConnector: RCV <- {200 23 Command succeeded}
01-17 02:32:18.421  1426  1426 D VoldConnector: SND -> {24 volume remount_uid 10042 none}
01-17 02:32:18.421  1208  1242 D vold    : Remounting 10042 as mode none
01-17 02:32:18.421  1426  1633 D VoldConnector: RCV <- {200 24 Command succeeded}
01-17 02:32:18.422  1426  1426 D VoldConnector: SND -> {25 volume remount_uid 10046 none}
01-17 02:32:18.422  1208  1242 D vold    : Remounting 10046 as mode none
01-17 02:32:18.422  1426  1633 D VoldConnector: RCV <- {200 25 Command succeeded}
01-17 02:32:18.422  1426  1426 D VoldConnector: SND -> {26 volume remount_uid 10046 none}
01-17 02:32:18.422  1208  1242 D vold    : Remounting 10046 as mode none
01-17 02:32:18.423  1426  1633 D VoldConnector: RCV <- {200 26 Command succeeded}
01-17 02:32:18.423  1426  1426 D VoldConnector: SND -> {27 volume remount_uid 10023 none}
01-17 02:32:18.423  1208  1242 D vold    : Remounting 10023 as mode none
01-17 02:32:18.424  1426  1633 D VoldConnector: RCV <- {200 27 Command succeeded}
01-17 02:32:18.424  1426  1426 D VoldConnector: SND -> {28 volume remount_uid 10023 none}
01-17 02:32:18.424  1208  1242 D vold    : Remounting 10023 as mode none
01-17 02:32:18.425  1426  1633 D VoldConnector: RCV <- {200 28 Command succeeded}
01-17 02:32:18.425  1426  1426 V UserManagerService: Found /data/user_de/0 with serial number -1
01-17 02:32:18.425  1426  1426 D UserManagerService: Serial number missing on /data/user_de/0; assuming current is valid
01-17 02:32:18.426  1426  1426 V UserManagerService: Found /data/user/0 with serial number -1
01-17 02:32:18.426  1426  1426 D UserManagerService: Serial number missing on /data/user/0; assuming current is valid
01-17 02:32:18.426  1426  1426 V UserManagerService: Found /data/system_de/0 with serial number -1
