01-17 02:31:45.652  1262  1262 D installd: Detected label change from u:object_r:system_data_file:s0 to u:object_r:radio_data_file:s0 at /data/data/com.android.phone; running recursive restorecon
01-17 02:31:45.653  1262  1262 D installd: Detected label change from u:object_r:system_data_file:s0 to u:object_r:radio_data_file:s0 at /data/user_de/0/com.android.phone; running recursive restorecon
01-17 02:31:45.653  1262  1262 W installd: Requested default storage /data/user_de/0/com.android.phone is not active; migrating from /data/data/com.android.phone
01-17 02:31:45.653  1262  1262 D installd: Detected label change from u:object_r:system_data_file:s0 to u:object_r:radio_data_file:s0 at /data/data/com.android.phone; running recursive restorecon
01-17 02:31:45.654  1262  1262 D installd: Detected label change from u:object_r:system_data_file:s0 to u:object_r:shell_data_file:s0 at /data/data/com.android.shell; running recursive restorecon
01-17 02:31:45.654  1262  1262 D installd: Detected label change from u:object_r:system_data_file:s0 to u:object_r:shell_data_file:s0 at /data/user_de/0/com.android.shell; running recursive restorecon
01-17 02:31:45.655  1262  1262 W installd: Requested default storage /data/user_de/0/com.android.shell is not active; migrating from /data/data/com.android.shell
01-17 02:31:45.655  1262  1262 D installd: Detected label change from u:object_r:system_data_file:s0 to u:object_r:shell_data_file:s0 at /data/data/com.android.shell; running recursive restorecon
01-17 02:31:45.655  1262  1262 D installd: Detected label change from u:object_r:system_data_file:s0 to u:object_r:system_app_data_file:s0 at /data/data/com.android.wallpaperbackup; running recursive restorecon
01-17 02:31:45.656  1262  1262 D installd: Detected label change from u:object_r:system_data_file:s0 to u:object_r:system_app_data_file:s0 at /data/user_de/0/com.android.wallpaperbackup; running recursive restorecon
01-17 02:31:45.657  1262  1262 D installd: Detected label change from u:object_r:system_data_file:s0 to u:object_r:app_data_file:s0:c512,c768 at /data/data/com.android.providers.blockednumber; running recursive restorecon
01-17 02:31:45.657  1262  1262 D installd: Detected label change from u:object_r:system_data_file:s0 to u:object_r:app_data_file:s0:c512,c768 at /data/user_de/0/com.android.providers.blockednumber; running recursive restorecon
01-17 02:31:45.658  1262  1262 W installd: Requested default storage /data/user_de/0/com.android.providers.blockednumber is not active; migrating from /data/data/com.android.providers.blockednumber
01-17 02:31:45.658  1262  1262 D installd: Detected label change from u:object_r:system_data_file:s0 to u:object_r:app_data_file:s0:c512,c768 at /data/data/com.android.providers.blockednumber; running recursive restorecon
01-17 02:31:45.659  1262  1262 D installd: Detected label change from u:object_r:system_data_file:s0 to u:object_r:app_data_file:s0:c512,c768 at /data/data/com.android.providers.userdictionary; running recursive restorecon
01-17 02:31:45.660  1262  1262 D installd: Detected label change from u:object_r:system_data_file:s0 to u:object_r:app_data_file:s0:c512,c768 at /data/user_de/0/com.android.providers.userdictionary; running recursive restorecon
01-17 02:31:45.661  1262  1262 D installd: Detected label change from u:object_r:system_data_file:s0 to u:object_r:app_data_file:s0:c512,c768 at /data/data/com.android.emergency; running recursive restorecon
01-17 02:31:45.661  1262  1262 D installd: Detected label change from u:object_r:system_data_file:s0 to u:object_r:app_data_file:s0:c512,c768 at /data/user_de/0/com.android.emergency; running recursive restorecon
01-17 02:31:45.662  1262  1262 W installd: Requested default storage /data/user_de/0/com.android.emergency is not active; migrating from /data/data/com.android.emergency
01-17 02:31:45.662  1262  1262 D installd: Detected label change from u:object_r:system_data_file:s0 to u:object_r:app_data_file:s0:c512,c768 at /data/data/com.android.emergency; running recursive restorecon
01-17 02:31:45.662  1262  1262 D installd: Detected label change from u:object_r:system_data_file:s0 to u:object_r:system_app_data_file:s0 at /data/data/com.android.location.fused; running recursive restorecon
01-17 02:31:45.663  1262  1262 D installd: Detected label change from u:object_r:system_data_file:s0 to u:object_r:system_app_data_file:s0 at /data/user_de/0/com.android.location.fused; running recursive restorecon
01-17 02:31:45.663  1262  1262 W installd: Requested default storage /data/user_de/0/com.android.location.fused is not active; migrating from /data/data/com.android.location.fused
01-17 02:31:45.664  1262  1262 D installd: Detected label change from u:object_r:system_data_file:s0 to u:object_r:system_app_data_file:s0 at /data/data/com.android.location.fused; running recursive restorecon
01-17 02:31:45.664  1262  1262 D installd: Detected label change from u:object_r:system_data_file:s0 to u:object_r:app_data_file:s0:c512,c768 at /data/data/com.android.deskclock; running recursive restorecon
01-17 02:31:45.665  1262  1262 D installd: Detected label change from u:object_r:system_data_file:s0 to u:object_r:app_data_file:s0:c512,c768 at /data/user_de/0/com.android.deskclock; running recursive restorecon
01-17 02:31:45.666  1262  1262 D installd: Detected label change from u:object_r:system_data_file:s0 to u:object_r:app_data_file:s0:c512,c768 at /data/data/com.android.systemui; running recursive restorecon
01-17 02:31:45.666  1262  1262 D installd: Detected label change from u:object_r:system_data_file:s0 to u:object_r:app_data_file:s0:c512,c768 at /data/user_de/0/com.android.systemui; running recursive restorecon
01-17 02:31:45.667  1262  1262 W installd: Requested default storage /data/user_de/0/com.android.systemui is not active; migrating from /data/data/com.android.systemui
01-17 02:31:45.667  1262  1262 D installd: Detected label change from u:object_r:system_data_file:s0 to u:object_r:app_data_file:s0:c512,c768 at /data/data/com.android.systemui; running recursive restorecon
01-17 02:31:45.668  1262  1262 D installd: Detected label change from u:object_r:system_data_file:s0 to u:object_r:app_data_file:s0:c512,c768 at /data/data/com.android.bluetoothmidiservice; running recursive restorecon
01-17 02:31:45.668  1262  1262 D installd: Detected label change from u:object_r:system_data_file:s0 to u:object_r:app_data_file:s0:c512,c768 at /data/user_de/0/com.android.bluetoothmidiservice; running recursive restorecon
01-17 02:31:45.669  1262  1262 D installd: Detected label change from u:object_r:system_data_file:s0 to u:object_r:bluetooth_data_file:s0 at /data/data/com.android.bluetooth; running recursive restorecon
01-17 02:31:45.669  1262  1262 D installd: Detected label change from u:object_r:system_data_file:s0 to u:object_r:bluetooth_data_file:s0 at /data/user_de/0/com.android.bluetooth; running recursive restorecon
01-17 02:31:45.670  1262  1262 W installd: Requested default storage /data/user_de/0/com.android.bluetooth is not active; migrating from /data/data/com.android.bluetooth
01-17 02:31:45.670  1262  1262 D installd: Detected label change from u:object_r:system_data_file:s0 to u:object_r:bluetooth_data_file:s0 at /data/data/com.android.bluetooth; running recursive restorecon
01-17 02:31:45.671  1262  1262 D installd: Detected label change from u:object_r:system_data_file:s0 to u:object_r:app_data_file:s0:c512,c768 at /data/data/com.android.providers.contacts; running recursive restorecon
01-17 02:31:45.671  1262  1262 D installd: Detected label change from u:object_r:system_data_file:s0 to u:object_r:app_data_file:s0:c512,c768 at /data/user_de/0/com.android.providers.contacts; running recursive restorecon
01-17 02:31:45.672  1262  1262 D installd: Detected label change from u:object_r:system_data_file:s0 to u:object_r:app_data_file:s0:c512,c768 at /data/data/com.android.captiveportallogin; running recursive restorecon
01-17 02:31:45.672  1262  1262 D installd: Detected label change from u:object_r:system_data_file:s0 to u:object_r:app_data_file:s0:c512,c768 at /data/user_de/0/com.android.captiveportallogin; running recursive restorecon
01-17 02:31:45.673  1426  1426 V PackageManager: reconcileAppsData finished 76 packages
01-17 02:31:45.902  1426  1426 I PackageManager.DexOptimizer: Running dexopt (dex2oat) on: /system/priv-app/TelephonyProvider/TelephonyProvider.apk pkg=com.android.providers.telephony isa=x86 vmSafeMode=false debuggable=false target-filter=speed oatDir = null sharedLibraries=null
01-17 02:31:45.910  1573  1573 W dex2oat : Unexpected CPU variant for X86 using defaults: x86
01-17 02:31:45.910  1573  1573 W dex2oat : Mismatch between dex2oat instruction set features (ISA: X86 Feature string: smp,-ssse3,-sse4.1,-sse4.2,-avx,-avx2,-lock_add,-popcnt) and those of dex2oat executable (ISA: X86 Feature string: smp,ssse3,-sse4.1,-sse4.2,-avx,-avx2,-lock_add,-popcnt) for the command line:
01-17 02:31:45.910  1573  1573 W dex2oat : /system/bin/dex2oat --zip-fd=6 --zip-location=TelephonyProvider.apk --oat-fd=7 --oat-location=/data/dalvik-cache/x86/system@priv-app@TelephonyProvider@TelephonyProvider.apk@classes.dex --instruction-set=x86 --instruction-set-variant=x86 --instruction-set-features=default --runtime-arg -Xms64m --runtime-arg -Xmx512m --compiler-filter=speed --swap-fd=9
01-17 02:31:45.910  1573  1573 I dex2oat : /system/bin/dex2oat --compiler-filter=speed
01-17 02:31:46.293  1573  1573 I dex2oat : dex2oat took 383.333ms (threads: 2) arena alloc=2MB (2963360B) java alloc=159KB (163568B) native alloc=1334KB (1366064B) free=5MB (5449680B)
01-17 02:31:46.294  1426  1426 I PackageManager.DexOptimizer: Running dexopt (dex2oat) on: /system/priv-app/MmsService/MmsService.apk pkg=com.android.mms.service isa=x86 vmSafeMode=false debuggable=false target-filter=speed oatDir = null sharedLibraries=null
01-17 02:31:46.302  1576  1576 W dex2oat : Unexpected CPU variant for X86 using defaults: x86
01-17 02:31:46.302  1576  1576 W dex2oat : Mismatch between dex2oat instruction set features (ISA: X86 Feature string: smp,-ssse3,-sse4.1,-sse4.2,-avx,-avx2,-lock_add,-popcnt) and those of dex2oat executable (ISA: X86 Feature string: smp,ssse3,-sse4.1,-sse4.2,-avx,-avx2,-lock_add,-popcnt) for the command line:
01-17 02:31:46.302  1576  1576 W dex2oat : /system/bin/dex2oat --zip-fd=6 --zip-location=MmsService.apk --oat-fd=7 --oat-location=/data/dalvik-cache/x86/system@priv-app@MmsService@MmsService.apk@classes.dex --instruction-set=x86 --instruction-set-variant=x86 --instruction-set-features=default --runtime-arg -Xms64m --runtime-arg -Xmx512m --compiler-filter=speed --swap-fd=9
01-17 02:31:46.302  1576  1576 I dex2oat : /system/bin/dex2oat --compiler-filter=speed
01-17 02:31:46.627  1576  1576 I dex2oat : dex2oat took 325.213ms (threads: 2) arena alloc=1983KB (2031560B) java alloc=140KB (144024B) native alloc=1338KB (1370440B) free=3MB (3872440B)
01-17 02:31:46.628  1426  1426 I PackageManager.DexOptimizer: Running dexopt (dex2oat) on: /system/priv-app/DefaultContainerService/DefaultContainerService.apk pkg=com.android.defcontainer isa=x86 vmSafeMode=false debuggable=false target-filter=speed oatDir = null sharedLibraries=null
01-17 02:31:46.636  1579  1579 W dex2oat : Unexpected CPU variant for X86 using defaults: x86
01-17 02:31:46.636  1579  1579 W dex2oat : Mismatch between dex2oat instruction set features (ISA: X86 Feature string: smp,-ssse3,-sse4.1,-sse4.2,-avx,-avx2,-lock_add,-popcnt) and those of dex2oat executable (ISA: X86 Feature string: smp,ssse3,-sse4.1,-sse4.2,-avx,-avx2,-lock_add,-popcnt) for the command line:
01-17 02:31:46.636  1579  1579 W dex2oat : /system/bin/dex2oat --zip-fd=6 --zip-location=DefaultContainerService.apk --oat-fd=7 --oat-location=/data/dalvik-cache/x86/system@priv-app@DefaultContainerService@DefaultContainerService.apk@classes.dex --instruction-set=x86 --instruction-set-variant=x86 --instruction-set-features=default --runtime-arg -Xms64m --runtime-arg -Xmx512m --compiler-filter=speed --swap-fd=9
01-17 02:31:46.636  1579  1579 I dex2oat : /system/bin/dex2oat --compiler-filter=speed
01-17 02:31:46.906  1579  1579 I dex2oat : dex2oat took 270.305ms (threads: 2) arena alloc=518KB (530952B) java alloc=81KB (83288B) native alloc=981KB (1005432B) free=2MB (2140296B)
01-17 02:31:46.908  1426  1426 I PackageManager.DexOptimizer: Running dexopt (dex2oat) on: /system/priv-app/SettingsProvider/SettingsProvider.apk pkg=com.android.providers.settings isa=x86 vmSafeMode=false debuggable=false target-filter=speed oatDir = null sharedLibraries=null
01-17 02:31:46.918  1582  1582 W dex2oat : Unexpected CPU variant for X86 using defaults: x86
01-17 02:31:46.918  1582  1582 W dex2oat : Mismatch between dex2oat instruction set features (ISA: X86 Feature string: smp,-ssse3,-sse4.1,-sse4.2,-avx,-avx2,-lock_add,-popcnt) and those of dex2oat executable (ISA: X86 Feature string: smp,ssse3,-sse4.1,-sse4.2,-avx,-avx2,-lock_add,-popcnt) for the command line:
01-17 02:31:46.918  1582  1582 W dex2oat : /system/bin/dex2oat --zip-fd=6 --zip-location=SettingsProvider.apk --oat-fd=7 --oat-location=/data/dalvik-cache/x86/system@priv-app@SettingsProvider@SettingsProvider.apk@classes.dex --instruction-set=x86 --instruction-set-variant=x86 --instruction-set-features=default --runtime-arg -Xms64m --runtime-arg -Xmx512m --compiler-filter=speed --swap-fd=9
01-17 02:31:46.919  1582  1582 I dex2oat : /system/bin/dex2oat --compiler-filter=speed
01-17 02:31:47.351  1582  1582 I dex2oat : dex2oat took 432.967ms (threads: 2) arena alloc=7MB (7528248B) java alloc=130KB (133224B) native alloc=1472KB (1507816B) free=10MB (10550808B)
01-17 02:31:47.353  1426  1426 I PackageManager.DexOptimizer: Running dexopt (dex2oat) on: /system/priv-app/InputDevices/InputDevices.apk pkg=com.android.inputdevices isa=x86 vmSafeMode=false debuggable=false target-filter=speed oatDir = null sharedLibraries=null
01-17 02:31:47.360  1585  1585 W dex2oat : Unexpected CPU variant for X86 using defaults: x86
01-17 02:31:47.360  1585  1585 W dex2oat : Mismatch between dex2oat instruction set features (ISA: X86 Feature string: smp,-ssse3,-sse4.1,-sse4.2,-avx,-avx2,-lock_add,-popcnt) and those of dex2oat executable (ISA: X86 Feature string: smp,ssse3,-sse4.1,-sse4.2,-avx,-avx2,-lock_add,-popcnt) for the command line:
01-17 02:31:47.360  1585  1585 W dex2oat : /system/bin/dex2oat --zip-fd=6 --zip-location=InputDevices.apk --oat-fd=7 --oat-location=/data/dalvik-cache/x86/system@priv-app@InputDevices@InputDevices.apk@classes.dex --instruction-set=x86 --instruction-set-variant=x86 --instruction-set-features=default --runtime-arg -Xms64m --runtime-arg -Xmx512m --compiler-filter=speed --swap-fd=9
01-17 02:31:47.360  1585  1585 I dex2oat : /system/bin/dex2oat --compiler-filter=speed
01-17 02:31:47.576  1585  1585 I dex2oat : dex2oat took 216.283ms (threads: 2) arena alloc=10KB (10376B) java alloc=32KB (32784B) native alloc=734KB (752096B) free=1313KB (1345056B)
01-17 02:31:47.577  1426  1426 I PackageManager.DexOptimizer: Running dexopt (dex2oat) on: /system/app/ExtShared/ExtShared.apk pkg=android.ext.shared isa=x86 vmSafeMode=false debuggable=false target-filter=speed oatDir = null sharedLibraries=null
01-17 02:31:47.585  1588  1588 W dex2oat : Unexpected CPU variant for X86 using defaults: x86
01-17 02:31:47.585  1588  1588 W dex2oat : Mismatch between dex2oat instruction set features (ISA: X86 Feature string: smp,-ssse3,-sse4.1,-sse4.2,-avx,-avx2,-lock_add,-popcnt) and those of dex2oat executable (ISA: X86 Feature string: smp,ssse3,-sse4.1,-sse4.2,-avx,-avx2,-lock_add,-popcnt) for the command line:
01-17 02:31:47.585  1588  1588 W dex2oat : /system/bin/dex2oat --zip-fd=6 --zip-location=ExtShared.apk --oat-fd=7 --oat-location=/data/dalvik-cache/x86/system@app@ExtShared@ExtShared.apk@classes.dex --instruction-set=x86 --instruction-set-variant=x86 --instruction-set-features=default --runtime-arg -Xms64m --runtime-arg -Xmx512m --compiler-filter=speed --swap-fd=9
01-17 02:31:47.585  1588  1588 I dex2oat : /system/bin/dex2oat --compiler-filter=speed
01-17 02:31:47.799  1588  1588 I dex2oat : dex2oat took 214.658ms (threads: 2) arena alloc=35KB (36464B) java alloc=40KB (41072B) native alloc=757KB (775256B) free=1290KB (1321896B)
01-17 02:31:47.800  1426  1426 I PackageManager.DexOptimizer: Running dexopt (dex2oat) on: /system/priv-app/Telecom/Telecom.apk pkg=com.android.server.telecom isa=x86 vmSafeMode=false debuggable=false target-filter=speed oatDir = null sharedLibraries=null
01-17 02:31:47.812  1591  1591 W dex2oat : Unexpected CPU variant for X86 using defaults: x86
01-17 02:31:47.812  1591  1591 W dex2oat : Mismatch between dex2oat instruction set features (ISA: X86 Feature string: smp,-ssse3,-sse4.1,-sse4.2,-avx,-avx2,-lock_add,-popcnt) and those of dex2oat executable (ISA: X86 Feature string: smp,ssse3,-sse4.1,-sse4.2,-avx,-avx2,-lock_add,-popcnt) for the command line:
01-17 02:31:47.812  1591  1591 W dex2oat : /system/bin/dex2oat --zip-fd=6 --zip-location=Telecom.apk --oat-fd=7 --oat-location=/data/dalvik-cache/x86/system@priv-app@Telecom@Telecom.apk@classes.dex --instruction-set=x86 --instruction-set-variant=x86 --instruction-set-features=default --runtime-arg -Xms64m --runtime-arg -Xmx512m --compiler-filter=speed --swap-fd=9
01-17 02:31:47.813  1591  1591 I dex2oat : /system/bin/dex2oat --compiler-filter=speed
01-17 02:31:48.501  1591  1591 I dex2oat : dex2oat took 688.119ms (threads: 2) arena alloc=1397KB (1431480B) java alloc=489KB (500976B) native alloc=2MB (3121320B) free=3MB (3170136B)
01-17 02:31:48.503  1426  1426 I PackageManager.DexOptimizer: Running dexopt (dex2oat) on: /system/priv-app/Dialer/Dialer.apk pkg=com.android.dialer isa=x86 vmSafeMode=false debuggable=false target-filter=speed oatDir = null sharedLibraries=null
01-17 02:31:48.510  1594  1594 W dex2oat : Unexpected CPU variant for X86 using defaults: x86
01-17 02:31:48.510  1594  1594 W dex2oat : Mismatch between dex2oat instruction set features (ISA: X86 Feature string: smp,-ssse3,-sse4.1,-sse4.2,-avx,-avx2,-lock_add,-popcnt) and those of dex2oat executable (ISA: X86 Feature string: smp,ssse3,-sse4.1,-sse4.2,-avx,-avx2,-lock_add,-popcnt) for the command line:
01-17 02:31:48.510  1594  1594 W dex2oat : /system/bin/dex2oat --zip-fd=6 --zip-location=Dialer.apk --oat-fd=7 --oat-location=/data/dalvik-cache/x86/system@priv-app@Dialer@Dialer.apk@classes.dex --instruction-set=x86 --instruction-set-variant=x86 --instruction-set-features=default --runtime-arg -Xms64m --runtime-arg -Xmx512m --compiler-filter=speed --swap-fd=9
01-17 02:31:48.510  1594  1594 I dex2oat : /system/bin/dex2oat --compiler-filter=speed
01-17 02:31:48.742  1594  1596 W dex2oat : Before Android 4.1, method android.graphics.PorterDuffColorFilter android.support.graphics.drawable.VectorDrawableCompat.updateTintFilter(android.graphics.PorterDuffColorFilter, android.content.res.ColorStateList, android.graphics.PorterDuff$Mode) would have incorrectly overridden the package-private method in android.graphics.drawable.Drawable
01-17 02:31:50.646  1594  1594 I dex2oat : dex2oat took 2.135s (threads: 2) arena alloc=2MB (2582376B) java alloc=2MB (3127752B) native alloc=11MB (12351792B) free=4MB (4425424B)
01-17 02:31:50.648  1426  1426 I PackageManager.DexOptimizer: Running dexopt (dex2oat) on: /system/priv-app/ExtServices/ExtServices.apk pkg=android.ext.services isa=x86 vmSafeMode=false debuggable=false target-filter=speed oatDir = null sharedLibraries=null
01-17 02:31:50.655  1597  1597 W dex2oat : Unexpected CPU variant for X86 using defaults: x86
01-17 02:31:50.655  1597  1597 W dex2oat : Mismatch between dex2oat instruction set features (ISA: X86 Feature string: smp,-ssse3,-sse4.1,-sse4.2,-avx,-avx2,-lock_add,-popcnt) and those of dex2oat executable (ISA: X86 Feature string: smp,ssse3,-sse4.1,-sse4.2,-avx,-avx2,-lock_add,-popcnt) for the command line:
01-17 02:31:50.655  1597  1597 W dex2oat : /system/bin/dex2oat --zip-fd=6 --zip-location=ExtServices.apk --oat-fd=7 --oat-location=/data/dalvik-cache/x86/system@priv-app@ExtServices@ExtServices.apk@classes.dex --instruction-set=x86 --instruction-set-variant=x86 --instruction-set-features=default --runtime-arg -Xms64m --runtime-arg -Xmx512m --compiler-filter=speed --swap-fd=9
01-17 02:31:50.655  1597  1597 I dex2oat : /system/bin/dex2oat --compiler-filter=speed
01-17 02:31:50.913  1597  1597 I dex2oat : dex2oat took 258.091ms (threads: 2) arena alloc=296KB (303992B) java alloc=53KB (55072B) native alloc=1071KB (1097536B) free=1488KB (1523904B)
01-17 02:31:50.914  1426  1426 I PackageManager.DexOptimizer: Running dexopt (dex2oat) on: /system/priv-app/PackageInstaller/PackageInstaller.apk pkg=com.android.packageinstaller isa=x86 vmSafeMode=false debuggable=false target-filter=speed oatDir = null sharedLibraries=null
01-17 02:31:50.922  1600  1600 W dex2oat : Unexpected CPU variant for X86 using defaults: x86
01-17 02:31:50.922  1600  1600 W dex2oat : Mismatch between dex2oat instruction set features (ISA: X86 Feature string: smp,-ssse3,-sse4.1,-sse4.2,-avx,-avx2,-lock_add,-popcnt) and those of dex2oat executable (ISA: X86 Feature string: smp,ssse3,-sse4.1,-sse4.2,-avx,-avx2,-lock_add,-popcnt) for the command line:
01-17 02:31:50.922  1600  1600 W dex2oat : /system/bin/dex2oat --zip-fd=6 --zip-location=PackageInstaller.apk --oat-fd=7 --oat-location=/data/dalvik-cache/x86/system@priv-app@PackageInstaller@PackageInstaller.apk@classes.dex --instruction-set=x86 --instruction-set-variant=x86 --instruction-set-features=default --runtime-arg -Xms64m --runtime-arg -Xmx512m --compiler-filter=speed --swap-fd=9
01-17 02:31:50.922  1600  1600 I dex2oat : /system/bin/dex2oat --compiler-filter=speed
01-17 02:31:51.116  1600  1602 W dex2oat : Before Android 4.1, method android.graphics.PorterDuffColorFilter android.support.graphics.drawable.VectorDrawableCompat.updateTintFilter(android.graphics.PorterDuffColorFilter, android.content.res.ColorStateList, android.graphics.PorterDuff$Mode) would have incorrectly overridden the package-private method in android.graphics.drawable.Drawable
01-17 02:31:51.132  1600  1600 W dex2oat : Before Android 4.1, method int android.support.v7.widget.ListViewCompat.lookForSelectablePosition(int, boolean) would have incorrectly overridden the package-private method in android.widget.ListView
01-17 02:31:51.990  1600  1600 I dex2oat : dex2oat took 1.068s (threads: 2) arena alloc=2MB (2952928B) java alloc=2MB (2184224B) native alloc=6MB (6522160B) free=4MB (5012176B)
01-17 02:31:51.992  1426  1426 I PackageManager.DexOptimizer: Running dexopt (dex2oat) on: /system/priv-app/ProxyHandler/ProxyHandler.apk pkg=com.android.proxyhandler isa=x86 vmSafeMode=false debuggable=false target-filter=speed oatDir = null sharedLibraries=null
01-17 02:31:52.001  1603  1603 W dex2oat : Unexpected CPU variant for X86 using defaults: x86
01-17 02:31:52.001  1603  1603 W dex2oat : Mismatch between dex2oat instruction set features (ISA: X86 Feature string: smp,-ssse3,-sse4.1,-sse4.2,-avx,-avx2,-lock_add,-popcnt) and those of dex2oat executable (ISA: X86 Feature string: smp,ssse3,-sse4.1,-sse4.2,-avx,-avx2,-lock_add,-popcnt) for the command line:
01-17 02:31:52.001  1603  1603 W dex2oat : /system/bin/dex2oat --zip-fd=6 --zip-location=ProxyHandler.apk --oat-fd=7 --oat-location=/data/dalvik-cache/x86/system@priv-app@ProxyHandler@ProxyHandler.apk@classes.dex --instruction-set=x86 --instruction-set-variant=x86 --instruction-set-features=default --runtime-arg -Xms64m --runtime-arg -Xmx512m --compiler-filter=speed --swap-fd=9
01-17 02:31:52.001  1603  1603 I dex2oat : /system/bin/dex2oat --compiler-filter=speed
01-17 02:31:52.267  1603  1603 I dex2oat : dex2oat took 266.520ms (threads: 2) arena alloc=1182KB (1210760B) java alloc=68KB (70056B) native alloc=1101KB (1127616B) free=2MB (2542400B)
01-17 02:31:52.269  1426  1426 I PackageManager.DexOptimizer: Running dexopt (dex2oat) on: /system/app/LatinIME/LatinIME.apk pkg=com.android.inputmethod.latin isa=x86 vmSafeMode=false debuggable=false target-filter=speed oatDir = null sharedLibraries=null
01-17 02:31:52.276  1606  1606 W dex2oat : Unexpected CPU variant for X86 using defaults: x86
01-17 02:31:52.276  1606  1606 W dex2oat : Mismatch between dex2oat instruction set features (ISA: X86 Feature string: smp,-ssse3,-sse4.1,-sse4.2,-avx,-avx2,-lock_add,-popcnt) and those of dex2oat executable (ISA: X86 Feature string: smp,ssse3,-sse4.1,-sse4.2,-avx,-avx2,-lock_add,-popcnt) for the command line:
01-17 02:31:52.276  1606  1606 W dex2oat : /system/bin/dex2oat --zip-fd=6 --zip-location=LatinIME.apk --oat-fd=7 --oat-location=/data/dalvik-cache/x86/system@app@LatinIME@LatinIME.apk@classes.dex --instruction-set=x86 --instruction-set-variant=x86 --instruction-set-features=default --runtime-arg -Xms64m --runtime-arg -Xmx512m --compiler-filter=speed --swap-fd=9
01-17 02:31:52.276  1606  1606 I dex2oat : /system/bin/dex2oat --compiler-filter=speed
01-17 02:31:53.137  1606  1606 I dex2oat : dex2oat took 860.356ms (threads: 2) arena alloc=1485KB (1521616B) java alloc=856KB (876672B) native alloc=3MB (3990544B) free=3MB (3349488B)
01-17 02:31:53.138  1426  1426 I PackageManager.DexOptimizer: Running dexopt (dex2oat) on: /system/priv-app/Settings/Settings.apk pkg=com.android.settings isa=x86 vmSafeMode=false debuggable=false target-filter=speed oatDir = null sharedLibraries=null
01-17 02:31:53.146  1609  1609 W dex2oat : Unexpected CPU variant for X86 using defaults: x86
01-17 02:31:53.146  1609  1609 W dex2oat : Mismatch between dex2oat instruction set features (ISA: X86 Feature string: smp,-ssse3,-sse4.1,-sse4.2,-avx,-avx2,-lock_add,-popcnt) and those of dex2oat executable (ISA: X86 Feature string: smp,ssse3,-sse4.1,-sse4.2,-avx,-avx2,-lock_add,-popcnt) for the command line:
01-17 02:31:53.146  1609  1609 W dex2oat : /system/bin/dex2oat --zip-fd=6 --zip-location=Settings.apk --oat-fd=7 --oat-location=/data/dalvik-cache/x86/system@priv-app@Settings@Settings.apk@classes.dex --instruction-set=x86 --instruction-set-variant=x86 --instruction-set-features=default --runtime-arg -Xms64m --runtime-arg -Xmx512m --compiler-filter=speed --swap-fd=9
01-17 02:31:53.146  1609  1609 I dex2oat : /system/bin/dex2oat --compiler-filter=speed
01-17 02:31:53.395  1609  1611 W dex2oat : Before Android 4.1, method android.graphics.PorterDuffColorFilter android.support.graphics.drawable.VectorDrawableCompat.updateTintFilter(android.graphics.PorterDuffColorFilter, android.content.res.ColorStateList, android.graphics.PorterDuff$Mode) would have incorrectly overridden the package-private method in android.graphics.drawable.Drawable
01-17 02:31:53.403  1609  1611 W dex2oat : Before Android 4.1, method int android.support.v7.widget.ListViewCompat.lookForSelectablePosition(int, boolean) would have incorrectly overridden the package-private method in android.widget.ListView
01-17 02:31:55.329  1609  1609 I dex2oat : dex2oat took 2.182s (threads: 2) arena alloc=3MB (3611424B) java alloc=5MB (5446024B) native alloc=13MB (13852008B) free=5MB (6070936B)
01-17 02:31:55.333  1426  1426 I PackageManager.DexOptimizer: Running dexopt (dex2oat) on: /system/priv-app/TeleService/TeleService.apk pkg=com.android.phone isa=x86 vmSafeMode=false debuggable=false target-filter=speed oatDir = null sharedLibraries=null
01-17 02:31:55.340  1612  1612 W dex2oat : Unexpected CPU variant for X86 using defaults: x86
01-17 02:31:55.340  1612  1612 W dex2oat : Mismatch between dex2oat instruction set features (ISA: X86 Feature string: smp,-ssse3,-sse4.1,-sse4.2,-avx,-avx2,-lock_add,-popcnt) and those of dex2oat executable (ISA: X86 Feature string: smp,ssse3,-sse4.1,-sse4.2,-avx,-avx2,-lock_add,-popcnt) for the command line:
01-17 02:31:55.340  1612  1612 W dex2oat : /system/bin/dex2oat --zip-fd=6 --zip-location=TeleService.apk --oat-fd=7 --oat-location=/data/dalvik-cache/x86/system@priv-app@TeleService@TeleService.apk@classes.dex --instruction-set=x86 --instruction-set-variant=x86 --instruction-set-features=default --runtime-arg -Xms64m --runtime-arg -Xmx512m --compiler-filter=speed --swap-fd=9
01-17 02:31:55.342  1612  1612 I dex2oat : /system/bin/dex2oat --compiler-filter=speed
01-17 02:31:56.447  1612  1612 I dex2oat : dex2oat took 1.107s (threads: 2) arena alloc=5MB (5771984B) java alloc=1319KB (1351072B) native alloc=6MB (6515128B) free=7MB (7640648B)
01-17 02:31:56.449  1426  1426 I PackageManager.DexOptimizer: Running dexopt (dex2oat) on: /system/priv-app/Shell/Shell.apk pkg=com.android.shell isa=x86 vmSafeMode=false debuggable=false target-filter=speed oatDir = null sharedLibraries=null
01-17 02:31:56.456  1615  1615 W dex2oat : Unexpected CPU variant for X86 using defaults: x86
01-17 02:31:56.456  1615  1615 W dex2oat : Mismatch between dex2oat instruction set features (ISA: X86 Feature string: smp,-ssse3,-sse4.1,-sse4.2,-avx,-avx2,-lock_add,-popcnt) and those of dex2oat executable (ISA: X86 Feature string: smp,ssse3,-sse4.1,-sse4.2,-avx,-avx2,-lock_add,-popcnt) for the command line:
01-17 02:31:56.456  1615  1615 W dex2oat : /system/bin/dex2oat --zip-fd=6 --zip-location=Shell.apk --oat-fd=7 --oat-location=/data/dalvik-cache/x86/system@priv-app@Shell@Shell.apk@classes.dex --instruction-set=x86 --instruction-set-variant=x86 --instruction-set-features=default --runtime-arg -Xms64m --runtime-arg -Xmx512m --compiler-filter=speed --swap-fd=9
01-17 02:31:56.456  1615  1615 I dex2oat : /system/bin/dex2oat --compiler-filter=speed
01-17 02:31:56.891  1615  1615 I dex2oat : dex2oat took 435.107ms (threads: 2) arena alloc=1257KB (1287984B) java alloc=163KB (167600B) native alloc=1336KB (1368184B) free=3MB (3350408B)
01-17 02:31:56.892  1426  1426 I PackageManager.DexOptimizer: Running dexopt (dex2oat) on: /system/priv-app/FusedLocation/FusedLocation.apk pkg=com.android.location.fused isa=x86 vmSafeMode=false debuggable=false target-filter=speed oatDir = null sharedLibraries=/system/framework/com.android.location.provider.jar
01-17 02:31:56.899  1618  1618 W dex2oat : Unexpected CPU variant for X86 using defaults: x86
01-17 02:31:56.899  1618  1618 W dex2oat : Mismatch between dex2oat instruction set features (ISA: X86 Feature string: smp,-ssse3,-sse4.1,-sse4.2,-avx,-avx2,-lock_add,-popcnt) and those of dex2oat executable (ISA: X86 Feature string: smp,ssse3,-sse4.1,-sse4.2,-avx,-avx2,-lock_add,-popcnt) for the command line:
01-17 02:31:56.899  1618  1618 W dex2oat : /system/bin/dex2oat --zip-fd=6 --zip-location=FusedLocation.apk --oat-fd=7 --oat-location=/data/dalvik-cache/x86/system@priv-app@FusedLocation@FusedLocation.apk@classes.dex --instruction-set=x86 --instruction-set-variant=x86 --instruction-set-features=default --runtime-arg -Xms64m --runtime-arg -Xmx512m --compiler-filter=speed --swap-fd=9 --runtime-arg -classpath --runtime-arg /system/framework/com.android.location.provider.jar
01-17 02:31:56.899  1618  1618 I dex2oat : /system/bin/dex2oat --compiler-filter=speed
01-17 02:31:57.181  1618  1618 I dex2oat : dex2oat took 281.328ms (threads: 2) arena alloc=266KB (272912B) java alloc=89KB (92064B) native alloc=1092KB (1118224B) free=1979KB (2027504B)
01-17 02:31:57.182  1426  1426 I PackageManager.DexOptimizer: Running dexopt (dex2oat) on: /system/priv-app/SystemUI/SystemUI.apk pkg=com.android.systemui isa=x86 vmSafeMode=false debuggable=false target-filter=speed oatDir = null sharedLibraries=null
01-17 02:31:57.189  1621  1621 W dex2oat : Unexpected CPU variant for X86 using defaults: x86
01-17 02:31:57.189  1621  1621 W dex2oat : Mismatch between dex2oat instruction set features (ISA: X86 Feature string: smp,-ssse3,-sse4.1,-sse4.2,-avx,-avx2,-lock_add,-popcnt) and those of dex2oat executable (ISA: X86 Feature string: smp,ssse3,-sse4.1,-sse4.2,-avx,-avx2,-lock_add,-popcnt) for the command line:
01-17 02:31:57.189  1621  1621 W dex2oat : /system/bin/dex2oat --zip-fd=6 --zip-location=SystemUI.apk --oat-fd=7 --oat-location=/data/dalvik-cache/x86/system@priv-app@SystemUI@SystemUI.apk@classes.dex --instruction-set=x86 --instruction-set-variant=x86 --instruction-set-features=default --runtime-arg -Xms64m --runtime-arg -Xmx512m --compiler-filter=speed --swap-fd=9
01-17 02:31:57.189  1621  1621 I dex2oat : /system/bin/dex2oat --compiler-filter=speed
01-17 02:31:57.451  1621  1621 W dex2oat : Before Android 4.1, method android.graphics.PorterDuffColorFilter android.support.graphics.drawable.VectorDrawableCompat.updateTintFilter(android.graphics.PorterDuffColorFilter, android.content.res.ColorStateList, android.graphics.PorterDuff$Mode) would have incorrectly overridden the package-private method in android.graphics.drawable.Drawable
01-17 02:31:57.465  1621  1623 W dex2oat : Before Android 4.1, method int android.support.v7.widget.ListViewCompat.lookForSelectablePosition(int, boolean) would have incorrectly overridden the package-private method in android.widget.ListView
01-17 02:31:59.362  1621  1621 I dex2oat : dex2oat took 2.172s (threads: 2) arena alloc=1910KB (1956080B) java alloc=4MB (5172224B) native alloc=13MB (14436520B) free=4MB (4437848B)
01-17 02:31:59.371  1426  1426 E PackageManager: There should probably be a verifier, but, none were found
01-17 02:31:59.372  1426  1426 D PackageManager: Ephemeral resolver NOT found; no matching intent filters
01-17 02:31:59.372  1426  1426 I PackageManager: Ephemeral deactivated; missing resolver and installer
01-17 02:31:59.372  1426  1426 I art     : Starting a blocking GC Explicit
01-17 02:31:59.378  1426  1541 W art     : Long monitor contention with owner main (1426) at int android.net.LocalSocketImpl.readba_native(byte[], int, int, java.io.FileDescriptor)(LocalSocketImpl.java:-2) waiters=0 in void com.android.server.pm.Settings$RuntimePermissionPersistence.writePermissionsSync(int) for 13.232s
01-17 02:31:59.378  1426  1554 W art     : Long monitor contention with owner main (1426) at int android.net.LocalSocketImpl.readba_native(byte[], int, int, java.io.FileDescriptor)(LocalSocketImpl.java:-2) waiters=1 in void com.android.server.pm.PackageManagerService$PackageHandler.doHandleMessage(android.os.Message) for 3.748s
01-17 02:31:59.379  1426  1426 I art     : Explicit concurrent mark sweep GC freed 2239(200KB) AllocSpace objects, 3(60KB) LOS objects, 33% free, 3MB/5MB, paused 91us total 6.158ms
01-17 02:31:59.379  1426  1426 I SystemServer: StartOtaDexOptService
01-17 02:31:59.559  1426  1426 I SystemServer: StartUserManagerService
01-17 02:31:59.559  1426  1426 I SystemServiceManager: Starting com.android.server.pm.UserManagerService$LifeCycle
01-17 02:31:59.570  1247  1247 W healthd : type=1400 audit(0.0:14): avc: denied { dac_override } for capability=1 scontext=u:r:healthd:s0 tcontext=u:r:healthd:s0 tclass=capability permissive=0
01-17 02:31:59.570  1247  1247 W healthd : type=1400 audit(0.0:15): avc: denied { dac_read_search } for capability=2 scontext=u:r:healthd:s0 tcontext=u:r:healthd:s0 tclass=capability permissive=0
01-17 02:31:59.570  1249  1249 I lowmemorykiller: ActivityManager connected
01-17 02:31:59.570  1426  1426 D SensorService: nuSensorService starting...
01-17 02:31:59.571  1426  1426 I SensorService: Generated new HMAC key.
01-17 02:31:59.572  1426  1426 I SystemServiceManager: Starting com.android.server.BatteryService
01-17 02:31:59.573  1426  1625 D SensorService: new thread SensorEventAckReceiver
01-17 02:31:59.579  1426  1545 E BatteryStatsService: power: Missing API
01-17 02:31:59.579  1426  1626 D SensorService: nuSensorService thread starting...
01-17 02:31:59.579  1426  1426 I SystemServiceManager: Starting com.android.server.usage.UsageStatsService
01-17 02:31:59.580  1426  1542 E KernelCpuSpeedReader: Failed to read cpu-freq: /sys/devices/system/cpu/cpu0/cpufreq/stats/time_in_state (No such file or directory)
01-17 02:31:59.581  1426  1542 E KernelUidCpuTimeReader: Failed to read uid_cputime: /proc/uid_cputime/show_uid_stat (No such file or directory)
01-17 02:31:59.626  1426  1426 I SystemServiceManager: Starting com.android.server.webkit.WebViewUpdateService
01-17 02:31:59.626  1426  1426 I SystemServer: Reading configuration...
01-17 02:31:59.627  1426  1426 I SystemServer: StartSchedulingPolicyService
01-17 02:31:59.627  1426  1426 I SystemServiceManager: Starting com.android.server.telecom.TelecomLoaderService
01-17 02:31:59.627  1426  1426 I SystemServer: StartTelephonyRegistry
01-17 02:31:59.627  1426  1426 I SystemServer: StartEntropyMixer
01-17 02:31:59.628  1426  1426 W EntropyMixer: No existing entropy file -- first boot?
01-17 02:31:59.628  1426  1426 I EntropyMixer: Writing entropy...
01-17 02:31:59.694  1426  1426 I SystemServer: Camera Service
01-17 02:31:59.694  1426  1426 I SystemServiceManager: Starting com.android.server.camera.CameraService
01-17 02:31:59.695  1426  1627 I ServiceThread: Enabled StrictMode logging for CameraService_proxy looper.
01-17 02:31:59.695  1426  1426 I SystemServer: StartAccountManagerService
01-17 02:31:59.695  1426  1426 I SystemServiceManager: Starting com.android.server.accounts.AccountManagerService$Lifecycle
01-17 02:31:59.697  1426  1426 I SystemServer: StartContentService
01-17 02:31:59.697  1426  1426 I SystemServiceManager: Starting com.android.server.content.ContentService$Lifecycle
01-17 02:31:59.697  1426  1426 I SystemServer: InstallSystemProviders
01-17 02:31:59.698  1426  1426 W System  : ClassLoader referenced unknown path: /system/priv-app/SettingsProvider/lib/x86
01-17 02:32:00.142  1426  1426 I SettingsState: No settings state /data/system/users/0/settings_system.xml
01-17 02:32:00.173  1426  1426 I SettingsState: No settings state /data/system/users/0/settings_secure.xml
01-17 02:32:00.174  1426  1426 D SettingsProvider: Generated and saved new ANDROID_ID [a82af2df52512c92] for user 0
01-17 02:32:00.207  1426  1426 I SettingsState: No settings state /data/system/users/0/settings_global.xml
01-17 02:32:00.242  1426  1426 I SystemServer: StartVibratorService
01-17 02:32:00.243  1426  1426 E         : Vibrator file does not exist : -1
01-17 02:32:00.243  1426  1426 E         : Vibrator device does not exist. Cannot start vibrator
01-17 02:32:00.243  1426  1426 W VibratorService: Tried to stop vibrating but there is no vibrator device.
01-17 02:32:00.243  1426  1426 I SystemServer: StartConsumerIrService
01-17 02:32:00.243  1426  1426 E ConsumerIrService: Can't open consumer IR HW Module, error: -2
01-17 02:32:00.243  1426  1426 I SystemServer: StartAlarmManagerService
01-17 02:32:00.243  1426  1426 I SystemServiceManager: Starting com.android.server.AlarmManagerService
01-17 02:32:00.244  1426  1426 W AlarmManagerService: no wall clock RTC found
01-17 02:32:00.244  1426  1426 I SystemServer: InitWatchdog
01-17 02:32:00.245  1426  1426 I SystemServer: StartInputManagerService
01-17 02:32:00.245  1426  1426 I InputManager: Initializing input manager, mUseDevInputEventForAudioJack=false
01-17 02:32:00.245  1426  1426 I SystemServer: StartWindowManagerService
01-17 02:32:00.252  1426  1549 I WindowManager: No existing display settings /data/system/display_settings.xml; starting empty
01-17 02:32:00.264  1426  1426 I SystemServer: StartVrManagerService
01-17 02:32:00.264  1426  1426 I SystemServiceManager: Starting com.android.server.vr.VrManagerService
01-17 02:32:00.264  1426  1426 W VrManagerService: init_native: Could not open VR hardware module, error No such file or directory (-2).
01-17 02:32:00.265  1426  1426 I InputManager: Starting input manager
01-17 02:32:00.265  1426  1631 D EventHub: No input device configuration file found for device 'Power Button'.
01-17 02:32:00.265  1426  1426 I SystemServer: No Bluetooth Service (emulator)
01-17 02:32:00.265  1426  1426 I SystemServer: ConnectivityMetricsLoggerService
01-17 02:32:00.266  1426  1426 I SystemServiceManager: Starting com.android.server.connectivity.MetricsLoggerService
01-17 02:32:00.266  1426  1426 I SystemServer: IpConnectivityMetrics
01-17 02:32:00.266  1426  1426 I SystemServiceManager: Starting com.android.server.connectivity.IpConnectivityMetrics
01-17 02:32:00.266  1426  1426 I SystemServer: PinnerService
01-17 02:32:00.266  1426  1426 I SystemServiceManager: Starting com.android.server.PinnerService
01-17 02:32:00.266  1426  1426 I SystemServiceManager: Starting com.android.server.InputMethodManagerService$Lifecycle
01-17 02:32:00.267  1426  1631 W EventHub: Unable to disable kernel key repeat for /dev/input/event0: Function not implemented
01-17 02:32:00.267  1426  1631 I EventHub: New device: id=1, fd=89, path='/dev/input/event0', name='Power Button', classes=0x1, configuration='', keyLayout='/system/usr/keylayout/Generic.kl', keyCharacterMap='/system/usr/keychars/Generic.kcm', builtinKeyboard=false, wakeMechanism=EPOLLWAKEUP, usingClockIoctl=true
01-17 02:32:00.268  1426  1631 W EventHub: Unable to disable kernel key repeat for /dev/input/event1: Function not implemented
01-17 02:32:00.268  1426  1631 I EventHub: New device: id=2, fd=90, path='/dev/input/event1', name='qwerty2', classes=0x15, configuration='/system/usr/idc/qwerty2.idc', keyLayout='/system/usr/keylayout/qwerty.kl', keyCharacterMap='/system/usr/keychars/qwerty2.kcm', builtinKeyboard=true, wakeMechanism=EPOLLWAKEUP, usingClockIoctl=true
01-17 02:32:00.268  1426  1631 E EventHub: could not get driver version for /dev/input/mice, Not a typewriter
01-17 02:32:00.298  1426  1426 W System  : ClassLoader referenced unknown path: 
01-17 02:32:00.299  1426  1426 D ApplicationLoaders: ignored Vulkan layer search path /system/app/LatinIME/lib/x86:/system/fake-libs:/system/app/LatinIME/LatinIME.apk!/lib/x86:/system/lib:/vendor/lib for namespace 0xa304b0d0
01-17 02:32:00.309  1426  1426 W InputMethodManagerService: No IME selected. Choose the most applicable IME.
01-17 02:32:00.309  1426  1426 I InputMethodManagerService: Default found, using com.android.inputmethod.latin/.LatinIME
01-17 02:32:00.310  1426  1426 I SystemServer: StartAccessibilityManagerService
01-17 02:32:00.312  1426  1426 I ActivityManager: Config changes=1df8 {1.0 ?mcc?mnc [en_US] ldltr sw320dp w320dp h533dp 240dpi nrml long port ?uimode ?night -touch -keyb/h/h -nav/h s.2}
01-17 02:32:00.312  1426  1541 I UsageStatsDatabase: Upgrading from version 0 to 3
01-17 02:32:00.312  1426  1541 I UsageStatsDatabase: Deleting all usage stats files
01-17 02:32:00.313  1426  1549 I ActivityManager: Config changes=400 {1.0 ?mcc?mnc [en_US] ldltr sw320dp w320dp h509dp 240dpi nrml long port ?uimode ?night -touch -keyb/h/h -nav/h s.3}
01-17 02:32:00.314  1426  1541 I UsageStatsService: User[0] Rollover scheduled @ 2017-01-18 02:32:00(1484706720312)
01-17 02:32:00.314  1426  1541 D UsageStatsService: Initializing defaults for system apps on user 0
01-17 02:32:00.314  1426  1541 E AppIdleHistory: Unable to read app idle file for user 0
01-17 02:32:00.321  1426  1631 I InputReader: Device added: id=-1, name='Virtual', sources=0x00000301
01-17 02:32:00.321  1426  1631 I InputReader:   Touch device 'qwerty2' could not query the properties of its associated display.  The device will be inoperable until the display size becomes available.
01-17 02:32:00.321  1426  1631 I InputReader: Device added: id=0, name='qwerty2', sources=0x00001103
01-17 02:32:00.321  1426  1631 I InputReader: Device added: id=1, name='Power Button', sources=0x00000101
01-17 02:32:00.332  1426  1631 I InputReader: Reconfiguring input devices.  changes=0x00000004
01-17 02:32:00.332  1426  1631 I InputReader: Device reconfigured: id=0, name='qwerty2', size 480x800, orientation 0, mode 1, display id 0
01-17 02:32:00.332  1426  1426 I ActivityManager: Config changes=8 {1.0 ?mcc?mnc [en_US] ldltr sw320dp w320dp h509dp 240dpi nrml long port ?uimode ?night finger -keyb/h/h -nav/h s.4}
01-17 02:32:00.334  1426  1426 I SystemServiceManager: Starting com.android.server.MountService$Lifecycle
01-17 02:32:00.343  1426  1426 I SystemServiceManager: Starting com.android.server.UiModeManagerService
01-17 02:32:00.343  1426  1632 D MountService: Thinking about init, mSystemReady=false, mDaemonConnected=true
01-17 02:32:00.343  1426  1632 D MountService: Thinking about reset, mSystemReady=false, mDaemonConnected=true
01-17 02:32:00.343  1426  1632 D MountService: Thinking about init, mSystemReady=false, mDaemonConnected=true
01-17 02:32:00.343  1426  1632 D MountService: Thinking about reset, mSystemReady=false, mDaemonConnected=true
01-17 02:32:00.344  1426  1632 D CryptdConnector: SND -> {1 cryptfs getfield SystemLocale}
01-17 02:32:00.344  1426  1426 I ActivityManager: Config changes=200 {1.0 ?mcc?mnc [en_US] ldltr sw320dp w320dp h509dp 240dpi nrml long port finger -keyb/h/h -nav/h s.5}
01-17 02:32:00.344  1426  1634 D CryptdConnector: RCV <- {200 1 -1}
01-17 02:32:00.350  1426  1632 W MountService: No primary storage mounted!
01-17 02:32:00.350  1426  1632 D VoldConnector: SND -> {1 asec list}
01-17 02:32:00.350  1426  1633 D VoldConnector: RCV <- {200 1 asec operation succeeded}
01-17 02:32:00.351  1426  1426 I PackageManager.DexOptimizer: Running dexopt (dex2oat) on: /system/priv-app/CalendarProvider/CalendarProvider.apk pkg=com.android.providers.calendar isa=x86 vmSafeMode=false debuggable=false target-filter=verify-at-runtime oatDir = null sharedLibraries=/system/framework/android.test.runner.jar
01-17 02:32:00.351  1426  1632 I PackageManager: No secure containers found
01-17 02:32:00.351  1426  1632 W PackageManager: Unknown permission com.google.android.googleapps.permission.GOOGLE_AUTH in package com.android.providers.calendar
01-17 02:32:00.351  1426  1632 W PackageManager: Unknown permission com.google.android.googleapps.permission.GOOGLE_AUTH.cl in package com.android.providers.calendar
01-17 02:32:00.351  1426  1632 W PackageManager: Not granting permission android.permission.GLOBAL_SEARCH to package com.android.quicksearchbox (protectionLevel=18 flags=0x3888be45)
01-17 02:32:00.351  1426  1632 W PackageManager: Not granting permission android.permission.BIND_WALLPAPER to package com.android.camera2 (protectionLevel=18 flags=0x30d8bc45)
01-17 02:32:00.351  1426  1632 W PackageManager: Unknown permission com.google.android.googleapps.permission.GOOGLE_AUTH.mail in package com.android.calendar
01-17 02:32:00.351  1426  1632 W PackageManager: Unknown permission com.google.android.permission.INSTALL_WEARABLE_PACKAGES in package com.android.packageinstaller
01-17 02:32:00.351  1426  1632 W PackageManager: Not granting permission android.permission.DELETE_PACKAGES to package com.svox.pico (protectionLevel=18 flags=0x3888be45)
01-17 02:32:00.351  1426  1632 W PackageManager: Unknown permission android.permission.RUN_INSTRUMENTATION in package org.chromium.webview_shell
01-17 02:32:00.351  1426  1632 W PackageManager: Unknown permission com.google.android.gallery3d.permission.PICASA_STORE in package com.android.dreams.phototable
01-17 02:32:00.351  1426  1632 W PackageManager: Unknown permission android.permission.ACCESS_SUPERUSER in package jackpal.androidterm
01-17 02:32:00.351  1426  1632 W PackageManager: Unknown permission com.google.android.googleapps.permission.GOOGLE_AUTH in package com.android.settings
01-17 02:32:00.351  1426  1632 W PackageManager: Unknown permission com.google.android.gallery3d.permission.GALLERY_PROVIDER in package com.android.bluetooth
01-17 02:32:00.362  1635  1635 W dex2oat : Unexpected CPU variant for X86 using defaults: x86
01-17 02:32:00.362  1635  1635 W dex2oat : Mismatch between dex2oat instruction set features (ISA: X86 Feature string: smp,-ssse3,-sse4.1,-sse4.2,-avx,-avx2,-lock_add,-popcnt) and those of dex2oat executable (ISA: X86 Feature string: smp,ssse3,-sse4.1,-sse4.2,-avx,-avx2,-lock_add,-popcnt) for the command line:
01-17 02:32:00.362  1635  1635 W dex2oat : /system/bin/dex2oat --zip-fd=6 --zip-location=CalendarProvider.apk --oat-fd=7 --oat-location=/data/dalvik-cache/x86/system@priv-app@CalendarProvider@CalendarProvider.apk@classes.dex --instruction-set=x86 --instruction-set-variant=x86 --instruction-set-features=default --runtime-arg -Xms64m --runtime-arg -Xmx512m --compiler-filter=verify-at-runtime --swap-fd=9 --runtime-arg -classpath --runtime-arg /system/framework/android.test.runner.jar
01-17 02:32:00.363  1635  1635 I dex2oat : /system/bin/dex2oat --compiler-filter=verify-at-runtime
01-17 02:32:00.454  1426  1632 W MountService: No primary storage defined yet; hacking together a stub
01-17 02:32:00.454  1426  1632 W MountService: No primary storage defined yet; hacking together a stub
01-17 02:32:00.454  1426  1632 W MountService: No primary storage mounted!
01-17 02:32:00.454  1426  1632 D VoldConnector: SND -> {2 asec list}
01-17 02:32:00.454  1426  1633 D VoldConnector: RCV <- {200 2 asec operation succeeded}
01-17 02:32:00.812  1635  1635 I dex2oat : dex2oat took 450.101ms (threads: 2) arena alloc=0B (0B) java alloc=35KB (36168B) native alloc=956KB (979120B) free=1603KB (1642320B)
01-17 02:32:00.814  1426  1426 I PackageManager.DexOptimizer: Running dexopt (dex2oat) on: /system/priv-app/MediaProvider/MediaProvider.apk pkg=com.android.providers.media isa=x86 vmSafeMode=false debuggable=false target-filter=verify-at-runtime oatDir = null sharedLibraries=null
01-17 02:32:00.821  1638  1638 W dex2oat : Unexpected CPU variant for X86 using defaults: x86
01-17 02:32:00.821  1638  1638 W dex2oat : Mismatch between dex2oat instruction set features (ISA: X86 Feature string: smp,-ssse3,-sse4.1,-sse4.2,-avx,-avx2,-lock_add,-popcnt) and those of dex2oat executable (ISA: X86 Feature string: smp,ssse3,-sse4.1,-sse4.2,-avx,-avx2,-lock_add,-popcnt) for the command line:
01-17 02:32:00.821  1638  1638 W dex2oat : /system/bin/dex2oat --zip-fd=6 --zip-location=MediaProvider.apk --oat-fd=7 --oat-location=/data/dalvik-cache/x86/system@priv-app@MediaProvider@MediaProvider.apk@classes.dex --instruction-set=x86 --instruction-set-variant=x86 --instruction-set-features=default --runtime-arg -Xms64m --runtime-arg -Xmx512m --compiler-filter=verify-at-runtime --swap-fd=9
