01-17 02:32:19.909  1251  1280 D gralloc_ranchu: gralloc_alloc: format 1 and usage 0x900 imply creation of host color buffer
01-17 02:32:19.913  1251  1280 D gralloc_ranchu: gralloc_alloc: format 1 and usage 0x900 imply creation of host color buffer
01-17 02:32:19.915  1889  2020 I OpenGLRenderer: Initialized EGL, version 1.4
01-17 02:32:19.915  1889  2020 D OpenGLRenderer: Swap behavior 1
01-17 02:32:19.971  1251  1280 D gralloc_ranchu: gralloc_alloc: format 1 and usage 0x900 imply creation of host color buffer
01-17 02:32:19.988  1426  1808 D WifiService: New client listening to asynchronous messages
01-17 02:32:20.048  1251  1408 D gralloc_ranchu: gralloc_alloc: format 1 and usage 0x900 imply creation of host color buffer
01-17 02:32:20.051  2070  2085 D         : HostConnection::get() New Host Connection established 0xa3fab700, tid 2085
01-17 02:32:20.053  1251  1408 D gralloc_ranchu: gralloc_alloc: format 1 and usage 0x900 imply creation of host color buffer
01-17 02:32:20.054  2070  2085 I OpenGLRenderer: Initialized EGL, version 1.4
01-17 02:32:20.054  2070  2085 D OpenGLRenderer: Swap behavior 1
01-17 02:32:20.057  1251  1408 D gralloc_ranchu: gralloc_alloc: format 1 and usage 0x900 imply creation of host color buffer
01-17 02:32:20.288  2041  2041 D TelephonyProvider: dbh.onCreate:+ db=SQLiteDatabase: /data/user_de/0/com.android.providers.telephony/databases/telephony.db
01-17 02:32:20.288  2041  2041 D TelephonyProvider: dbh.createSimInfoTable:+
01-17 02:32:20.289  2041  2041 D TelephonyProvider: dbh.createSimInfoTable:-
01-17 02:32:20.289  2041  2041 D TelephonyProvider: dbh.createCarriersTable: carriers
01-17 02:32:20.289  2041  2041 D TelephonyProvider: dbh.createCarriersTable:-
01-17 02:32:20.290  2041  2041 D TelephonyProvider: No APNs in OEM image = /oem/telephony/apns-conf.xml Load APNs from system image
01-17 02:32:20.290  2041  2041 D TelephonyProvider: No APNs in OEM image = /data/misc/apns-conf.xml Load APNs from system image
01-17 02:32:20.290  2041  2041 D TelephonyProvider: confFile = /system/etc/apns-conf.xml
01-17 02:32:20.292  2041  2041 D TelephonyProvider: Checksum for /system/etc/apns-conf.xml is 2001431324
01-17 02:32:20.293  2041  2041 D TelephonyProvider: dbh.onCreate:- db=SQLiteDatabase: /data/user_de/0/com.android.providers.telephony/databases/telephony.db
01-17 02:32:20.436  1426  1426 W ContextImpl: Calling a method in the system process without a qualified user: android.app.ContextImpl.startService:1357 com.android.server.content.SyncManager$13.run:658 android.os.Handler.handleCallback:751 android.os.Handler.dispatchMessage:95 android.os.Looper.loop:154 
01-17 02:32:20.438  1426  1426 W System  : ClassLoader referenced unknown path: /system/priv-app/Telecom/lib/x86
01-17 02:32:20.438  1426  1426 D ApplicationLoaders: ignored Vulkan layer search path /system/priv-app/Telecom/lib/x86:/system/priv-app/Telecom/Telecom.apk!/lib/x86:/system/lib:/vendor/lib for namespace 0xa304b110
01-17 02:32:20.444  1426  1426 E BluetoothAdapter: Bluetooth binder is null
01-17 02:32:20.445  1426  1426 I Telecom : SystemStateProvider: Registering car mode receiver: android.content.IntentFilter@c8582e8: TS.init@AAA
01-17 02:32:20.457  1426  2099 I Telecom : Telecom: Non-call EVENT: AUDIO_ROUTE, Entering state QuiescentEarpieceRoute
01-17 02:32:20.460  1426  2100 I Telecom : CallAudioModeStateMachine: Message received: null.: TS.init->CAMSM.pM_1@AAA_0
01-17 02:32:20.465  1426  1426 E BluetoothAdapter: Bluetooth binder is null
01-17 02:32:20.466  1426  2101 E ActivityThread: Failed to find provider info for call_log
01-17 02:32:20.467  1426  1426 I Telecom : Class: TelecomSystem.INSTANCE being set
01-17 02:32:20.467  1426  1426 E BluetoothAdapter: Bluetooth binder is null
01-17 02:32:20.570  1426  1426 W System  : ClassLoader referenced unknown path: /system/priv-app/FusedLocation/lib/x86
01-17 02:32:20.570  1426  1426 D ApplicationLoaders: ignored Vulkan layer search path /system/priv-app/FusedLocation/lib/x86:/system/priv-app/FusedLocation/FusedLocation.apk!/lib/x86:/system/lib:/vendor/lib for namespace 0xa304b150
01-17 02:32:20.572  1426  1426 D GpsNetInitiatedHandler: location enabled :true
01-17 02:32:20.572  1426  1426 V WiredAccessoryManager: init()
01-17 02:32:20.579  1426  1426 W VibratorService: Tried to stop vibrating but there is no vibrator device.
01-17 02:32:20.581  1426  1426 D ConditionProviders.SCP: onSubscribe condition://android/schedule?days=1.2.3.4.5&start=22.0&end=7.0&exitAtAlarm=false
01-17 02:32:20.581  1426  1426 D ConditionProviders.SCP: setRegistered true
01-17 02:32:20.581  1426  1426 D ConditionProviders.SCP: notifyCondition condition://android/schedule?days=1.2.3.4.5&start=22.0&end=7.0&exitAtAlarm=false STATE_TRUE reason=meetsSchedule
01-17 02:32:20.582  1426  1426 D ConditionProviders.SCP: Scheduling evaluate for Tue Jan 17 07:00:00 GMT+00:00 2017 (1484636400000), in +4h27m39s419ms, now=Tue Jan 17 02:32:20 GMT+00:00 2017 (1484620340581)
01-17 02:32:20.582  1426  1426 D ConditionProviders.SCP: onSubscribe condition://android/schedule?days=6.7&start=23.30&end=10.0&exitAtAlarm=false
01-17 02:32:20.582  1426  1426 D ConditionProviders.SCP: notifyCondition condition://android/schedule?days=6.7&start=23.30&end=10.0&exitAtAlarm=false STATE_FALSE reason=!meetsSchedule
01-17 02:32:20.582  1426  1426 D ConditionProviders.SCP: notifyCondition condition://android/schedule?days=1.2.3.4.5&start=22.0&end=7.0&exitAtAlarm=false STATE_TRUE reason=meetsSchedule
01-17 02:32:20.583  1426  1426 D ConditionProviders.SCP: Scheduling evaluate for Tue Jan 17 07:00:00 GMT+00:00 2017 (1484636400000), in +4h27m39s418ms, now=Tue Jan 17 02:32:20 GMT+00:00 2017 (1484620340582)
01-17 02:32:20.585  1426  1819 E ActivityThread: Failed to find provider info for com.android.calendar
01-17 02:32:20.585  1426  1541 I SyncManager: Got SyncJobService instance.
01-17 02:32:20.585  1426  1426 I Telecom : WiredHeadsetManager: ACTION_HEADSET_PLUG event, plugged in: false, : WHC.oADA@AAE
01-17 02:32:20.586  1426  1819 E ActivityThread: Failed to find provider info for com.android.calendar
01-17 02:32:20.586  1426  1426 I ActivityManager: user 0 is still locked. Cannot load recents
01-17 02:32:20.603  1889  1889 I Choreographer: Skipped 32 frames!  The application may be doing too much work on its main thread.
01-17 02:32:20.611  2041  2041 D TelephonyProvider: dbh.onOpen: ok, queried table=siminfo
01-17 02:32:20.611  2041  2041 D TelephonyProvider: dbh.onOpen: ok, queried table=carriers
01-17 02:32:20.611  2041  2041 D TelephonyProvider: onCreate: build id changed from  to NMF26O
01-17 02:32:20.611  2041  2041 D TelephonyProvider: No APNs in OEM image = /oem/telephony/apns-conf.xml Load APNs from system image
01-17 02:32:20.612  2041  2041 D TelephonyProvider: No APNs in OEM image = /data/misc/apns-conf.xml Load APNs from system image
01-17 02:32:20.612  2041  2041 D TelephonyProvider: Checksum for /system/etc/apns-conf.xml is 2001431324
01-17 02:32:20.612  2041  2041 D TelephonyProvider: newChecksum: 2001431324
01-17 02:32:20.612  2041  2041 D TelephonyProvider: oldChecksum: 2001431324
01-17 02:32:20.612  2041  2041 D TelephonyProvider: Skipping apn db update since apn-conf has not changed.
01-17 02:32:20.669  1426  1426 I DefaultPermGrantPolicy: Granting permissions to default dialer app for user:0
01-17 02:32:20.670  1426  1542 V KeyguardServiceDelegate: *** Keyguard started
01-17 02:32:20.671  1426  1549 I ActivityManager: Displayed com.android.settings/.FallbackHome: +1s444ms (total +1s557ms)
01-17 02:32:20.671  1426  1549 I WindowManager: Screen frozen for +1s301ms due to Window{d216e28 u0 StatusBar}
01-17 02:32:20.672  1426  1542 W KeyguardServiceDelegate: onScreenTurningOn(): no keyguard service!
01-17 02:32:20.672  1426  1426 I Telecom : PhoneAccountRegistrar: SimCallManager queried, returning: null: TSI.gSCM@AAM
01-17 02:32:20.678  1426  1426 D ZenLog  : config: conditionChanged,ZenModeConfig[user=0,allowCalls=true,allowRepeatCallers=false,allowMessages=false,allowCallsFrom=contacts,allowMessagesFrom=contacts,allowReminders=true,allowEvents=true,allowWhenScreenOff=true,allowWhenScreenOn=true,automaticRules={c617e2a72a6348829d25a7e7a35f9f80=ZenRule[enabled=false,snoozing=false,name=Weeknight,zenMode=ZEN_MODE_ALARMS,conditionId=condition://android/schedule?days=1.2.3.4.5&start=22.0&end=7.0&exitAtAlarm=false,condition=Condition[id=condition://android/schedule?days=1.2.3.4.5&start=22.0&end=7.0&exitAtAlarm=false,summary=...,line1=...,line2=...,icon=0,state=STATE_TRUE,flags=2],component=ComponentInfo{android/com.android.server.notification.ScheduleConditionProvider},id=c617e2a72a6348829d25a7e7a35f9f80,creationTime=1484620337565,enabler=null], 9054c95f0bad473db755a3f632ed8771=ZenRule[enabled=false,snoozing=false,name=Weekend,zenMode=ZEN_MODE_ALARMS,conditionId=condition://android/schedule?days=6.7&start=23.30&end=10.0&exitAtAlarm=false,condition=null,component=ComponentInfo{android/com.android.server.notification.ScheduleConditionProvider},id=9054c95f0bad473db755a3f632ed8771,creationTime=1484620337565,enabler=null], 554235459a5442f9a1a5e2e12d2955d9=ZenRule[enabled=false,snoozing=false,name=Event,zenMode=ZEN_MODE_ALARMS,conditionId=condition://android/event?userId=-10000&calendar=&reply=1,condition=null,component=ComponentInfo{android/com.android.server.notification.EventConditionProvider},id=554235459a5442f9a1a5e2e12d2955d9,creationTime=1484620337565,enabler=null]},manualRule=null],Diff[automaticRule[c617e2a72a6348829d25a7e7a35f9f80].condition:null->Condition[id=condition://android/schedule?days=1.2.3.4.5&start=22.0&end=7.0&exitAtAlarm=false,summary=...,line1=...,line2=...,icon=0,state=STATE_TRUE,flags=2]]
01-17 02:32:20.679  1426  1426 D ZenLog  : config: conditionChanged,ZenModeConfig[user=0,allowCalls=true,allowRepeatCallers=false,allowMessages=false,allowCallsFrom=contacts,allowMessagesFrom=contacts,allowReminders=true,allowEvents=true,allowWhenScreenOff=true,allowWhenScreenOn=true,automaticRules={c617e2a72a6348829d25a7e7a35f9f80=ZenRule[enabled=false,snoozing=false,name=Weeknight,zenMode=ZEN_MODE_ALARMS,conditionId=condition://android/schedule?days=1.2.3.4.5&start=22.0&end=7.0&exitAtAlarm=false,condition=Condition[id=condition://android/schedule?days=1.2.3.4.5&start=22.0&end=7.0&exitAtAlarm=false,summary=...,line1=...,line2=...,icon=0,state=STATE_TRUE,flags=2],component=ComponentInfo{android/com.android.server.notification.ScheduleConditionProvider},id=c617e2a72a6348829d25a7e7a35f9f80,creationTime=1484620337565,enabler=null], 9054c95f0bad473db755a3f632ed8771=ZenRule[enabled=false,snoozing=false,name=Weekend,zenMode=ZEN_MODE_ALARMS,conditionId=condition://android/schedule?days=6.7&start=23.30&end=10.0&exitAtAlarm=false,condition=Condition[id=condition://android/schedule?days=6.7&start=23.30&end=10.0&exitAtAlarm=false,summary=...,line1=...,line2=...,icon=0,state=STATE_FALSE,flags=2],component=ComponentInfo{android/com.android.server.notification.ScheduleConditionProvider},id=9054c95f0bad473db755a3f632ed8771,creationTime=1484620337565,enabler=null], 554235459a5442f9a1a5e2e12d2955d9=ZenRule[enabled=false,snoozing=false,name=Event,zenMode=ZEN_MODE_ALARMS,conditionId=condition://android/event?userId=-10000&calendar=&reply=1,condition=null,component=ComponentInfo{android/com.android.server.notification.EventConditionProvider},id=554235459a5442f9a1a5e2e12d2955d9,creationTime=1484620337565,enabler=null]},manualRule=null],Diff[automaticRule[9054c95f0bad473db755a3f632ed8771].condition:null->Condition[id=condition://android/schedule?days=6.7&start=23.30&end=10.0&exitAtAlarm=false,summary=...,line1=...,line2=...,icon=0,state=STATE_FALSE,flags=2]]
01-17 02:32:20.680  1426  1426 D ZenLog  : config: conditionChanged,ZenModeConfig[user=0,allowCalls=true,allowRepeatCallers=false,allowMessages=false,allowCallsFrom=contacts,allowMessagesFrom=contacts,allowReminders=true,allowEvents=true,allowWhenScreenOff=true,allowWhenScreenOn=true,automaticRules={c617e2a72a6348829d25a7e7a35f9f80=ZenRule[enabled=false,snoozing=false,name=Weeknight,zenMode=ZEN_MODE_ALARMS,conditionId=condition://android/schedule?days=1.2.3.4.5&start=22.0&end=7.0&exitAtAlarm=false,condition=Condition[id=condition://android/schedule?days=1.2.3.4.5&start=22.0&end=7.0&exitAtAlarm=false,summary=...,line1=...,line2=...,icon=0,state=STATE_TRUE,flags=2],component=ComponentInfo{android/com.android.server.notification.ScheduleConditionProvider},id=c617e2a72a6348829d25a7e7a35f9f80,creationTime=1484620337565,enabler=null], 9054c95f0bad473db755a3f632ed8771=ZenRule[enabled=false,snoozing=false,name=Weekend,zenMode=ZEN_MODE_ALARMS,conditionId=condition://android/schedule?days=6.7&start=23.30&end=10.0&exitAtAlarm=false,condition=Condition[id=condition://android/schedule?days=6.7&start=23.30&end=10.0&exitAtAlarm=false,summary=...,line1=...,line2=...,icon=0,state=STATE_FALSE,flags=2],component=ComponentInfo{android/com.android.server.notification.ScheduleConditionProvider},id=9054c95f0bad473db755a3f632ed8771,creationTime=1484620337565,enabler=null], 554235459a5442f9a1a5e2e12d2955d9=ZenRule[enabled=false,snoozing=false,name=Event,zenMode=ZEN_MODE_ALARMS,conditionId=condition://android/event?userId=-10000&calendar=&reply=1,condition=Condition[id=condition://android/event?userId=-10000&calendar=&reply=1,summary=...,line1=...,line2=...,icon=0,state=STATE_FALSE,flags=2],component=ComponentInfo{android/com.android.server.notification.EventConditionProvider},id=554235459a5442f9a1a5e2e12d2955d9,creationTime=1484620337565,enabler=null]},manualRule=null],Diff[automaticRule[554235459a5442f9a1a5e2e12d2955d9].condition:null->Condition[id=condition://android/event?userId=-10000&calendar=&reply=1,summary=...,line1=...,line2=...,icon=0,state=STATE_FALSE,flags=2]]
01-17 02:32:20.681  1426  1426 I FusedLocation: engine started (com.android.location.fused)
01-17 02:32:20.681  1426  1426 D ZenLog  : set_zen_mode: off,conditionChanged
01-17 02:32:20.688  1426  1426 D ZenLog  : set_zen_mode: off,conditionChanged
01-17 02:32:20.716  2041  2041 W SystemConfig: No directory /system/etc/sysconfig, skipping
01-17 02:32:20.721  2041  2041 D PhoneSwitcherNetworkRequstListener: Registering NetworkFactory
01-17 02:32:20.721  1426  1813 D ConnectivityService: Got NetworkFactory Messenger for PhoneSwitcherNetworkRequstListener
01-17 02:32:20.722  1426  1813 D ConnectivityService: Got NetworkFactory Messenger for TelephonyNetworkFactory[0]
01-17 02:32:20.740  1835  1980 I LatinIME:LogUtils: Dictionary info: dictionary = main:de ; version = 54 ; date = 1414726263
01-17 02:32:20.741  1835  1980 I LatinIME:LogUtils: Dictionary info: dictionary = main:en ; version = 54 ; date = 1414726273
01-17 02:32:20.742  1835  1980 I LatinIME:LogUtils: Dictionary info: dictionary = main:es ; version = 54 ; date = 1414726268
01-17 02:32:20.742  1835  1980 I LatinIME:LogUtils: Dictionary info: dictionary = main:fr ; version = 54 ; date = 1414726264
01-17 02:32:20.744  1835  1980 I LatinIME:LogUtils: Dictionary info: dictionary = main:it ; version = 54 ; date = 1414726258
01-17 02:32:20.747  1835  1980 I LatinIME:LogUtils: Dictionary info: dictionary = main:ru ; version = 54 ; date = 1414726277
01-17 02:32:20.750  1835  1980 I BinaryDictionaryFileDumper: reinitializeClientRecordInDictionaryContentProvider() : Insert DictionaryInfo : Id = 'main:de' : Locale=de : Version=54
01-17 02:32:20.761  1426  1426 D ZenLog  : set_zen_mode: off,conditionChanged
01-17 02:32:20.838  2124  2124 W art     : Unexpected CPU variant for X86 using defaults: x86
01-17 02:32:20.839  1426  1542 I ActivityManager: Start proc 2124:com.android.cellbroadcastreceiver/u0a4 for broadcast com.android.cellbroadcastreceiver/.CellBroadcastReceiver
01-17 02:32:20.840  2041  2122 E ActivityThread: Failed to find provider info for com.android.contacts
01-17 02:32:20.840  2041  2122 W CallerInfoCache: cursor is null
01-17 02:32:20.842  2041  2041 D CarrierConfigLoader: CarrierConfigLoader has started
01-17 02:32:20.842  2041  2041 E BluetoothAdapter: Bluetooth binder is null
01-17 02:32:20.847  2124  2124 W System  : ClassLoader referenced unknown path: /system/priv-app/CellBroadcastReceiver/lib/x86
01-17 02:32:20.850  2041  2041 I Telephony: TtyManager: updateUiTtyMode -1 -> 0
01-17 02:32:20.922  1426  1913 D AlarmManagerService: Kernel timezone updated to 0 minutes west of GMT
01-17 02:32:20.923  1426  1426 D ConditionProviders.SCP: onReceive android.intent.action.TIMEZONE_CHANGED
01-17 02:32:20.923  1426  1426 D ConditionProviders.SCP: notifyCondition condition://android/schedule?days=6.7&start=23.30&end=10.0&exitAtAlarm=false STATE_FALSE reason=!meetsSchedule
01-17 02:32:20.923  1426  1426 D ConditionProviders.SCP: notifyCondition condition://android/schedule?days=1.2.3.4.5&start=22.0&end=7.0&exitAtAlarm=false STATE_TRUE reason=meetsSchedule
01-17 02:32:20.923  1426  1426 D ConditionProviders.SCP: Scheduling evaluate for Tue Jan 17 07:00:00 GMT+00:00 2017 (1484636400000), in +4h27m39s77ms, now=Tue Jan 17 02:32:20 GMT+00:00 2017 (1484620340923)
01-17 02:32:20.923  1426  1819 E ActivityThread: Failed to find provider info for com.android.calendar
01-17 02:32:20.923  1426  1819 E ActivityThread: Failed to find provider info for com.android.calendar
01-17 02:32:20.924  1426  1913 D AlarmManagerService: Setting time of day to sec=1484620341
01-17 02:32:21.128  1426  1913 W AlarmManagerService: Unable to set rtc to 1484620341: No such device
01-17 02:32:21.128  1426  1426 D ConditionProviders.SCP: onReceive android.intent.action.TIME_SET
01-17 02:32:21.128  1426  1426 D ConditionProviders.SCP: notifyCondition condition://android/schedule?days=6.7&start=23.30&end=10.0&exitAtAlarm=false STATE_FALSE reason=!meetsSchedule
01-17 02:32:21.129  1426  1426 D ConditionProviders.SCP: notifyCondition condition://android/schedule?days=1.2.3.4.5&start=22.0&end=7.0&exitAtAlarm=false STATE_TRUE reason=meetsSchedule
01-17 02:32:21.129  1426  1426 D ConditionProviders.SCP: Scheduling evaluate for Tue Jan 17 07:00:00 GMT+00:00 2017 (1484636400000), in +4h27m38s872ms, now=Tue Jan 17 02:32:21 GMT+00:00 2017 (1484620341128)
01-17 02:32:21.131  1426  1819 E ActivityThread: Failed to find provider info for com.android.calendar
01-17 02:32:21.132  1426  1819 E ActivityThread: Failed to find provider info for com.android.calendar
01-17 02:32:21.142  1835  1980 I BinaryDictionaryFileDumper: reinitializeClientRecordInDictionaryContentProvider() : Insert DictionaryInfo : Id = 'main:en' : Locale=en : Version=54
01-17 02:32:21.148  2041  2041 D PhoneSwitcherNetworkRequstListener: got request NetworkRequest [ REQUEST id=1, [ Capabilities: INTERNET&NOT_RESTRICTED&TRUSTED&NOT_VPN] ] with score 0
01-17 02:32:21.148  2041  2041 D TelephonyDebugService: TelephonyDebugService()
01-17 02:32:21.148  2041  2041 D CarrierConfigLoader: mHandler: 12 phoneId: 0
01-17 02:32:21.148  2041  2041 D CarrierConfigLoader: Build fingerprint changed. old: null new: x86emu_x86/x86emu_x86/x86emu:7.1.1/NMF26O/sgye01142037:eng/test-keys
01-17 02:32:21.171  1426  1543 V KeyguardServiceDelegate: *** Keyguard connected (yay!)
01-17 02:32:21.175  1426  1426 I GnssLocationProvider: WakeLock acquired by sendMessage(12, 0, null)
01-17 02:32:21.176  1426  1541 I GnssLocationProvider: WakeLock released by handleMessage(12, 0, null)
01-17 02:32:21.176  2041  2041 D MccTable: updateMccMncConfiguration mccmnc='310260' fromServiceState=true
01-17 02:32:21.177  2041  2041 D MccTable: updateMccMncConfiguration defaultMccMnc=
01-17 02:32:21.177  2041  2041 D MccTable: updateMccMncConfiguration: mcc=310, mnc=260
01-17 02:32:21.177  2041  2041 D MccTable: WIFI_COUNTRY_CODE set to us
01-17 02:32:21.177  1426  1539 I WifiService: WifiService trying to set country code to us with persist set to false
01-17 02:32:21.190  2041  2041 E PhoneInterfaceManager: [PhoneIntfMgr] getIccId: No UICC
01-17 02:32:21.191  1426  1539 I Telecom : PhoneAccountRegistrar: New phone account registered: [[ ] PhoneAccount: ComponentInfo{com.android.phone/com.android.services.telephony.TelephonyConnectionService}, [e0184adedf913b076626646d3f52c3b49c39ad6d], UserHandle{0} Capabilities: CallProvider MultiUser PlaceEmerg SimSub  Schemes: tel voicemail  Extras: null GroupId: [da39a3ee5e6b4b0d3255bfef95601890afd80709]]: TSI.rPA@AAU
01-17 02:32:21.192  1426  1539 I Telecom : : Sending phone-account registered intent as user: TSI.rPA@AAU
01-17 02:32:21.193  2041  2041 I Telephony: AccountEntry: Registered phoneAccount: [[ ] PhoneAccount: ComponentInfo{com.android.phone/com.android.services.telephony.TelephonyConnectionService}, [e0184adedf913b076626646d3f52c3b49c39ad6d], UserHandle{0} Capabilities: CallProvider MultiUser PlaceEmerg SimSub  Schemes: tel voicemail  Extras: null GroupId: [da39a3ee5e6b4b0d3255bfef95601890afd80709]] with handle: ComponentInfo{com.android.phone/com.android.services.telephony.TelephonyConnectionService}, [e0184adedf913b076626646d3f52c3b49c39ad6d], UserHandle{0}
01-17 02:32:21.193  2041  2041 I Telephony: PstnIncomingCallNotifier: Registering: Handler (com.android.internal.telephony.GsmCdmaPhone) {418e6db}
01-17 02:32:21.206  2041  2041 E PhoneInterfaceManager: [PhoneIntfMgr] getIccId: No UICC
01-17 02:32:21.207  1426  1539 I Telecom : PhoneAccountRegistrar: [ComponentInfo{com.android.phone/com.android.services.telephony.TelephonyConnectionService}, [e0184adedf913b076626646d3f52c3b49c39ad6d], UserHandle{0}(icon: Icon(typ=BITMAP size=29x36) -> Icon(typ=BITMAP size=29x36))]: TSI.rPA@AAg
01-17 02:32:21.207  1426  1539 I Telecom : : Sending phone-account registered intent as user: TSI.rPA@AAg
01-17 02:32:21.220  1426  1426 I GnssLocationProvider: WakeLock acquired by sendMessage(12, 0, null)
01-17 02:32:21.222  1426  1541 I GnssLocationProvider: WakeLock released by handleMessage(12, 0, null)
01-17 02:32:21.224  2041  2041 D MccTable: updateMccMncConfiguration mccmnc='310260' fromServiceState=false
01-17 02:32:21.225  2041  2041 D MccTable: updateMccMncConfiguration defaultMccMnc=
01-17 02:32:21.225  2041  2041 D MccTable: updateMccMncConfiguration: mcc=310, mnc=260
01-17 02:32:21.225  2041  2041 D MccTable: updateMccMncConfiguration updateConfig config={1.0 310mcc260mnc ?localeList ?layoutDir ?swdp ?wdp ?hdp ?density ?lsize ?long ?orien ?uimode ?night ?touch ?keyb/?/? ?nav/?}
01-17 02:32:21.441  1426  1818 D NotificationSQLiteLog: Pruned event entries: 0
01-17 02:32:21.668  1426  1540 I ActivityManager: Config changes=3 {1.0 310mcc260mnc [en_US] ldltr sw320dp w320dp h509dp 240dpi nrml long port finger -keyb/h/h -nav/h s.6}
01-17 02:32:21.668  1426  1823 W art     : Long monitor contention with owner android.display (1549) at void com.android.server.wm.WindowAnimator$1.doFrame(long)(WindowAnimator.java:144) waiters=1 in int com.android.server.wm.WindowManagerService.relayoutWindow(com.android.server.wm.Session, android.view.IWindow, int, android.view.WindowManager$LayoutParams, int, int, int, int, android.graphics.Rect, android.graphics.Rect, android.graphics.Rect, android.graphics.Rect, android.graphics.Rect, android.graphics.Rect, android.graphics.Rect, android.content.res.Configuration, android.view.Surface) for 286ms
01-17 02:32:21.673  1251  1857 D gralloc_ranchu: gralloc_alloc: format 2 and usage 0x933 imply creation of host color buffer
01-17 02:32:21.673  1251  1857 D         : HostConnection::get() New Host Connection established 0xab798200, tid 1857
01-17 02:32:21.683  1426  1539 W art     : Long monitor contention with owner Binder:1426_2 (1540) at void com.android.server.am.ActivityManagerService.updateConfiguration(android.content.res.Configuration)(ActivityManagerService.java:18890) waiters=0 in void com.android.server.am.ActivityManagerService.finishReceiver(android.os.IBinder, int, java.lang.String, android.os.Bundle, boolean, int) for 450ms
01-17 02:32:21.686  2041  2041 I Telephony: PstnIncomingCallNotifier: Unregistering: Handler (com.android.internal.telephony.GsmCdmaPhone) {418e6db}
01-17 02:32:21.686  1835  1980 I BinaryDictionaryFileDumper: reinitializeClientRecordInDictionaryContentProvider() : Insert DictionaryInfo : Id = 'main:es' : Locale=es : Version=54
01-17 02:32:21.686  2041  2041 E PhoneInterfaceManager: [PhoneIntfMgr] getIccId: No UICC
01-17 02:32:21.688  1426  2149 I Telecom : PhoneAccountRegistrar: [ComponentInfo{com.android.phone/com.android.services.telephony.TelephonyConnectionService}, [e0184adedf913b076626646d3f52c3b49c39ad6d], UserHandle{0}(icon: Icon(typ=BITMAP size=29x36) -> Icon(typ=BITMAP size=29x36))]: TSI.rPA@AAk
01-17 02:32:21.688  1426  2149 I Telecom : : Sending phone-account registered intent as user: TSI.rPA@AAk
01-17 02:32:21.689  2041  2041 I Telephony: AccountEntry: Registered phoneAccount: [[ ] PhoneAccount: ComponentInfo{com.android.phone/com.android.services.telephony.TelephonyConnectionService}, [e0184adedf913b076626646d3f52c3b49c39ad6d], UserHandle{0} Capabilities: CallProvider MultiUser PlaceEmerg SimSub  Schemes: tel voicemail  Extras: null GroupId: [da39a3ee5e6b4b0d3255bfef95601890afd80709]] with handle: ComponentInfo{com.android.phone/com.android.services.telephony.TelephonyConnectionService}, [e0184adedf913b076626646d3f52c3b49c39ad6d], UserHandle{0}
01-17 02:32:21.689  2041  2041 I Telephony: PstnIncomingCallNotifier: Registering: Handler (com.android.internal.telephony.GsmCdmaPhone) {418e6db}
01-17 02:32:21.692  2041  2041 E PhoneInterfaceManager: [PhoneIntfMgr] getIccId: No UICC
01-17 02:32:21.693  1426  1540 I Telecom : PhoneAccountRegistrar: [ComponentInfo{com.android.phone/com.android.services.telephony.TelephonyConnectionService}, [e0184adedf913b076626646d3f52c3b49c39ad6d], UserHandle{0}(addr: tel:*********** -> tel:)(icon: Icon(typ=BITMAP size=29x36) -> Icon(typ=BITMAP size=29x36))(subAddr: tel:*********** -> tel:)]: TSI.rPA@AAw
01-17 02:32:21.694  1426  1540 I Telecom : : Sending phone-account registered intent as user: TSI.rPA@AAw
01-17 02:32:21.696  1426  1426 I GnssLocationProvider: WakeLock acquired by sendMessage(12, 0, null)
01-17 02:32:21.697  2041  2041 I Telephony: PstnIncomingCallNotifier: Unregistering: Handler (com.android.internal.telephony.GsmCdmaPhone) {418e6db}
01-17 02:32:21.697  1426  1541 I GnssLocationProvider: WakeLock released by handleMessage(12, 0, null)
01-17 02:32:21.697  2041  2041 E PhoneInterfaceManager: [PhoneIntfMgr] getIccId: No UICC
01-17 02:32:21.698  1426  2150 I Telecom : PhoneAccountRegistrar: [ComponentInfo{com.android.phone/com.android.services.telephony.TelephonyConnectionService}, [e0184adedf913b076626646d3f52c3b49c39ad6d], UserHandle{0}(icon: Icon(typ=BITMAP size=29x36) -> Icon(typ=BITMAP size=29x36))]: TSI.rPA@AA0
01-17 02:32:21.699  1426  2150 I Telecom : : Sending phone-account registered intent as user: TSI.rPA@AA0
01-17 02:32:21.699  2041  2041 I Telephony: AccountEntry: Registered phoneAccount: [[ ] PhoneAccount: ComponentInfo{com.android.phone/com.android.services.telephony.TelephonyConnectionService}, [e0184adedf913b076626646d3f52c3b49c39ad6d], UserHandle{0} Capabilities: CallProvider MultiUser PlaceEmerg SimSub  Schemes: tel voicemail  Extras: null GroupId: [da39a3ee5e6b4b0d3255bfef95601890afd80709]] with handle: ComponentInfo{com.android.phone/com.android.services.telephony.TelephonyConnectionService}, [e0184adedf913b076626646d3f52c3b49c39ad6d], UserHandle{0}
01-17 02:32:21.699  2041  2041 I Telephony: PstnIncomingCallNotifier: Registering: Handler (com.android.internal.telephony.GsmCdmaPhone) {418e6db}
01-17 02:32:21.701  1426  1426 I GnssLocationProvider: WakeLock acquired by sendMessage(12, 0, null)
01-17 02:32:21.702  2041  2041 E PhoneInterfaceManager: [PhoneIntfMgr] getIccId: No UICC
01-17 02:32:21.703  1426  1541 I GnssLocationProvider: WakeLock released by handleMessage(12, 0, null)
01-17 02:32:21.703  1426  1913 I Telecom : PhoneAccountRegistrar: [ComponentInfo{com.android.phone/com.android.services.telephony.TelephonyConnectionService}, [e0184adedf913b076626646d3f52c3b49c39ad6d], UserHandle{0}(icon: Icon(typ=BITMAP size=29x36) -> Icon(typ=BITMAP size=29x36))]: TSI.rPA@ABA
01-17 02:32:21.703  1426  1913 I Telecom : : Sending phone-account registered intent as user: TSI.rPA@ABA
01-17 02:32:21.704  2041  2041 I Telephony: PstnIncomingCallNotifier: Unregistering: Handler (com.android.internal.telephony.GsmCdmaPhone) {418e6db}
01-17 02:32:21.705  2041  2041 E PhoneInterfaceManager: [PhoneIntfMgr] getIccId: No UICC
01-17 02:32:21.705  1426  1823 I Telecom : PhoneAccountRegistrar: [ComponentInfo{com.android.phone/com.android.services.telephony.TelephonyConnectionService}, [e0184adedf913b076626646d3f52c3b49c39ad6d], UserHandle{0}(icon: Icon(typ=BITMAP size=29x36) -> Icon(typ=BITMAP size=29x36))]: TSI.rPA@ABE
01-17 02:32:21.706  1426  1823 I Telecom : : Sending phone-account registered intent as user: TSI.rPA@ABE
01-17 02:32:21.706  2041  2041 I Telephony: AccountEntry: Registered phoneAccount: [[ ] PhoneAccount: ComponentInfo{com.android.phone/com.android.services.telephony.TelephonyConnectionService}, [e0184adedf913b076626646d3f52c3b49c39ad6d], UserHandle{0} Capabilities: CallProvider MultiUser PlaceEmerg SimSub  Schemes: tel voicemail  Extras: null GroupId: [da39a3ee5e6b4b0d3255bfef95601890afd80709]] with handle: ComponentInfo{com.android.phone/com.android.services.telephony.TelephonyConnectionService}, [e0184adedf913b076626646d3f52c3b49c39ad6d], UserHandle{0}
01-17 02:32:21.706  2041  2041 I Telephony: PstnIncomingCallNotifier: Registering: Handler (com.android.internal.telephony.GsmCdmaPhone) {418e6db}
01-17 02:32:21.804  2153  2153 W art     : Unexpected CPU variant for X86 using defaults: x86
01-17 02:32:21.812  1426  2149 I ActivityManager: Start proc 2153:com.android.deskclock/u0a37 for broadcast com.android.deskclock/.AlarmInitReceiver
01-17 02:32:21.815  2153  2153 W System  : ClassLoader referenced unknown path: /system/app/DeskClock/lib/x86
01-17 02:32:21.830  2153  2153 I AlarmClock: AlarmInitReceiver android.intent.action.TIMEZONE_CHANGED
01-17 02:32:21.863  1251  1276 D gralloc_ranchu: gralloc_alloc: format 1 and usage 0x900 imply creation of host color buffer
01-17 02:32:21.869  1251  1276 D gralloc_ranchu: gralloc_alloc: format 1 and usage 0x900 imply creation of host color buffer
01-17 02:32:21.876  1426  1543 W WindowManager: Keyguard drawn timeout. Setting mKeyguardDrawComplete
01-17 02:32:21.901  1835  1980 I BinaryDictionaryFileDumper: reinitializeClientRecordInDictionaryContentProvider() : Insert DictionaryInfo : Id = 'main:fr' : Locale=fr : Version=54
01-17 02:32:21.908  2041  2041 D MccTable: updateMccMncConfiguration mccmnc='310260' fromServiceState=false
01-17 02:32:21.908  2041  2041 D MccTable: updateMccMncConfiguration defaultMccMnc=310260
01-17 02:32:21.908  2041  2041 D MccTable: updateMccMncConfiguration: mcc=310, mnc=260
01-17 02:32:21.908  2041  2041 D MccTable: updateMccMncConfiguration updateConfig config={1.0 310mcc260mnc ?localeList ?layoutDir ?swdp ?wdp ?hdp ?density ?lsize ?long ?orien ?uimode ?night ?touch ?keyb/?/? ?nav/?}
01-17 02:32:21.939  1251  1276 D gralloc_ranchu: gralloc_alloc: format 1 and usage 0x900 imply creation of host color buffer
01-17 02:32:22.034  1835  1980 I BinaryDictionaryFileDumper: reinitializeClientRecordInDictionaryContentProvider() : Insert DictionaryInfo : Id = 'main:it' : Locale=it : Version=54
01-17 02:32:22.068  1889  1889 W KeyguardUpdateMonitor: invalid subId in handleSimStateChange()
01-17 02:32:22.068  1889  1889 I Choreographer: Skipped 52 frames!  The application may be doing too much work on its main thread.
01-17 02:32:22.073  1426  2150 V KeyguardServiceDelegate: **** SHOWN CALLED ****
01-17 02:32:22.100  1426  2150 I ActivityManager: user 0 is still locked. Cannot load recents
01-17 02:32:22.100  1889  1889 W FingerprintManager: isFingerprintHardwareDetected(): Service not connected!
01-17 02:32:22.155  1426  1549 D gralloc_ranchu: gralloc_unregister_buffer: exiting HostConnection (is buffer-handling thread)
01-17 02:32:22.156  1251  1280 I SurfaceFlinger: Boot is finished (47321 ms)
01-17 02:32:22.160  1426  1426 W IInputConnectionWrapper: reportFullscreenMode on inexistent InputConnection
01-17 02:32:22.224  1835  1980 I BinaryDictionaryFileDumper: reinitializeClientRecordInDictionaryContentProvider() : Insert DictionaryInfo : Id = 'main:ru' : Locale=ru : Version=54
01-17 02:32:22.231  1426  1549 I SystemServiceManager: Starting phase 1000
01-17 02:32:22.307  2178  2178 W art     : Unexpected CPU variant for X86 using defaults: x86
01-17 02:32:22.315  1426  1549 I ActivityManager: Start proc 2178:android.ext.services/u0a12 for on-hold
01-17 02:32:22.315  1426  1549 D ActivityManager: Finishing user boot 0
01-17 02:32:22.316  1426  1549 D CryptdConnector: SND -> {3 cryptfs prepare_user_storage ! 0 0 2}
01-17 02:32:22.316  1208  1243 D vold    : e4crypt_prepare_user_storage for volume null, user 0, serial 0, flags 2
01-17 02:32:22.316  1208  1243 D vold    : Preparing: /data/system_ce/0
01-17 02:32:22.316  1208  1243 D vold    : Preparing: /data/misc_ce/0
01-17 02:32:22.316  1208  1243 D vold    : Preparing: /data/media/0
01-17 02:32:22.316  1208  1243 D vold    : Preparing: /data/data
01-17 02:32:22.316  1426  1634 D CryptdConnector: RCV <- {200 3 Command succeeded}
01-17 02:32:22.316  1426  1549 V UserManagerService: Found /data/user/0 with serial number 0
01-17 02:32:22.316  1426  1549 V UserManagerService: Found /data/system_ce/0 with serial number -1
01-17 02:32:22.316  1426  1549 D UserManagerService: Serial number missing on /data/system_ce/0; assuming current is valid
01-17 02:32:22.316  1426  1549 V PackageManager: reconcileAppsData for null u0 0x2
01-17 02:32:22.352  1426  1549 V PackageManager: reconcileAppsData finished 76 packages
01-17 02:32:22.353  1426  1542 D MountService: onUnlockUser 0
01-17 02:32:22.353  1426  1542 D VoldConnector: SND -> {33 volume user_started 0}
01-17 02:32:22.355  1426  1426 I InputMethodManagerService: All the enabled IMEs are gone. Reset default enabled IMEs.
01-17 02:32:22.357  2178  2178 W System  : ClassLoader referenced unknown path: /system/priv-app/ExtServices/lib/x86
01-17 02:32:22.361  1208  1242 D vold    : Linking /storage/emulated/0 to /mnt/user/0/primary
01-17 02:32:22.361  1426  1633 D VoldConnector: RCV <- {200 33 Command succeeded}
01-17 02:32:22.361  1426  1632 D MountService: Volume public:253,48 broadcasting mounted to UserHandle{0}
01-17 02:32:22.362  1426  1632 D MountService: Volume emulated broadcasting mounted to UserHandle{0}
01-17 02:32:22.363  2153  2170 I AlarmClock: Alarms Table created
01-17 02:32:22.363  2153  2170 I AlarmClock: Instance table created
01-17 02:32:22.363  2153  2170 I AlarmClock: Inserting default alarms
01-17 02:32:22.366  1426  1542 I SELinux : SELinux: Loaded file_contexts contexts from /file_contexts.bin.
01-17 02:32:22.367  1426  1542 V BackupManagerService: No ancestral data
01-17 02:32:22.368  1426  1542 V BackupManagerService: Starting with transport android/com.android.internal.backup.LocalTransport
01-17 02:32:22.368  1426  1542 V BackupManagerService: Found transports: 1
01-17 02:32:22.368  1426  1542 W BackupManagerService: Proposed transport ComponentInfo{android/com.android.internal.backup.LocalTransportService} not whitelisted; ignoring
01-17 02:32:22.368  1426  1542 I BackupManagerService: Backup enable apparently not migrated
01-17 02:32:22.368  1426  1542 I BackupManagerService: Migrating enable state false
01-17 02:32:22.368  1426  1542 I BackupManagerService: Backup enabled => false
01-17 02:32:22.378  1835  1980 I BinaryDictionaryFileDumper: reinitializeClientRecordInDictionaryContentProvider() : Insert DictionaryInfo : Id = 'main:en_us' : Locale=en_US : Version=-1
01-17 02:32:22.382  1889  1889 W KeyguardUpdateMonitor: invalid subId in handleServiceStateChange()
01-17 02:32:22.382  1889  1889 W KeyguardUpdateMonitor: invalid subId in handleSimStateChange()
01-17 02:32:22.382  1889  1889 W KeyguardUpdateMonitor: invalid subId in handleSimStateChange()
01-17 02:32:22.434  1426  1542 W AppWidgetServiceImpl: Failed to read state: java.io.FileNotFoundException: /data/system/users/0/appwidgets.xml (No such file or directory)
01-17 02:32:22.434  1426  1542 V AppWidgetServiceImpl: Upgrading widget database from 0 to 1
01-17 02:32:22.434  1426  1542 W VoiceInteractionManagerService: no available voice interaction services found for user 0
01-17 02:32:22.434  1426  1542 W VoiceInteractionManagerService: no available voice recognition services found for user 0
01-17 02:32:22.434  1426  1542 I ActivityManager: Loading recents for user 0 into memory.
01-17 02:32:22.435  1426  1542 I PreBootBroadcaster: Pre-boot of {com.android.managedprovisioning/com.android.managedprovisioning.PreBootListener} for user 0
01-17 02:32:22.437  1426  1426 I AccountManagerService: User 0 is unlocked - opening CE database
01-17 02:32:22.438  1426  2193 W ResourceType: No known package when getting value for resource number 0x7f0200fc
01-17 02:32:22.438  1426  2193 W ResourceType: No known package when getting value for resource number 0x7f0e03a1
01-17 02:32:22.438  1426  2193 W ResourceType: No known package when getting value for resource number 0x7f0200fb
01-17 02:32:22.438  1426  2193 W ResourceType: No known package when getting value for resource number 0x7f0e0923
01-17 02:32:22.438  1426  2193 W ResourceType: No known package when getting value for resource number 0x7f0200fa
01-17 02:32:22.438  1426  2193 W ResourceType: No known package when getting value for resource number 0x7f0e07dd
01-17 02:32:22.439  2070  2070 D FallbackHome: User unlocked and real home found; let's go!
01-17 02:32:22.441  1426  2193 W ResourceType: No known package when getting value for resource number 0x7f020018
01-17 02:32:22.441  1426  2193 W ResourceType: No known package when getting value for resource number 0x7f0b016b
01-17 02:32:22.512  1426  1543 W art     : Long monitor contention with owner android.display (1549) at void com.android.server.wm.WindowAnimator$1.doFrame(long)(WindowAnimator.java:144) waiters=0 in void com.android.server.policy.PhoneWindowManager.updateSettings() for 149ms
01-17 02:32:22.515  1426  2150 I ActivityManager: START u0 {act=android.intent.action.MAIN cat=[android.intent.category.HOME] flg=0x10000100 cmp=com.android.provision/.DefaultActivity} from uid 0 on display 0
01-17 02:32:22.521  2194  2194 W art     : Unexpected CPU variant for X86 using defaults: x86
01-17 02:32:22.528  1426  2150 I ActivityManager: Start proc 2194:com.android.provision/u0a19 for activity com.android.provision/.DefaultActivity
01-17 02:32:22.575  1426  2192 V KeyValueBackupJob: Scheduling k/v pass in 247 minutes
01-17 02:32:22.601  2208  2208 W art     : Unexpected CPU variant for X86 using defaults: x86
01-17 02:32:22.608  1426  1821 I ActivityManager: Start proc 2208:com.android.keychain/1000 for service com.android.keychain/.KeyChainService
01-17 02:32:22.608  1835  1980 W BinaryDictionaryFileDumper: Missing metadata.json resource
01-17 02:32:22.612  1835  1980 I LatinIME:LogUtils: Dictionary info: dictionary = main:en ; version = 54 ; date = 1414726273
01-17 02:32:22.614  2223  2223 W art     : Unexpected CPU variant for X86 using defaults: x86
01-17 02:32:22.614  1835  1980 I LatinIME:LogUtils: Dictionary info: dictionary = main:en ; version = 54 ; date = 1414726273
01-17 02:32:22.616  1835  1980 I LatinIME:LogUtils: Dictionary info: dictionary = main:en ; version = 54 ; date = 1414726273
01-17 02:32:22.618  1426  1541 I ActivityManager: Start proc 2223:com.android.printspooler/u0a52 for service com.android.printspooler/.model.PrintSpoolerService
01-17 02:32:22.619  1835  1980 I LatinIME:LogUtils: Dictionary info: dictionary = main:en ; version = 54 ; date = 1414726273
01-17 02:32:22.621  1835  1980 I LatinIME:LogUtils: Dictionary info: dictionary = main:en ; version = 54 ; date = 1414726273
01-17 02:32:22.623  1835  1980 I LatinIME:LogUtils: Dictionary info: dictionary = main:en ; version = 54 ; date = 1414726273
01-17 02:32:22.625  1835  1980 I LatinIME:LogUtils: Dictionary info: dictionary = main:en ; version = 54 ; date = 1414726273
01-17 02:32:22.733  1889  1889 W KeyguardUpdateMonitor: invalid subId in handleServiceStateChange()
01-17 02:32:22.733  1251  1834 D gralloc_ranchu: gralloc_alloc: format 2 and usage 0x933 imply creation of host color buffer
01-17 02:32:22.734  1251  1834 D         : HostConnection::get() New Host Connection established 0xab31c3c0, tid 1834
01-17 02:32:22.757  1251  1276 D gralloc_ranchu: gralloc_alloc: format 1 and usage 0x933 imply creation of host color buffer
01-17 02:32:22.765  1426  1549 D         : HostConnection::get() New Host Connection established 0xa7c1dc80, tid 1549
01-17 02:32:22.785  1426  1426 I AccountManagerService: Creating CE database /data/system_ce/0/accounts_ce.db
01-17 02:32:23.062  1251  1857 D gralloc_ranchu: gralloc_alloc: format 1 and usage 0xb33 imply creation of host color buffer
01-17 02:32:23.064  1251  1251 E EGL_emulation: tid 1251: eglCreateSyncKHR(1669): error 0x3004 (EGL_BAD_ATTRIBUTE)
01-17 02:32:23.067  1426  1540 I ActivityManager: Config changes=20 {1.0 310mcc260mnc [en_US] ldltr sw320dp w320dp h509dp 240dpi nrml long port finger -keyb/v/h -nav/h s.7}
01-17 02:32:23.076  1426  2192 W art     : Long monitor contention with owner Binder:1426_7 (2150) at void com.android.server.am.ActivityManagerService.activityPaused(android.os.IBinder)(ActivityManagerService.java:6915) waiters=6 in int com.android.server.am.ActivityManagerService.getAppStartMode(int, java.lang.String) for 501ms
01-17 02:32:23.076  1426  1913 W art     : Long monitor contention with owner Binder:1426_7 (2150) at void com.android.server.am.ActivityManagerService.activityPaused(android.os.IBinder)(ActivityManagerService.java:6915) waiters=7 in android.content.IIntentSender com.android.server.am.ActivityManagerService.getIntentSender(int, java.lang.String, android.os.IBinder, java.lang.String, int, android.content.Intent[], java.lang.String[], int, android.os.Bundle, int) for 500ms
01-17 02:32:23.076  1426  1974 W art     : Long monitor contention with owner AsyncTask #1 (1821) at int com.android.server.am.ActivityManagerService.bindService(android.app.IApplicationThread, android.os.IBinder, android.content.Intent, java.lang.String, android.app.IServiceConnection, int, java.lang.String, int)(ActivityManagerService.java:17254) waiters=7 in void com.android.server.am.ActivityManagerService.attachApplication(android.app.IApplicationThread) for 469ms
01-17 02:32:23.077  2153  2170 V AlarmClock: AlarmInitReceiver finished
01-17 02:32:23.078  1426  1542 W art     : Long monitor contention with owner Binder:1426_8 (2151) at int com.android.server.am.ActivityManagerService.broadcastIntent(android.app.IApplicationThread, android.content.Intent, java.lang.String, android.content.IIntentReceiver, int, java.lang.String, android.os.Bundle, java.lang.String[], int, android.os.Bundle, boolean, boolean, int)(ActivityManagerService.java:18504) waiters=6 in void com.android.server.am.ActivityManagerService$MainHandler.handleMessage(android.os.Message) for 470ms
01-17 02:32:23.078  1426  1543 W art     : Long monitor contention with owner Binder:1426_8 (2151) at int com.android.server.am.ActivityManagerService.broadcastIntent(android.app.IApplicationThread, android.content.Intent, java.lang.String, android.content.IIntentReceiver, int, java.lang.String, android.os.Bundle, java.lang.String[], int, android.os.Bundle, boolean, boolean, int)(ActivityManagerService.java:18504) waiters=6 in void com.android.server.am.ActivityManagerService.updateConfiguration(android.content.res.Configuration) for 470ms
01-17 02:32:23.078  1426  1539 W art     : Long monitor contention with owner Binder:1426_2 (1540) at void com.android.server.am.ActivityManagerService.attachApplication(android.app.IApplicationThread)(ActivityManagerService.java:6668) waiters=5 in void com.android.server.am.ActivityManagerService.attachApplication(android.app.IApplicationThread) for 459ms
01-17 02:32:23.078  1426  2151 W art     : Long monitor contention with owner Binder:1426_2 (1540) at void com.android.server.am.ActivityManagerService.attachApplication(android.app.IApplicationThread)(ActivityManagerService.java:6668) waiters=6 in int com.android.server.am.ActivityManagerService.broadcastIntent(android.app.IApplicationThread, android.content.Intent, java.lang.String, android.content.IIntentReceiver, int, java.lang.String, android.os.Bundle, java.lang.String[], int, android.os.Bundle, boolean, boolean, int) for 347ms
01-17 02:32:23.080  2194  2194 W System  : ClassLoader referenced unknown path: /system/priv-app/Provision/lib/x86
01-17 02:32:23.081  1426  1426 I GnssLocationProvider: WakeLock acquired by sendMessage(12, 0, null)
01-17 02:32:23.082  2041  2041 D MccTable: updateMccMncConfiguration mccmnc='310260' fromServiceState=false
01-17 02:32:23.082  2041  2041 D MccTable: updateMccMncConfiguration defaultMccMnc=310260
01-17 02:32:23.082  2041  2041 D MccTable: updateMccMncConfiguration: mcc=310, mnc=260
01-17 02:32:23.082  2041  2041 D MccTable: updateMccMncConfiguration updateConfig config={1.0 310mcc260mnc ?localeList ?layoutDir ?swdp ?wdp ?hdp ?density ?lsize ?long ?orien ?uimode ?night ?touch ?keyb/?/? ?nav/?}
01-17 02:32:23.084  2153  2153 I AlarmClock: AlarmInitReceiver android.intent.action.TIME_SET
01-17 02:32:23.093  1426  1426 I DevicePolicyManagerService: Set ro.device_owner property to false
01-17 02:32:23.094  2208  2208 W System  : ClassLoader referenced unknown path: /system/app/KeyChain/lib/x86
01-17 02:32:23.102  1426  1913 I ActivityManager: START u0 {act=android.intent.action.MAIN cat=[android.intent.category.HOME] flg=0x10000100 cmp=com.android.launcher/com.android.launcher2.Launcher} from uid 0 on display 0
01-17 02:32:23.106  1835  1980 I LatinIME:LogUtils: Dictionary info: dictionary = main:en ; version = 54 ; date = 1414726273
01-17 02:32:23.107  2250  2250 W art     : Unexpected CPU variant for X86 using defaults: x86
01-17 02:32:23.114  1426  1913 I ActivityManager: Start proc 2250:com.android.launcher/u0a14 for activity com.android.launcher/com.android.launcher2.Launcher
01-17 02:32:23.122  1426  1549 D gralloc_ranchu: gralloc_unregister_buffer: exiting HostConnection (is buffer-handling thread)
01-17 02:32:23.123  1889  1889 D PhoneStatusBar: disable: < expand* icons alerts system_info back* home* recent* clock search* quick_settings >
01-17 02:32:23.130  2250  2250 W System  : ClassLoader referenced unknown path: /system/priv-app/Launcher2/lib/x86
01-17 02:32:23.171  2153  2170 V AlarmClock: AlarmInitReceiver finished
01-17 02:32:23.171  2124  2124 D CellBroadcastReceiver: Service state changed! 0 Full: 0 0 voice home data home Android Android 310260 Android Android 310260  Unknown LTE CSS not supported 0 0 RoamInd=0 DefRoamInd=0 EmergOnly=false IsDataRoamingFromRegistration=false IsUsingCarrierAggregation=false Current state=-1
01-17 02:32:23.171  2124  2124 D CellBroadcastReceiver: Start Cell Broadcast configuration.
01-17 02:32:23.173  2124  2265 D CellBroadcastConfigService: Enable CellBroadcast on sub 1
01-17 02:32:23.291  1426  1426 I GnssLocationProvider: WakeLock acquired by sendMessage(12, 0, null)
01-17 02:32:23.294  2041  2060 D IccSmsInterfaceManager: [IccSmsInterfaceManager] Calling setCdmaBroadcastConfig with 1 configurations
01-17 02:32:23.296  1889  1889 I Choreographer: Skipped 70 frames!  The application may be doing too much work on its main thread.
01-17 02:32:23.307  1426  1541 W GnssLocationProvider: Could not open GPS configuration file /etc/gps.conf
01-17 02:32:23.307  1426  1541 E GnssLocationProvider: no AGPS interface in set_agps_server
01-17 02:32:23.307  1426  1541 I GnssLocationProvider: WakeLock released by handleMessage(12, 0, null)
01-17 02:32:23.307  1426  1541 I RetailDemoModeService: Deleting contents of /data/preloads
01-17 02:32:23.341  1889  1889 E SignalClusterView: Unexpected subscription 1
01-17 02:32:23.341  1889  1889 E SignalClusterView: Unexpected subscription 1
01-17 02:32:23.392  1426  1541 W GnssLocationProvider: Could not open GPS configuration file /etc/gps.conf
01-17 02:32:23.392  1426  1541 E GnssLocationProvider: no AGPS interface in set_agps_server
01-17 02:32:23.393  1426  1541 I GnssLocationProvider: WakeLock released by handleMessage(12, 0, null)
01-17 02:32:23.474  1426  1426 D WifiService: resetting networks because SIM was loaded
01-17 02:32:23.474  2041  2041 D CarrierConfigLoader: update config for phoneId: 0 simState: LOADED
01-17 02:32:23.474  2041  2041 D CarrierSvcBindHelper: update binding for phoneId: 0 simState: LOADED
01-17 02:32:23.492  1426  2150 I Telecom : PhoneAccountRegistrar: [ComponentInfo{com.android.phone/com.android.services.telephony.TelephonyConnectionService}, [e0184adedf913b076626646d3f52c3b49c39ad6d], UserHandle{0}(icon: Icon(typ=BITMAP size=29x36) -> Icon(typ=BITMAP size=29x36))]: TSI.rPA@ABU
01-17 02:32:23.493  1426  2150 I Telecom : : Sending phone-account registered intent as user: TSI.rPA@ABU
01-17 02:32:23.493  2041  2041 I Telephony: PstnIncomingCallNotifier: Unregistering: Handler (com.android.internal.telephony.GsmCdmaPhone) {418e6db}
01-17 02:32:23.497  1426  1913 I Telecom : PhoneAccountRegistrar: New phone account registered: [[ ] PhoneAccount: ComponentInfo{com.android.phone/com.android.services.telephony.TelephonyConnectionService}, [e2f7d48dd2b5ca523e7313cf4ba0f6ea830b6281], UserHandle{0} Capabilities: CallProvider MultiUser PlaceEmerg SimSub  Schemes: tel voicemail  Extras: null GroupId: [da39a3ee5e6b4b0d3255bfef95601890afd80709]]: TSI.rPA@ABY
01-17 02:32:23.498  1426  1913 I Telecom : : Sending phone-account registered intent as user: TSI.rPA@ABY
