01-17 04:43:38.770  1138  1138 I art     : Starting a blocking GC Explicit
01-17 04:43:38.773  1138  1138 I art     : Explicit concurrent mark sweep GC freed 2876(139KB) AllocSpace objects, 1(24KB) LOS objects, 58% free, 2MB/6MB, paused 32us total 3.161ms
01-17 04:43:38.773  1138  1138 I art     : Starting a blocking GC Explicit
01-17 04:43:38.776  1138  1138 I art     : Explicit concurrent mark sweep GC freed 22(664B) AllocSpace objects, 0(0B) LOS objects, 58% free, 2MB/6MB, paused 28us total 2.600ms
01-17 04:43:38.776  1138  1362 I art     : Starting a blocking GC HeapTrim
01-17 04:43:38.777  1138  1138 I art     : Starting a blocking GC Background
01-17 04:43:38.785  1138  1138 E Zygote  : Not whitelisted : /android/dev/null
01-17 04:43:38.785  1138  1138 F art     : art/runtime/jni_internal.cc:492] JNI FatalError called: frameworks/base/core/jni/com_android_internal_os_Zygote.cpp:467: Unable to construct file descriptor table.
01-17 04:43:38.797  1138  1138 F art     : art/runtime/runtime.cc:422] Runtime aborting...
01-17 04:43:38.797  1138  1138 F art     : art/runtime/runtime.cc:422] Aborting thread:
01-17 04:43:38.797  1138  1138 F art     : art/runtime/runtime.cc:422] "main" prio=5 tid=1 Runnable
01-17 04:43:38.797  1138  1138 F art     : art/runtime/runtime.cc:422]   | group="" sCount=0 dsCount=0 obj=0x74237610 self=0xab80b400
01-17 04:43:38.797  1138  1138 F art     : art/runtime/runtime.cc:422]   | sysTid=1138 nice=0 cgrp=default sched=0/0 handle=0xafc41534
01-17 04:43:38.797  1138  1138 F art     : art/runtime/runtime.cc:422]   | state=R schedstat=( 0 0 0 ) utm=41 stm=4 core=0 HZ=100
01-17 04:43:38.797  1138  1138 F art     : art/runtime/runtime.cc:422]   | stack=0xbf281000-0xbf283000 stackSize=8MB
01-17 04:43:38.797  1138  1138 F art     : art/runtime/runtime.cc:422]   | held mutexes= "abort lock" "mutator lock"(shared held)
01-17 04:43:38.797  1138  1138 F art     : art/runtime/runtime.cc:422]   native: #00 pc 00572f1e  /android/system/lib/libart.so (???)
01-17 04:43:38.797  1138  1138 F art     : art/runtime/runtime.cc:422]   native: #01 pc 0053f30e  /android/system/lib/libart.so (???)
01-17 04:43:38.797  1138  1138 F art     : art/runtime/runtime.cc:422]   native: #02 pc 0053c30b  /android/system/lib/libart.so (???)
01-17 04:43:38.797  1138  1138 F art     : art/runtime/runtime.cc:422]   native: #03 pc 00527f13  /android/system/lib/libart.so (???)
01-17 04:43:38.797  1138  1138 F art     : art/runtime/runtime.cc:422]   native: #04 pc 00527bca  /android/system/lib/libart.so (???)
01-17 04:43:38.797  1138  1138 F art     : art/runtime/runtime.cc:422]   native: #05 pc 0051822b  /android/system/lib/libart.so (???)
01-17 04:43:38.797  1138  1138 F art     : art/runtime/runtime.cc:422]   native: #06 pc 0011a5b3  /android/system/lib/libart.so (???)
01-17 04:43:38.797  1138  1138 F art     : art/runtime/runtime.cc:422]   native: #07 pc 003d8650  /android/system/lib/libart.so (???)
01-17 04:43:38.797  1138  1138 F art     : art/runtime/runtime.cc:422]   native: #08 pc 0012c4c1  /android/system/lib/libart.so (???)
01-17 04:43:38.797  1138  1138 F art     : art/runtime/runtime.cc:422]   native: #09 pc 00147805  /android/system/lib/libandroid_runtime.so (???)
01-17 04:43:38.797  1138  1138 F art     : art/runtime/runtime.cc:422]   native: #10 pc 00149fb0  /android/system/lib/libandroid_runtime.so (???)
01-17 04:43:38.797  1138  1138 F art     : art/runtime/runtime.cc:422]   native: #11 pc 0014a8ea  /android/system/lib/libandroid_runtime.so (???)
01-17 04:43:38.797  1138  1138 F art     : art/runtime/runtime.cc:422]   native: #12 pc 00df8c88  /android/system/framework/x86/boot-framework.oat (Java_com_android_internal_os_Zygote_nativeForkSystemServer__II_3II_3_3IJJ+228)
01-17 04:43:38.797  1138  1138 F art     : art/runtime/runtime.cc:422]   at com.android.internal.os.Zygote.nativeForkSystemServer(Native method)
01-17 04:43:38.797  1138  1138 F art     : art/runtime/runtime.cc:422]   at com.android.internal.os.Zygote.forkSystemServer(Zygote.java:139)
01-17 04:43:38.797  1138  1138 F art     : art/runtime/runtime.cc:422]   at com.android.internal.os.ZygoteInit.startSystemServer(ZygoteInit.java:673)
01-17 04:43:38.797  1138  1138 F art     : art/runtime/runtime.cc:422]   at com.android.internal.os.ZygoteInit.main(ZygoteInit.java:769)
01-17 04:43:38.797  1138  1138 F art     : art/runtime/runtime.cc:422] Dumping all threads without appropriate locks held: thread list lock
01-17 04:43:38.797  1138  1138 F art     : art/runtime/runtime.cc:422] All threads:
01-17 04:43:38.797  1138  1138 F art     : art/runtime/runtime.cc:422] DALVIK THREADS (1):
01-17 04:43:38.797  1138  1138 F art     : art/runtime/runtime.cc:422] "main" prio=5 tid=1 Runnable
01-17 04:43:38.797  1138  1138 F art     : art/runtime/runtime.cc:422]   | group="" sCount=0 dsCount=0 obj=0x74237610 self=0xab80b400
01-17 04:43:38.797  1138  1138 F art     : art/runtime/runtime.cc:422]   | sysTid=1138 nice=0 cgrp=default sched=0/0 handle=0xafc41534
01-17 04:43:38.797  1138  1138 F art     : art/runtime/runtime.cc:422]   | state=R schedstat=( 0 0 0 ) utm=41 stm=4 core=1 HZ=100
01-17 04:43:38.797  1138  1138 F art     : art/runtime/runtime.cc:422]   | stack=0xbf281000-0xbf283000 stackSize=8MB
01-17 04:43:38.797  1138  1138 F art     : art/runtime/runtime.cc:422]   | held mutexes= "abort lock" "mutator lock"(shared held)
01-17 04:43:38.797  1138  1138 F art     : art/runtime/runtime.cc:422]   native: #00 pc 00572f1e  /android/system/lib/libart.so (???)
01-17 04:43:38.797  1138  1138 F art     : art/runtime/runtime.cc:422]   native: #01 pc 0053f30e  /android/system/lib/libart.so (???)
01-17 04:43:38.797  1138  1138 F art     : art/runtime/runtime.cc:422]   native: #02 pc 0053c30b  /android/system/lib/libart.so (???)
01-17 04:43:38.797  1138  1138 F art     : art/runtime/runtime.cc:422]   native: #03 pc 0055befb  /android/system/lib/libart.so (???)
01-17 04:43:38.797  1138  1138 F art     : art/runtime/runtime.cc:422]   native: #04 pc 005521be  /android/system/lib/libart.so (???)
01-17 04:43:38.797  1138  1138 F art     : art/runtime/runtime.cc:422]   native: #05 pc 00551d32  /android/system/lib/libart.so (???)
01-17 04:43:38.797  1138  1138 F art     : art/runtime/runtime.cc:422]   native: #06 pc 00528168  /android/system/lib/libart.so (???)
01-17 04:43:38.797  1138  1138 F art     : art/runtime/runtime.cc:422]   native: #07 pc 00527eb6  /android/system/lib/libart.so (???)
01-17 04:43:38.797  1138  1138 F art     : art/runtime/runtime.cc:422]   native: #08 pc 0051822b  /android/system/lib/libart.so (???)
01-17 04:43:38.797  1138  1138 F art     : art/runtime/runtime.cc:422]   native: #09 pc 0011a5b3  /android/system/lib/libart.so (???)
01-17 04:43:38.797  1138  1138 F art     : art/runtime/runtime.cc:422]   native: #10 pc 003d8650  /android/system/lib/libart.so (???)
01-17 04:43:38.797  1138  1138 F art     : art/runtime/runtime.cc:422]   native: #11 pc 0012c4c1  /android/system/lib/libart.so (???)
01-17 04:43:38.797  1138  1138 F art     : art/runtime/runtime.cc:422]   native: #12 pc 00147805  /android/system/lib/libandroid_runtime.so (???)
01-17 04:43:38.797  1138  1138 F art     : art/runtime/runtime.cc:422]   native: #13 pc 00149fb0  /android/system/lib/libandroid_runtime.so (???)
01-17 04:43:38.797  1138  1138 F art     : art/runtime/runtime.cc:422]   native: #14 pc 0014a8ea  /android/system/lib/libandroid_runtime.so (???)
01-17 04:43:38.797  1138  1138 F art     : art/runtime/runtime.cc:422]   native: #15 pc 00df8c88  /android/system/framework/x86/boot-framework.oat (Java_com_android_internal_os_Zygote_nativeForkSystemServer__II_3II_3_3IJJ+228)
01-17 04:43:38.797  1138  1138 F art     : art/runtime/runtime.cc:422]   at com.android.internal.os.Zygote.nativeForkSystemServer(Native method)
01-17 04:43:38.797  1138  1138 F art     : art/runtime/runtime.cc:422]   at com.android.internal.os.Zygote.forkSystemServer(Zygote.java:139)
01-17 04:43:38.797  1138  1138 F art     : art/runtime/runtime.cc:422]   at com.android.internal.os.ZygoteInit.startSystemServer(ZygoteInit.java:673)
01-17 04:43:38.797  1138  1138 F art     : art/runtime/runtime.cc:422]   at com.android.internal.os.ZygoteInit.main(ZygoteInit.java:769)
01-17 04:43:38.797  1138  1138 F art     : art/runtime/runtime.cc:422] 
01-17 04:43:38.797  1138  1138 F art     : art/runtime/runtime.cc:422] 
--------- beginning of crash
01-17 04:43:38.797  1138  1138 F libc    : Fatal signal 6 (SIGABRT), code -6 in tid 1138 (main)
01-17 04:43:38.797   981   981 W         : debuggerd: handling request: pid=1138 uid=0 gid=0 tid=1138
01-17 04:43:38.800  1364  1364 E         : debuggerd: Unable to connect to activity manager (connect failed: Connection refused)
01-17 04:43:38.800  1364  1364 F DEBUG   : *** *** *** *** *** *** *** *** *** *** *** *** *** *** *** ***
01-17 04:43:38.800  1364  1364 F DEBUG   : Build fingerprint: 'x86emu_x86/x86emu_x86/x86emu:7.1.1/NMF26O/sgye01142037:eng/test-keys'
01-17 04:43:38.800  1364  1364 F DEBUG   : Revision: '0'
01-17 04:43:38.800  1364  1364 F DEBUG   : ABI: 'x86'
01-17 04:43:38.800  1364  1364 F DEBUG   : pid: 1138, tid: 1138, name: main  >>> zygote <<<
01-17 04:43:38.800  1364  1364 F DEBUG   : signal 6 (SIGABRT), code -6 (SI_TKILL), fault addr --------
01-17 04:43:38.801  1364  1364 F DEBUG   : Abort message: 'art/runtime/jni_internal.cc:492] JNI FatalError called: frameworks/base/core/jni/com_android_internal_os_Zygote.cpp:467: Unable to construct file descriptor table.'
01-17 04:43:38.801  1364  1364 F DEBUG   :     eax 00000000  ebx 00000472  ecx 00000472  edx 00000006
01-17 04:43:38.801  1364  1364 F DEBUG   :     esi afc4158c  edi afc41534
01-17 04:43:38.801  1364  1364 F DEBUG   :     xcs 00000073  xds 0000007b  xes 0000007b  xfs 0000003b  xss 0000007b
01-17 04:43:38.801  1364  1364 F DEBUG   :     eip afb6d424  ebp bfa7d678  esp bfa7d61c  flags 00000296
01-17 04:43:38.880  1140  1140 I ServiceManager: Waiting for service media.camera.proxy...
01-17 04:43:38.934  1139  1152 W BatteryNotifier: batterystats service unavailable!
01-17 04:43:38.987  1364  1364 F DEBUG   : 
01-17 04:43:38.987  1364  1364 F DEBUG   : backtrace:
01-17 04:43:38.987  1364  1364 F DEBUG   :     #00 pc ffffe424  [vdso:afb6d000] (__kernel_vsyscall+16)
01-17 04:43:38.987  1364  1364 F DEBUG   :     #01 pc 0007a0dc  /system/lib/libc.so (tgkill+28)
01-17 04:43:38.987  1364  1364 F DEBUG   :     #02 pc 00075925  /system/lib/libc.so (pthread_kill+85)
01-17 04:43:38.987  1364  1364 F DEBUG   :     #03 pc 0002785a  /system/lib/libc.so (raise+42)
01-17 04:43:38.987  1364  1364 F DEBUG   :     #04 pc 0001ee36  /system/lib/libc.so (abort+86)
01-17 04:43:38.987  1364  1364 F DEBUG   :     #05 pc 005183c5  /system/lib/libart.so (_ZN3art7Runtime5AbortEPKc+565)
01-17 04:43:38.987  1364  1364 F DEBUG   :     #06 pc 0011a5b3  /system/lib/libart.so (_ZN3art10LogMessageD1Ev+1747)
01-17 04:43:38.987  1364  1364 F DEBUG   :     #07 pc 003d8650  /system/lib/libart.so (_ZN3art3JNI10FatalErrorEP7_JNIEnvPKc+176)
01-17 04:43:38.987  1364  1364 F DEBUG   :     #08 pc 0012c4c1  /system/lib/libart.so (_ZN3art8CheckJNI10FatalErrorEP7_JNIEnvPKc+993)
01-17 04:43:38.987  1364  1364 F DEBUG   :     #09 pc 00147805  /system/lib/libandroid_runtime.so
01-17 04:43:38.987  1364  1364 F DEBUG   :     #10 pc 00149fb0  /system/lib/libandroid_runtime.so
01-17 04:43:38.987  1364  1364 F DEBUG   :     #11 pc 0014a8ea  /system/lib/libandroid_runtime.so
01-17 04:43:38.987  1364  1364 F DEBUG   :     #12 pc 0237cc88  /system/framework/x86/boot-framework.oat (offset 0x1584000) (com.android.internal.os.Zygote.nativeForkSystemServer+228)
01-17 04:43:38.987  1364  1364 F DEBUG   :     #13 pc 0237c95c  /system/framework/x86/boot-framework.oat (offset 0x1584000) (com.android.internal.os.Zygote.forkSystemServer+152)
01-17 04:43:38.987  1364  1364 F DEBUG   :     #14 pc 023845de  /system/framework/x86/boot-framework.oat (offset 0x1584000) (com.android.internal.os.ZygoteInit.startSystemServer+938)
01-17 04:43:38.987  1364  1364 F DEBUG   :     #15 pc 023815d4  /system/framework/x86/boot-framework.oat (offset 0x1584000) (com.android.internal.os.ZygoteInit.main+1120)
01-17 04:43:38.987  1364  1364 F DEBUG   :     #16 pc 00109432  /system/lib/libart.so (art_quick_invoke_static_stub+418)
01-17 04:43:38.987  1364  1364 F DEBUG   :     #17 pc 00112de9  /system/lib/libart.so (_ZN3art9ArtMethod6InvokeEPNS_6ThreadEPjjPNS_6JValueEPKc+313)
01-17 04:43:38.987  1364  1364 F DEBUG   :     #18 pc 005105d5  /system/lib/libart.so (_ZN3artL18InvokeWithArgArrayERKNS_33ScopedObjectAccessAlreadyRunnableEPNS_9ArtMethodEPNS_8ArgArrayEPNS_6JValueEPKc+101)
01-17 04:43:38.987  1364  1364 F DEBUG   :     #19 pc 00510299  /system/lib/libart.so (_ZN3art17InvokeWithVarArgsERKNS_33ScopedObjectAccessAlreadyRunnableEP8_jobjectP10_jmethodIDPc+393)
01-17 04:43:38.987  1364  1364 F DEBUG   :     #20 pc 003f807e  /system/lib/libart.so (_ZN3art3JNI21CallStaticVoidMethodVEP7_JNIEnvP7_jclassP10_jmethodIDPc+958)
01-17 04:43:38.987  1364  1364 F DEBUG   :     #21 pc 001417d1  /system/lib/libart.so (_ZN3art8CheckJNI11CallMethodVEPKcP7_JNIEnvP8_jobjectP7_jclassP10_jmethodIDPcNS_9Primitive4TypeENS_10InvokeTypeE+4513)
01-17 04:43:38.987  1364  1364 F DEBUG   :     #22 pc 00132f8c  /system/lib/libart.so (_ZN3art8CheckJNI21CallStaticVoidMethodVEP7_JNIEnvP7_jclassP10_jmethodIDPc+108)
01-17 04:43:38.987  1364  1364 F DEBUG   :     #23 pc 000701e1  /system/lib/libandroid_runtime.so (_ZN7_JNIEnv20CallStaticVoidMethodEP7_jclassP10_jmethodIDz+41)
01-17 04:43:38.987  1364  1364 F DEBUG   :     #24 pc 00073a9e  /system/lib/libandroid_runtime.so (_ZN7android14AndroidRuntime5startEPKcRKNS_6VectorINS_7String8EEEb+782)
01-17 04:43:38.987  1364  1364 F DEBUG   :     #25 pc 00001b55  /system/bin/app_process32
01-17 04:43:38.987  1364  1364 F DEBUG   :     #26 pc 0001532c  /system/lib/libc.so (__libc_init+108)
01-17 04:43:38.987  1364  1364 F DEBUG   :     #27 pc 0000144c  /system/bin/app_process32
01-17 04:43:38.987  1364  1364 F DEBUG   :     #28 pc 00000004  <unknown>
01-17 04:43:39.027   981   981 W         : debuggerd: resuming target 1138
01-17 04:43:39.075   995   995 I ServiceManager: service 'media.audio_flinger' died
01-17 04:43:39.075   995   995 I ServiceManager: service 'media.audio_policy' died
01-17 04:43:39.075   995   995 I ServiceManager: service 'media.sound_trigger_hw' died
01-17 04:43:39.075   995   995 I ServiceManager: service 'media.radio' died
01-17 04:43:39.076   995   995 I ServiceManager: service 'media.player' died
01-17 04:43:39.076   995   995 I ServiceManager: service 'media.resource_manager' died
01-17 04:43:39.077   995   995 I ServiceManager: service 'netd' died
01-17 04:43:40.117  1373  1373 I Netd    : Netd 1.0 starting
01-17 04:43:40.117  1373  1373 D TetherController: Setting IP forward enable = 0
01-17 04:43:40.163  1370  1370 I         : sMaxFastTracks = 8
01-17 04:43:40.166  1371  1371 I cameraserver: ServiceManager: 0xb311afe0
01-17 04:43:40.166  1371  1371 I CameraService: CameraService started (pid=1371)
01-17 04:43:40.166  1371  1371 I CameraService: CameraService process starting
01-17 04:43:40.166  1371  1371 W BatteryNotifier: batterystats service unavailable!
01-17 04:43:40.166  1371  1371 W BatteryNotifier: batterystats service unavailable!
01-17 04:43:40.167  1370  1370 I audioserver: ServiceManager: 0xa6e9afe0
01-17 04:43:40.167  1370  1370 W BatteryNotifier: batterystats service unavailable!
01-17 04:43:40.167  1370  1370 I AudioFlinger: Using default 3000 mSec as standby time.
01-17 04:43:40.167  1370  1370 I AudioPolicyService: AudioPolicyService CSTOR in new mode
01-17 04:43:40.167  1370  1370 I APM::ConfigParsingUtils: loadAudioPolicyConfig() loaded /system/etc/audio_policy.conf
01-17 04:43:40.167  1370  1370 I AudioFlinger: loadHwModule() Loaded primary audio interface from Generic audio HW HAL (audio) handle 10
01-17 04:43:40.167  1370  1370 I AudioFlinger: openOutput(), module 10 Device 2, SamplingRate 44100, Format 0x000001, Channels 3, flags 2
01-17 04:43:40.167  1370  1370 I AudioFlinger: HAL output buffer size 1024 frames, normal sink buffer size 1024 frames
01-17 04:43:40.168  1370  1370 I BufferProvider: found effect "Multichannel Downmix To Stereo" from The Android Open Source Project
01-17 04:43:40.168  1370  1370 I AudioFlinger: Using module 10 has the primary audio interface
01-17 04:43:40.170  1370  1379 I AudioFlinger: AudioFlinger's thread 0xa6a03340 ready to run
01-17 04:43:40.170  1370  1379 W BatteryNotifier: batterystats service unavailable!
01-17 04:43:40.170  1370  1379 W BatteryNotifier: batterystats service unavailable!
01-17 04:43:40.170  1370  1379 W BatteryNotifier: batterystats service unavailable!
01-17 04:43:40.170  1370  1379 W AudioFlinger: no wake lock to update, system not ready yet
01-17 04:43:40.170  1370  1379 E cutils-trace: Error opening trace file: Permission denied (13)
01-17 04:43:40.170  1370  1370 E audio_hw_generic: Error opening input stream format 1, channel_mask 0010, sample_rate 16000
01-17 04:43:40.172  1370  1380 I AudioFlinger: AudioFlinger's thread 0xa6803640 ready to run
01-17 04:43:40.172  1370  1370 E AudioFlinger: int android::load_audio_interface(const char *, audio_hw_device_t **) couldn't load audio hw module audio.r_submix (No such file or directory)
01-17 04:43:40.172  1370  1370 E AudioFlinger: loadHwModule() error -2 loading module r_submix
01-17 04:43:40.172  1370  1370 W APM_AudioPolicyManager: could not open HW module r_submix
01-17 04:43:40.172  1370  1370 W APM_AudioPolicyManager: Input device 80000100 unreachable
01-17 04:43:40.180  1371  1371 D EmulatedCamera_QemuClient: Emulated camera list: 
01-17 04:43:40.180  1370  1370 I RadioService: RadioService
01-17 04:43:40.180  1370  1370 I RadioService: onFirstRef
01-17 04:43:40.180  1370  1370 E RadioService: couldn't load radio module radio.primary (No such file or directory)
01-17 04:43:40.180  1371  1371 D EmulatedCamera_FakeCamera: Initialize: Fake camera is facing back
01-17 04:43:40.180  1371  1371 V EmulatedCamera_Device: initializeWhiteBalanceModes with auto, 1.000000, 1.000000
01-17 04:43:40.180  1371  1371 V EmulatedCamera_Device: initializeWhiteBalanceModes with incandescent, 1.380000, 0.600000
01-17 04:43:40.180  1371  1371 V EmulatedCamera_Device: initializeWhiteBalanceModes with daylight, 1.090000, 0.920000
01-17 04:43:40.180  1371  1371 V EmulatedCamera_Device: initializeWhiteBalanceModes with twilight, 0.920000, 1.220000
01-17 04:43:40.180  1371  1371 V EmulatedCamera_Device: setWhiteBalanceMode with white balance auto
01-17 04:43:40.180  1371  1371 D EmulatedCamera_FakeCamera: Initialize: Fake camera is facing front
01-17 04:43:40.180  1371  1371 V EmulatedCamera_Device: initializeWhiteBalanceModes with auto, 1.000000, 1.000000
01-17 04:43:40.180  1371  1371 V EmulatedCamera_Device: initializeWhiteBalanceModes with incandescent, 1.380000, 0.600000
01-17 04:43:40.180  1370  1370 E SoundTriggerHwService: couldn't load sound trigger module sound_trigger.primary (No such file or directory)
01-17 04:43:40.180  1371  1371 V EmulatedCamera_Device: initializeWhiteBalanceModes with daylight, 1.090000, 0.920000
01-17 04:43:40.180  1371  1371 V EmulatedCamera_Device: initializeWhiteBalanceModes with twilight, 0.920000, 1.220000
01-17 04:43:40.180  1371  1371 V EmulatedCamera_Device: setWhiteBalanceMode with white balance auto
01-17 04:43:40.180  1371  1371 E EmulatedCamera_HotplugThread: createFileIfNotExists: Could not create file '/data/misc/media/emulator.camera.hotplug.0', error: 'Permission denied' (13)
01-17 04:43:40.180  1371  1371 E EmulatedCamera_HotplugThread: createFileIfNotExists: Could not create file '/data/misc/media/emulator.camera.hotplug.1', error: 'Permission denied' (13)
01-17 04:43:40.180  1371  1371 E cutils-trace: Error opening trace file: Permission denied (13)
01-17 04:43:40.180  1371  1371 I CameraService: Loaded "Emulated Camera Module" camera module
01-17 04:43:40.180  1371  1371 E CameraService: setUpVendorTags: Vendor tag operations not fully defined. Ignoring definitions.
01-17 04:43:40.180  1371  1371 V EmulatedCamera_Camera: getCameraInfo
01-17 04:43:40.180  1371  1371 V EmulatedCamera_BaseCamera: getCameraInfo
01-17 04:43:40.180  1371  1371 I CameraFlashlight: Opening camera 0
01-17 04:43:40.180  1371  1371 V EmulatedCamera_Camera: getCameraInfo
01-17 04:43:40.180  1371  1371 V EmulatedCamera_BaseCamera: getCameraInfo
01-17 04:43:40.180  1371  1371 V EmulatedCamera_Camera: connectCamera
01-17 04:43:40.180  1371  1371 V EmulatedCamera_FakeDevice: connectDevice
01-17 04:43:40.180  1371  1371 V EmulatedCamera_CallbackNotifier: setCallbacks: 0xb3a15000, 0xb3a15050, 0xb3a15170, 0xb3a15290 (0xb3143140)
01-17 04:43:40.180  1371  1371 V EmulatedCamera_Preview: setPreviewWindow: current: 0x0 -> new: 0xb3143150
01-17 04:43:40.180  1371  1371 V EmulatedCamera_Camera: doStopPreview
01-17 04:43:40.180  1371  1371 V EmulatedCamera_Preview: setPreviewWindow: current: 0xb3143150 -> new: 0x0
01-17 04:43:40.180  1371  1371 V EmulatedCamera_Camera: releaseCamera
01-17 04:43:40.180  1371  1371 V EmulatedCamera_Camera: doStopPreview
01-17 04:43:40.180  1371  1371 V EmulatedCamera_FakeDevice: disconnectDevice
01-17 04:43:40.180  1371  1371 I CameraFlashlight: Destroying camera 0
01-17 04:43:40.180  1371  1371 V EmulatedCamera_Camera: closeCamera
01-17 04:43:40.180  1371  1371 V EmulatedCamera_Camera: doStopPreview
01-17 04:43:40.180  1371  1371 V EmulatedCamera_Camera: getCameraInfo
01-17 04:43:40.180  1371  1371 V EmulatedCamera_BaseCamera: getCameraInfo
01-17 04:43:40.180  1371  1371 I CameraFlashlight: Opening camera 1
01-17 04:43:40.180  1371  1371 V EmulatedCamera_Camera: getCameraInfo
01-17 04:43:40.180  1371  1371 V EmulatedCamera_BaseCamera: getCameraInfo
01-17 04:43:40.180  1371  1371 V EmulatedCamera_Camera: connectCamera
01-17 04:43:40.180  1371  1371 V EmulatedCamera_FakeDevice: connectDevice
01-17 04:43:40.180  1371  1371 V EmulatedCamera_CallbackNotifier: setCallbacks: 0xb3a15000, 0xb3a15050, 0xb3a15170, 0xb3a15290 (0xb3143140)
01-17 04:43:40.180  1371  1371 V EmulatedCamera_Preview: setPreviewWindow: current: 0x0 -> new: 0xb3143150
01-17 04:43:40.180  1371  1371 V EmulatedCamera_Camera: doStopPreview
01-17 04:43:40.180  1371  1371 V EmulatedCamera_Preview: setPreviewWindow: current: 0xb3143150 -> new: 0x0
01-17 04:43:40.180  1371  1371 V EmulatedCamera_Camera: releaseCamera
01-17 04:43:40.180  1371  1371 V EmulatedCamera_Camera: doStopPreview
01-17 04:43:40.180  1371  1371 V EmulatedCamera_FakeDevice: disconnectDevice
01-17 04:43:40.180  1371  1371 I CameraFlashlight: Destroying camera 1
01-17 04:43:40.180  1371  1371 V EmulatedCamera_Camera: closeCamera
01-17 04:43:40.180  1371  1371 V EmulatedCamera_Camera: doStopPreview
01-17 04:43:40.180  1371  1371 V EmulatedCamera_Camera: getCameraInfo
01-17 04:43:40.180  1371  1371 V EmulatedCamera_BaseCamera: getCameraInfo
01-17 04:43:40.180  1371  1371 V EmulatedCamera_Camera: getCameraInfo
01-17 04:43:40.180  1371  1371 V EmulatedCamera_BaseCamera: getCameraInfo
01-17 04:43:40.180  1371  1371 I ServiceManager: Waiting for service media.camera.proxy...
01-17 04:43:40.209  1372  1372 I mediaserver: ServiceManager: 0xac33c060
01-17 04:43:40.209  1372  1372 W BatteryNotifier: batterystats service unavailable!
01-17 04:43:40.302  1369  1369 D AndroidRuntime: >>>>>> START com.android.internal.os.ZygoteInit uid 0 <<<<<<
01-17 04:43:40.304  1369  1369 D AndroidRuntime: CheckJNI is ON
01-17 04:43:40.304  1369  1369 I art     : option[0]=-Xzygote
01-17 04:43:40.304  1369  1369 I art     : option[1]=-Xcheck:jni
01-17 04:43:40.304  1369  1369 I art     : option[2]=-Xstacktracefile:/data/anr/traces.txt
01-17 04:43:40.304  1369  1369 I art     : option[3]=exit
01-17 04:43:40.304  1369  1369 I art     : option[4]=vfprintf
01-17 04:43:40.304  1369  1369 I art     : option[5]=sensitiveThread
01-17 04:43:40.304  1369  1369 I art     : option[6]=-verbose:gc
01-17 04:43:40.304  1369  1369 I art     : option[7]=-Xms4m
01-17 04:43:40.304  1369  1369 I art     : option[8]=-Xmx192m
01-17 04:43:40.304  1369  1369 I art     : option[9]=-Xusejit:true
01-17 04:43:40.304  1369  1369 I art     : option[10]=-Xjitsaveprofilinginfo
01-17 04:43:40.304  1369  1369 I art     : option[11]=-agentlib:jdwp=transport=dt_android_adb,suspend=n,server=y
01-17 04:43:40.304  1369  1369 I art     : option[12]=-Xlockprofthreshold:500
01-17 04:43:40.304  1369  1369 I art     : option[13]=-Ximage-compiler-option
01-17 04:43:40.304  1369  1369 I art     : option[14]=--runtime-arg
01-17 04:43:40.304  1369  1369 I art     : option[15]=-Ximage-compiler-option
01-17 04:43:40.304  1369  1369 I art     : option[16]=-Xms64m
01-17 04:43:40.304  1369  1369 I art     : option[17]=-Ximage-compiler-option
01-17 04:43:40.304  1369  1369 I art     : option[18]=--runtime-arg
01-17 04:43:40.304  1369  1369 I art     : option[19]=-Ximage-compiler-option
01-17 04:43:40.304  1369  1369 I art     : option[20]=-Xmx64m
01-17 04:43:40.304  1369  1369 I art     : option[21]=-Ximage-compiler-option
01-17 04:43:40.304  1369  1369 I art     : option[22]=--compiler-filter=verify-at-runtime
01-17 04:43:40.304  1369  1369 I art     : option[23]=-Ximage-compiler-option
01-17 04:43:40.304  1369  1369 I art     : option[24]=--image-classes=/system/etc/preloaded-classes
01-17 04:43:40.304  1369  1369 I art     : option[25]=-Ximage-compiler-option
01-17 04:43:40.304  1369  1369 I art     : option[26]=--compiled-classes=/system/etc/compiled-classes
01-17 04:43:40.304  1369  1369 I art     : option[27]=-Xcompiler-option
01-17 04:43:40.304  1369  1369 I art     : option[28]=--runtime-arg
01-17 04:43:40.304  1369  1369 I art     : option[29]=-Xcompiler-option
01-17 04:43:40.304  1369  1369 I art     : option[30]=-Xms64m
01-17 04:43:40.304  1369  1369 I art     : option[31]=-Xcompiler-option
01-17 04:43:40.304  1369  1369 I art     : option[32]=--runtime-arg
01-17 04:43:40.304  1369  1369 I art     : option[33]=-Xcompiler-option
01-17 04:43:40.304  1369  1369 I art     : option[34]=-Xmx512m
01-17 04:43:40.304  1369  1369 I art     : option[35]=-Ximage-compiler-option
01-17 04:43:40.304  1369  1369 I art     : option[36]=--instruction-set-variant=x86
01-17 04:43:40.304  1369  1369 I art     : option[37]=-Xcompiler-option
01-17 04:43:40.304  1369  1369 I art     : option[38]=--instruction-set-variant=x86
01-17 04:43:40.304  1369  1369 I art     : option[39]=-Ximage-compiler-option
01-17 04:43:40.304  1369  1369 I art     : option[40]=--instruction-set-features=default
01-17 04:43:40.304  1369  1369 I art     : option[41]=-Xcompiler-option
01-17 04:43:40.304  1369  1369 I art     : option[42]=--instruction-set-features=default
01-17 04:43:40.304  1369  1369 I art     : option[43]=-Duser.locale=en-US
01-17 04:43:40.304  1369  1369 I art     : option[44]=--cpu-abilist=x86
01-17 04:43:40.304  1369  1369 I art     : option[45]=-Xfingerprint:x86emu_x86/x86emu_x86/x86emu:7.1.1/NMF26O/sgye01142037:eng/test-keys
01-17 04:43:40.764  1369  1369 D ICU     : No timezone override file found: /data/misc/zoneinfo/current/icu/icu_tzdata.dat
01-17 04:43:40.774  1369  1369 E memtrack: Couldn't load memtrack module (No such file or directory)
01-17 04:43:40.774  1369  1369 E android.os.Debug: failed to load memtrack module: -2
01-17 04:43:40.774  1369  1369 I Radio-JNI: register_android_hardware_Radio DONE
01-17 04:43:40.776  1369  1369 I SamplingProfilerIntegration: Profiling disabled.
01-17 04:43:40.776  1369  1369 D Zygote  : begin preload
01-17 04:43:40.776  1369  1369 I Zygote  : Installing ICU cache reference pinning...
01-17 04:43:40.776  1369  1369 I Zygote  : Preloading ICU data...
01-17 04:43:40.783  1369  1369 I Zygote  : Preloading classes...
01-17 04:43:40.784  1369  1369 W Zygote  : Class not found for preloading: [Landroid.view.Display$ColorTransform;
01-17 04:43:40.820  1369  1369 E Typeface: Error mapping font file /system/fonts/DroidSansFallback.ttf
01-17 04:43:40.864  1369  1369 I art     : Thread[1,tid=1369,Native,Thread*=0xb268b400,peer=0x12c060d0,"main"] recursive attempt to load library "/system/lib/libmedia_jni.so"
01-17 04:43:40.864  1369  1369 D MtpDeviceJNI: register_android_mtp_MtpDevice
01-17 04:43:40.864  1369  1369 I art     : Thread[1,tid=1369,Native,Thread*=0xb268b400,peer=0x12c060d0,"main"] recursive attempt to load library "/system/lib/libmedia_jni.so"
01-17 04:43:40.864  1369  1369 I art     : Thread[1,tid=1369,Native,Thread*=0xb268b400,peer=0x12c060d0,"main"] recursive attempt to load library "/system/lib/libmedia_jni.so"
01-17 04:43:40.876  1369  1369 W Zygote  : Class not found for preloading: android.view.Display$ColorTransform
01-17 04:43:40.876  1369  1369 W Zygote  : Class not found for preloading: android.view.Display$ColorTransform$1
01-17 04:43:40.902  1369  1369 I System  : Loaded time zone names for "" in 8ms (8ms in ICU)
01-17 04:43:40.911  1369  1369 I System  : Loaded time zone names for "en_US" in 9ms (5ms in ICU)
01-17 04:43:40.922  1369  1369 I Zygote  : ...preloaded 4158 classes in 139ms.
01-17 04:43:40.922  1369  1369 I art     : VMRuntime.preloadDexCaches starting
01-17 04:43:40.945  1369  1369 I art     : VMRuntime.preloadDexCaches strings total=283734 before=39639 after=39639
01-17 04:43:40.945  1369  1369 I art     : VMRuntime.preloadDexCaches types total=23582 before=7877 after=7904
01-17 04:43:40.945  1369  1369 I art     : VMRuntime.preloadDexCaches fields total=112010 before=40900 after=41114
01-17 04:43:40.945  1369  1369 I art     : VMRuntime.preloadDexCaches methods total=197525 before=82451 after=83011
01-17 04:43:40.945  1369  1369 I art     : VMRuntime.preloadDexCaches finished
01-17 04:43:40.945  1369  1369 I Zygote  : Preloading resources...
01-17 04:43:40.951  1369  1369 W Resources: Preloaded drawable resource #0x108025c (android:drawable/dialog_background_material) that varies with configuration!!
01-17 04:43:40.951  1369  1369 W Resources: Preloaded drawable resource #0x1080298 (android:drawable/editbox_dropdown_background_dark) that varies with configuration!!
01-17 04:43:40.952  1369  1369 W Resources: Preloaded color resource #0x10600e2 (android:color/material_grey_800) that varies with configuration!!
01-17 04:43:40.952  1369  1369 W Resources: Preloaded drawable resource #0x10802c9 (android:drawable/floating_popup_background_dark) that varies with configuration!!
01-17 04:43:40.957  1369  1369 W Resources: Preloaded drawable resource #0x108030b (android:drawable/ic_clear_disabled) that varies with configuration!!
01-17 04:43:40.957  1369  1369 W Resources: Preloaded drawable resource #0x1080310 (android:drawable/ic_clear_normal) that varies with configuration!!
01-17 04:43:40.958  1369  1369 W Resources: Preloaded drawable resource #0x1080359 (android:drawable/ic_go) that varies with configuration!!
01-17 04:43:40.959  1369  1369 W Resources: Preloaded drawable resource #0x1080038 (android:drawable/ic_menu_close_clear_cancel) that varies with configuration!!
01-17 04:43:40.960  1369  1369 W Resources: Preloaded drawable resource #0x1080045 (android:drawable/ic_menu_more) that varies with configuration!!
01-17 04:43:40.968  1369  1369 W Resources: Preloaded drawable resource #0x10804e8 (android:drawable/menu_background_fill_parent_width) that varies with configuration!!
01-17 04:43:40.980  1369  1369 W Resources: Preloaded drawable resource #0x108077e (android:drawable/text_edit_paste_window) that varies with configuration!!
01-17 04:43:40.981  1369  1369 W Resources: Preloaded drawable resource #0x1080096 (android:drawable/toast_frame) that varies with configuration!!
01-17 04:43:40.981  1369  1369 I Zygote  : ...preloaded 114 resources in 36ms.
01-17 04:43:40.982  1369  1369 W Resources: Preloaded color resource #0x106010b (android:color/background_cache_hint_selector_material_dark) that varies with configuration!!
01-17 04:43:40.982  1369  1369 W Resources: Preloaded color resource #0x1060110 (android:color/btn_default_material_dark) that varies with configuration!!
01-17 04:43:40.983  1369  1369 I Zygote  : ...preloaded 41 resources in 2ms.
01-17 04:43:40.983  1369  1369 D libEGL  : Emulator has host GPU support, qemu.gles is set to 1.
01-17 04:43:40.983  1369  1369 E libEGL  : load_driver(/system/lib/egl/libGLES_emulation.so): dlopen failed: library "/system/lib/egl/libGLES_emulation.so" not found
01-17 04:43:40.984  1369  1369 D libEGL  : loaded /system/lib/egl/libEGL_emulation.so
01-17 04:43:40.984  1369  1369 D libEGL  : loaded /system/lib/egl/libGLESv1_CM_emulation.so
01-17 04:43:40.989  1369  1369 D libEGL  : loaded /system/lib/egl/libGLESv2_emulation.so
01-17 04:43:40.994  1369  1369 I Zygote  : Preloading shared libraries...
01-17 04:43:40.997  1369  1369 I Zygote  : Uninstalled ICU cache reference pinning...
01-17 04:43:40.997  1369  1369 I Zygote  : Installed AndroidKeyStoreProvider in 0ms.
01-17 04:43:41.004  1369  1369 I Zygote  : Warmed up JCA providers in 7ms.
01-17 04:43:41.004  1369  1369 D Zygote  : end preload
01-17 04:43:41.004  1369  1369 I art     : Starting a blocking GC Explicit
01-17 04:43:41.009  1369  1369 I art     : Explicit concurrent mark sweep GC freed 7506(414KB) AllocSpace objects, 0(0B) LOS objects, 57% free, 2MB/6MB, paused 68us total 4.529ms
01-17 04:43:41.014  1369  1369 I art     : Starting a blocking GC Explicit
01-17 04:43:41.017  1369  1369 I art     : Explicit concurrent mark sweep GC freed 1681(71KB) AllocSpace objects, 1(24KB) LOS objects, 58% free, 2MB/6MB, paused 37us total 3.516ms
01-17 04:43:41.018  1369  1483 I art     : Starting a blocking GC HeapTrim
01-17 04:43:41.024  1369  1369 I art     : Starting a blocking GC Background
01-17 04:43:41.033  1369  1369 E Zygote  : Not whitelisted : /android/dev/null
01-17 04:43:41.033  1369  1369 F art     : art/runtime/jni_internal.cc:492] JNI FatalError called: frameworks/base/core/jni/com_android_internal_os_Zygote.cpp:467: Unable to construct file descriptor table.
01-17 04:43:41.038  1369  1369 F art     : art/runtime/runtime.cc:422] Runtime aborting...
01-17 04:43:41.038  1369  1369 F art     : art/runtime/runtime.cc:422] Aborting thread:
01-17 04:43:41.038  1369  1369 F art     : art/runtime/runtime.cc:422] "main" prio=5 tid=1 Runnable
01-17 04:43:41.038  1369  1369 F art     : art/runtime/runtime.cc:422]   | group="" sCount=0 dsCount=0 obj=0x742424f0 self=0xb268b400
01-17 04:43:41.038  1369  1369 F art     : art/runtime/runtime.cc:422]   | sysTid=1369 nice=0 cgrp=default sched=0/0 handle=0xb6a91534
01-17 04:43:41.038  1369  1369 F art     : art/runtime/runtime.cc:422]   | state=R schedstat=( 0 0 0 ) utm=39 stm=3 core=1 HZ=100
01-17 04:43:41.038  1369  1369 F art     : art/runtime/runtime.cc:422]   | stack=0xbf16b000-0xbf16d000 stackSize=8MB
01-17 04:43:41.038  1369  1369 F art     : art/runtime/runtime.cc:422]   | held mutexes= "abort lock" "mutator lock"(shared held)
01-17 04:43:41.038  1369  1369 F art     : art/runtime/runtime.cc:422]   native: #00 pc 00572f1e  /android/system/lib/libart.so (???)
01-17 04:43:41.038  1369  1369 F art     : art/runtime/runtime.cc:422]   native: #01 pc 0053f30e  /android/system/lib/libart.so (???)
01-17 04:43:41.038  1369  1369 F art     : art/runtime/runtime.cc:422]   native: #02 pc 0053c30b  /android/system/lib/libart.so (???)
01-17 04:43:41.038  1369  1369 F art     : art/runtime/runtime.cc:422]   native: #03 pc 00527f13  /android/system/lib/libart.so (???)
01-17 04:43:41.038  1369  1369 F art     : art/runtime/runtime.cc:422]   native: #04 pc 00527bca  /android/system/lib/libart.so (???)
01-17 04:43:41.038  1369  1369 F art     : art/runtime/runtime.cc:422]   native: #05 pc 0051822b  /android/system/lib/libart.so (???)
01-17 04:43:41.038  1369  1369 F art     : art/runtime/runtime.cc:422]   native: #06 pc 0011a5b3  /android/system/lib/libart.so (???)
01-17 04:43:41.038  1369  1369 F art     : art/runtime/runtime.cc:422]   native: #07 pc 003d8650  /android/system/lib/libart.so (???)
01-17 04:43:41.038  1369  1369 F art     : art/runtime/runtime.cc:422]   native: #08 pc 0012c4c1  /android/system/lib/libart.so (???)
01-17 04:43:41.038  1369  1369 F art     : art/runtime/runtime.cc:422]   native: #09 pc 00147805  /android/system/lib/libandroid_runtime.so (???)
01-17 04:43:41.038  1369  1369 F art     : art/runtime/runtime.cc:422]   native: #10 pc 00149fb0  /android/system/lib/libandroid_runtime.so (???)
01-17 04:43:41.038  1369  1369 F art     : art/runtime/runtime.cc:422]   native: #11 pc 0014a8ea  /android/system/lib/libandroid_runtime.so (???)
01-17 04:43:41.038  1369  1369 F art     : art/runtime/runtime.cc:422]   native: #12 pc 00df8c88  /android/system/framework/x86/boot-framework.oat (Java_com_android_internal_os_Zygote_nativeForkSystemServer__II_3II_3_3IJJ+228)
01-17 04:43:41.038  1369  1369 F art     : art/runtime/runtime.cc:422]   at com.android.internal.os.Zygote.nativeForkSystemServer(Native method)
01-17 04:43:41.038  1369  1369 F art     : art/runtime/runtime.cc:422]   at com.android.internal.os.Zygote.forkSystemServer(Zygote.java:139)
01-17 04:43:41.038  1369  1369 F art     : art/runtime/runtime.cc:422]   at com.android.internal.os.ZygoteInit.startSystemServer(ZygoteInit.java:673)
01-17 04:43:41.038  1369  1369 F art     : art/runtime/runtime.cc:422]   at com.android.internal.os.ZygoteInit.main(ZygoteInit.java:769)
01-17 04:43:41.038  1369  1369 F art     : art/runtime/runtime.cc:422] Dumping all threads without appropriate locks held: thread list lock
01-17 04:43:41.038  1369  1369 F art     : art/runtime/runtime.cc:422] All threads:
01-17 04:43:41.038  1369  1369 F art     : art/runtime/runtime.cc:422] DALVIK THREADS (1):
01-17 04:43:41.038  1369  1369 F art     : art/runtime/runtime.cc:422] "main" prio=5 tid=1 Runnable
01-17 04:43:41.038  1369  1369 F art     : art/runtime/runtime.cc:422]   | group="" sCount=0 dsCount=0 obj=0x742424f0 self=0xb268b400
01-17 04:43:41.038  1369  1369 F art     : art/runtime/runtime.cc:422]   | sysTid=1369 nice=0 cgrp=default sched=0/0 handle=0xb6a91534
01-17 04:43:41.038  1369  1369 F art     : art/runtime/runtime.cc:422]   | state=R schedstat=( 0 0 0 ) utm=39 stm=3 core=1 HZ=100
01-17 04:43:41.038  1369  1369 F art     : art/runtime/runtime.cc:422]   | stack=0xbf16b000-0xbf16d000 stackSize=8MB
01-17 04:43:41.038  1369  1369 F art     : art/runtime/runtime.cc:422]   | held mutexes= "abort lock" "mutator lock"(shared held)
01-17 04:43:41.038  1369  1369 F art     : art/runtime/runtime.cc:422]   native: #00 pc 00572f1e  /android/system/lib/libart.so (???)
01-17 04:43:41.038  1369  1369 F art     : art/runtime/runtime.cc:422]   native: #01 pc 0053f30e  /android/system/lib/libart.so (???)
01-17 04:43:41.038  1369  1369 F art     : art/runtime/runtime.cc:422]   native: #02 pc 0053c30b  /android/system/lib/libart.so (???)
01-17 04:43:41.038  1369  1369 F art     : art/runtime/runtime.cc:422]   native: #03 pc 0055befb  /android/system/lib/libart.so (???)
01-17 04:43:41.038  1369  1369 F art     : art/runtime/runtime.cc:422]   native: #04 pc 005521be  /android/system/lib/libart.so (???)
01-17 04:43:41.038  1369  1369 F art     : art/runtime/runtime.cc:422]   native: #05 pc 00551d32  /android/system/lib/libart.so (???)
01-17 04:43:41.038  1369  1369 F art     : art/runtime/runtime.cc:422]   native: #06 pc 00528168  /android/system/lib/libart.so (???)
01-17 04:43:41.038  1369  1369 F art     : art/runtime/runtime.cc:422]   native: #07 pc 00527eb6  /android/system/lib/libart.so (???)
01-17 04:43:41.038  1369  1369 F art     : art/runtime/runtime.cc:422]   native: #08 pc 0051822b  /android/system/lib/libart.so (???)
01-17 04:43:41.038  1369  1369 F art     : art/runtime/runtime.cc:422]   native: #09 pc 0011a5b3  /android/system/lib/libart.so (???)
01-17 04:43:41.038  1369  1369 F art     : art/runtime/runtime.cc:422]   native: #10 pc 003d8650  /android/system/lib/libart.so (???)
01-17 04:43:41.038  1369  1369 F art     : art/runtime/runtime.cc:422]   native: #11 pc 0012c4c1  /android/system/lib/libart.so (???)
01-17 04:43:41.038  1369  1369 F art     : art/runtime/runtime.cc:422]   native: #12 pc 00147805  /android/system/lib/libandroid_runtime.so (???)
01-17 04:43:41.038  1369  1369 F art     : art/runtime/runtime.cc:422]   native: #13 pc 00149fb0  /android/system/lib/libandroid_runtime.so (???)
01-17 04:43:41.038  1369  1369 F art     : art/runtime/runtime.cc:422]   native: #14 pc 0014a8ea  /android/system/lib/libandroid_runtime.so (???)
01-17 04:43:41.038  1369  1369 F art     : art/runtime/runtime.cc:422]   native: #15 pc 00df8c88  /android/system/framework/x86/boot-framework.oat (Java_com_android_internal_os_Zygote_nativeForkSystemServer__II_3II_3_3IJJ+228)
01-17 04:43:41.038  1369  1369 F art     : art/runtime/runtime.cc:422]   at com.android.internal.os.Zygote.nativeForkSystemServer(Native method)
01-17 04:43:41.038  1369  1369 F art     : art/runtime/runtime.cc:422]   at com.android.internal.os.Zygote.forkSystemServer(Zygote.java:139)
01-17 04:43:41.038  1369  1369 F art     : art/runtime/runtime.cc:422]   at com.android.internal.os.ZygoteInit.startSystemServer(ZygoteInit.java:673)
01-17 04:43:41.038  1369  1369 F art     : art/runtime/runtime.cc:422]   at com.android.internal.os.ZygoteInit.main(ZygoteInit.java:769)
01-17 04:43:41.038  1369  1369 F art     : art/runtime/runtime.cc:422] 
01-17 04:43:41.038  1369  1369 F art     : art/runtime/runtime.cc:422] 
01-17 04:43:41.038  1369  1369 F libc    : Fatal signal 6 (SIGABRT), code -6 in tid 1369 (main)
01-17 04:43:41.038   981   981 W         : debuggerd: handling request: pid=1369 uid=0 gid=0 tid=1369
01-17 04:43:41.041  1509  1509 E         : debuggerd: Unable to connect to activity manager (connect failed: Connection refused)
01-17 04:43:41.041  1509  1509 F DEBUG   : *** *** *** *** *** *** *** *** *** *** *** *** *** *** *** ***
01-17 04:43:41.041  1509  1509 F DEBUG   : Build fingerprint: 'x86emu_x86/x86emu_x86/x86emu:7.1.1/NMF26O/sgye01142037:eng/test-keys'
01-17 04:43:41.041  1509  1509 F DEBUG   : Revision: '0'
01-17 04:43:41.041  1509  1509 F DEBUG   : ABI: 'x86'
01-17 04:43:41.041  1509  1509 F DEBUG   : pid: 1369, tid: 1369, name: main  >>> zygote <<<
01-17 04:43:41.041  1509  1509 F DEBUG   : signal 6 (SIGABRT), code -6 (SI_TKILL), fault addr --------
01-17 04:43:41.042  1509  1509 F DEBUG   : Abort message: 'art/runtime/jni_internal.cc:492] JNI FatalError called: frameworks/base/core/jni/com_android_internal_os_Zygote.cpp:467: Unable to construct file descriptor table.'
01-17 04:43:41.042  1509  1509 F DEBUG   :     eax 00000000  ebx 00000559  ecx 00000559  edx 00000006
01-17 04:43:41.042  1509  1509 F DEBUG   :     esi b6a9158c  edi b6a91534
01-17 04:43:41.042  1509  1509 F DEBUG   :     xcs 00000073  xds 0000007b  xes 0000007b  xfs 0000003b  xss 0000007b
01-17 04:43:41.042  1509  1509 F DEBUG   :     eip b69bd424  ebp bf9664a8  esp bf96644c  flags 00000296
01-17 04:43:41.181  1371  1371 I ServiceManager: Waiting for service media.camera.proxy...
01-17 04:43:41.237  1509  1509 F DEBUG   : 
01-17 04:43:41.237  1509  1509 F DEBUG   : backtrace:
01-17 04:43:41.237  1509  1509 F DEBUG   :     #00 pc ffffe424  [vdso:b69bd000] (__kernel_vsyscall+16)
01-17 04:43:41.237  1509  1509 F DEBUG   :     #01 pc 0007a0dc  /system/lib/libc.so (tgkill+28)
01-17 04:43:41.237  1509  1509 F DEBUG   :     #02 pc 00075925  /system/lib/libc.so (pthread_kill+85)
01-17 04:43:41.237  1509  1509 F DEBUG   :     #03 pc 0002785a  /system/lib/libc.so (raise+42)
01-17 04:43:41.237  1509  1509 F DEBUG   :     #04 pc 0001ee36  /system/lib/libc.so (abort+86)
01-17 04:43:41.237  1509  1509 F DEBUG   :     #05 pc 005183c5  /system/lib/libart.so (_ZN3art7Runtime5AbortEPKc+565)
01-17 04:43:41.237  1509  1509 F DEBUG   :     #06 pc 0011a5b3  /system/lib/libart.so (_ZN3art10LogMessageD1Ev+1747)
01-17 04:43:41.237  1509  1509 F DEBUG   :     #07 pc 003d8650  /system/lib/libart.so (_ZN3art3JNI10FatalErrorEP7_JNIEnvPKc+176)
01-17 04:43:41.237  1509  1509 F DEBUG   :     #08 pc 0012c4c1  /system/lib/libart.so (_ZN3art8CheckJNI10FatalErrorEP7_JNIEnvPKc+993)
01-17 04:43:41.237  1509  1509 F DEBUG   :     #09 pc 00147805  /system/lib/libandroid_runtime.so
01-17 04:43:41.237  1509  1509 F DEBUG   :     #10 pc 00149fb0  /system/lib/libandroid_runtime.so
01-17 04:43:41.237  1509  1509 F DEBUG   :     #11 pc 0014a8ea  /system/lib/libandroid_runtime.so
01-17 04:43:41.237  1509  1509 F DEBUG   :     #12 pc 0237cc88  /system/framework/x86/boot-framework.oat (offset 0x1584000) (com.android.internal.os.Zygote.nativeForkSystemServer+228)
01-17 04:43:41.237  1509  1509 F DEBUG   :     #13 pc 0237c95c  /system/framework/x86/boot-framework.oat (offset 0x1584000) (com.android.internal.os.Zygote.forkSystemServer+152)
01-17 04:43:41.237  1509  1509 F DEBUG   :     #14 pc 023845de  /system/framework/x86/boot-framework.oat (offset 0x1584000) (com.android.internal.os.ZygoteInit.startSystemServer+938)
01-17 04:43:41.237  1509  1509 F DEBUG   :     #15 pc 023815d4  /system/framework/x86/boot-framework.oat (offset 0x1584000) (com.android.internal.os.ZygoteInit.main+1120)
01-17 04:43:41.237  1509  1509 F DEBUG   :     #16 pc 00109432  /system/lib/libart.so (art_quick_invoke_static_stub+418)
01-17 04:43:41.237  1509  1509 F DEBUG   :     #17 pc 00112de9  /system/lib/libart.so (_ZN3art9ArtMethod6InvokeEPNS_6ThreadEPjjPNS_6JValueEPKc+313)
01-17 04:43:41.237  1509  1509 F DEBUG   :     #18 pc 005105d5  /system/lib/libart.so (_ZN3artL18InvokeWithArgArrayERKNS_33ScopedObjectAccessAlreadyRunnableEPNS_9ArtMethodEPNS_8ArgArrayEPNS_6JValueEPKc+101)
01-17 04:43:41.237  1509  1509 F DEBUG   :     #19 pc 00510299  /system/lib/libart.so (_ZN3art17InvokeWithVarArgsERKNS_33ScopedObjectAccessAlreadyRunnableEP8_jobjectP10_jmethodIDPc+393)
01-17 04:43:41.237  1509  1509 F DEBUG   :     #20 pc 003f807e  /system/lib/libart.so (_ZN3art3JNI21CallStaticVoidMethodVEP7_JNIEnvP7_jclassP10_jmethodIDPc+958)
01-17 04:43:41.237  1509  1509 F DEBUG   :     #21 pc 001417d1  /system/lib/libart.so (_ZN3art8CheckJNI11CallMethodVEPKcP7_JNIEnvP8_jobjectP7_jclassP10_jmethodIDPcNS_9Primitive4TypeENS_10InvokeTypeE+4513)
01-17 04:43:41.237  1509  1509 F DEBUG   :     #22 pc 00132f8c  /system/lib/libart.so (_ZN3art8CheckJNI21CallStaticVoidMethodVEP7_JNIEnvP7_jclassP10_jmethodIDPc+108)
01-17 04:43:41.237  1509  1509 F DEBUG   :     #23 pc 000701e1  /system/lib/libandroid_runtime.so (_ZN7_JNIEnv20CallStaticVoidMethodEP7_jclassP10_jmethodIDz+41)
01-17 04:43:41.237  1509  1509 F DEBUG   :     #24 pc 00073a9e  /system/lib/libandroid_runtime.so (_ZN7android14AndroidRuntime5startEPKcRKNS_6VectorINS_7String8EEEb+782)
01-17 04:43:41.237  1509  1509 F DEBUG   :     #25 pc 00001b55  /system/bin/app_process32
01-17 04:43:41.237  1509  1509 F DEBUG   :     #26 pc 0001532c  /system/lib/libc.so (__libc_init+108)
01-17 04:43:41.237  1509  1509 F DEBUG   :     #27 pc 0000144c  /system/bin/app_process32
01-17 04:43:41.237  1509  1509 F DEBUG   :     #28 pc 00000004  <unknown>
01-17 04:43:41.258   981   981 W         : debuggerd: resuming target 1369
01-17 04:43:41.285   995   995 I ServiceManager: service 'media.audio_flinger' died
01-17 04:43:41.285   995   995 I ServiceManager: service 'media.audio_policy' died
01-17 04:43:41.285   995   995 I ServiceManager: service 'media.radio' died
01-17 04:43:41.285   995   995 I ServiceManager: service 'media.sound_trigger_hw' died
01-17 04:43:41.286   995   995 I ServiceManager: service 'media.player' died
01-17 04:43:41.286   995   995 I ServiceManager: service 'media.resource_manager' died
01-17 04:43:45.327  1543  1543 I Netd    : Netd 1.0 starting
01-17 04:43:45.327  1543  1543 D TetherController: Setting IP forward enable = 0
01-17 04:43:45.431  1541  1541 I cameraserver: ServiceManager: 0xb531afe0
01-17 04:43:45.431  1541  1541 I CameraService: CameraService started (pid=1541)
01-17 04:43:45.431  1541  1541 I CameraService: CameraService process starting
01-17 04:43:45.431  1541  1541 W BatteryNotifier: batterystats service unavailable!
01-17 04:43:45.440  1541  1541 W BatteryNotifier: batterystats service unavailable!
01-17 04:43:45.440  1541  1541 D EmulatedCamera_QemuClient: Emulated camera list: 
01-17 04:43:45.440  1541  1541 D EmulatedCamera_FakeCamera: Initialize: Fake camera is facing back
01-17 04:43:45.440  1541  1541 V EmulatedCamera_Device: initializeWhiteBalanceModes with auto, 1.000000, 1.000000
01-17 04:43:45.440  1541  1541 V EmulatedCamera_Device: initializeWhiteBalanceModes with incandescent, 1.380000, 0.600000
01-17 04:43:45.440  1541  1541 V EmulatedCamera_Device: initializeWhiteBalanceModes with daylight, 1.090000, 0.920000
01-17 04:43:45.440  1541  1541 V EmulatedCamera_Device: initializeWhiteBalanceModes with twilight, 0.920000, 1.220000
01-17 04:43:45.440  1541  1541 V EmulatedCamera_Device: setWhiteBalanceMode with white balance auto
01-17 04:43:45.440  1541  1541 D EmulatedCamera_FakeCamera: Initialize: Fake camera is facing front
01-17 04:43:45.440  1541  1541 V EmulatedCamera_Device: initializeWhiteBalanceModes with auto, 1.000000, 1.000000
01-17 04:43:45.440  1541  1541 V EmulatedCamera_Device: initializeWhiteBalanceModes with incandescent, 1.380000, 0.600000
01-17 04:43:45.440  1541  1541 V EmulatedCamera_Device: initializeWhiteBalanceModes with daylight, 1.090000, 0.920000
01-17 04:43:45.440  1541  1541 V EmulatedCamera_Device: initializeWhiteBalanceModes with twilight, 0.920000, 1.220000
01-17 04:43:45.440  1541  1541 V EmulatedCamera_Device: setWhiteBalanceMode with white balance auto
01-17 04:43:45.440  1541  1541 E EmulatedCamera_HotplugThread: createFileIfNotExists: Could not create file '/data/misc/media/emulator.camera.hotplug.0', error: 'Permission denied' (13)
01-17 04:43:45.440  1541  1541 E EmulatedCamera_HotplugThread: createFileIfNotExists: Could not create file '/data/misc/media/emulator.camera.hotplug.1', error: 'Permission denied' (13)
01-17 04:43:45.440  1541  1541 E cutils-trace: Error opening trace file: Permission denied (13)
