01-18 02:42:10.923  2297  2297 I art     : option[45]=-Xfingerprint:x86emu_x86/x86emu_x86/x86emu:7.1.1/NMF26O/sgye01180859:eng/test-keys
01-18 02:42:11.009  2297  2297 D ICU     : No timezone override file found: /data/misc/zoneinfo/current/icu/icu_tzdata.dat
01-18 02:42:11.019  2297  2297 E memtrack: Couldn't load memtrack module (No such file or directory)
01-18 02:42:11.019  2297  2297 E android.os.Debug: failed to load memtrack module: -2
01-18 02:42:11.019  2297  2297 I Radio-JNI: register_android_hardware_Radio DONE
01-18 02:42:11.021  2297  2297 I SamplingProfilerIntegration: Profiling disabled.
01-18 02:42:11.021  2297  2297 D Zygote  : begin preload
01-18 02:42:11.021  2297  2297 I Zygote  : Installing ICU cache reference pinning...
01-18 02:42:11.021  2297  2297 I Zygote  : Preloading ICU data...
01-18 02:42:11.025  2297  2297 I Zygote  : Preloading classes...
01-18 02:42:11.027  2297  2297 W Zygote  : Class not found for preloading: [Landroid.view.Display$ColorTransform;
01-18 02:42:11.062  2297  2297 E Typeface: Error mapping font file /system/fonts/DroidSansFallback.ttf
01-18 02:42:11.118  2297  2297 I art     : Thread[1,tid=2297,Native,Thread*=0xb1b8b400,peer=0x12c060d0,"main"] recursive attempt to load library "/system/lib/libmedia_jni.so"
01-18 02:42:11.118  2297  2297 D MtpDeviceJNI: register_android_mtp_MtpDevice
01-18 02:42:11.118  2297  2297 I art     : Thread[1,tid=2297,Native,Thread*=0xb1b8b400,peer=0x12c060d0,"main"] recursive attempt to load library "/system/lib/libmedia_jni.so"
01-18 02:42:11.118  2297  2297 I art     : Thread[1,tid=2297,Native,Thread*=0xb1b8b400,peer=0x12c060d0,"main"] recursive attempt to load library "/system/lib/libmedia_jni.so"
01-18 02:42:11.134  2297  2297 W Zygote  : Class not found for preloading: android.view.Display$ColorTransform
01-18 02:42:11.134  2297  2297 W Zygote  : Class not found for preloading: android.view.Display$ColorTransform$1
01-18 02:42:11.173  2297  2297 I System  : Loaded time zone names for "" in 13ms (13ms in ICU)
01-18 02:42:11.181  2297  2297 I System  : Loaded time zone names for "en_US" in 8ms (7ms in ICU)
01-18 02:42:11.199  2297  2297 I Zygote  : ...preloaded 4158 classes in 174ms.
01-18 02:42:11.199  2297  2297 I art     : VMRuntime.preloadDexCaches starting
01-18 02:42:11.230  2297  2297 I art     : VMRuntime.preloadDexCaches strings total=283709 before=39625 after=39625
01-18 02:42:11.230  2297  2297 I art     : VMRuntime.preloadDexCaches types total=23582 before=7877 after=7904
01-18 02:42:11.230  2297  2297 I art     : VMRuntime.preloadDexCaches fields total=111999 before=40899 after=41113
01-18 02:42:11.230  2297  2297 I art     : VMRuntime.preloadDexCaches methods total=197525 before=82451 after=83011
01-18 02:42:11.230  2297  2297 I art     : VMRuntime.preloadDexCaches finished
01-18 02:42:11.230  2297  2297 I Zygote  : Preloading resources...
01-18 02:42:11.237  2297  2297 W Resources: Preloaded drawable resource #0x108025c (android:drawable/dialog_background_material) that varies with configuration!!
01-18 02:42:11.237  2297  2297 W Resources: Preloaded drawable resource #0x1080298 (android:drawable/editbox_dropdown_background_dark) that varies with configuration!!
01-18 02:42:11.239  2297  2297 W Resources: Preloaded color resource #0x10600e2 (android:color/material_grey_800) that varies with configuration!!
01-18 02:42:11.239  2297  2297 W Resources: Preloaded drawable resource #0x10802c9 (android:drawable/floating_popup_background_dark) that varies with configuration!!
01-18 02:42:11.242  2297  2297 W Resources: Preloaded drawable resource #0x108030b (android:drawable/ic_clear_disabled) that varies with configuration!!
01-18 02:42:11.242  2297  2297 W Resources: Preloaded drawable resource #0x1080310 (android:drawable/ic_clear_normal) that varies with configuration!!
01-18 02:42:11.243  2297  2297 W Resources: Preloaded drawable resource #0x1080359 (android:drawable/ic_go) that varies with configuration!!
01-18 02:42:11.245  2297  2297 W Resources: Preloaded drawable resource #0x1080038 (android:drawable/ic_menu_close_clear_cancel) that varies with configuration!!
01-18 02:42:11.246  2297  2297 W Resources: Preloaded drawable resource #0x1080045 (android:drawable/ic_menu_more) that varies with configuration!!
01-18 02:42:11.249  2297  2297 W Resources: Preloaded drawable resource #0x10804e8 (android:drawable/menu_background_fill_parent_width) that varies with configuration!!
01-18 02:42:11.267  2297  2297 W Resources: Preloaded drawable resource #0x108077e (android:drawable/text_edit_paste_window) that varies with configuration!!
01-18 02:42:11.276  2297  2297 W Resources: Preloaded drawable resource #0x1080096 (android:drawable/toast_frame) that varies with configuration!!
01-18 02:42:11.276  2297  2297 I Zygote  : ...preloaded 114 resources in 46ms.
01-18 02:42:11.278  2297  2297 W Resources: Preloaded color resource #0x106010b (android:color/background_cache_hint_selector_material_dark) that varies with configuration!!
01-18 02:42:11.278  2297  2297 W Resources: Preloaded color resource #0x1060110 (android:color/btn_default_material_dark) that varies with configuration!!
01-18 02:42:11.278  2297  2297 I Zygote  : ...preloaded 41 resources in 2ms.
01-18 02:42:11.278  2297  2297 D libEGL  : Emulator has host GPU support, qemu.gles is set to 1.
01-18 02:42:11.279  2297  2297 D libEGL  : loaded /system/lib/egl/libGLES_android.so
01-18 02:42:11.303  2297  2297 I Zygote  : Preloading shared libraries...
01-18 02:42:11.308  2297  2297 I Zygote  : Uninstalled ICU cache reference pinning...
01-18 02:42:11.308  2297  2297 I Zygote  : Installed AndroidKeyStoreProvider in 0ms.
01-18 02:42:11.319  2297  2297 I Zygote  : Warmed up JCA providers in 11ms.
01-18 02:42:11.319  2297  2297 D Zygote  : end preload
01-18 02:42:11.319  2297  2297 I art     : Starting a blocking GC Explicit
01-18 02:42:11.324  2297  2297 I art     : Explicit concurrent mark sweep GC freed 6761(380KB) AllocSpace objects, 0(0B) LOS objects, 62% free, 2MB/6MB, paused 55us total 4.629ms
01-18 02:42:11.327  2297  2297 I art     : Starting a blocking GC Explicit
01-18 02:42:11.331  2297  2297 I art     : Explicit concurrent mark sweep GC freed 796(33KB) AllocSpace objects, 0(0B) LOS objects, 63% free, 2MB/6MB, paused 47us total 3.876ms
01-18 02:42:11.331  2297  2342 I art     : Starting a blocking GC HeapTrim
01-18 02:42:11.337  2297  2297 I art     : Starting a blocking GC Background
01-18 02:42:11.350  2297  2297 I Zygote  : System server process 2373 has been created
01-18 02:42:11.350  2297  2297 I Zygote  : Accepting command socket connections
01-18 02:42:11.352  2373  2373 I InstallerConnection: connecting...
01-18 02:42:11.353  2373  2373 I InstallerConnection: disconnecting...
01-18 02:42:11.353  2373  2373 E InstallerConnection: connection failed
01-18 02:42:11.353  2373  2373 W InstallerConnection: installd not ready
01-18 02:42:11.771  2299  2299 I ServiceManager: Waiting for service media.camera.proxy...
01-18 02:42:11.882  2301  2301 I iptables: iptables v1.4.20: can't initialize iptables table `nat': Table does not exist (do you need to insmod?)
01-18 02:42:11.882  2301  2301 I iptables: Perhaps iptables or your kernel needs to be upgraded.
01-18 02:42:11.882  2301  2301 I iptables: iptables terminated by exit(3)
01-18 02:42:11.882  2301  2301 E Netd    : exec() res=0, status=768 for /system/bin/iptables -w -t nat -N oem_nat_pre 
01-18 02:42:11.884  2301  2301 I iptables: iptables v1.4.20: can't initialize iptables table `nat': Table does not exist (do you need to insmod?)
01-18 02:42:11.884  2301  2301 I iptables: Perhaps iptables or your kernel needs to be upgraded.
01-18 02:42:11.890  2301  2301 I iptables: iptables terminated by exit(3)
01-18 02:42:11.890  2301  2301 E Netd    : exec() res=0, status=768 for /system/bin/iptables -w -t nat -A PREROUTING -j oem_nat_pre 
01-18 02:42:11.903  2301  2301 I iptables: iptables v1.4.20: can't initialize iptables table `nat': Table does not exist (do you need to insmod?)
01-18 02:42:11.904  2301  2301 I iptables: Perhaps iptables or your kernel needs to be upgraded.
01-18 02:42:11.910  2301  2301 I iptables: iptables terminated by exit(3)
01-18 02:42:11.910  2301  2301 E Netd    : exec() res=0, status=768 for /system/bin/iptables -w -t nat -N natctrl_nat_POSTROUTING 
01-18 02:42:11.912  2301  2301 I iptables: iptables v1.4.20: can't initialize iptables table `nat': Table does not exist (do you need to insmod?)
01-18 02:42:11.912  2301  2301 I iptables: Perhaps iptables or your kernel needs to be upgraded.
01-18 02:42:11.912  2301  2301 I iptables: iptables terminated by exit(3)
01-18 02:42:11.912  2301  2301 E Netd    : exec() res=0, status=768 for /system/bin/iptables -w -t nat -A POSTROUTING -j natctrl_nat_POSTROUTING 
01-18 02:42:11.966  2301  2301 V NatController: runCmd(/system/bin/iptables -w -F natctrl_FORWARD) res=0
01-18 02:42:11.970  2301  2301 V NatController: runCmd(/system/bin/ip6tables -w -F natctrl_FORWARD) res=0
01-18 02:42:11.980  2301  2301 V NatController: runCmd(/system/bin/iptables -w -A natctrl_FORWARD -j DROP) res=0
01-18 02:42:11.982  2301  2301 V NatController: runCmd(/system/bin/iptables -w -t nat -F natctrl_nat_POSTROUTING) res=3
01-18 02:42:12.020  2301  2301 E Netd    : cannot find interface dummy0
01-18 02:42:12.020  2301  2301 D MDnsDS  : MDnsSdListener::Hander starting up
01-18 02:42:12.021  2301  2527 D MDnsDS  : MDnsSdListener starting to monitor
01-18 02:42:12.021  2301  2527 D MDnsDS  : Going to poll with pollCount 1
01-18 02:42:12.353  2373  2373 I InstallerConnection: connecting...
01-18 02:42:12.353  2373  2373 I InstallerConnection: disconnecting...
01-18 02:42:12.353  2373  2373 E InstallerConnection: connection failed
01-18 02:42:12.353  2373  2373 W InstallerConnection: installd not ready
01-18 02:42:12.772  2299  2299 I ServiceManager: Waiting for service media.camera.proxy...
01-18 02:42:13.353  2373  2373 I InstallerConnection: connecting...
01-18 02:42:13.354  2373  2373 I InstallerConnection: disconnecting...
01-18 02:42:13.354  2373  2373 E InstallerConnection: connection failed
01-18 02:42:13.354  2373  2373 W InstallerConnection: installd not ready
01-18 02:42:13.772  2299  2299 I ServiceManager: Waiting for service media.camera.proxy...
01-18 02:42:13.773  2298  2307 W BatteryNotifier: batterystats service unavailable!
01-18 02:42:14.300  2533  2533 I SurfaceFlinger: SurfaceFlinger is starting
01-18 02:42:14.300  2533  2533 I SurfaceFlinger: SurfaceFlinger's main thread ready to run. Initializing graphics H/W...
01-18 02:42:14.300  2533  2533 D libEGL  : Emulator has host GPU support, qemu.gles is set to 1.
01-18 02:42:14.300  2533  2533 D libEGL  : loaded /system/lib/egl/libGLES_android.so
01-18 02:42:14.314  2533  2533 D         : HostConnection::get() New Host Connection established 0xb159b240, tid 2533
01-18 02:42:14.315  2533  2533 W         : Process pipe failed
01-18 02:42:14.315  2533  2533 E SurfaceFlinger: hwcomposer module not found
01-18 02:42:14.315  2533  2533 W SurfaceFlinger: no suitable EGLConfig found, trying a simpler query
01-18 02:42:14.315  2533  2533 W SurfaceFlinger: EGL_SLOW_CONFIG selected!
01-18 02:42:14.315  2533  2533 I SurfaceFlinger: EGL information:
01-18 02:42:14.315  2533  2533 I SurfaceFlinger: vendor    : Android
01-18 02:42:14.315  2533  2533 I SurfaceFlinger: version   : 1.4 Android META-EGL
01-18 02:42:14.315  2533  2533 I SurfaceFlinger: extensions: EGL_KHR_get_all_proc_addresses EGL_ANDROID_presentation_time EGL_KHR_swap_buffers_with_damage EGL_ANDROID_create_native_client_buffer EGL_ANDROID_front_buffer_auto_refresh EGL_KHR_image_base EGL_KHR_fence_sync EGL_ANDROID_image_native_buffer 
01-18 02:42:14.315  2533  2533 I SurfaceFlinger: Client API: OpenGL_ES
01-18 02:42:14.315  2533  2533 I SurfaceFlinger: EGLSurface: 8-8-8-8, config=0x4
01-18 02:42:14.315  2533  2533 F libc    : Fatal signal 11 (SIGSEGV), code 1, fault addr 0x0 in tid 2533 (surfaceflinger)
01-18 02:42:14.315   972   972 W         : debuggerd: handling request: pid=2533 uid=1000 gid=1003 tid=2533
01-18 02:42:14.316  2542  2542 E         : debuggerd: Unable to connect to activity manager (connect failed: Connection refused)
01-18 02:42:14.354  2373  2373 I InstallerConnection: connecting...
01-18 02:42:14.354  2373  2373 I InstallerConnection: disconnecting...
01-18 02:42:14.354  2373  2373 E InstallerConnection: connection failed
01-18 02:42:14.354  2373  2373 W InstallerConnection: installd not ready
01-18 02:42:14.367  2542  2542 F DEBUG   : *** *** *** *** *** *** *** *** *** *** *** *** *** *** *** ***
01-18 02:42:14.367  2542  2542 F DEBUG   : Build fingerprint: 'x86emu_x86/x86emu_x86/x86emu:7.1.1/NMF26O/sgye01180859:eng/test-keys'
01-18 02:42:14.367  2542  2542 F DEBUG   : Revision: '0'
01-18 02:42:14.367  2542  2542 F DEBUG   : ABI: 'x86'
01-18 02:42:14.367  2542  2542 F DEBUG   : pid: 2533, tid: 2533, name: surfaceflinger  >>> /system/bin/surfaceflinger <<<
01-18 02:42:14.367  2542  2542 F DEBUG   : signal 11 (SIGSEGV), code 1 (SEGV_MAPERR), fault addr 0x0
01-18 02:42:14.367  2542  2542 F DEBUG   :     eax 00000000  ebx b10ffea8  ecx b15db020  edx b15a8400
01-18 02:42:14.367  2542  2542 F DEBUG   :     esi b159c7e0  edi b15a8480
01-18 02:42:14.367  2542  2542 F DEBUG   :     xcs 00000073  xds 0000007b  xes 0000007b  xfs 00000000  xss 0000007b
01-18 02:42:14.367  2542  2542 F DEBUG   :     eip b10f0895  ebp bf863508  esp bf8634c0  flags 00010286
01-18 02:42:14.367  2542  2542 F DEBUG   : 
01-18 02:42:14.367  2542  2542 F DEBUG   : backtrace:
01-18 02:42:14.367  2542  2542 F DEBUG   :     #00 pc 00014895  /system/lib/egl/libGLES_android.so (eglMakeCurrent+405)
01-18 02:42:14.367  2542  2542 F DEBUG   :     #01 pc 0000c6a0  /system/lib/libEGL.so (_ZN7android13egl_display_t11makeCurrentEPNS_13egl_context_tES2_PvS3_S3_S3_S3_S3_+240)
01-18 02:42:14.367  2542  2542 F DEBUG   :     #02 pc 00010a01  /system/lib/libEGL.so (eglMakeCurrent+561)
01-18 02:42:14.367  2542  2542 F DEBUG   :     #03 pc 00037561  /system/lib/libsurfaceflinger.so
01-18 02:42:14.367  2542  2542 F DEBUG   :     #04 pc 0003e329  /system/lib/libsurfaceflinger.so (_ZN7android14SurfaceFlinger4initEv+1097)
01-18 02:42:14.367  2542  2542 F DEBUG   :     #05 pc 00000e87  /system/bin/surfaceflinger
01-18 02:42:14.368  2542  2542 F DEBUG   :     #06 pc 0001532c  /system/lib/libc.so (__libc_init+108)
01-18 02:42:14.368  2542  2542 F DEBUG   :     #07 pc 00000ccc  /system/bin/surfaceflinger
01-18 02:42:14.382   972   972 W         : debuggerd: resuming target 2533
01-18 02:42:14.421   986   986 I ServiceManager: service 'netd' died
01-18 02:42:14.421   986   986 I ServiceManager: service 'media.audio_flinger' died
01-18 02:42:14.421   986   986 I ServiceManager: service 'media.audio_policy' died
01-18 02:42:14.421   986   986 I ServiceManager: service 'media.radio' died
01-18 02:42:14.421   986   986 I ServiceManager: service 'media.sound_trigger_hw' died
01-18 02:42:14.421   986   986 I ServiceManager: service 'media.player' died
01-18 02:42:14.421   986   986 I ServiceManager: service 'media.resource_manager' died
01-18 02:42:15.475  2554  2554 I Netd    : Netd 1.0 starting
01-18 02:42:15.475  2554  2554 D TetherController: Setting IP forward enable = 0
01-18 02:42:15.560  2552  2552 I cameraserver: ServiceManager: 0xb291afe0
01-18 02:42:15.560  2552  2552 I CameraService: CameraService started (pid=2552)
01-18 02:42:15.560  2552  2552 I CameraService: CameraService process starting
01-18 02:42:15.560  2552  2552 W BatteryNotifier: batterystats service unavailable!
01-18 02:42:15.560  2552  2552 W BatteryNotifier: batterystats service unavailable!
01-18 02:42:15.570  2552  2552 D EmulatedCamera_QemuClient: Emulated camera list: 
01-18 02:42:15.570  2552  2552 E cutils-trace: Error opening trace file: Permission denied (13)
01-18 02:42:15.570  2552  2552 I CameraService: Loaded "Emulated Camera Module" camera module
01-18 02:42:15.570  2552  2552 E CameraService: setUpVendorTags: Vendor tag operations not fully defined. Ignoring definitions.
01-18 02:42:15.571  2552  2552 I ServiceManager: Waiting for service media.camera.proxy...
01-18 02:42:15.626  2551  2551 I         : sMaxFastTracks = 8
01-18 02:42:15.630  2551  2551 I audioserver: ServiceManager: 0xb529afe0
01-18 02:42:15.630  2551  2551 W BatteryNotifier: batterystats service unavailable!
01-18 02:42:15.630  2551  2551 I AudioFlinger: Using default 3000 mSec as standby time.
01-18 02:42:15.631  2551  2551 I AudioPolicyService: AudioPolicyService CSTOR in new mode
01-18 02:42:15.631  2551  2551 I APM::ConfigParsingUtils: loadAudioPolicyConfig() loaded /system/etc/audio_policy.conf
01-18 02:42:15.631  2551  2551 I AudioFlinger: loadHwModule() Loaded primary audio interface from Generic audio HW HAL (audio) handle 10
01-18 02:42:15.631  2551  2551 I AudioFlinger: openOutput(), module 10 Device 2, SamplingRate 44100, Format 0x000001, Channels 3, flags 2
01-18 02:42:15.631  2551  2551 I AudioFlinger: HAL output buffer size 1024 frames, normal sink buffer size 1024 frames
01-18 02:42:15.632  2551  2551 I BufferProvider: found effect "Multichannel Downmix To Stereo" from The Android Open Source Project
01-18 02:42:15.632  2551  2551 I AudioFlinger: Using module 10 has the primary audio interface
01-18 02:42:15.632  2551  2570 I AudioFlinger: AudioFlinger's thread 0xb4e03b80 ready to run
01-18 02:42:15.632  2551  2570 W BatteryNotifier: batterystats service unavailable!
01-18 02:42:15.632  2551  2570 W BatteryNotifier: batterystats service unavailable!
01-18 02:42:15.632  2551  2551 E audio_hw_generic: Error opening input stream format 1, channel_mask 0010, sample_rate 16000
01-18 02:42:15.633  2551  2570 W BatteryNotifier: batterystats service unavailable!
01-18 02:42:15.633  2551  2570 W AudioFlinger: no wake lock to update, system not ready yet
01-18 02:42:15.633  2551  2570 E cutils-trace: Error opening trace file: Permission denied (13)
01-18 02:42:15.644  2553  2553 I mediaserver: ServiceManager: 0xafa3c060
01-18 02:42:15.645  2553  2553 W BatteryNotifier: batterystats service unavailable!
01-18 02:42:15.650  2551  2571 I AudioFlinger: AudioFlinger's thread 0xb4c03680 ready to run
01-18 02:42:15.650  2551  2551 E AudioFlinger: int android::load_audio_interface(const char *, audio_hw_device_t **) couldn't load audio hw module audio.r_submix (No such file or directory)
01-18 02:42:15.650  2551  2551 E AudioFlinger: loadHwModule() error -2 loading module r_submix
01-18 02:42:15.650  2551  2551 W APM_AudioPolicyManager: could not open HW module r_submix
01-18 02:42:15.650  2551  2551 W APM_AudioPolicyManager: Input device 80000100 unreachable
01-18 02:42:15.650  2551  2551 I RadioService: RadioService
01-18 02:42:15.650  2551  2551 I RadioService: onFirstRef
01-18 02:42:15.650  2551  2551 E RadioService: couldn't load radio module radio.primary (No such file or directory)
01-18 02:42:15.650  2551  2551 E SoundTriggerHwService: couldn't load sound trigger module sound_trigger.primary (No such file or directory)
01-18 02:42:15.762  2550  2550 D AndroidRuntime: >>>>>> START com.android.internal.os.ZygoteInit uid 0 <<<<<<
01-18 02:42:15.764  2550  2550 D AndroidRuntime: CheckJNI is ON
01-18 02:42:15.764  2550  2550 I art     : option[0]=-Xzygote
01-18 02:42:15.764  2550  2550 I art     : option[1]=-Xcheck:jni
01-18 02:42:15.764  2550  2550 I art     : option[2]=-Xstacktracefile:/data/anr/traces.txt
01-18 02:42:15.764  2550  2550 I art     : option[3]=exit
01-18 02:42:15.764  2550  2550 I art     : option[4]=vfprintf
01-18 02:42:15.764  2550  2550 I art     : option[5]=sensitiveThread
01-18 02:42:15.764  2550  2550 I art     : option[6]=-verbose:gc
01-18 02:42:15.764  2550  2550 I art     : option[7]=-Xms4m
01-18 02:42:15.764  2550  2550 I art     : option[8]=-Xmx16m
01-18 02:42:15.764  2550  2550 I art     : option[9]=-Xusejit:true
01-18 02:42:15.764  2550  2550 I art     : option[10]=-Xjitsaveprofilinginfo
01-18 02:42:15.764  2550  2550 I art     : option[11]=-agentlib:jdwp=transport=dt_android_adb,suspend=n,server=y
01-18 02:42:15.764  2550  2550 I art     : option[12]=-Xlockprofthreshold:500
01-18 02:42:15.764  2550  2550 I art     : option[13]=-Ximage-compiler-option
01-18 02:42:15.764  2550  2550 I art     : option[14]=--runtime-arg
01-18 02:42:15.764  2550  2550 I art     : option[15]=-Ximage-compiler-option
01-18 02:42:15.764  2550  2550 I art     : option[16]=-Xms64m
01-18 02:42:15.764  2550  2550 I art     : option[17]=-Ximage-compiler-option
01-18 02:42:15.764  2550  2550 I art     : option[18]=--runtime-arg
01-18 02:42:15.764  2550  2550 I art     : option[19]=-Ximage-compiler-option
01-18 02:42:15.764  2550  2550 I art     : option[20]=-Xmx64m
01-18 02:42:15.764  2550  2550 I art     : option[21]=-Ximage-compiler-option
01-18 02:42:15.764  2550  2550 I art     : option[22]=--compiler-filter=verify-at-runtime
01-18 02:42:15.764  2550  2550 I art     : option[23]=-Ximage-compiler-option
01-18 02:42:15.764  2550  2550 I art     : option[24]=--image-classes=/system/etc/preloaded-classes
01-18 02:42:15.764  2550  2550 I art     : option[25]=-Ximage-compiler-option
01-18 02:42:15.764  2550  2550 I art     : option[26]=--compiled-classes=/system/etc/compiled-classes
01-18 02:42:15.764  2550  2550 I art     : option[27]=-Xcompiler-option
01-18 02:42:15.764  2550  2550 I art     : option[28]=--runtime-arg
01-18 02:42:15.764  2550  2550 I art     : option[29]=-Xcompiler-option
01-18 02:42:15.764  2550  2550 I art     : option[30]=-Xms64m
01-18 02:42:15.764  2550  2550 I art     : option[31]=-Xcompiler-option
01-18 02:42:15.764  2550  2550 I art     : option[32]=--runtime-arg
01-18 02:42:15.764  2550  2550 I art     : option[33]=-Xcompiler-option
01-18 02:42:15.764  2550  2550 I art     : option[34]=-Xmx512m
01-18 02:42:15.764  2550  2550 I art     : option[35]=-Ximage-compiler-option
01-18 02:42:15.764  2550  2550 I art     : option[36]=--instruction-set-variant=x86
01-18 02:42:15.764  2550  2550 I art     : option[37]=-Xcompiler-option
01-18 02:42:15.764  2550  2550 I art     : option[38]=--instruction-set-variant=x86
01-18 02:42:15.764  2550  2550 I art     : option[39]=-Ximage-compiler-option
01-18 02:42:15.764  2550  2550 I art     : option[40]=--instruction-set-features=default
01-18 02:42:15.764  2550  2550 I art     : option[41]=-Xcompiler-option
01-18 02:42:15.764  2550  2550 I art     : option[42]=--instruction-set-features=default
01-18 02:42:15.764  2550  2550 I art     : option[43]=-Duser.locale=en-US
01-18 02:42:15.764  2550  2550 I art     : option[44]=--cpu-abilist=x86
01-18 02:42:15.764  2550  2550 I art     : option[45]=-Xfingerprint:x86emu_x86/x86emu_x86/x86emu:7.1.1/NMF26O/sgye01180859:eng/test-keys
01-18 02:42:15.819  2550  2550 D ICU     : No timezone override file found: /data/misc/zoneinfo/current/icu/icu_tzdata.dat
01-18 02:42:15.826  2550  2550 E memtrack: Couldn't load memtrack module (No such file or directory)
01-18 02:42:15.826  2550  2550 E android.os.Debug: failed to load memtrack module: -2
01-18 02:42:15.827  2550  2550 I Radio-JNI: register_android_hardware_Radio DONE
01-18 02:42:15.828  2550  2550 I SamplingProfilerIntegration: Profiling disabled.
01-18 02:42:15.828  2550  2550 D Zygote  : begin preload
01-18 02:42:15.828  2550  2550 I Zygote  : Installing ICU cache reference pinning...
01-18 02:42:15.828  2550  2550 I Zygote  : Preloading ICU data...
01-18 02:42:15.844  2550  2550 I Zygote  : Preloading classes...
01-18 02:42:15.844  2550  2550 W Zygote  : Class not found for preloading: [Landroid.view.Display$ColorTransform;
01-18 02:42:15.869  2550  2550 E Typeface: Error mapping font file /system/fonts/DroidSansFallback.ttf
01-18 02:42:15.912  2550  2550 I art     : Thread[1,tid=2550,Native,Thread*=0xa648b400,peer=0x12c060d0,"main"] recursive attempt to load library "/system/lib/libmedia_jni.so"
01-18 02:42:15.912  2550  2550 D MtpDeviceJNI: register_android_mtp_MtpDevice
01-18 02:42:15.912  2550  2550 I art     : Thread[1,tid=2550,Native,Thread*=0xa648b400,peer=0x12c060d0,"main"] recursive attempt to load library "/system/lib/libmedia_jni.so"
01-18 02:42:15.912  2550  2550 I art     : Thread[1,tid=2550,Native,Thread*=0xa648b400,peer=0x12c060d0,"main"] recursive attempt to load library "/system/lib/libmedia_jni.so"
01-18 02:42:15.924  2550  2550 W Zygote  : Class not found for preloading: android.view.Display$ColorTransform
01-18 02:42:15.925  2550  2550 W Zygote  : Class not found for preloading: android.view.Display$ColorTransform$1
01-18 02:42:15.952  2550  2550 I System  : Loaded time zone names for "" in 8ms (8ms in ICU)
01-18 02:42:15.957  2550  2550 I System  : Loaded time zone names for "en_US" in 5ms (4ms in ICU)
01-18 02:42:15.967  2550  2550 I Zygote  : ...preloaded 4158 classes in 123ms.
01-18 02:42:15.967  2550  2550 I art     : VMRuntime.preloadDexCaches starting
01-18 02:42:15.991  2550  2550 I art     : VMRuntime.preloadDexCaches strings total=283709 before=39625 after=39625
01-18 02:42:15.991  2550  2550 I art     : VMRuntime.preloadDexCaches types total=23582 before=7877 after=7904
01-18 02:42:15.991  2550  2550 I art     : VMRuntime.preloadDexCaches fields total=111999 before=40899 after=41113
01-18 02:42:15.991  2550  2550 I art     : VMRuntime.preloadDexCaches methods total=197525 before=82451 after=83011
01-18 02:42:15.991  2550  2550 I art     : VMRuntime.preloadDexCaches finished
01-18 02:42:15.991  2550  2550 I Zygote  : Preloading resources...
01-18 02:42:16.002  2550  2550 W Resources: Preloaded drawable resource #0x108025c (android:drawable/dialog_background_material) that varies with configuration!!
01-18 02:42:16.002  2550  2550 W Resources: Preloaded drawable resource #0x1080298 (android:drawable/editbox_dropdown_background_dark) that varies with configuration!!
01-18 02:42:16.003  2550  2550 W Resources: Preloaded color resource #0x10600e2 (android:color/material_grey_800) that varies with configuration!!
01-18 02:42:16.003  2550  2550 W Resources: Preloaded drawable resource #0x10802c9 (android:drawable/floating_popup_background_dark) that varies with configuration!!
01-18 02:42:16.005  2550  2550 W Resources: Preloaded drawable resource #0x108030b (android:drawable/ic_clear_disabled) that varies with configuration!!
01-18 02:42:16.006  2550  2550 W Resources: Preloaded drawable resource #0x1080310 (android:drawable/ic_clear_normal) that varies with configuration!!
01-18 02:42:16.006  2550  2550 W Resources: Preloaded drawable resource #0x1080359 (android:drawable/ic_go) that varies with configuration!!
01-18 02:42:16.007  2550  2550 W Resources: Preloaded drawable resource #0x1080038 (android:drawable/ic_menu_close_clear_cancel) that varies with configuration!!
01-18 02:42:16.008  2550  2550 W Resources: Preloaded drawable resource #0x1080045 (android:drawable/ic_menu_more) that varies with configuration!!
01-18 02:42:16.011  2550  2550 W Resources: Preloaded drawable resource #0x10804e8 (android:drawable/menu_background_fill_parent_width) that varies with configuration!!
01-18 02:42:16.026  2550  2550 W Resources: Preloaded drawable resource #0x108077e (android:drawable/text_edit_paste_window) that varies with configuration!!
01-18 02:42:16.027  2550  2550 W Resources: Preloaded drawable resource #0x1080096 (android:drawable/toast_frame) that varies with configuration!!
01-18 02:42:16.027  2550  2550 I Zygote  : ...preloaded 114 resources in 35ms.
01-18 02:42:16.029  2550  2550 W Resources: Preloaded color resource #0x106010b (android:color/background_cache_hint_selector_material_dark) that varies with configuration!!
01-18 02:42:16.029  2550  2550 W Resources: Preloaded color resource #0x1060110 (android:color/btn_default_material_dark) that varies with configuration!!
01-18 02:42:16.029  2550  2550 I Zygote  : ...preloaded 41 resources in 2ms.
01-18 02:42:16.029  2550  2550 D libEGL  : Emulator has host GPU support, qemu.gles is set to 1.
01-18 02:42:16.030  2550  2550 D libEGL  : loaded /system/lib/egl/libGLES_android.so
01-18 02:42:16.048  2550  2550 I Zygote  : Preloading shared libraries...
01-18 02:42:16.059  2550  2550 I Zygote  : Uninstalled ICU cache reference pinning...
01-18 02:42:16.060  2550  2550 I Zygote  : Installed AndroidKeyStoreProvider in 1ms.
01-18 02:42:16.066  2550  2550 I Zygote  : Warmed up JCA providers in 6ms.
01-18 02:42:16.066  2550  2550 D Zygote  : end preload
01-18 02:42:16.066  2550  2550 I art     : Starting a blocking GC Explicit
01-18 02:42:16.070  2550  2550 I art     : Explicit concurrent mark sweep GC freed 6089(346KB) AllocSpace objects, 0(0B) LOS objects, 63% free, 2MB/6MB, paused 36us total 3.259ms
01-18 02:42:16.075  2550  2550 I art     : Starting a blocking GC Explicit
01-18 02:42:16.078  2550  2550 I art     : Explicit concurrent mark sweep GC freed 307(8KB) AllocSpace objects, 0(0B) LOS objects, 63% free, 2MB/6MB, paused 35us total 2.982ms
01-18 02:42:16.078  2550  2597 I art     : Starting a blocking GC HeapTrim
01-18 02:42:16.088  2550  2550 I art     : Starting a blocking GC Background
01-18 02:42:16.098  2550  2550 I Zygote  : System server process 2625 has been created
01-18 02:42:16.098  2550  2550 I Zygote  : Accepting command socket connections
01-18 02:42:16.100  2625  2625 I InstallerConnection: connecting...
01-18 02:42:16.101  2625  2625 I InstallerConnection: disconnecting...
01-18 02:42:16.101  2625  2625 E InstallerConnection: connection failed
01-18 02:42:16.101  2625  2625 W InstallerConnection: installd not ready
01-18 02:42:16.571  2552  2552 I ServiceManager: Waiting for service media.camera.proxy...
01-18 02:42:16.632  2554  2554 I iptables: iptables v1.4.20: can't initialize iptables table `nat': Table does not exist (do you need to insmod?)
01-18 02:42:16.632  2554  2554 I iptables: Perhaps iptables or your kernel needs to be upgraded.
01-18 02:42:16.639  2554  2554 I iptables: iptables terminated by exit(3)
01-18 02:42:16.639  2554  2554 E Netd    : exec() res=0, status=768 for /system/bin/iptables -w -t nat -N oem_nat_pre 
01-18 02:42:16.642  2554  2554 I iptables: iptables v1.4.20: can't initialize iptables table `nat': Table does not exist (do you need to insmod?)
01-18 02:42:16.642  2554  2554 I iptables: Perhaps iptables or your kernel needs to be upgraded.
01-18 02:42:16.642  2554  2554 I iptables: iptables terminated by exit(3)
01-18 02:42:16.642  2554  2554 E Netd    : exec() res=0, status=768 for /system/bin/iptables -w -t nat -A PREROUTING -j oem_nat_pre 
01-18 02:42:16.662  2554  2554 I iptables: iptables v1.4.20: can't initialize iptables table `nat': Table does not exist (do you need to insmod?)
01-18 02:42:16.662  2554  2554 I iptables: Perhaps iptables or your kernel needs to be upgraded.
01-18 02:42:16.662  2554  2554 I iptables: iptables terminated by exit(3)
01-18 02:42:16.662  2554  2554 E Netd    : exec() res=0, status=768 for /system/bin/iptables -w -t nat -N natctrl_nat_POSTROUTING 
01-18 02:42:16.664  2554  2554 I iptables: iptables v1.4.20: can't initialize iptables table `nat': Table does not exist (do you need to insmod?)
01-18 02:42:16.664  2554  2554 I iptables: Perhaps iptables or your kernel needs to be upgraded.
01-18 02:42:16.670  2554  2554 I iptables: iptables terminated by exit(3)
01-18 02:42:16.670  2554  2554 E Netd    : exec() res=0, status=768 for /system/bin/iptables -w -t nat -A POSTROUTING -j natctrl_nat_POSTROUTING 
01-18 02:42:16.720  2554  2554 V NatController: runCmd(/system/bin/iptables -w -F natctrl_FORWARD) res=0
01-18 02:42:16.722  2554  2554 V NatController: runCmd(/system/bin/ip6tables -w -F natctrl_FORWARD) res=0
01-18 02:42:16.724  2554  2554 V NatController: runCmd(/system/bin/iptables -w -A natctrl_FORWARD -j DROP) res=0
01-18 02:42:16.730  2554  2554 V NatController: runCmd(/system/bin/iptables -w -t nat -F natctrl_nat_POSTROUTING) res=3
01-18 02:42:16.770  2554  2554 E Netd    : cannot find interface dummy0
01-18 02:42:16.770  2554  2554 D MDnsDS  : MDnsSdListener::Hander starting up
01-18 02:42:16.770  2554  2780 D MDnsDS  : MDnsSdListener starting to monitor
01-18 02:42:16.770  2554  2780 D MDnsDS  : Going to poll with pollCount 1
01-18 02:42:17.101  2625  2625 I InstallerConnection: connecting...
01-18 02:42:17.101  2625  2625 I InstallerConnection: disconnecting...
01-18 02:42:17.101  2625  2625 E InstallerConnection: connection failed
01-18 02:42:17.101  2625  2625 W InstallerConnection: installd not ready
01-18 02:42:17.571  2552  2552 I ServiceManager: Waiting for service media.camera.proxy...
01-18 02:42:18.101  2625  2625 I InstallerConnection: connecting...
01-18 02:42:18.102  2625  2625 I InstallerConnection: disconnecting...
01-18 02:42:18.102  2625  2625 E InstallerConnection: connection failed
01-18 02:42:18.102  2625  2625 W InstallerConnection: installd not ready
01-18 02:42:18.572  2552  2552 I ServiceManager: Waiting for service media.camera.proxy...
01-18 02:42:18.637  2551  2570 W BatteryNotifier: batterystats service unavailable!
01-18 02:42:19.102  2625  2625 I InstallerConnection: connecting...
01-18 02:42:19.102  2625  2625 I InstallerConnection: disconnecting...
01-18 02:42:19.102  2625  2625 E InstallerConnection: connection failed
01-18 02:42:19.102  2625  2625 W InstallerConnection: installd not ready
01-18 02:42:19.572  2552  2552 I ServiceManager: Waiting for service media.camera.proxy...
